DEBUG | 2026/06/03 01:21:01.959816 | [Test Dataset Load] -> "Loading datasets from data/test"
DEBUG | 2026/06/03 01:21:01.961550 | [Test Dataset Load] -> "Dynamically loaded 5000 datas"
DEBUG | 2026/06/03 01:21:01.962888 | [Dataset Load] -> "Loading datasets from data/train"
DEBUG | 2026/06/03 01:21:01.962982 | [Dataset Load] -> "Loading datasets from class Atelectasis"
DEBUG | 2026/06/03 01:21:01.964143 | [Dataset Load] -> "Loading datasets from class Cardiomegaly"
DEBUG | 2026/06/03 01:21:01.964875 | [Dataset Load] -> "Loading datasets from class Consolidation"
DEBUG | 2026/06/03 01:21:01.965605 | [Dataset Load] -> "Loading datasets from class Edema"
DEBUG | 2026/06/03 01:21:01.966053 | [Dataset Load] -> "Loading datasets from class Effusion"
DEBUG | 2026/06/03 01:21:01.966807 | [Dataset Load] -> "Loading datasets from class Emphysema"
DEBUG | 2026/06/03 01:21:01.967216 | [Dataset Load] -> "Loading datasets from class Fibrosis"
DEBUG | 2026/06/03 01:21:01.967490 | [Dataset Load] -> "Loading datasets from class Hernia"
DEBUG | 2026/06/03 01:21:01.967561 | [Dataset Load] -> "Loading datasets from class Infiltration"
DEBUG | 2026/06/03 01:21:01.968748 | [Dataset Load] -> "Loading datasets from class Mass"
DEBUG | 2026/06/03 01:21:01.969471 | [Dataset Load] -> "Loading datasets from class No Finding"
DEBUG | 2026/06/03 01:21:01.970771 | [Dataset Load] -> "Loading datasets from class Nodule"
DEBUG | 2026/06/03 01:21:01.971475 | [Dataset Load] -> "Loading datasets from class Pleural_Thickening"
DEBUG | 2026/06/03 01:21:01.971869 | [Dataset Load] -> "Loading datasets from class Pneumonia"
DEBUG | 2026/06/03 01:21:01.971994 | [Dataset Load] -> "Loading datasets from class Pneumothorax"
DEBUG | 2026/06/03 01:21:01.972564 | [Dataset Load] -> "Dynamically loaded 22921 datas"
DEBUG | 2026/06/03 01:21:01.980261 | [Dataset Load] -> "Loading datasets from data/train"
DEBUG | 2026/06/03 01:21:01.980319 | [Dataset Load] -> "Dynamically loaded 16044 datas"
DEBUG | 2026/06/03 01:21:01.980353 | [Dataset Load] -> "Loading datasets from data/train"
DEBUG | 2026/06/03 01:21:01.980395 | [Dataset Load] -> "Dynamically loaded 6877 datas"
DEBUG | 2026/06/03 01:21:28.486480 | [Test Dataset Load] -> "Loading datasets from data/test"
DEBUG | 2026/06/03 01:21:28.488348 | [Test Dataset Load] -> "Dynamically loaded 5000 datas"
DEBUG | 2026/06/03 01:21:28.488774 | [Dataset Load] -> "Loading datasets from data/train"
DEBUG | 2026/06/03 01:21:28.488838 | [Dataset Load] -> "Loading datasets from class Atelectasis"
DEBUG | 2026/06/03 01:21:28.490160 | [Dataset Load] -> "Loading datasets from class Cardiomegaly"
DEBUG | 2026/06/03 01:21:28.491083 | [Dataset Load] -> "Loading datasets from class Consolidation"
DEBUG | 2026/06/03 01:21:28.491933 | [Dataset Load] -> "Loading datasets from class Edema"
DEBUG | 2026/06/03 01:21:28.492434 | [Dataset Load] -> "Loading datasets from class Effusion"
DEBUG | 2026/06/03 01:21:28.493255 | [Dataset Load] -> "Loading datasets from class Emphysema"
DEBUG | 2026/06/03 01:21:28.493712 | [Dataset Load] -> "Loading datasets from class Fibrosis"
DEBUG | 2026/06/03 01:21:28.493997 | [Dataset Load] -> "Loading datasets from class Hernia"
DEBUG | 2026/06/03 01:21:28.494067 | [Dataset Load] -> "Loading datasets from class Infiltration"
DEBUG | 2026/06/03 01:21:28.495422 | [Dataset Load] -> "Loading datasets from class Mass"
DEBUG | 2026/06/03 01:21:28.496197 | [Dataset Load] -> "Loading datasets from class No Finding"
DEBUG | 2026/06/03 01:21:28.497604 | [Dataset Load] -> "Loading datasets from class Nodule"
DEBUG | 2026/06/03 01:21:28.498369 | [Dataset Load] -> "Loading datasets from class Pleural_Thickening"
DEBUG | 2026/06/03 01:21:28.498839 | [Dataset Load] -> "Loading datasets from class Pneumonia"
DEBUG | 2026/06/03 01:21:28.498974 | [Dataset Load] -> "Loading datasets from class Pneumothorax"
DEBUG | 2026/06/03 01:21:28.499610 | [Dataset Load] -> "Dynamically loaded 22921 datas"
DEBUG | 2026/06/03 01:22:18.933093 | [Test Dataset Load] -> "Loading datasets from data/test"
DEBUG | 2026/06/03 01:22:18.934935 | [Test Dataset Load] -> "Dynamically loaded 5000 datas"
DEBUG | 2026/06/03 01:22:18.935419 | [Dataset Load] -> "Loading datasets from data/train"
DEBUG | 2026/06/03 01:22:18.935490 | [Dataset Load] -> "Loading datasets from class Atelectasis"
DEBUG | 2026/06/03 01:22:18.936745 | [Dataset Load] -> "Loading datasets from class Cardiomegaly"
DEBUG | 2026/06/03 01:22:18.937539 | [Dataset Load] -> "Loading datasets from class Consolidation"
DEBUG | 2026/06/03 01:22:18.938332 | [Dataset Load] -> "Loading datasets from class Edema"
DEBUG | 2026/06/03 01:22:18.938821 | [Dataset Load] -> "Loading datasets from class Effusion"
DEBUG | 2026/06/03 01:22:18.939626 | [Dataset Load] -> "Loading datasets from class Emphysema"
DEBUG | 2026/06/03 01:22:18.940059 | [Dataset Load] -> "Loading datasets from class Fibrosis"
DEBUG | 2026/06/03 01:22:18.940339 | [Dataset Load] -> "Loading datasets from class Hernia"
DEBUG | 2026/06/03 01:22:18.940410 | [Dataset Load] -> "Loading datasets from class Infiltration"
DEBUG | 2026/06/03 01:22:18.941683 | [Dataset Load] -> "Loading datasets from class Mass"
DEBUG | 2026/06/03 01:22:18.942431 | [Dataset Load] -> "Loading datasets from class No Finding"
DEBUG | 2026/06/03 01:22:18.943779 | [Dataset Load] -> "Loading datasets from class Nodule"
DEBUG | 2026/06/03 01:22:18.944507 | [Dataset Load] -> "Loading datasets from class Pleural_Thickening"
DEBUG | 2026/06/03 01:22:18.944933 | [Dataset Load] -> "Loading datasets from class Pneumonia"
DEBUG | 2026/06/03 01:22:18.945061 | [Dataset Load] -> "Loading datasets from class Pneumothorax"
DEBUG | 2026/06/03 01:22:18.945678 | [Dataset Load] -> "Dynamically loaded 22921 datas"
DEBUG | 2026/06/03 01:26:19.674565 | [Test Dataset Load] -> "Loading datasets from data/test"
DEBUG | 2026/06/03 01:26:19.700935 | [Test Dataset Load] -> "Dynamically loaded 5000 datas"
DEBUG | 2026/06/03 01:26:19.702401 | [Dataset Load] -> "Loading datasets from data/train"
DEBUG | 2026/06/03 01:26:19.702488 | [Dataset Load] -> "Loading datasets from class Atelectasis"
DEBUG | 2026/06/03 01:26:19.715162 | [Dataset Load] -> "Loading datasets from class Cardiomegaly"
DEBUG | 2026/06/03 01:26:19.718241 | [Dataset Load] -> "Loading datasets from class Consolidation"
DEBUG | 2026/06/03 01:26:19.722363 | [Dataset Load] -> "Loading datasets from class Edema"
DEBUG | 2026/06/03 01:26:19.728486 | [Dataset Load] -> "Loading datasets from class Effusion"
DEBUG | 2026/06/03 01:26:19.734333 | [Dataset Load] -> "Loading datasets from class Emphysema"
DEBUG | 2026/06/03 01:26:19.736459 | [Dataset Load] -> "Loading datasets from class Fibrosis"
DEBUG | 2026/06/03 01:26:19.739019 | [Dataset Load] -> "Loading datasets from class Hernia"
DEBUG | 2026/06/03 01:26:19.739259 | [Dataset Load] -> "Loading datasets from class Infiltration"
DEBUG | 2026/06/03 01:26:19.746361 | [Dataset Load] -> "Loading datasets from class Mass"
DEBUG | 2026/06/03 01:26:19.752225 | [Dataset Load] -> "Loading datasets from class No Finding"
DEBUG | 2026/06/03 01:26:19.764344 | [Dataset Load] -> "Loading datasets from class Nodule"
DEBUG | 2026/06/03 01:26:19.769658 | [Dataset Load] -> "Loading datasets from class Pleural_Thickening"
DEBUG | 2026/06/03 01:26:19.772940 | [Dataset Load] -> "Loading datasets from class Pneumonia"
DEBUG | 2026/06/03 01:26:19.774600 | [Dataset Load] -> "Loading datasets from class Pneumothorax"
DEBUG | 2026/06/03 01:26:19.777425 | [Dataset Load] -> "Dynamically loaded 22921 datas"
DEBUG | 2026/06/03 01:26:19.785302 | [Dataset Load] -> "Loading datasets from data/train"
DEBUG | 2026/06/03 01:26:19.785373 | [Dataset Load] -> "Dynamically loaded 16044 datas"
DEBUG | 2026/06/03 01:26:19.788366 | [Dataset Load] -> "Loading datasets from data/train"
DEBUG | 2026/06/03 01:26:19.788434 | [Dataset Load] -> "Dynamically loaded 6877 datas"
DEBUG | 2026/06/03 01:27:44.456821 | [Test Dataset Load] -> "Loading datasets from data/test"
DEBUG | 2026/06/03 01:27:44.458646 | [Test Dataset Load] -> "Dynamically loaded 5000 datas"
DEBUG | 2026/06/03 01:27:44.459934 | [Dataset Load] -> "Loading datasets from data/train"
DEBUG | 2026/06/03 01:27:44.460037 | [Dataset Load] -> "Loading datasets from class Atelectasis"
DEBUG | 2026/06/03 01:27:44.461354 | [Dataset Load] -> "Loading datasets from class Cardiomegaly"
DEBUG | 2026/06/03 01:27:44.462163 | [Dataset Load] -> "Loading datasets from class Consolidation"
DEBUG | 2026/06/03 01:27:44.462960 | [Dataset Load] -> "Loading datasets from class Edema"
DEBUG | 2026/06/03 01:27:44.463441 | [Dataset Load] -> "Loading datasets from class Effusion"
DEBUG | 2026/06/03 01:27:44.464246 | [Dataset Load] -> "Loading datasets from class Emphysema"
DEBUG | 2026/06/03 01:27:44.464676 | [Dataset Load] -> "Loading datasets from class Fibrosis"
DEBUG | 2026/06/03 01:27:44.464960 | [Dataset Load] -> "Loading datasets from class Hernia"
DEBUG | 2026/06/03 01:27:44.465034 | [Dataset Load] -> "Loading datasets from class Infiltration"
DEBUG | 2026/06/03 01:27:44.466309 | [Dataset Load] -> "Loading datasets from class Mass"
DEBUG | 2026/06/03 01:27:44.467050 | [Dataset Load] -> "Loading datasets from class No Finding"
DEBUG | 2026/06/03 01:27:44.468406 | [Dataset Load] -> "Loading datasets from class Nodule"
DEBUG | 2026/06/03 01:27:44.469145 | [Dataset Load] -> "Loading datasets from class Pleural_Thickening"
DEBUG | 2026/06/03 01:27:44.469567 | [Dataset Load] -> "Loading datasets from class Pneumonia"
DEBUG | 2026/06/03 01:27:44.469701 | [Dataset Load] -> "Loading datasets from class Pneumothorax"
DEBUG | 2026/06/03 01:27:44.470300 | [Dataset Load] -> "Dynamically loaded 22921 datas"
DEBUG | 2026/06/03 01:27:44.478629 | [Dataset Load] -> "Loading datasets from data/train"
DEBUG | 2026/06/03 01:27:44.478697 | [Dataset Load] -> "Dynamically loaded 16044 datas"
DEBUG | 2026/06/03 01:27:44.478738 | [Dataset Load] -> "Loading datasets from data/train"
DEBUG | 2026/06/03 01:27:44.478786 | [Dataset Load] -> "Dynamically loaded 6877 datas"
