INFO  | 2026/06/01 21:05:28.142220 | [Train] -> "Statically training EPOCH 0"
INFO  | 2026/06/01 21:19:15.788450 | [Train] -> "Statically training EPOCH 0"
INFO  | 2026/06/01 21:27:40.324121 | [Train] -> "Statically training EPOCH 0"
INFO  | 2026/06/01 21:27:57.920256 | [Train] -> "Statically training EPOCH 0"
INFO  | 2026/06/01 21:29:53.899111 | [Train] -> "Statically training EPOCH 0"
INFO  | 2026/06/01 21:35:57.330223 | [Train] -> "Finished training EPOCH 0 with loss 0.002492231108404905, saving"
INFO  | 2026/06/01 21:35:57.499469 | [Train] -> "Statically training EPOCH 1"
INFO  | 2026/06/01 21:42:02.289587 | [Train] -> "Finished training EPOCH 1 with loss 0.0024456275948337818, saving"
INFO  | 2026/06/01 21:42:02.460720 | [Train] -> "Statically training EPOCH 2"
INFO  | 2026/06/01 21:48:07.176651 | [Train] -> "Finished training EPOCH 2 with loss 0.0024227530649076926, saving"
INFO  | 2026/06/01 21:48:07.344483 | [Train] -> "Statically training EPOCH 3"
INFO  | 2026/06/01 21:54:12.230647 | [Train] -> "Finished training EPOCH 3 with loss 0.0024054834123764684, saving"
INFO  | 2026/06/01 21:54:12.406927 | [Train] -> "Statically training EPOCH 4"
INFO  | 2026/06/01 22:00:17.214107 | [Train] -> "Finished training EPOCH 4 with loss 0.0023926843862945787, saving"
INFO  | 2026/06/01 22:00:17.389043 | [Train] -> "Training EPOCH 5"
INFO  | 2026/06/01 22:15:13.837030 | [Train] -> "Finished training EPOCH 5 with loss 0.002299556039807581, saving"
INFO  | 2026/06/01 22:15:14.015969 | [Validate] -> "Validating for EPOCH 5"
INFO  | 2026/06/01 22:17:51.667219 | [Validate] -> {"val": 0.002230836867712178, "yes": 1727}
INFO  | 2026/06/01 22:17:51.668928 | [Submit] -> "Submitting EPOCH 5"
INFO  | 2026/06/01 22:19:51.210247 | [scheduler] -> "New learning rate = 0.0001"
INFO  | 2026/06/01 22:19:51.210684 | [Train] -> "Training EPOCH 6"
INFO  | 2026/06/01 22:34:47.216556 | [Train] -> "Finished training EPOCH 6 with loss 0.0021661275426923905, saving"
INFO  | 2026/06/01 22:34:47.444461 | [Validate] -> "Validating for EPOCH 6"
INFO  | 2026/06/01 22:37:22.984046 | [Validate] -> {"val": 0.002178110922571694, "yes": 1786}
INFO  | 2026/06/01 22:37:22.985973 | [Submit] -> "Submitting EPOCH 6"
INFO  | 2026/06/01 22:39:19.899262 | [scheduler] -> "New learning rate = 0.0001"
INFO  | 2026/06/01 22:39:19.899842 | [Train] -> "Training EPOCH 7"
INFO  | 2026/06/01 22:54:08.622745 | [Train] -> "Finished training EPOCH 7 with loss 0.002069298897012546, saving"
INFO  | 2026/06/01 22:54:08.836186 | [Validate] -> "Validating for EPOCH 7"
INFO  | 2026/06/01 22:56:45.545269 | [Validate] -> {"val": 0.002181695120884268, "yes": 1794}
INFO  | 2026/06/01 22:56:45.547357 | [Submit] -> "Submitting EPOCH 7"
INFO  | 2026/06/01 22:58:51.423418 | [scheduler] -> "New learning rate = 0.0001"
INFO  | 2026/06/01 22:58:51.424095 | [Train] -> "Training EPOCH 8"
INFO  | 2026/06/01 23:14:09.330700 | [Train] -> "Finished training EPOCH 8 with loss 0.0019733573733306726, saving"
INFO  | 2026/06/01 23:14:09.620144 | [Validate] -> "Validating for EPOCH 8"
INFO  | 2026/06/01 23:16:49.156445 | [Validate] -> {"val": 0.0021697979764424015, "yes": 1777}
INFO  | 2026/06/01 23:16:49.158620 | [Submit] -> "Submitting EPOCH 8"
INFO  | 2026/06/01 23:18:50.411749 | [scheduler] -> "New learning rate = 0.0001"
INFO  | 2026/06/01 23:18:50.412164 | [Train] -> "Training EPOCH 9"
INFO  | 2026/06/01 23:33:54.781488 | [Train] -> "Finished training EPOCH 9 with loss 0.0018977696914878612, saving"
INFO  | 2026/06/01 23:33:55.016797 | [Validate] -> "Validating for EPOCH 9"
INFO  | 2026/06/01 23:36:35.083584 | [Validate] -> {"val": 0.00218951656524739, "yes": 1785}
INFO  | 2026/06/01 23:36:35.085717 | [Submit] -> "Submitting EPOCH 9"
INFO  | 2026/06/01 23:38:36.688790 | [scheduler] -> "New learning rate = 0.0001"
INFO  | 2026/06/01 23:38:36.689570 | [Train] -> "Training EPOCH 10"
INFO  | 2026/06/01 23:53:38.150500 | [Train] -> "Finished training EPOCH 10 with loss 0.001826439040344545, saving"
INFO  | 2026/06/01 23:53:38.390658 | [Validate] -> "Validating for EPOCH 10"
INFO  | 2026/06/01 23:56:18.000513 | [Validate] -> {"val": 0.002198860485297574, "yes": 1643}
INFO  | 2026/06/01 23:56:18.001663 | [Submit] -> "Submitting EPOCH 10"
INFO  | 2026/06/01 23:58:18.661171 | [scheduler] -> "New learning rate = 0.0001"
INFO  | 2026/06/01 23:58:18.662654 | [Train] -> "Training EPOCH 11"
INFO  | 2026/06/02 00:13:19.368190 | [Train] -> "Finished training EPOCH 11 with loss 0.0017634713807944034, saving"
INFO  | 2026/06/02 00:13:19.596203 | [Validate] -> "Validating for EPOCH 11"
INFO  | 2026/06/02 00:15:59.872349 | [Validate] -> {"val": 0.0022274466768870955, "yes": 1799}
INFO  | 2026/06/02 00:15:59.872853 | [Submit] -> "Submitting EPOCH 11"
INFO  | 2026/06/02 00:18:01.142053 | [scheduler] -> "New learning rate = 0.0001"
INFO  | 2026/06/02 00:18:01.142859 | [Train] -> "Training EPOCH 12"
INFO  | 2026/06/02 00:33:17.051191 | [Train] -> "Finished training EPOCH 12 with loss 0.0016774341518442347, saving"
INFO  | 2026/06/02 00:33:17.281877 | [Validate] -> "Validating for EPOCH 12"
INFO  | 2026/06/02 00:36:00.699111 | [Validate] -> {"val": 0.002409443096037775, "yes": 1876}
INFO  | 2026/06/02 00:36:00.701226 | [Submit] -> "Submitting EPOCH 12"
INFO  | 2026/06/02 00:38:02.719335 | [scheduler] -> "New learning rate = 1e-05"
INFO  | 2026/06/02 00:38:02.719802 | [Train] -> "Training EPOCH 13"
INFO  | 2026/06/02 00:54:08.269752 | [Train] -> "Finished training EPOCH 13 with loss 0.001563494682030584, saving"
INFO  | 2026/06/02 00:54:08.537928 | [Validate] -> "Validating for EPOCH 13"
INFO  | 2026/06/02 00:56:54.062065 | [Validate] -> {"val": 0.0024419145132882013, "yes": 1906}
INFO  | 2026/06/02 00:56:54.064240 | [Submit] -> "Submitting EPOCH 13"
INFO  | 2026/06/02 00:58:59.922912 | [scheduler] -> "New learning rate = 1e-05"
INFO  | 2026/06/02 00:58:59.923513 | [Train] -> "Training EPOCH 14"
INFO  | 2026/06/02 01:15:19.443690 | [Train] -> "Finished training EPOCH 14 with loss 0.0015118185453250354, saving"
INFO  | 2026/06/02 01:15:19.673438 | [Validate] -> "Validating for EPOCH 14"
INFO  | 2026/06/02 01:18:16.815571 | [Validate] -> {"val": 0.0025526760688334496, "yes": 1957}
INFO  | 2026/06/02 01:18:16.822467 | [Submit] -> "Submitting EPOCH 14"
INFO  | 2026/06/02 01:20:24.015361 | [scheduler] -> "New learning rate = 1e-05"
INFO  | 2026/06/02 01:20:24.015841 | [Train] -> "Training EPOCH 15"
INFO  | 2026/06/02 01:36:35.768358 | [Train] -> "Finished training EPOCH 15 with loss 0.0014920461101086107, saving"
INFO  | 2026/06/02 01:36:35.997250 | [Validate] -> "Validating for EPOCH 15"
INFO  | 2026/06/02 01:39:18.259940 | [Validate] -> {"val": 0.002572823924120437, "yes": 1927}
INFO  | 2026/06/02 01:39:18.261770 | [Submit] -> "Submitting EPOCH 15"
INFO  | 2026/06/02 01:41:21.414101 | [scheduler] -> "New learning rate = 1e-05"
INFO  | 2026/06/02 01:41:21.414728 | [Train] -> "Training EPOCH 16"
INFO  | 2026/06/02 01:57:26.819353 | [Train] -> "Finished training EPOCH 16 with loss 0.0014893708857228961, saving"
INFO  | 2026/06/02 01:57:27.081629 | [Validate] -> "Validating for EPOCH 16"
INFO  | 2026/06/02 02:00:08.415868 | [Validate] -> {"val": 0.0025206667472703823, "yes": 1890}
INFO  | 2026/06/02 02:00:08.418225 | [Submit] -> "Submitting EPOCH 16"
INFO  | 2026/06/02 02:02:10.825594 | [scheduler] -> "New learning rate = 1e-05"
INFO  | 2026/06/02 02:02:10.826231 | [Train] -> "Training EPOCH 17"
INFO  | 2026/06/02 02:17:57.765981 | [Train] -> "Finished training EPOCH 17 with loss 0.001451603164374132, saving"
INFO  | 2026/06/02 02:17:58.037847 | [Validate] -> "Validating for EPOCH 17"
INFO  | 2026/06/02 02:20:41.488273 | [Validate] -> {"val": 0.002634910173033267, "yes": 1886}
INFO  | 2026/06/02 02:20:41.489647 | [Submit] -> "Submitting EPOCH 17"
INFO  | 2026/06/02 02:22:46.423986 | [scheduler] -> "New learning rate = 1e-05"
INFO  | 2026/06/02 02:22:46.424973 | [Train] -> "Training EPOCH 18"
INFO  | 2026/06/02 02:38:10.607725 | [Train] -> "Finished training EPOCH 18 with loss 0.0014401114295161332, saving"
INFO  | 2026/06/02 02:38:10.844028 | [Validate] -> "Validating for EPOCH 18"
INFO  | 2026/06/02 02:40:49.664722 | [Validate] -> {"val": 0.0026701885746957107, "yes": 1905}
INFO  | 2026/06/02 02:40:49.666972 | [Submit] -> "Submitting EPOCH 18"
INFO  | 2026/06/02 02:42:50.086874 | [scheduler] -> "New learning rate = 1e-05"
INFO  | 2026/06/02 02:42:50.087419 | [Train] -> "Training EPOCH 19"
INFO  | 2026/06/02 02:58:10.745621 | [Train] -> "Finished training EPOCH 19 with loss 0.0014268433152207658, saving"
INFO  | 2026/06/02 02:58:11.014074 | [Validate] -> "Validating for EPOCH 19"
INFO  | 2026/06/02 03:00:47.919253 | [Validate] -> {"val": 0.0027035793721361823, "yes": 1936}
INFO  | 2026/06/02 03:00:47.920839 | [Submit] -> "Submitting EPOCH 19"
INFO  | 2026/06/02 03:02:48.643902 | [scheduler] -> "New learning rate = 1e-05"
INFO  | 2026/06/02 03:02:48.644365 | [Train] -> "Training EPOCH 20"
INFO  | 2026/06/02 03:17:56.391470 | [Train] -> "Finished training EPOCH 20 with loss 0.0014184875358650433, saving"
INFO  | 2026/06/02 03:17:56.636686 | [Validate] -> "Validating for EPOCH 20"
INFO  | 2026/06/02 03:20:37.810486 | [Validate] -> {"val": 0.002642013363499224, "yes": 1886}
INFO  | 2026/06/02 03:20:37.811907 | [Submit] -> "Submitting EPOCH 20"
INFO  | 2026/06/02 03:22:38.954400 | [scheduler] -> "New learning rate = 1e-05"
INFO  | 2026/06/02 03:22:38.955084 | [Train] -> "Training EPOCH 21"
INFO  | 2026/06/02 03:37:37.229884 | [Train] -> "Finished training EPOCH 21 with loss 0.0013987646424762812, saving"
INFO  | 2026/06/02 03:37:37.466345 | [Validate] -> "Validating for EPOCH 21"
INFO  | 2026/06/02 03:40:17.110412 | [Validate] -> {"val": 0.00272982793289567, "yes": 1907}
INFO  | 2026/06/02 03:40:17.112551 | [Submit] -> "Submitting EPOCH 21"
INFO  | 2026/06/02 03:42:18.728636 | [scheduler] -> "New learning rate = 1e-05"
INFO  | 2026/06/02 03:42:18.730413 | [Train] -> "Training EPOCH 22"
INFO  | 2026/06/02 03:57:17.247929 | [Train] -> "Finished training EPOCH 22 with loss 0.0013678814897406556, saving"
INFO  | 2026/06/02 03:57:17.489580 | [Validate] -> "Validating for EPOCH 22"
INFO  | 2026/06/02 03:59:56.964579 | [Validate] -> {"val": 0.0028077248560209205, "yes": 1919}
INFO  | 2026/06/02 03:59:56.966000 | [Submit] -> "Submitting EPOCH 22"
INFO  | 2026/06/02 04:01:59.798907 | [scheduler] -> "New learning rate = 1e-05"
INFO  | 2026/06/02 04:01:59.799690 | [Train] -> "Training EPOCH 23"
INFO  | 2026/06/02 04:16:57.710816 | [Train] -> "Finished training EPOCH 23 with loss 0.0013743828525520118, saving"
INFO  | 2026/06/02 04:16:57.979320 | [Validate] -> "Validating for EPOCH 23"
INFO  | 2026/06/02 04:19:38.258623 | [Validate] -> {"val": 0.002789994474115638, "yes": 1906}
INFO  | 2026/06/02 04:19:38.260078 | [Submit] -> "Submitting EPOCH 23"
INFO  | 2026/06/02 04:21:40.387789 | [scheduler] -> "New learning rate = 1e-05"
INFO  | 2026/06/02 04:21:40.388636 | [Train] -> "Training EPOCH 24"
INFO  | 2026/06/02 04:36:38.009898 | [Train] -> "Finished training EPOCH 24 with loss 0.0013504387257762857, saving"
INFO  | 2026/06/02 04:36:38.243109 | [Validate] -> "Validating for EPOCH 24"
INFO  | 2026/06/02 04:39:17.693640 | [Validate] -> {"val": 0.0028496739636635583, "yes": 1930}
INFO  | 2026/06/02 04:39:17.694626 | [Submit] -> "Submitting EPOCH 24"
INFO  | 2026/06/02 04:41:18.420710 | [scheduler] -> "New learning rate = 1e-05"
INFO  | 2026/06/02 04:41:18.421556 | [Train] -> "Training EPOCH 25"
INFO  | 2026/06/02 04:56:17.008794 | [Train] -> "Finished training EPOCH 25 with loss 0.0013315878266314874, saving"
INFO  | 2026/06/02 04:56:17.234178 | [Validate] -> "Validating for EPOCH 25"
INFO  | 2026/06/02 04:58:57.175278 | [Validate] -> {"val": 0.0028589124105015207, "yes": 1908}
INFO  | 2026/06/02 04:58:57.176483 | [Submit] -> "Submitting EPOCH 25"
INFO  | 2026/06/02 05:00:58.658014 | [scheduler] -> "New learning rate = 1e-05"
INFO  | 2026/06/02 05:00:58.658671 | [Train] -> "Training EPOCH 26"
INFO  | 2026/06/02 05:15:57.201489 | [Train] -> "Finished training EPOCH 26 with loss 0.001343528287357584, saving"
INFO  | 2026/06/02 05:15:57.441901 | [Validate] -> "Validating for EPOCH 26"
INFO  | 2026/06/02 05:18:36.713743 | [Validate] -> {"val": 0.0028096015204599014, "yes": 1890}
INFO  | 2026/06/02 05:18:36.716044 | [Submit] -> "Submitting EPOCH 26"
INFO  | 2026/06/02 05:20:38.508998 | [scheduler] -> "New learning rate = 1e-05"
INFO  | 2026/06/02 05:20:38.509820 | [Train] -> "Training EPOCH 27"
INFO  | 2026/06/02 05:35:35.098311 | [Train] -> "Finished training EPOCH 27 with loss 0.0013196000502759596, saving"
INFO  | 2026/06/02 05:35:35.339955 | [Validate] -> "Validating for EPOCH 27"
INFO  | 2026/06/02 05:38:14.473497 | [Validate] -> {"val": 0.0028759893355654216, "yes": 1901}
INFO  | 2026/06/02 05:38:14.474680 | [Submit] -> "Submitting EPOCH 27"
INFO  | 2026/06/02 05:40:15.625997 | [scheduler] -> "New learning rate = 1e-05"
INFO  | 2026/06/02 05:40:15.626788 | [Train] -> "Training EPOCH 28"
INFO  | 2026/06/02 05:55:12.862204 | [Train] -> "Finished training EPOCH 28 with loss 0.0013200504377098446, saving"
INFO  | 2026/06/02 05:55:13.160291 | [Validate] -> "Validating for EPOCH 28"
INFO  | 2026/06/02 05:57:52.466052 | [Validate] -> {"val": 0.002883265216824352, "yes": 1904}
INFO  | 2026/06/02 05:57:52.467361 | [Submit] -> "Submitting EPOCH 28"
INFO  | 2026/06/02 05:59:53.585472 | [scheduler] -> "New learning rate = 1e-05"
INFO  | 2026/06/02 05:59:53.586341 | [Train] -> "Training EPOCH 29"
INFO  | 2026/06/02 06:14:50.178003 | [Train] -> "Finished training EPOCH 29 with loss 0.0012941749842991222, saving"
INFO  | 2026/06/02 06:14:50.449501 | [Validate] -> "Validating for EPOCH 29"
INFO  | 2026/06/02 06:17:30.232692 | [Validate] -> {"val": 0.0029311483644008595, "yes": 1928}
INFO  | 2026/06/02 06:17:30.233264 | [Submit] -> "Submitting EPOCH 29"
INFO  | 2026/06/02 06:19:30.381833 | [scheduler] -> "New learning rate = 1e-05"
INFO  | 2026/06/02 06:19:30.382611 | [Train] -> "Training EPOCH 30"
INFO  | 2026/06/02 06:34:28.441691 | [Train] -> "Finished training EPOCH 30 with loss 0.0012810959905564401, saving"
INFO  | 2026/06/02 06:34:28.765981 | [Validate] -> "Validating for EPOCH 30"
INFO  | 2026/06/02 06:37:08.567953 | [Validate] -> {"val": 0.002991009679748839, "yes": 1946}
INFO  | 2026/06/02 06:37:08.570219 | [Submit] -> "Submitting EPOCH 30"
INFO  | 2026/06/02 06:39:09.855289 | [scheduler] -> "New learning rate = 1e-05"
INFO  | 2026/06/02 06:39:09.856071 | [Train] -> "Training EPOCH 31"
INFO  | 2026/06/02 06:54:07.851866 | [Train] -> "Finished training EPOCH 31 with loss 0.0012670752389292664, saving"
INFO  | 2026/06/02 06:54:08.094755 | [Validate] -> "Validating for EPOCH 31"
INFO  | 2026/06/02 06:56:47.964366 | [Validate] -> {"val": 0.003009965130247089, "yes": 1952}
INFO  | 2026/06/02 06:56:47.965567 | [Submit] -> "Submitting EPOCH 31"
INFO  | 2026/06/02 06:58:49.685617 | [scheduler] -> "New learning rate = 1e-05"
INFO  | 2026/06/02 06:58:49.686477 | [Train] -> "Training EPOCH 32"
INFO  | 2026/06/02 07:13:41.678936 | [Train] -> "Finished training EPOCH 32 with loss 0.0012633458524978665, saving"
INFO  | 2026/06/02 07:13:41.925014 | [Validate] -> "Validating for EPOCH 32"
INFO  | 2026/06/02 07:16:17.886642 | [Validate] -> {"val": 0.002974225574626173, "yes": 1922}
INFO  | 2026/06/02 07:16:17.888029 | [Submit] -> "Submitting EPOCH 32"
INFO  | 2026/06/02 07:18:16.078718 | [scheduler] -> "New learning rate = 1e-05"
INFO  | 2026/06/02 07:18:16.079453 | [Train] -> "Training EPOCH 33"
INFO  | 2026/06/02 07:33:06.621751 | [Train] -> "Finished training EPOCH 33 with loss 0.0012421925114453234, saving"
INFO  | 2026/06/02 07:33:06.843857 | [Validate] -> "Validating for EPOCH 33"
INFO  | 2026/06/02 07:35:42.856363 | [Validate] -> {"val": 0.0030738821957594724, "yes": 1920}
INFO  | 2026/06/02 07:35:42.857689 | [Submit] -> "Submitting EPOCH 33"
INFO  | 2026/06/02 07:37:40.293862 | [scheduler] -> "New learning rate = 1e-05"
INFO  | 2026/06/02 07:37:40.294408 | [Train] -> "Training EPOCH 34"
INFO  | 2026/06/02 07:52:30.703893 | [Train] -> "Finished training EPOCH 34 with loss 0.001242582007391796, saving"
INFO  | 2026/06/02 07:52:30.959088 | [Validate] -> "Validating for EPOCH 34"
INFO  | 2026/06/02 07:55:06.892827 | [Validate] -> {"val": 0.003085121199081525, "yes": 1942}
INFO  | 2026/06/02 07:55:06.894904 | [Submit] -> "Submitting EPOCH 34"
INFO  | 2026/06/02 07:57:04.756318 | [scheduler] -> "New learning rate = 1e-05"
INFO  | 2026/06/02 07:57:04.757090 | [Train] -> "Training EPOCH 35"
INFO  | 2026/06/02 08:11:55.688231 | [Train] -> "Finished training EPOCH 35 with loss 0.001216729123176531, saving"
INFO  | 2026/06/02 08:11:55.917683 | [Validate] -> "Validating for EPOCH 35"
INFO  | 2026/06/02 08:14:31.966174 | [Validate] -> {"val": 0.003118812791208891, "yes": 1945}
INFO  | 2026/06/02 08:14:31.968271 | [Submit] -> "Submitting EPOCH 35"
INFO  | 2026/06/02 08:16:30.345956 | [scheduler] -> "New learning rate = 1e-05"
INFO  | 2026/06/02 08:16:30.346460 | [Train] -> "Training EPOCH 36"
INFO  | 2026/06/02 08:31:21.244500 | [Train] -> "Finished training EPOCH 36 with loss 0.0012134950030290425, saving"
INFO  | 2026/06/02 08:31:21.506927 | [Validate] -> "Validating for EPOCH 36"
INFO  | 2026/06/02 08:33:57.540903 | [Validate] -> {"val": 0.0031071207512320333, "yes": 1931}
INFO  | 2026/06/02 08:33:57.541511 | [Submit] -> "Submitting EPOCH 36"
INFO  | 2026/06/02 08:35:56.179164 | [scheduler] -> "New learning rate = 1e-05"
INFO  | 2026/06/02 08:35:56.179922 | [Train] -> "Training EPOCH 37"
INFO  | 2026/06/02 08:50:47.018957 | [Train] -> "Finished training EPOCH 37 with loss 0.0012068916351180466, saving"
INFO  | 2026/06/02 08:50:47.248735 | [Validate] -> "Validating for EPOCH 37"
INFO  | 2026/06/02 08:53:23.406854 | [Validate] -> {"val": 0.0031494388145209846, "yes": 1937}
INFO  | 2026/06/02 08:53:23.409032 | [Submit] -> "Submitting EPOCH 37"
INFO  | 2026/06/02 08:55:22.102190 | [scheduler] -> "New learning rate = 1e-05"
INFO  | 2026/06/02 08:55:22.102808 | [Train] -> "Training EPOCH 38"
INFO  | 2026/06/02 09:10:12.788284 | [Train] -> "Finished training EPOCH 38 with loss 0.0011831678188989096, saving"
INFO  | 2026/06/02 09:10:13.014946 | [Validate] -> "Validating for EPOCH 38"
INFO  | 2026/06/02 09:12:48.958056 | [Validate] -> {"val": 0.003163795067362222, "yes": 1921}
INFO  | 2026/06/02 09:12:48.959460 | [Submit] -> "Submitting EPOCH 38"
INFO  | 2026/06/02 09:14:48.151616 | [scheduler] -> "New learning rate = 1e-05"
INFO  | 2026/06/02 09:14:48.152047 | [Train] -> "Training EPOCH 39"
INFO  | 2026/06/02 09:29:38.490335 | [Train] -> "Finished training EPOCH 39 with loss 0.0011788725328734696, saving"
INFO  | 2026/06/02 09:29:38.822739 | [Validate] -> "Validating for EPOCH 39"
INFO  | 2026/06/02 09:32:14.732330 | [Validate] -> {"val": 0.0032184793123823784, "yes": 1972}
INFO  | 2026/06/02 09:32:14.733967 | [Submit] -> "Submitting EPOCH 39"
INFO  | 2026/06/02 09:34:12.587204 | [scheduler] -> "New learning rate = 1e-05"
INFO  | 2026/06/02 09:34:12.587996 | [Train] -> "Training EPOCH 40"
INFO  | 2026/06/02 09:49:03.345796 | [Train] -> "Finished training EPOCH 40 with loss 0.0011712912531755284, saving"
INFO  | 2026/06/02 09:49:03.565006 | [Validate] -> "Validating for EPOCH 40"
INFO  | 2026/06/02 09:51:40.098837 | [Validate] -> {"val": 0.0032345052301067435, "yes": 1969}
INFO  | 2026/06/02 09:51:40.101441 | [Submit] -> "Submitting EPOCH 40"
INFO  | 2026/06/02 09:53:38.440888 | [scheduler] -> "New learning rate = 1e-05"
INFO  | 2026/06/02 09:53:38.441615 | [Train] -> "Training EPOCH 41"
INFO  | 2026/06/02 10:08:30.631184 | [Train] -> "Finished training EPOCH 41 with loss 0.001165749923640868, saving"
INFO  | 2026/06/02 10:08:30.881658 | [Validate] -> "Validating for EPOCH 41"
INFO  | 2026/06/02 10:11:06.995174 | [Validate] -> {"val": 0.003216213243768136, "yes": 1936}
INFO  | 2026/06/02 10:11:06.997513 | [Submit] -> "Submitting EPOCH 41"
INFO  | 2026/06/02 10:13:05.755846 | [scheduler] -> "New learning rate = 1e-05"
INFO  | 2026/06/02 10:13:05.756359 | [Train] -> "Training EPOCH 42"
INFO  | 2026/06/02 10:27:56.861102 | [Train] -> "Finished training EPOCH 42 with loss 0.001153424621368918, saving"
INFO  | 2026/06/02 10:27:57.135953 | [Validate] -> "Validating for EPOCH 42"
INFO  | 2026/06/02 10:30:33.149084 | [Validate] -> {"val": 0.0032623463595755735, "yes": 1973}
INFO  | 2026/06/02 10:30:33.150319 | [Submit] -> "Submitting EPOCH 42"
INFO  | 2026/06/02 10:32:31.719462 | [scheduler] -> "New learning rate = 1e-05"
INFO  | 2026/06/02 10:32:31.720283 | [Train] -> "Training EPOCH 43"
INFO  | 2026/06/02 10:47:22.179929 | [Train] -> "Finished training EPOCH 43 with loss 0.001132679815408469, saving"
INFO  | 2026/06/02 10:47:22.446467 | [Validate] -> "Validating for EPOCH 43"
INFO  | 2026/06/02 10:49:58.442012 | [Validate] -> {"val": 0.0033184151045218663, "yes": 1934}
INFO  | 2026/06/02 10:49:58.443246 | [Submit] -> "Submitting EPOCH 43"
INFO  | 2026/06/02 10:51:56.661832 | [scheduler] -> "New learning rate = 1e-05"
INFO  | 2026/06/02 10:51:56.662604 | [Train] -> "Training EPOCH 44"
INFO  | 2026/06/02 11:06:57.590588 | [Train] -> "Finished training EPOCH 44 with loss 0.0011285778127807973, saving"
INFO  | 2026/06/02 11:06:57.889449 | [Validate] -> "Validating for EPOCH 44"
INFO  | 2026/06/02 11:09:37.804372 | [Validate] -> {"val": 0.0033252301924898515, "yes": 1931}
INFO  | 2026/06/02 11:09:37.805308 | [Submit] -> "Submitting EPOCH 44"
INFO  | 2026/06/02 11:11:38.202874 | [scheduler] -> "New learning rate = 1e-05"
INFO  | 2026/06/02 11:11:38.203578 | [Train] -> "Training EPOCH 45"
