DEBUG | 2026/06/01 21:04:44.881241 | [Test Dataset Load] -> "Loading datasets from data/test"
DEBUG | 2026/06/01 21:04:44.919386 | [Test Dataset Load] -> "Dynamically loaded 5000 datas"
DEBUG | 2026/06/01 21:04:44.921017 | [Dataset Load] -> "Loading datasets from data/train"
DEBUG | 2026/06/01 21:04:44.921376 | [Dataset Load] -> "Loading datasets from class Atelectasis"
DEBUG | 2026/06/01 21:04:44.936041 | [Dataset Load] -> "Loading datasets from class Cardiomegaly"
DEBUG | 2026/06/01 21:04:44.939436 | [Dataset Load] -> "Loading datasets from class Consolidation"
DEBUG | 2026/06/01 21:04:44.944105 | [Dataset Load] -> "Loading datasets from class Edema"
DEBUG | 2026/06/01 21:04:44.949814 | [Dataset Load] -> "Loading datasets from class Effusion"
DEBUG | 2026/06/01 21:04:44.955889 | [Dataset Load] -> "Loading datasets from class Emphysema"
DEBUG | 2026/06/01 21:04:44.958174 | [Dataset Load] -> "Loading datasets from class Fibrosis"
DEBUG | 2026/06/01 21:04:44.960847 | [Dataset Load] -> "Loading datasets from class Hernia"
DEBUG | 2026/06/01 21:04:44.961089 | [Dataset Load] -> "Loading datasets from class Infiltration"
DEBUG | 2026/06/01 21:04:45.020996 | [Dataset Load] -> "Loading datasets from class Mass"
DEBUG | 2026/06/01 21:04:45.030017 | [Dataset Load] -> "Loading datasets from class No Finding"
DEBUG | 2026/06/01 21:04:45.041761 | [Dataset Load] -> "Loading datasets from class Nodule"
DEBUG | 2026/06/01 21:04:45.046262 | [Dataset Load] -> "Loading datasets from class Pleural_Thickening"
DEBUG | 2026/06/01 21:04:45.049226 | [Dataset Load] -> "Loading datasets from class Pneumonia"
DEBUG | 2026/06/01 21:04:45.050890 | [Dataset Load] -> "Loading datasets from class Pneumothorax"
DEBUG | 2026/06/01 21:04:45.053477 | [Dataset Load] -> "Dynamically loaded 22921 datas"
DEBUG | 2026/06/01 21:04:45.060839 | [Dataset Load] -> "Loading datasets from data/train"
DEBUG | 2026/06/01 21:04:45.060913 | [Dataset Load] -> "Dynamically loaded 16044 datas"
DEBUG | 2026/06/01 21:04:45.060951 | [Dataset Load] -> "Loading datasets from data/train"
DEBUG | 2026/06/01 21:04:45.060995 | [Dataset Load] -> "Dynamically loaded 6877 datas"
DEBUG | 2026/06/01 21:05:14.897724 | [Test Dataset Load] -> "Loading datasets from data/test"
DEBUG | 2026/06/01 21:05:14.905866 | [Test Dataset Load] -> "Dynamically loaded 5000 datas"
DEBUG | 2026/06/01 21:05:14.907045 | [Dataset Load] -> "Loading datasets from data/train"
DEBUG | 2026/06/01 21:05:14.907286 | [Dataset Load] -> "Loading datasets from class Atelectasis"
DEBUG | 2026/06/01 21:05:14.913146 | [Dataset Load] -> "Loading datasets from class Cardiomegaly"
DEBUG | 2026/06/01 21:05:14.914878 | [Dataset Load] -> "Loading datasets from class Consolidation"
DEBUG | 2026/06/01 21:05:14.916959 | [Dataset Load] -> "Loading datasets from class Edema"
DEBUG | 2026/06/01 21:05:14.918189 | [Dataset Load] -> "Loading datasets from class Effusion"
DEBUG | 2026/06/01 21:05:14.920195 | [Dataset Load] -> "Loading datasets from class Emphysema"
DEBUG | 2026/06/01 21:05:14.921796 | [Dataset Load] -> "Loading datasets from class Fibrosis"
DEBUG | 2026/06/01 21:05:14.922569 | [Dataset Load] -> "Loading datasets from class Hernia"
DEBUG | 2026/06/01 21:05:14.922807 | [Dataset Load] -> "Loading datasets from class Infiltration"
DEBUG | 2026/06/01 21:05:14.925884 | [Dataset Load] -> "Loading datasets from class Mass"
DEBUG | 2026/06/01 21:05:14.928098 | [Dataset Load] -> "Loading datasets from class No Finding"
DEBUG | 2026/06/01 21:05:14.998663 | [Dataset Load] -> "Loading datasets from class Nodule"
DEBUG | 2026/06/01 21:05:14.999583 | [Dataset Load] -> "Loading datasets from class Pleural_Thickening"
DEBUG | 2026/06/01 21:05:14.999939 | [Dataset Load] -> "Loading datasets from class Pneumonia"
DEBUG | 2026/06/01 21:05:15.000084 | [Dataset Load] -> "Loading datasets from class Pneumothorax"
DEBUG | 2026/06/01 21:05:15.000663 | [Dataset Load] -> "Dynamically loaded 22921 datas"
DEBUG | 2026/06/01 21:05:15.007953 | [Dataset Load] -> "Loading datasets from data/train"
DEBUG | 2026/06/01 21:05:15.008030 | [Dataset Load] -> "Dynamically loaded 16044 datas"
DEBUG | 2026/06/01 21:05:15.008101 | [Dataset Load] -> "Loading datasets from data/train"
DEBUG | 2026/06/01 21:05:15.008149 | [Dataset Load] -> "Dynamically loaded 6877 datas"
DEBUG | 2026/06/01 21:19:15.304720 | [Test Dataset Load] -> "Loading datasets from data/test"
DEBUG | 2026/06/01 21:19:15.311155 | [Test Dataset Load] -> "Dynamically loaded 5000 datas"
DEBUG | 2026/06/01 21:19:15.312178 | [Dataset Load] -> "Loading datasets from data/train"
DEBUG | 2026/06/01 21:19:15.312417 | [Dataset Load] -> "Loading datasets from class Atelectasis"
DEBUG | 2026/06/01 21:19:15.317686 | [Dataset Load] -> "Loading datasets from class Cardiomegaly"
DEBUG | 2026/06/01 21:19:15.319197 | [Dataset Load] -> "Loading datasets from class Consolidation"
DEBUG | 2026/06/01 21:19:15.321336 | [Dataset Load] -> "Loading datasets from class Edema"
DEBUG | 2026/06/01 21:19:15.322617 | [Dataset Load] -> "Loading datasets from class Effusion"
DEBUG | 2026/06/01 21:19:15.324482 | [Dataset Load] -> "Loading datasets from class Emphysema"
DEBUG | 2026/06/01 21:19:15.325499 | [Dataset Load] -> "Loading datasets from class Fibrosis"
DEBUG | 2026/06/01 21:19:15.326481 | [Dataset Load] -> "Loading datasets from class Hernia"
DEBUG | 2026/06/01 21:19:15.326815 | [Dataset Load] -> "Loading datasets from class Infiltration"
DEBUG | 2026/06/01 21:19:15.329991 | [Dataset Load] -> "Loading datasets from class Mass"
DEBUG | 2026/06/01 21:19:15.331817 | [Dataset Load] -> "Loading datasets from class No Finding"
DEBUG | 2026/06/01 21:19:15.334797 | [Dataset Load] -> "Loading datasets from class Nodule"
DEBUG | 2026/06/01 21:19:15.404680 | [Dataset Load] -> "Loading datasets from class Pleural_Thickening"
DEBUG | 2026/06/01 21:19:15.405197 | [Dataset Load] -> "Loading datasets from class Pneumonia"
DEBUG | 2026/06/01 21:19:15.405361 | [Dataset Load] -> "Loading datasets from class Pneumothorax"
DEBUG | 2026/06/01 21:19:15.405955 | [Dataset Load] -> "Dynamically loaded 22921 datas"
DEBUG | 2026/06/01 21:19:15.413628 | [Dataset Load] -> "Loading datasets from data/train"
DEBUG | 2026/06/01 21:19:15.413708 | [Dataset Load] -> "Dynamically loaded 16044 datas"
DEBUG | 2026/06/01 21:19:15.413748 | [Dataset Load] -> "Loading datasets from data/train"
DEBUG | 2026/06/01 21:19:15.413797 | [Dataset Load] -> "Dynamically loaded 6877 datas"
DEBUG | 2026/06/01 21:27:39.836164 | [Test Dataset Load] -> "Loading datasets from data/test"
DEBUG | 2026/06/01 21:27:39.844283 | [Test Dataset Load] -> "Dynamically loaded 5000 datas"
DEBUG | 2026/06/01 21:27:39.845421 | [Dataset Load] -> "Loading datasets from data/train"
DEBUG | 2026/06/01 21:27:39.845660 | [Dataset Load] -> "Loading datasets from class Atelectasis"
DEBUG | 2026/06/01 21:27:39.850979 | [Dataset Load] -> "Loading datasets from class Cardiomegaly"
DEBUG | 2026/06/01 21:27:39.852761 | [Dataset Load] -> "Loading datasets from class Consolidation"
DEBUG | 2026/06/01 21:27:39.855206 | [Dataset Load] -> "Loading datasets from class Edema"
DEBUG | 2026/06/01 21:27:39.856806 | [Dataset Load] -> "Loading datasets from class Effusion"
DEBUG | 2026/06/01 21:27:39.859083 | [Dataset Load] -> "Loading datasets from class Emphysema"
DEBUG | 2026/06/01 21:27:39.860347 | [Dataset Load] -> "Loading datasets from class Fibrosis"
DEBUG | 2026/06/01 21:27:39.861353 | [Dataset Load] -> "Loading datasets from class Hernia"
DEBUG | 2026/06/01 21:27:39.861558 | [Dataset Load] -> "Loading datasets from class Infiltration"
DEBUG | 2026/06/01 21:27:39.864688 | [Dataset Load] -> "Loading datasets from class Mass"
DEBUG | 2026/06/01 21:27:39.866481 | [Dataset Load] -> "Loading datasets from class No Finding"
DEBUG | 2026/06/01 21:27:39.869472 | [Dataset Load] -> "Loading datasets from class Nodule"
DEBUG | 2026/06/01 21:27:39.937750 | [Dataset Load] -> "Loading datasets from class Pleural_Thickening"
DEBUG | 2026/06/01 21:27:39.938236 | [Dataset Load] -> "Loading datasets from class Pneumonia"
DEBUG | 2026/06/01 21:27:39.938393 | [Dataset Load] -> "Loading datasets from class Pneumothorax"
DEBUG | 2026/06/01 21:27:39.938976 | [Dataset Load] -> "Dynamically loaded 22921 datas"
DEBUG | 2026/06/01 21:27:39.946368 | [Dataset Load] -> "Loading datasets from data/train"
DEBUG | 2026/06/01 21:27:39.946452 | [Dataset Load] -> "Dynamically loaded 16044 datas"
DEBUG | 2026/06/01 21:27:39.946495 | [Dataset Load] -> "Loading datasets from data/train"
DEBUG | 2026/06/01 21:27:39.946544 | [Dataset Load] -> "Dynamically loaded 6877 datas"
DEBUG | 2026/06/01 21:27:57.441365 | [Test Dataset Load] -> "Loading datasets from data/test"
DEBUG | 2026/06/01 21:27:57.449797 | [Test Dataset Load] -> "Dynamically loaded 5000 datas"
DEBUG | 2026/06/01 21:27:57.451135 | [Dataset Load] -> "Loading datasets from data/train"
DEBUG | 2026/06/01 21:27:57.451408 | [Dataset Load] -> "Loading datasets from class Atelectasis"
DEBUG | 2026/06/01 21:27:57.457098 | [Dataset Load] -> "Loading datasets from class Cardiomegaly"
DEBUG | 2026/06/01 21:27:57.458882 | [Dataset Load] -> "Loading datasets from class Consolidation"
DEBUG | 2026/06/01 21:27:57.460995 | [Dataset Load] -> "Loading datasets from class Edema"
DEBUG | 2026/06/01 21:27:57.462245 | [Dataset Load] -> "Loading datasets from class Effusion"
DEBUG | 2026/06/01 21:27:57.464208 | [Dataset Load] -> "Loading datasets from class Emphysema"
DEBUG | 2026/06/01 21:27:57.465183 | [Dataset Load] -> "Loading datasets from class Fibrosis"
DEBUG | 2026/06/01 21:27:57.466030 | [Dataset Load] -> "Loading datasets from class Hernia"
DEBUG | 2026/06/01 21:27:57.466214 | [Dataset Load] -> "Loading datasets from class Infiltration"
DEBUG | 2026/06/01 21:27:57.469008 | [Dataset Load] -> "Loading datasets from class Mass"
DEBUG | 2026/06/01 21:27:57.471269 | [Dataset Load] -> "Loading datasets from class No Finding"
DEBUG | 2026/06/01 21:27:57.474470 | [Dataset Load] -> "Loading datasets from class Nodule"
DEBUG | 2026/06/01 21:27:57.545686 | [Dataset Load] -> "Loading datasets from class Pleural_Thickening"
DEBUG | 2026/06/01 21:27:57.546207 | [Dataset Load] -> "Loading datasets from class Pneumonia"
DEBUG | 2026/06/01 21:27:57.546367 | [Dataset Load] -> "Loading datasets from class Pneumothorax"
DEBUG | 2026/06/01 21:27:57.546950 | [Dataset Load] -> "Dynamically loaded 22921 datas"
DEBUG | 2026/06/01 21:27:57.554566 | [Dataset Load] -> "Loading datasets from data/train"
DEBUG | 2026/06/01 21:27:57.554652 | [Dataset Load] -> "Dynamically loaded 16044 datas"
DEBUG | 2026/06/01 21:27:57.554697 | [Dataset Load] -> "Loading datasets from data/train"
DEBUG | 2026/06/01 21:27:57.554744 | [Dataset Load] -> "Dynamically loaded 6877 datas"
DEBUG | 2026/06/01 21:29:53.407434 | [Test Dataset Load] -> "Loading datasets from data/test"
DEBUG | 2026/06/01 21:29:53.415412 | [Test Dataset Load] -> "Dynamically loaded 5000 datas"
DEBUG | 2026/06/01 21:29:53.416427 | [Dataset Load] -> "Loading datasets from data/train"
DEBUG | 2026/06/01 21:29:53.416665 | [Dataset Load] -> "Loading datasets from class Atelectasis"
DEBUG | 2026/06/01 21:29:53.422533 | [Dataset Load] -> "Loading datasets from class Cardiomegaly"
DEBUG | 2026/06/01 21:29:53.424388 | [Dataset Load] -> "Loading datasets from class Consolidation"
DEBUG | 2026/06/01 21:29:53.426483 | [Dataset Load] -> "Loading datasets from class Edema"
DEBUG | 2026/06/01 21:29:53.427761 | [Dataset Load] -> "Loading datasets from class Effusion"
DEBUG | 2026/06/01 21:29:53.429895 | [Dataset Load] -> "Loading datasets from class Emphysema"
DEBUG | 2026/06/01 21:29:53.431173 | [Dataset Load] -> "Loading datasets from class Fibrosis"
DEBUG | 2026/06/01 21:29:53.432221 | [Dataset Load] -> "Loading datasets from class Hernia"
DEBUG | 2026/06/01 21:29:53.432425 | [Dataset Load] -> "Loading datasets from class Infiltration"
DEBUG | 2026/06/01 21:29:53.435582 | [Dataset Load] -> "Loading datasets from class Mass"
DEBUG | 2026/06/01 21:29:53.437519 | [Dataset Load] -> "Loading datasets from class No Finding"
DEBUG | 2026/06/01 21:29:53.440527 | [Dataset Load] -> "Loading datasets from class Nodule"
DEBUG | 2026/06/01 21:29:53.512047 | [Dataset Load] -> "Loading datasets from class Pleural_Thickening"
DEBUG | 2026/06/01 21:29:53.512555 | [Dataset Load] -> "Loading datasets from class Pneumonia"
DEBUG | 2026/06/01 21:29:53.512771 | [Dataset Load] -> "Loading datasets from class Pneumothorax"
DEBUG | 2026/06/01 21:29:53.513366 | [Dataset Load] -> "Dynamically loaded 22921 datas"
DEBUG | 2026/06/01 21:29:53.521030 | [Dataset Load] -> "Loading datasets from data/train"
DEBUG | 2026/06/01 21:29:53.521115 | [Dataset Load] -> "Dynamically loaded 16044 datas"
DEBUG | 2026/06/01 21:29:53.521155 | [Dataset Load] -> "Loading datasets from data/train"
DEBUG | 2026/06/01 21:29:53.521202 | [Dataset Load] -> "Dynamically loaded 6877 datas"
DEBUG | 2026/06/01 22:17:51.669040 | [Dataset Load] -> "Loading datasets from data/train"
DEBUG | 2026/06/01 22:17:51.669565 | [Dataset Load] -> "Loading datasets from class Atelectasis"
DEBUG | 2026/06/01 22:17:51.679500 | [Dataset Load] -> "Loading datasets from class Cardiomegaly"
DEBUG | 2026/06/01 22:17:51.682065 | [Dataset Load] -> "Loading datasets from class Consolidation"
DEBUG | 2026/06/01 22:17:51.686482 | [Dataset Load] -> "Loading datasets from class Edema"
DEBUG | 2026/06/01 22:17:51.691214 | [Dataset Load] -> "Loading datasets from class Effusion"
DEBUG | 2026/06/01 22:17:51.696302 | [Dataset Load] -> "Loading datasets from class Emphysema"
DEBUG | 2026/06/01 22:17:51.699204 | [Dataset Load] -> "Loading datasets from class Fibrosis"
DEBUG | 2026/06/01 22:17:51.702421 | [Dataset Load] -> "Loading datasets from class Hernia"
DEBUG | 2026/06/01 22:17:51.702674 | [Dataset Load] -> "Loading datasets from class Infiltration"
DEBUG | 2026/06/01 22:17:51.710568 | [Dataset Load] -> "Loading datasets from class Mass"
DEBUG | 2026/06/01 22:17:51.717272 | [Dataset Load] -> "Loading datasets from class No Finding"
DEBUG | 2026/06/01 22:17:51.728699 | [Dataset Load] -> "Loading datasets from class Nodule"
DEBUG | 2026/06/01 22:17:51.732935 | [Dataset Load] -> "Loading datasets from class Pleural_Thickening"
DEBUG | 2026/06/01 22:17:51.736339 | [Dataset Load] -> "Loading datasets from class Pneumonia"
DEBUG | 2026/06/01 22:17:51.736622 | [Dataset Load] -> "Loading datasets from class Pneumothorax"
DEBUG | 2026/06/01 22:17:51.739078 | [Dataset Load] -> "Dynamically loaded 22921 datas"
DEBUG | 2026/06/01 22:37:22.987111 | [Dataset Load] -> "Loading datasets from data/train"
DEBUG | 2026/06/01 22:37:22.987999 | [Dataset Load] -> "Loading datasets from class Atelectasis"
DEBUG | 2026/06/01 22:37:23.000551 | [Dataset Load] -> "Loading datasets from class Cardiomegaly"
DEBUG | 2026/06/01 22:37:23.003148 | [Dataset Load] -> "Loading datasets from class Consolidation"
DEBUG | 2026/06/01 22:37:23.007110 | [Dataset Load] -> "Loading datasets from class Edema"
DEBUG | 2026/06/01 22:37:23.013104 | [Dataset Load] -> "Loading datasets from class Effusion"
DEBUG | 2026/06/01 22:37:23.019017 | [Dataset Load] -> "Loading datasets from class Emphysema"
DEBUG | 2026/06/01 22:37:23.021575 | [Dataset Load] -> "Loading datasets from class Fibrosis"
DEBUG | 2026/06/01 22:37:23.024233 | [Dataset Load] -> "Loading datasets from class Hernia"
DEBUG | 2026/06/01 22:37:23.024476 | [Dataset Load] -> "Loading datasets from class Infiltration"
DEBUG | 2026/06/01 22:37:23.032800 | [Dataset Load] -> "Loading datasets from class Mass"
DEBUG | 2026/06/01 22:37:23.038700 | [Dataset Load] -> "Loading datasets from class No Finding"
DEBUG | 2026/06/01 22:37:23.049265 | [Dataset Load] -> "Loading datasets from class Nodule"
DEBUG | 2026/06/01 22:37:23.053562 | [Dataset Load] -> "Loading datasets from class Pleural_Thickening"
DEBUG | 2026/06/01 22:37:23.056596 | [Dataset Load] -> "Loading datasets from class Pneumonia"
DEBUG | 2026/06/01 22:37:23.058170 | [Dataset Load] -> "Loading datasets from class Pneumothorax"
DEBUG | 2026/06/01 22:37:23.060771 | [Dataset Load] -> "Dynamically loaded 22921 datas"
DEBUG | 2026/06/01 22:56:45.547466 | [Dataset Load] -> "Loading datasets from data/train"
DEBUG | 2026/06/01 22:56:45.548179 | [Dataset Load] -> "Loading datasets from class Atelectasis"
DEBUG | 2026/06/01 22:56:45.561919 | [Dataset Load] -> "Loading datasets from class Cardiomegaly"
DEBUG | 2026/06/01 22:56:45.564538 | [Dataset Load] -> "Loading datasets from class Consolidation"
DEBUG | 2026/06/01 22:56:45.568539 | [Dataset Load] -> "Loading datasets from class Edema"
DEBUG | 2026/06/01 22:56:45.573861 | [Dataset Load] -> "Loading datasets from class Effusion"
DEBUG | 2026/06/01 22:56:45.580055 | [Dataset Load] -> "Loading datasets from class Emphysema"
DEBUG | 2026/06/01 22:56:45.582061 | [Dataset Load] -> "Loading datasets from class Fibrosis"
DEBUG | 2026/06/01 22:56:45.584502 | [Dataset Load] -> "Loading datasets from class Hernia"
DEBUG | 2026/06/01 22:56:45.584762 | [Dataset Load] -> "Loading datasets from class Infiltration"
DEBUG | 2026/06/01 22:56:46.363608 | [Dataset Load] -> "Loading datasets from class Mass"
DEBUG | 2026/06/01 22:56:46.369883 | [Dataset Load] -> "Loading datasets from class No Finding"
DEBUG | 2026/06/01 22:56:46.380660 | [Dataset Load] -> "Loading datasets from class Nodule"
DEBUG | 2026/06/01 22:56:46.385255 | [Dataset Load] -> "Loading datasets from class Pleural_Thickening"
DEBUG | 2026/06/01 22:56:46.388184 | [Dataset Load] -> "Loading datasets from class Pneumonia"
DEBUG | 2026/06/01 22:56:46.389733 | [Dataset Load] -> "Loading datasets from class Pneumothorax"
DEBUG | 2026/06/01 22:56:46.392492 | [Dataset Load] -> "Dynamically loaded 22921 datas"
DEBUG | 2026/06/01 23:16:49.158731 | [Dataset Load] -> "Loading datasets from data/train"
DEBUG | 2026/06/01 23:16:49.159474 | [Dataset Load] -> "Loading datasets from class Atelectasis"
DEBUG | 2026/06/01 23:16:49.172758 | [Dataset Load] -> "Loading datasets from class Cardiomegaly"
DEBUG | 2026/06/01 23:16:49.175465 | [Dataset Load] -> "Loading datasets from class Consolidation"
DEBUG | 2026/06/01 23:16:49.179602 | [Dataset Load] -> "Loading datasets from class Edema"
DEBUG | 2026/06/01 23:16:49.185456 | [Dataset Load] -> "Loading datasets from class Effusion"
DEBUG | 2026/06/01 23:16:49.190975 | [Dataset Load] -> "Loading datasets from class Emphysema"
DEBUG | 2026/06/01 23:16:49.192997 | [Dataset Load] -> "Loading datasets from class Fibrosis"
DEBUG | 2026/06/01 23:16:49.195302 | [Dataset Load] -> "Loading datasets from class Hernia"
DEBUG | 2026/06/01 23:16:49.195555 | [Dataset Load] -> "Loading datasets from class Infiltration"
DEBUG | 2026/06/01 23:16:49.202166 | [Dataset Load] -> "Loading datasets from class Mass"
DEBUG | 2026/06/01 23:16:49.208367 | [Dataset Load] -> "Loading datasets from class No Finding"
DEBUG | 2026/06/01 23:16:49.220230 | [Dataset Load] -> "Loading datasets from class Nodule"
DEBUG | 2026/06/01 23:16:49.224668 | [Dataset Load] -> "Loading datasets from class Pleural_Thickening"
DEBUG | 2026/06/01 23:16:49.227814 | [Dataset Load] -> "Loading datasets from class Pneumonia"
DEBUG | 2026/06/01 23:16:49.229337 | [Dataset Load] -> "Loading datasets from class Pneumothorax"
DEBUG | 2026/06/01 23:16:49.232197 | [Dataset Load] -> "Dynamically loaded 22921 datas"
DEBUG | 2026/06/01 23:36:35.085837 | [Dataset Load] -> "Loading datasets from data/train"
DEBUG | 2026/06/01 23:36:35.086586 | [Dataset Load] -> "Loading datasets from class Atelectasis"
DEBUG | 2026/06/01 23:36:35.099762 | [Dataset Load] -> "Loading datasets from class Cardiomegaly"
DEBUG | 2026/06/01 23:36:35.102555 | [Dataset Load] -> "Loading datasets from class Consolidation"
DEBUG | 2026/06/01 23:36:35.106671 | [Dataset Load] -> "Loading datasets from class Edema"
DEBUG | 2026/06/01 23:36:35.112267 | [Dataset Load] -> "Loading datasets from class Effusion"
DEBUG | 2026/06/01 23:36:35.117885 | [Dataset Load] -> "Loading datasets from class Emphysema"
DEBUG | 2026/06/01 23:36:35.120397 | [Dataset Load] -> "Loading datasets from class Fibrosis"
DEBUG | 2026/06/01 23:36:35.123393 | [Dataset Load] -> "Loading datasets from class Hernia"
DEBUG | 2026/06/01 23:36:35.123722 | [Dataset Load] -> "Loading datasets from class Infiltration"
DEBUG | 2026/06/01 23:36:35.130508 | [Dataset Load] -> "Loading datasets from class Mass"
DEBUG | 2026/06/01 23:36:35.136429 | [Dataset Load] -> "Loading datasets from class No Finding"
DEBUG | 2026/06/01 23:36:35.148536 | [Dataset Load] -> "Loading datasets from class Nodule"
DEBUG | 2026/06/01 23:36:35.152865 | [Dataset Load] -> "Loading datasets from class Pleural_Thickening"
DEBUG | 2026/06/01 23:36:35.155922 | [Dataset Load] -> "Loading datasets from class Pneumonia"
DEBUG | 2026/06/01 23:36:35.157501 | [Dataset Load] -> "Loading datasets from class Pneumothorax"
DEBUG | 2026/06/01 23:36:35.160106 | [Dataset Load] -> "Dynamically loaded 22921 datas"
DEBUG | 2026/06/01 23:56:18.001766 | [Dataset Load] -> "Loading datasets from data/train"
DEBUG | 2026/06/01 23:56:18.002558 | [Dataset Load] -> "Loading datasets from class Atelectasis"
DEBUG | 2026/06/01 23:56:18.015729 | [Dataset Load] -> "Loading datasets from class Cardiomegaly"
DEBUG | 2026/06/01 23:56:18.018396 | [Dataset Load] -> "Loading datasets from class Consolidation"
DEBUG | 2026/06/01 23:56:18.022604 | [Dataset Load] -> "Loading datasets from class Edema"
DEBUG | 2026/06/01 23:56:18.028286 | [Dataset Load] -> "Loading datasets from class Effusion"
DEBUG | 2026/06/01 23:56:18.033958 | [Dataset Load] -> "Loading datasets from class Emphysema"
DEBUG | 2026/06/01 23:56:18.036059 | [Dataset Load] -> "Loading datasets from class Fibrosis"
DEBUG | 2026/06/01 23:56:18.038372 | [Dataset Load] -> "Loading datasets from class Hernia"
DEBUG | 2026/06/01 23:56:18.038615 | [Dataset Load] -> "Loading datasets from class Infiltration"
DEBUG | 2026/06/01 23:56:18.045602 | [Dataset Load] -> "Loading datasets from class Mass"
DEBUG | 2026/06/01 23:56:18.051676 | [Dataset Load] -> "Loading datasets from class No Finding"
DEBUG | 2026/06/01 23:56:18.063765 | [Dataset Load] -> "Loading datasets from class Nodule"
DEBUG | 2026/06/01 23:56:18.068355 | [Dataset Load] -> "Loading datasets from class Pleural_Thickening"
DEBUG | 2026/06/01 23:56:18.071590 | [Dataset Load] -> "Loading datasets from class Pneumonia"
DEBUG | 2026/06/01 23:56:18.073115 | [Dataset Load] -> "Loading datasets from class Pneumothorax"
DEBUG | 2026/06/01 23:56:18.076193 | [Dataset Load] -> "Dynamically loaded 22921 datas"
DEBUG | 2026/06/02 00:15:59.872950 | [Dataset Load] -> "Loading datasets from data/train"
DEBUG | 2026/06/02 00:15:59.873628 | [Dataset Load] -> "Loading datasets from class Atelectasis"
DEBUG | 2026/06/02 00:15:59.886539 | [Dataset Load] -> "Loading datasets from class Cardiomegaly"
DEBUG | 2026/06/02 00:15:59.889244 | [Dataset Load] -> "Loading datasets from class Consolidation"
DEBUG | 2026/06/02 00:15:59.893740 | [Dataset Load] -> "Loading datasets from class Edema"
DEBUG | 2026/06/02 00:15:59.899517 | [Dataset Load] -> "Loading datasets from class Effusion"
DEBUG | 2026/06/02 00:15:59.905269 | [Dataset Load] -> "Loading datasets from class Emphysema"
DEBUG | 2026/06/02 00:15:59.907264 | [Dataset Load] -> "Loading datasets from class Fibrosis"
DEBUG | 2026/06/02 00:15:59.909555 | [Dataset Load] -> "Loading datasets from class Hernia"
DEBUG | 2026/06/02 00:15:59.909796 | [Dataset Load] -> "Loading datasets from class Infiltration"
DEBUG | 2026/06/02 00:15:59.916393 | [Dataset Load] -> "Loading datasets from class Mass"
DEBUG | 2026/06/02 00:15:59.922165 | [Dataset Load] -> "Loading datasets from class No Finding"
DEBUG | 2026/06/02 00:15:59.934157 | [Dataset Load] -> "Loading datasets from class Nodule"
DEBUG | 2026/06/02 00:15:59.938744 | [Dataset Load] -> "Loading datasets from class Pleural_Thickening"
DEBUG | 2026/06/02 00:15:59.941824 | [Dataset Load] -> "Loading datasets from class Pneumonia"
DEBUG | 2026/06/02 00:15:59.943502 | [Dataset Load] -> "Loading datasets from class Pneumothorax"
DEBUG | 2026/06/02 00:15:59.946246 | [Dataset Load] -> "Dynamically loaded 22921 datas"
DEBUG | 2026/06/02 00:36:00.701346 | [Dataset Load] -> "Loading datasets from data/train"
DEBUG | 2026/06/02 00:36:00.702175 | [Dataset Load] -> "Loading datasets from class Atelectasis"
DEBUG | 2026/06/02 00:36:00.719090 | [Dataset Load] -> "Loading datasets from class Cardiomegaly"
DEBUG | 2026/06/02 00:36:00.721930 | [Dataset Load] -> "Loading datasets from class Consolidation"
DEBUG | 2026/06/02 00:36:00.726767 | [Dataset Load] -> "Loading datasets from class Edema"
DEBUG | 2026/06/02 00:36:00.732747 | [Dataset Load] -> "Loading datasets from class Effusion"
DEBUG | 2026/06/02 00:36:00.739228 | [Dataset Load] -> "Loading datasets from class Emphysema"
DEBUG | 2026/06/02 00:36:00.741490 | [Dataset Load] -> "Loading datasets from class Fibrosis"
DEBUG | 2026/06/02 00:36:00.744057 | [Dataset Load] -> "Loading datasets from class Hernia"
DEBUG | 2026/06/02 00:36:00.744498 | [Dataset Load] -> "Loading datasets from class Infiltration"
DEBUG | 2026/06/02 00:36:01.724873 | [Dataset Load] -> "Loading datasets from class Mass"
DEBUG | 2026/06/02 00:36:01.731200 | [Dataset Load] -> "Loading datasets from class No Finding"
DEBUG | 2026/06/02 00:36:01.742017 | [Dataset Load] -> "Loading datasets from class Nodule"
DEBUG | 2026/06/02 00:36:01.747242 | [Dataset Load] -> "Loading datasets from class Pleural_Thickening"
DEBUG | 2026/06/02 00:36:01.751335 | [Dataset Load] -> "Loading datasets from class Pneumonia"
DEBUG | 2026/06/02 00:36:01.752936 | [Dataset Load] -> "Loading datasets from class Pneumothorax"
DEBUG | 2026/06/02 00:36:01.755589 | [Dataset Load] -> "Dynamically loaded 22921 datas"
DEBUG | 2026/06/02 00:56:54.065424 | [Dataset Load] -> "Loading datasets from data/train"
DEBUG | 2026/06/02 00:56:54.066128 | [Dataset Load] -> "Loading datasets from class Atelectasis"
DEBUG | 2026/06/02 00:56:54.090417 | [Dataset Load] -> "Loading datasets from class Cardiomegaly"
DEBUG | 2026/06/02 00:56:54.094812 | [Dataset Load] -> "Loading datasets from class Consolidation"
DEBUG | 2026/06/02 00:56:54.100562 | [Dataset Load] -> "Loading datasets from class Edema"
DEBUG | 2026/06/02 00:56:54.106481 | [Dataset Load] -> "Loading datasets from class Effusion"
DEBUG | 2026/06/02 00:56:54.112825 | [Dataset Load] -> "Loading datasets from class Emphysema"
DEBUG | 2026/06/02 00:56:54.115032 | [Dataset Load] -> "Loading datasets from class Fibrosis"
DEBUG | 2026/06/02 00:56:54.117370 | [Dataset Load] -> "Loading datasets from class Hernia"
DEBUG | 2026/06/02 00:56:54.117642 | [Dataset Load] -> "Loading datasets from class Infiltration"
DEBUG | 2026/06/02 00:56:54.125216 | [Dataset Load] -> "Loading datasets from class Mass"
DEBUG | 2026/06/02 00:56:54.131401 | [Dataset Load] -> "Loading datasets from class No Finding"
DEBUG | 2026/06/02 00:56:54.142187 | [Dataset Load] -> "Loading datasets from class Nodule"
DEBUG | 2026/06/02 00:56:54.146788 | [Dataset Load] -> "Loading datasets from class Pleural_Thickening"
DEBUG | 2026/06/02 00:56:54.149957 | [Dataset Load] -> "Loading datasets from class Pneumonia"
DEBUG | 2026/06/02 00:56:54.151462 | [Dataset Load] -> "Loading datasets from class Pneumothorax"
DEBUG | 2026/06/02 00:56:54.154352 | [Dataset Load] -> "Dynamically loaded 22921 datas"
DEBUG | 2026/06/02 01:18:16.828209 | [Dataset Load] -> "Loading datasets from data/train"
DEBUG | 2026/06/02 01:18:16.829896 | [Dataset Load] -> "Loading datasets from class Atelectasis"
DEBUG | 2026/06/02 01:18:16.862692 | [Dataset Load] -> "Loading datasets from class Cardiomegaly"
DEBUG | 2026/06/02 01:18:16.866304 | [Dataset Load] -> "Loading datasets from class Consolidation"
DEBUG | 2026/06/02 01:18:16.873356 | [Dataset Load] -> "Loading datasets from class Edema"
DEBUG | 2026/06/02 01:18:16.880326 | [Dataset Load] -> "Loading datasets from class Effusion"
DEBUG | 2026/06/02 01:18:16.889397 | [Dataset Load] -> "Loading datasets from class Emphysema"
DEBUG | 2026/06/02 01:18:16.892148 | [Dataset Load] -> "Loading datasets from class Fibrosis"
DEBUG | 2026/06/02 01:18:16.894789 | [Dataset Load] -> "Loading datasets from class Hernia"
DEBUG | 2026/06/02 01:18:16.895479 | [Dataset Load] -> "Loading datasets from class Infiltration"
DEBUG | 2026/06/02 01:18:16.907247 | [Dataset Load] -> "Loading datasets from class Mass"
DEBUG | 2026/06/02 01:18:16.916118 | [Dataset Load] -> "Loading datasets from class No Finding"
DEBUG | 2026/06/02 01:18:16.931450 | [Dataset Load] -> "Loading datasets from class Nodule"
DEBUG | 2026/06/02 01:18:16.936691 | [Dataset Load] -> "Loading datasets from class Pleural_Thickening"
DEBUG | 2026/06/02 01:18:16.940130 | [Dataset Load] -> "Loading datasets from class Pneumonia"
DEBUG | 2026/06/02 01:18:16.941755 | [Dataset Load] -> "Loading datasets from class Pneumothorax"
DEBUG | 2026/06/02 01:18:16.944686 | [Dataset Load] -> "Dynamically loaded 22921 datas"
DEBUG | 2026/06/02 01:39:18.265661 | [Dataset Load] -> "Loading datasets from data/train"
DEBUG | 2026/06/02 01:39:18.266716 | [Dataset Load] -> "Loading datasets from class Atelectasis"
DEBUG | 2026/06/02 01:39:18.295697 | [Dataset Load] -> "Loading datasets from class Cardiomegaly"
DEBUG | 2026/06/02 01:39:18.298656 | [Dataset Load] -> "Loading datasets from class Consolidation"
DEBUG | 2026/06/02 01:39:18.305769 | [Dataset Load] -> "Loading datasets from class Edema"
DEBUG | 2026/06/02 01:39:18.313051 | [Dataset Load] -> "Loading datasets from class Effusion"
DEBUG | 2026/06/02 01:39:18.320047 | [Dataset Load] -> "Loading datasets from class Emphysema"
DEBUG | 2026/06/02 01:39:18.322067 | [Dataset Load] -> "Loading datasets from class Fibrosis"
DEBUG | 2026/06/02 01:39:18.324919 | [Dataset Load] -> "Loading datasets from class Hernia"
DEBUG | 2026/06/02 01:39:18.325124 | [Dataset Load] -> "Loading datasets from class Infiltration"
DEBUG | 2026/06/02 01:39:18.336480 | [Dataset Load] -> "Loading datasets from class Mass"
DEBUG | 2026/06/02 01:39:18.342793 | [Dataset Load] -> "Loading datasets from class No Finding"
DEBUG | 2026/06/02 01:39:18.354810 | [Dataset Load] -> "Loading datasets from class Nodule"
DEBUG | 2026/06/02 01:39:18.360076 | [Dataset Load] -> "Loading datasets from class Pleural_Thickening"
DEBUG | 2026/06/02 01:39:18.364798 | [Dataset Load] -> "Loading datasets from class Pneumonia"
DEBUG | 2026/06/02 01:39:18.367002 | [Dataset Load] -> "Loading datasets from class Pneumothorax"
DEBUG | 2026/06/02 01:39:18.371766 | [Dataset Load] -> "Dynamically loaded 22921 datas"
DEBUG | 2026/06/02 02:00:08.418369 | [Dataset Load] -> "Loading datasets from data/train"
DEBUG | 2026/06/02 02:00:08.419221 | [Dataset Load] -> "Loading datasets from class Atelectasis"
DEBUG | 2026/06/02 02:00:08.432673 | [Dataset Load] -> "Loading datasets from class Cardiomegaly"
DEBUG | 2026/06/02 02:00:08.435514 | [Dataset Load] -> "Loading datasets from class Consolidation"
DEBUG | 2026/06/02 02:00:08.439875 | [Dataset Load] -> "Loading datasets from class Edema"
DEBUG | 2026/06/02 02:00:08.445599 | [Dataset Load] -> "Loading datasets from class Effusion"
DEBUG | 2026/06/02 02:00:08.451614 | [Dataset Load] -> "Loading datasets from class Emphysema"
DEBUG | 2026/06/02 02:00:08.453955 | [Dataset Load] -> "Loading datasets from class Fibrosis"
DEBUG | 2026/06/02 02:00:08.456267 | [Dataset Load] -> "Loading datasets from class Hernia"
DEBUG | 2026/06/02 02:00:08.456533 | [Dataset Load] -> "Loading datasets from class Infiltration"
DEBUG | 2026/06/02 02:00:08.463609 | [Dataset Load] -> "Loading datasets from class Mass"
DEBUG | 2026/06/02 02:00:08.469922 | [Dataset Load] -> "Loading datasets from class No Finding"
DEBUG | 2026/06/02 02:00:08.482454 | [Dataset Load] -> "Loading datasets from class Nodule"
DEBUG | 2026/06/02 02:00:08.487141 | [Dataset Load] -> "Loading datasets from class Pleural_Thickening"
DEBUG | 2026/06/02 02:00:08.490386 | [Dataset Load] -> "Loading datasets from class Pneumonia"
DEBUG | 2026/06/02 02:00:08.492107 | [Dataset Load] -> "Loading datasets from class Pneumothorax"
DEBUG | 2026/06/02 02:00:08.495003 | [Dataset Load] -> "Dynamically loaded 22921 datas"
DEBUG | 2026/06/02 02:20:41.489759 | [Dataset Load] -> "Loading datasets from data/train"
DEBUG | 2026/06/02 02:20:41.490552 | [Dataset Load] -> "Loading datasets from class Atelectasis"
DEBUG | 2026/06/02 02:20:41.503395 | [Dataset Load] -> "Loading datasets from class Cardiomegaly"
DEBUG | 2026/06/02 02:20:41.506067 | [Dataset Load] -> "Loading datasets from class Consolidation"
DEBUG | 2026/06/02 02:20:41.510222 | [Dataset Load] -> "Loading datasets from class Edema"
DEBUG | 2026/06/02 02:20:41.515834 | [Dataset Load] -> "Loading datasets from class Effusion"
DEBUG | 2026/06/02 02:20:41.521704 | [Dataset Load] -> "Loading datasets from class Emphysema"
DEBUG | 2026/06/02 02:20:41.523756 | [Dataset Load] -> "Loading datasets from class Fibrosis"
DEBUG | 2026/06/02 02:20:41.526100 | [Dataset Load] -> "Loading datasets from class Hernia"
DEBUG | 2026/06/02 02:20:41.526366 | [Dataset Load] -> "Loading datasets from class Infiltration"
DEBUG | 2026/06/02 02:20:41.533226 | [Dataset Load] -> "Loading datasets from class Mass"
DEBUG | 2026/06/02 02:20:42.469070 | [Dataset Load] -> "Loading datasets from class No Finding"
DEBUG | 2026/06/02 02:20:42.480378 | [Dataset Load] -> "Loading datasets from class Nodule"
DEBUG | 2026/06/02 02:20:42.484895 | [Dataset Load] -> "Loading datasets from class Pleural_Thickening"
DEBUG | 2026/06/02 02:20:42.488023 | [Dataset Load] -> "Loading datasets from class Pneumonia"
DEBUG | 2026/06/02 02:20:42.489599 | [Dataset Load] -> "Loading datasets from class Pneumothorax"
DEBUG | 2026/06/02 02:20:42.492521 | [Dataset Load] -> "Dynamically loaded 22921 datas"
DEBUG | 2026/06/02 02:40:49.667116 | [Dataset Load] -> "Loading datasets from data/train"
DEBUG | 2026/06/02 02:40:49.667816 | [Dataset Load] -> "Loading datasets from class Atelectasis"
DEBUG | 2026/06/02 02:40:49.681314 | [Dataset Load] -> "Loading datasets from class Cardiomegaly"
DEBUG | 2026/06/02 02:40:49.684169 | [Dataset Load] -> "Loading datasets from class Consolidation"
DEBUG | 2026/06/02 02:40:49.688274 | [Dataset Load] -> "Loading datasets from class Edema"
DEBUG | 2026/06/02 02:40:49.693787 | [Dataset Load] -> "Loading datasets from class Effusion"
DEBUG | 2026/06/02 02:40:49.699757 | [Dataset Load] -> "Loading datasets from class Emphysema"
DEBUG | 2026/06/02 02:40:49.701780 | [Dataset Load] -> "Loading datasets from class Fibrosis"
DEBUG | 2026/06/02 02:40:49.704135 | [Dataset Load] -> "Loading datasets from class Hernia"
DEBUG | 2026/06/02 02:40:49.704385 | [Dataset Load] -> "Loading datasets from class Infiltration"
DEBUG | 2026/06/02 02:40:49.711053 | [Dataset Load] -> "Loading datasets from class Mass"
DEBUG | 2026/06/02 02:40:49.717060 | [Dataset Load] -> "Loading datasets from class No Finding"
DEBUG | 2026/06/02 02:40:49.729111 | [Dataset Load] -> "Loading datasets from class Nodule"
DEBUG | 2026/06/02 02:40:49.733510 | [Dataset Load] -> "Loading datasets from class Pleural_Thickening"
DEBUG | 2026/06/02 02:40:49.736632 | [Dataset Load] -> "Loading datasets from class Pneumonia"
DEBUG | 2026/06/02 02:40:49.738154 | [Dataset Load] -> "Loading datasets from class Pneumothorax"
DEBUG | 2026/06/02 02:40:49.740772 | [Dataset Load] -> "Dynamically loaded 22921 datas"
DEBUG | 2026/06/02 03:00:47.920995 | [Dataset Load] -> "Loading datasets from data/train"
DEBUG | 2026/06/02 03:00:47.921708 | [Dataset Load] -> "Loading datasets from class Atelectasis"
DEBUG | 2026/06/02 03:00:47.933840 | [Dataset Load] -> "Loading datasets from class Cardiomegaly"
DEBUG | 2026/06/02 03:00:47.936457 | [Dataset Load] -> "Loading datasets from class Consolidation"
DEBUG | 2026/06/02 03:00:47.940352 | [Dataset Load] -> "Loading datasets from class Edema"
DEBUG | 2026/06/02 03:00:47.945873 | [Dataset Load] -> "Loading datasets from class Effusion"
DEBUG | 2026/06/02 03:00:47.950291 | [Dataset Load] -> "Loading datasets from class Emphysema"
DEBUG | 2026/06/02 03:00:47.953177 | [Dataset Load] -> "Loading datasets from class Fibrosis"
DEBUG | 2026/06/02 03:00:47.956156 | [Dataset Load] -> "Loading datasets from class Hernia"
DEBUG | 2026/06/02 03:00:47.956421 | [Dataset Load] -> "Loading datasets from class Infiltration"
DEBUG | 2026/06/02 03:00:47.966102 | [Dataset Load] -> "Loading datasets from class Mass"
DEBUG | 2026/06/02 03:00:47.972303 | [Dataset Load] -> "Loading datasets from class No Finding"
DEBUG | 2026/06/02 03:00:47.982831 | [Dataset Load] -> "Loading datasets from class Nodule"
DEBUG | 2026/06/02 03:00:47.986048 | [Dataset Load] -> "Loading datasets from class Pleural_Thickening"
DEBUG | 2026/06/02 03:00:47.989712 | [Dataset Load] -> "Loading datasets from class Pneumonia"
DEBUG | 2026/06/02 03:00:47.990123 | [Dataset Load] -> "Loading datasets from class Pneumothorax"
DEBUG | 2026/06/02 03:00:47.992705 | [Dataset Load] -> "Dynamically loaded 22921 datas"
DEBUG | 2026/06/02 03:20:37.812764 | [Dataset Load] -> "Loading datasets from data/train"
DEBUG | 2026/06/02 03:20:37.813789 | [Dataset Load] -> "Loading datasets from class Atelectasis"
DEBUG | 2026/06/02 03:20:37.828179 | [Dataset Load] -> "Loading datasets from class Cardiomegaly"
DEBUG | 2026/06/02 03:20:37.830738 | [Dataset Load] -> "Loading datasets from class Consolidation"
DEBUG | 2026/06/02 03:20:37.835471 | [Dataset Load] -> "Loading datasets from class Edema"
DEBUG | 2026/06/02 03:20:37.841492 | [Dataset Load] -> "Loading datasets from class Effusion"
DEBUG | 2026/06/02 03:20:37.848339 | [Dataset Load] -> "Loading datasets from class Emphysema"
DEBUG | 2026/06/02 03:20:37.850323 | [Dataset Load] -> "Loading datasets from class Fibrosis"
DEBUG | 2026/06/02 03:20:37.852886 | [Dataset Load] -> "Loading datasets from class Hernia"
DEBUG | 2026/06/02 03:20:37.853329 | [Dataset Load] -> "Loading datasets from class Infiltration"
DEBUG | 2026/06/02 03:20:37.861123 | [Dataset Load] -> "Loading datasets from class Mass"
DEBUG | 2026/06/02 03:20:37.867906 | [Dataset Load] -> "Loading datasets from class No Finding"
DEBUG | 2026/06/02 03:20:37.879526 | [Dataset Load] -> "Loading datasets from class Nodule"
DEBUG | 2026/06/02 03:20:37.884113 | [Dataset Load] -> "Loading datasets from class Pleural_Thickening"
DEBUG | 2026/06/02 03:20:37.887231 | [Dataset Load] -> "Loading datasets from class Pneumonia"
DEBUG | 2026/06/02 03:20:37.888813 | [Dataset Load] -> "Loading datasets from class Pneumothorax"
DEBUG | 2026/06/02 03:20:37.892193 | [Dataset Load] -> "Dynamically loaded 22921 datas"
DEBUG | 2026/06/02 03:40:17.112673 | [Dataset Load] -> "Loading datasets from data/train"
DEBUG | 2026/06/02 03:40:17.113469 | [Dataset Load] -> "Loading datasets from class Atelectasis"
DEBUG | 2026/06/02 03:40:17.126751 | [Dataset Load] -> "Loading datasets from class Cardiomegaly"
DEBUG | 2026/06/02 03:40:17.129405 | [Dataset Load] -> "Loading datasets from class Consolidation"
DEBUG | 2026/06/02 03:40:17.133535 | [Dataset Load] -> "Loading datasets from class Edema"
DEBUG | 2026/06/02 03:40:17.139154 | [Dataset Load] -> "Loading datasets from class Effusion"
DEBUG | 2026/06/02 03:40:17.144692 | [Dataset Load] -> "Loading datasets from class Emphysema"
DEBUG | 2026/06/02 03:40:17.146684 | [Dataset Load] -> "Loading datasets from class Fibrosis"
DEBUG | 2026/06/02 03:40:17.148955 | [Dataset Load] -> "Loading datasets from class Hernia"
DEBUG | 2026/06/02 03:40:17.149192 | [Dataset Load] -> "Loading datasets from class Infiltration"
DEBUG | 2026/06/02 03:40:17.156287 | [Dataset Load] -> "Loading datasets from class Mass"
DEBUG | 2026/06/02 03:40:17.162312 | [Dataset Load] -> "Loading datasets from class No Finding"
DEBUG | 2026/06/02 03:40:17.174183 | [Dataset Load] -> "Loading datasets from class Nodule"
DEBUG | 2026/06/02 03:40:17.179034 | [Dataset Load] -> "Loading datasets from class Pleural_Thickening"
DEBUG | 2026/06/02 03:40:17.182123 | [Dataset Load] -> "Loading datasets from class Pneumonia"
DEBUG | 2026/06/02 03:40:17.183695 | [Dataset Load] -> "Loading datasets from class Pneumothorax"
DEBUG | 2026/06/02 03:40:17.186395 | [Dataset Load] -> "Dynamically loaded 22921 datas"
DEBUG | 2026/06/02 03:59:56.966118 | [Dataset Load] -> "Loading datasets from data/train"
DEBUG | 2026/06/02 03:59:56.967045 | [Dataset Load] -> "Loading datasets from class Atelectasis"
DEBUG | 2026/06/02 03:59:56.980148 | [Dataset Load] -> "Loading datasets from class Cardiomegaly"
DEBUG | 2026/06/02 03:59:56.982841 | [Dataset Load] -> "Loading datasets from class Consolidation"
DEBUG | 2026/06/02 03:59:56.986799 | [Dataset Load] -> "Loading datasets from class Edema"
DEBUG | 2026/06/02 03:59:57.804686 | [Dataset Load] -> "Loading datasets from class Effusion"
DEBUG | 2026/06/02 03:59:57.810676 | [Dataset Load] -> "Loading datasets from class Emphysema"
DEBUG | 2026/06/02 03:59:57.812832 | [Dataset Load] -> "Loading datasets from class Fibrosis"
DEBUG | 2026/06/02 03:59:57.815193 | [Dataset Load] -> "Loading datasets from class Hernia"
DEBUG | 2026/06/02 03:59:57.815432 | [Dataset Load] -> "Loading datasets from class Infiltration"
DEBUG | 2026/06/02 03:59:57.822020 | [Dataset Load] -> "Loading datasets from class Mass"
DEBUG | 2026/06/02 03:59:57.828118 | [Dataset Load] -> "Loading datasets from class No Finding"
DEBUG | 2026/06/02 03:59:57.839925 | [Dataset Load] -> "Loading datasets from class Nodule"
DEBUG | 2026/06/02 03:59:57.844262 | [Dataset Load] -> "Loading datasets from class Pleural_Thickening"
DEBUG | 2026/06/02 03:59:57.847280 | [Dataset Load] -> "Loading datasets from class Pneumonia"
DEBUG | 2026/06/02 03:59:57.848784 | [Dataset Load] -> "Loading datasets from class Pneumothorax"
DEBUG | 2026/06/02 03:59:57.851380 | [Dataset Load] -> "Dynamically loaded 22921 datas"
DEBUG | 2026/06/02 04:19:38.260221 | [Dataset Load] -> "Loading datasets from data/train"
DEBUG | 2026/06/02 04:19:38.261063 | [Dataset Load] -> "Loading datasets from class Atelectasis"
DEBUG | 2026/06/02 04:19:38.274089 | [Dataset Load] -> "Loading datasets from class Cardiomegaly"
DEBUG | 2026/06/02 04:19:38.276617 | [Dataset Load] -> "Loading datasets from class Consolidation"
DEBUG | 2026/06/02 04:19:38.280644 | [Dataset Load] -> "Loading datasets from class Edema"
DEBUG | 2026/06/02 04:19:38.286370 | [Dataset Load] -> "Loading datasets from class Effusion"
DEBUG | 2026/06/02 04:19:38.291909 | [Dataset Load] -> "Loading datasets from class Emphysema"
DEBUG | 2026/06/02 04:19:38.293858 | [Dataset Load] -> "Loading datasets from class Fibrosis"
DEBUG | 2026/06/02 04:19:38.296330 | [Dataset Load] -> "Loading datasets from class Hernia"
DEBUG | 2026/06/02 04:19:38.296514 | [Dataset Load] -> "Loading datasets from class Infiltration"
DEBUG | 2026/06/02 04:19:38.303428 | [Dataset Load] -> "Loading datasets from class Mass"
DEBUG | 2026/06/02 04:19:38.309396 | [Dataset Load] -> "Loading datasets from class No Finding"
DEBUG | 2026/06/02 04:19:38.321216 | [Dataset Load] -> "Loading datasets from class Nodule"
DEBUG | 2026/06/02 04:19:38.325761 | [Dataset Load] -> "Loading datasets from class Pleural_Thickening"
DEBUG | 2026/06/02 04:19:38.328673 | [Dataset Load] -> "Loading datasets from class Pneumonia"
DEBUG | 2026/06/02 04:19:38.330094 | [Dataset Load] -> "Loading datasets from class Pneumothorax"
DEBUG | 2026/06/02 04:19:38.332706 | [Dataset Load] -> "Dynamically loaded 22921 datas"
DEBUG | 2026/06/02 04:39:17.694724 | [Dataset Load] -> "Loading datasets from data/train"
DEBUG | 2026/06/02 04:39:17.695414 | [Dataset Load] -> "Loading datasets from class Atelectasis"
DEBUG | 2026/06/02 04:39:17.709852 | [Dataset Load] -> "Loading datasets from class Cardiomegaly"
DEBUG | 2026/06/02 04:39:17.712517 | [Dataset Load] -> "Loading datasets from class Consolidation"
DEBUG | 2026/06/02 04:39:17.716796 | [Dataset Load] -> "Loading datasets from class Edema"
DEBUG | 2026/06/02 04:39:17.722717 | [Dataset Load] -> "Loading datasets from class Effusion"
DEBUG | 2026/06/02 04:39:17.729261 | [Dataset Load] -> "Loading datasets from class Emphysema"
DEBUG | 2026/06/02 04:39:17.731238 | [Dataset Load] -> "Loading datasets from class Fibrosis"
DEBUG | 2026/06/02 04:39:17.733506 | [Dataset Load] -> "Loading datasets from class Hernia"
DEBUG | 2026/06/02 04:39:17.733737 | [Dataset Load] -> "Loading datasets from class Infiltration"
DEBUG | 2026/06/02 04:39:17.740367 | [Dataset Load] -> "Loading datasets from class Mass"
DEBUG | 2026/06/02 04:39:17.746534 | [Dataset Load] -> "Loading datasets from class No Finding"
DEBUG | 2026/06/02 04:39:17.758337 | [Dataset Load] -> "Loading datasets from class Nodule"
DEBUG | 2026/06/02 04:39:17.762718 | [Dataset Load] -> "Loading datasets from class Pleural_Thickening"
DEBUG | 2026/06/02 04:39:17.765851 | [Dataset Load] -> "Loading datasets from class Pneumonia"
DEBUG | 2026/06/02 04:39:17.767401 | [Dataset Load] -> "Loading datasets from class Pneumothorax"
DEBUG | 2026/06/02 04:39:17.770410 | [Dataset Load] -> "Dynamically loaded 22921 datas"
DEBUG | 2026/06/02 04:58:57.176596 | [Dataset Load] -> "Loading datasets from data/train"
DEBUG | 2026/06/02 04:58:57.177993 | [Dataset Load] -> "Loading datasets from class Atelectasis"
DEBUG | 2026/06/02 04:58:57.192614 | [Dataset Load] -> "Loading datasets from class Cardiomegaly"
DEBUG | 2026/06/02 04:58:57.195625 | [Dataset Load] -> "Loading datasets from class Consolidation"
DEBUG | 2026/06/02 04:58:57.199710 | [Dataset Load] -> "Loading datasets from class Edema"
DEBUG | 2026/06/02 04:58:57.205343 | [Dataset Load] -> "Loading datasets from class Effusion"
DEBUG | 2026/06/02 04:58:57.211672 | [Dataset Load] -> "Loading datasets from class Emphysema"
DEBUG | 2026/06/02 04:58:57.213746 | [Dataset Load] -> "Loading datasets from class Fibrosis"
DEBUG | 2026/06/02 04:58:57.216074 | [Dataset Load] -> "Loading datasets from class Hernia"
DEBUG | 2026/06/02 04:58:57.216319 | [Dataset Load] -> "Loading datasets from class Infiltration"
DEBUG | 2026/06/02 04:58:57.223088 | [Dataset Load] -> "Loading datasets from class Mass"
DEBUG | 2026/06/02 04:58:57.229161 | [Dataset Load] -> "Loading datasets from class No Finding"
DEBUG | 2026/06/02 04:58:57.243016 | [Dataset Load] -> "Loading datasets from class Nodule"
DEBUG | 2026/06/02 04:58:57.247905 | [Dataset Load] -> "Loading datasets from class Pleural_Thickening"
DEBUG | 2026/06/02 04:58:57.251305 | [Dataset Load] -> "Loading datasets from class Pneumonia"
DEBUG | 2026/06/02 04:58:57.252873 | [Dataset Load] -> "Loading datasets from class Pneumothorax"
DEBUG | 2026/06/02 04:58:57.255708 | [Dataset Load] -> "Dynamically loaded 22921 datas"
DEBUG | 2026/06/02 05:18:36.716209 | [Dataset Load] -> "Loading datasets from data/train"
DEBUG | 2026/06/02 05:18:36.717108 | [Dataset Load] -> "Loading datasets from class Atelectasis"
DEBUG | 2026/06/02 05:18:36.730210 | [Dataset Load] -> "Loading datasets from class Cardiomegaly"
DEBUG | 2026/06/02 05:18:36.733064 | [Dataset Load] -> "Loading datasets from class Consolidation"
DEBUG | 2026/06/02 05:18:36.737226 | [Dataset Load] -> "Loading datasets from class Edema"
DEBUG | 2026/06/02 05:18:36.742778 | [Dataset Load] -> "Loading datasets from class Effusion"
DEBUG | 2026/06/02 05:18:36.748541 | [Dataset Load] -> "Loading datasets from class Emphysema"
DEBUG | 2026/06/02 05:18:36.750645 | [Dataset Load] -> "Loading datasets from class Fibrosis"
DEBUG | 2026/06/02 05:18:36.752962 | [Dataset Load] -> "Loading datasets from class Hernia"
DEBUG | 2026/06/02 05:18:36.753210 | [Dataset Load] -> "Loading datasets from class Infiltration"
DEBUG | 2026/06/02 05:18:36.760265 | [Dataset Load] -> "Loading datasets from class Mass"
DEBUG | 2026/06/02 05:18:36.766436 | [Dataset Load] -> "Loading datasets from class No Finding"
DEBUG | 2026/06/02 05:18:36.778469 | [Dataset Load] -> "Loading datasets from class Nodule"
DEBUG | 2026/06/02 05:18:36.783039 | [Dataset Load] -> "Loading datasets from class Pleural_Thickening"
DEBUG | 2026/06/02 05:18:36.786370 | [Dataset Load] -> "Loading datasets from class Pneumonia"
DEBUG | 2026/06/02 05:18:36.787897 | [Dataset Load] -> "Loading datasets from class Pneumothorax"
DEBUG | 2026/06/02 05:18:36.790714 | [Dataset Load] -> "Dynamically loaded 22921 datas"
DEBUG | 2026/06/02 05:38:14.474784 | [Dataset Load] -> "Loading datasets from data/train"
DEBUG | 2026/06/02 05:38:14.475570 | [Dataset Load] -> "Loading datasets from class Atelectasis"
DEBUG | 2026/06/02 05:38:14.489103 | [Dataset Load] -> "Loading datasets from class Cardiomegaly"
DEBUG | 2026/06/02 05:38:14.491784 | [Dataset Load] -> "Loading datasets from class Consolidation"
DEBUG | 2026/06/02 05:38:14.495850 | [Dataset Load] -> "Loading datasets from class Edema"
DEBUG | 2026/06/02 05:38:14.501442 | [Dataset Load] -> "Loading datasets from class Effusion"
DEBUG | 2026/06/02 05:38:14.508099 | [Dataset Load] -> "Loading datasets from class Emphysema"
DEBUG | 2026/06/02 05:38:14.510181 | [Dataset Load] -> "Loading datasets from class Fibrosis"
DEBUG | 2026/06/02 05:38:14.512505 | [Dataset Load] -> "Loading datasets from class Hernia"
DEBUG | 2026/06/02 05:38:14.512808 | [Dataset Load] -> "Loading datasets from class Infiltration"
DEBUG | 2026/06/02 05:38:14.519616 | [Dataset Load] -> "Loading datasets from class Mass"
DEBUG | 2026/06/02 05:38:14.525620 | [Dataset Load] -> "Loading datasets from class No Finding"
DEBUG | 2026/06/02 05:38:14.537857 | [Dataset Load] -> "Loading datasets from class Nodule"
DEBUG | 2026/06/02 05:38:14.542614 | [Dataset Load] -> "Loading datasets from class Pleural_Thickening"
DEBUG | 2026/06/02 05:38:14.545811 | [Dataset Load] -> "Loading datasets from class Pneumonia"
DEBUG | 2026/06/02 05:38:14.547408 | [Dataset Load] -> "Loading datasets from class Pneumothorax"
DEBUG | 2026/06/02 05:38:14.550342 | [Dataset Load] -> "Dynamically loaded 22921 datas"
DEBUG | 2026/06/02 05:57:52.467540 | [Dataset Load] -> "Loading datasets from data/train"
DEBUG | 2026/06/02 05:57:52.468341 | [Dataset Load] -> "Loading datasets from class Atelectasis"
DEBUG | 2026/06/02 05:57:52.481806 | [Dataset Load] -> "Loading datasets from class Cardiomegaly"
DEBUG | 2026/06/02 05:57:52.484812 | [Dataset Load] -> "Loading datasets from class Consolidation"
DEBUG | 2026/06/02 05:57:52.488972 | [Dataset Load] -> "Loading datasets from class Edema"
DEBUG | 2026/06/02 05:57:52.494480 | [Dataset Load] -> "Loading datasets from class Effusion"
DEBUG | 2026/06/02 05:57:52.500279 | [Dataset Load] -> "Loading datasets from class Emphysema"
DEBUG | 2026/06/02 05:57:52.502449 | [Dataset Load] -> "Loading datasets from class Fibrosis"
DEBUG | 2026/06/02 05:57:52.504805 | [Dataset Load] -> "Loading datasets from class Hernia"
DEBUG | 2026/06/02 05:57:52.505103 | [Dataset Load] -> "Loading datasets from class Infiltration"
DEBUG | 2026/06/02 05:57:52.512159 | [Dataset Load] -> "Loading datasets from class Mass"
DEBUG | 2026/06/02 05:57:52.518185 | [Dataset Load] -> "Loading datasets from class No Finding"
DEBUG | 2026/06/02 05:57:52.529959 | [Dataset Load] -> "Loading datasets from class Nodule"
DEBUG | 2026/06/02 05:57:52.534559 | [Dataset Load] -> "Loading datasets from class Pleural_Thickening"
DEBUG | 2026/06/02 05:57:52.537577 | [Dataset Load] -> "Loading datasets from class Pneumonia"
DEBUG | 2026/06/02 05:57:52.539087 | [Dataset Load] -> "Loading datasets from class Pneumothorax"
DEBUG | 2026/06/02 05:57:52.541779 | [Dataset Load] -> "Dynamically loaded 22921 datas"
DEBUG | 2026/06/02 06:17:30.233378 | [Dataset Load] -> "Loading datasets from data/train"
DEBUG | 2026/06/02 06:17:30.234104 | [Dataset Load] -> "Loading datasets from class Atelectasis"
DEBUG | 2026/06/02 06:17:30.247474 | [Dataset Load] -> "Loading datasets from class Cardiomegaly"
DEBUG | 2026/06/02 06:17:30.250145 | [Dataset Load] -> "Loading datasets from class Consolidation"
DEBUG | 2026/06/02 06:17:30.254215 | [Dataset Load] -> "Loading datasets from class Edema"
DEBUG | 2026/06/02 06:17:30.260100 | [Dataset Load] -> "Loading datasets from class Effusion"
DEBUG | 2026/06/02 06:17:30.265765 | [Dataset Load] -> "Loading datasets from class Emphysema"
DEBUG | 2026/06/02 06:17:30.267843 | [Dataset Load] -> "Loading datasets from class Fibrosis"
DEBUG | 2026/06/02 06:17:30.270140 | [Dataset Load] -> "Loading datasets from class Hernia"
DEBUG | 2026/06/02 06:17:30.270390 | [Dataset Load] -> "Loading datasets from class Infiltration"
DEBUG | 2026/06/02 06:17:30.277167 | [Dataset Load] -> "Loading datasets from class Mass"
DEBUG | 2026/06/02 06:17:30.283298 | [Dataset Load] -> "Loading datasets from class No Finding"
DEBUG | 2026/06/02 06:17:30.295202 | [Dataset Load] -> "Loading datasets from class Nodule"
DEBUG | 2026/06/02 06:17:30.299804 | [Dataset Load] -> "Loading datasets from class Pleural_Thickening"
DEBUG | 2026/06/02 06:17:30.302875 | [Dataset Load] -> "Loading datasets from class Pneumonia"
DEBUG | 2026/06/02 06:17:30.304393 | [Dataset Load] -> "Loading datasets from class Pneumothorax"
DEBUG | 2026/06/02 06:17:30.307083 | [Dataset Load] -> "Dynamically loaded 22921 datas"
DEBUG | 2026/06/02 06:37:08.570347 | [Dataset Load] -> "Loading datasets from data/train"
DEBUG | 2026/06/02 06:37:08.571259 | [Dataset Load] -> "Loading datasets from class Atelectasis"
DEBUG | 2026/06/02 06:37:08.584514 | [Dataset Load] -> "Loading datasets from class Cardiomegaly"
DEBUG | 2026/06/02 06:37:08.587211 | [Dataset Load] -> "Loading datasets from class Consolidation"
DEBUG | 2026/06/02 06:37:08.591430 | [Dataset Load] -> "Loading datasets from class Edema"
DEBUG | 2026/06/02 06:37:08.596896 | [Dataset Load] -> "Loading datasets from class Effusion"
DEBUG | 2026/06/02 06:37:08.602464 | [Dataset Load] -> "Loading datasets from class Emphysema"
DEBUG | 2026/06/02 06:37:08.604473 | [Dataset Load] -> "Loading datasets from class Fibrosis"
DEBUG | 2026/06/02 06:37:08.606931 | [Dataset Load] -> "Loading datasets from class Hernia"
DEBUG | 2026/06/02 06:37:08.607194 | [Dataset Load] -> "Loading datasets from class Infiltration"
DEBUG | 2026/06/02 06:37:08.613866 | [Dataset Load] -> "Loading datasets from class Mass"
DEBUG | 2026/06/02 06:37:08.619592 | [Dataset Load] -> "Loading datasets from class No Finding"
DEBUG | 2026/06/02 06:37:08.631234 | [Dataset Load] -> "Loading datasets from class Nodule"
DEBUG | 2026/06/02 06:37:08.636073 | [Dataset Load] -> "Loading datasets from class Pleural_Thickening"
DEBUG | 2026/06/02 06:37:08.639266 | [Dataset Load] -> "Loading datasets from class Pneumonia"
DEBUG | 2026/06/02 06:37:08.640870 | [Dataset Load] -> "Loading datasets from class Pneumothorax"
DEBUG | 2026/06/02 06:37:08.643709 | [Dataset Load] -> "Dynamically loaded 22921 datas"
DEBUG | 2026/06/02 06:56:47.965709 | [Dataset Load] -> "Loading datasets from data/train"
DEBUG | 2026/06/02 06:56:47.966538 | [Dataset Load] -> "Loading datasets from class Atelectasis"
DEBUG | 2026/06/02 06:56:47.979815 | [Dataset Load] -> "Loading datasets from class Cardiomegaly"
DEBUG | 2026/06/02 06:56:47.982489 | [Dataset Load] -> "Loading datasets from class Consolidation"
DEBUG | 2026/06/02 06:56:47.986793 | [Dataset Load] -> "Loading datasets from class Edema"
DEBUG | 2026/06/02 06:56:47.992261 | [Dataset Load] -> "Loading datasets from class Effusion"
DEBUG | 2026/06/02 06:56:47.997969 | [Dataset Load] -> "Loading datasets from class Emphysema"
DEBUG | 2026/06/02 06:56:48.000045 | [Dataset Load] -> "Loading datasets from class Fibrosis"
DEBUG | 2026/06/02 06:56:48.002356 | [Dataset Load] -> "Loading datasets from class Hernia"
DEBUG | 2026/06/02 06:56:48.002610 | [Dataset Load] -> "Loading datasets from class Infiltration"
DEBUG | 2026/06/02 06:56:48.015680 | [Dataset Load] -> "Loading datasets from class Mass"
DEBUG | 2026/06/02 06:56:48.021983 | [Dataset Load] -> "Loading datasets from class No Finding"
DEBUG | 2026/06/02 06:56:48.034145 | [Dataset Load] -> "Loading datasets from class Nodule"
DEBUG | 2026/06/02 06:56:48.039049 | [Dataset Load] -> "Loading datasets from class Pleural_Thickening"
DEBUG | 2026/06/02 06:56:48.042376 | [Dataset Load] -> "Loading datasets from class Pneumonia"
DEBUG | 2026/06/02 06:56:48.043089 | [Dataset Load] -> "Loading datasets from class Pneumothorax"
DEBUG | 2026/06/02 06:56:48.046287 | [Dataset Load] -> "Dynamically loaded 22921 datas"
DEBUG | 2026/06/02 07:16:17.888156 | [Dataset Load] -> "Loading datasets from data/train"
DEBUG | 2026/06/02 07:16:17.888920 | [Dataset Load] -> "Loading datasets from class Atelectasis"
DEBUG | 2026/06/02 07:16:17.901205 | [Dataset Load] -> "Loading datasets from class Cardiomegaly"
DEBUG | 2026/06/02 07:16:17.904124 | [Dataset Load] -> "Loading datasets from class Consolidation"
DEBUG | 2026/06/02 07:16:17.908248 | [Dataset Load] -> "Loading datasets from class Edema"
DEBUG | 2026/06/02 07:16:17.913792 | [Dataset Load] -> "Loading datasets from class Effusion"
DEBUG | 2026/06/02 07:16:17.918675 | [Dataset Load] -> "Loading datasets from class Emphysema"
DEBUG | 2026/06/02 07:16:17.921097 | [Dataset Load] -> "Loading datasets from class Fibrosis"
DEBUG | 2026/06/02 07:16:17.923472 | [Dataset Load] -> "Loading datasets from class Hernia"
DEBUG | 2026/06/02 07:16:17.923771 | [Dataset Load] -> "Loading datasets from class Infiltration"
DEBUG | 2026/06/02 07:16:17.930690 | [Dataset Load] -> "Loading datasets from class Mass"
DEBUG | 2026/06/02 07:16:17.936683 | [Dataset Load] -> "Loading datasets from class No Finding"
DEBUG | 2026/06/02 07:16:17.948963 | [Dataset Load] -> "Loading datasets from class Nodule"
DEBUG | 2026/06/02 07:16:17.953599 | [Dataset Load] -> "Loading datasets from class Pleural_Thickening"
DEBUG | 2026/06/02 07:16:17.955433 | [Dataset Load] -> "Loading datasets from class Pneumonia"
DEBUG | 2026/06/02 07:16:17.956944 | [Dataset Load] -> "Loading datasets from class Pneumothorax"
DEBUG | 2026/06/02 07:16:17.959949 | [Dataset Load] -> "Dynamically loaded 22921 datas"
DEBUG | 2026/06/02 07:35:42.857834 | [Dataset Load] -> "Loading datasets from data/train"
DEBUG | 2026/06/02 07:35:42.858554 | [Dataset Load] -> "Loading datasets from class Atelectasis"
DEBUG | 2026/06/02 07:35:42.871625 | [Dataset Load] -> "Loading datasets from class Cardiomegaly"
DEBUG | 2026/06/02 07:35:42.874336 | [Dataset Load] -> "Loading datasets from class Consolidation"
DEBUG | 2026/06/02 07:35:42.878631 | [Dataset Load] -> "Loading datasets from class Edema"
DEBUG | 2026/06/02 07:35:42.884247 | [Dataset Load] -> "Loading datasets from class Effusion"
DEBUG | 2026/06/02 07:35:42.889794 | [Dataset Load] -> "Loading datasets from class Emphysema"
DEBUG | 2026/06/02 07:35:42.891888 | [Dataset Load] -> "Loading datasets from class Fibrosis"
DEBUG | 2026/06/02 07:35:42.894200 | [Dataset Load] -> "Loading datasets from class Hernia"
DEBUG | 2026/06/02 07:35:42.894449 | [Dataset Load] -> "Loading datasets from class Infiltration"
DEBUG | 2026/06/02 07:35:42.901583 | [Dataset Load] -> "Loading datasets from class Mass"
DEBUG | 2026/06/02 07:35:42.907625 | [Dataset Load] -> "Loading datasets from class No Finding"
DEBUG | 2026/06/02 07:35:42.919456 | [Dataset Load] -> "Loading datasets from class Nodule"
DEBUG | 2026/06/02 07:35:42.924098 | [Dataset Load] -> "Loading datasets from class Pleural_Thickening"
DEBUG | 2026/06/02 07:35:42.927084 | [Dataset Load] -> "Loading datasets from class Pneumonia"
DEBUG | 2026/06/02 07:35:42.928660 | [Dataset Load] -> "Loading datasets from class Pneumothorax"
DEBUG | 2026/06/02 07:35:42.931666 | [Dataset Load] -> "Dynamically loaded 22921 datas"
DEBUG | 2026/06/02 07:55:06.895146 | [Dataset Load] -> "Loading datasets from data/train"
DEBUG | 2026/06/02 07:55:06.895899 | [Dataset Load] -> "Loading datasets from class Atelectasis"
DEBUG | 2026/06/02 07:55:06.908916 | [Dataset Load] -> "Loading datasets from class Cardiomegaly"
DEBUG | 2026/06/02 07:55:06.911597 | [Dataset Load] -> "Loading datasets from class Consolidation"
DEBUG | 2026/06/02 07:55:06.915696 | [Dataset Load] -> "Loading datasets from class Edema"
DEBUG | 2026/06/02 07:55:06.921324 | [Dataset Load] -> "Loading datasets from class Effusion"
DEBUG | 2026/06/02 07:55:06.927156 | [Dataset Load] -> "Loading datasets from class Emphysema"
DEBUG | 2026/06/02 07:55:06.929144 | [Dataset Load] -> "Loading datasets from class Fibrosis"
DEBUG | 2026/06/02 07:55:06.931448 | [Dataset Load] -> "Loading datasets from class Hernia"
DEBUG | 2026/06/02 07:55:06.931695 | [Dataset Load] -> "Loading datasets from class Infiltration"
DEBUG | 2026/06/02 07:55:06.938634 | [Dataset Load] -> "Loading datasets from class Mass"
DEBUG | 2026/06/02 07:55:06.944648 | [Dataset Load] -> "Loading datasets from class No Finding"
DEBUG | 2026/06/02 07:55:06.956447 | [Dataset Load] -> "Loading datasets from class Nodule"
DEBUG | 2026/06/02 07:55:06.960941 | [Dataset Load] -> "Loading datasets from class Pleural_Thickening"
DEBUG | 2026/06/02 07:55:06.963967 | [Dataset Load] -> "Loading datasets from class Pneumonia"
DEBUG | 2026/06/02 07:55:06.965414 | [Dataset Load] -> "Loading datasets from class Pneumothorax"
DEBUG | 2026/06/02 07:55:06.968506 | [Dataset Load] -> "Dynamically loaded 22921 datas"
DEBUG | 2026/06/02 08:14:31.968490 | [Dataset Load] -> "Loading datasets from data/train"
DEBUG | 2026/06/02 08:14:31.969291 | [Dataset Load] -> "Loading datasets from class Atelectasis"
DEBUG | 2026/06/02 08:14:31.982320 | [Dataset Load] -> "Loading datasets from class Cardiomegaly"
DEBUG | 2026/06/02 08:14:31.985316 | [Dataset Load] -> "Loading datasets from class Consolidation"
DEBUG | 2026/06/02 08:14:31.989418 | [Dataset Load] -> "Loading datasets from class Edema"
DEBUG | 2026/06/02 08:14:31.995143 | [Dataset Load] -> "Loading datasets from class Effusion"
DEBUG | 2026/06/02 08:14:32.000688 | [Dataset Load] -> "Loading datasets from class Emphysema"
DEBUG | 2026/06/02 08:14:32.002873 | [Dataset Load] -> "Loading datasets from class Fibrosis"
DEBUG | 2026/06/02 08:14:32.005198 | [Dataset Load] -> "Loading datasets from class Hernia"
DEBUG | 2026/06/02 08:14:32.005455 | [Dataset Load] -> "Loading datasets from class Infiltration"
DEBUG | 2026/06/02 08:14:32.012546 | [Dataset Load] -> "Loading datasets from class Mass"
DEBUG | 2026/06/02 08:14:32.018786 | [Dataset Load] -> "Loading datasets from class No Finding"
DEBUG | 2026/06/02 08:14:32.030757 | [Dataset Load] -> "Loading datasets from class Nodule"
DEBUG | 2026/06/02 08:14:32.035567 | [Dataset Load] -> "Loading datasets from class Pleural_Thickening"
DEBUG | 2026/06/02 08:14:32.038754 | [Dataset Load] -> "Loading datasets from class Pneumonia"
DEBUG | 2026/06/02 08:14:32.040348 | [Dataset Load] -> "Loading datasets from class Pneumothorax"
DEBUG | 2026/06/02 08:14:32.043217 | [Dataset Load] -> "Dynamically loaded 22921 datas"
DEBUG | 2026/06/02 08:33:57.541638 | [Dataset Load] -> "Loading datasets from data/train"
DEBUG | 2026/06/02 08:33:57.542350 | [Dataset Load] -> "Loading datasets from class Atelectasis"
DEBUG | 2026/06/02 08:33:57.555391 | [Dataset Load] -> "Loading datasets from class Cardiomegaly"
DEBUG | 2026/06/02 08:33:57.558127 | [Dataset Load] -> "Loading datasets from class Consolidation"
DEBUG | 2026/06/02 08:33:57.562050 | [Dataset Load] -> "Loading datasets from class Edema"
DEBUG | 2026/06/02 08:33:57.567961 | [Dataset Load] -> "Loading datasets from class Effusion"
DEBUG | 2026/06/02 08:33:57.573559 | [Dataset Load] -> "Loading datasets from class Emphysema"
DEBUG | 2026/06/02 08:33:57.575620 | [Dataset Load] -> "Loading datasets from class Fibrosis"
DEBUG | 2026/06/02 08:33:57.577939 | [Dataset Load] -> "Loading datasets from class Hernia"
DEBUG | 2026/06/02 08:33:57.578189 | [Dataset Load] -> "Loading datasets from class Infiltration"
DEBUG | 2026/06/02 08:33:57.584914 | [Dataset Load] -> "Loading datasets from class Mass"
DEBUG | 2026/06/02 08:33:57.591060 | [Dataset Load] -> "Loading datasets from class No Finding"
DEBUG | 2026/06/02 08:33:57.602865 | [Dataset Load] -> "Loading datasets from class Nodule"
DEBUG | 2026/06/02 08:33:57.607217 | [Dataset Load] -> "Loading datasets from class Pleural_Thickening"
DEBUG | 2026/06/02 08:33:57.610109 | [Dataset Load] -> "Loading datasets from class Pneumonia"
DEBUG | 2026/06/02 08:33:57.611633 | [Dataset Load] -> "Loading datasets from class Pneumothorax"
DEBUG | 2026/06/02 08:33:57.614242 | [Dataset Load] -> "Dynamically loaded 22921 datas"
DEBUG | 2026/06/02 08:53:23.409167 | [Dataset Load] -> "Loading datasets from data/train"
DEBUG | 2026/06/02 08:53:23.409888 | [Dataset Load] -> "Loading datasets from class Atelectasis"
DEBUG | 2026/06/02 08:53:23.423438 | [Dataset Load] -> "Loading datasets from class Cardiomegaly"
DEBUG | 2026/06/02 08:53:23.425911 | [Dataset Load] -> "Loading datasets from class Consolidation"
DEBUG | 2026/06/02 08:53:23.429842 | [Dataset Load] -> "Loading datasets from class Edema"
DEBUG | 2026/06/02 08:53:23.435456 | [Dataset Load] -> "Loading datasets from class Effusion"
DEBUG | 2026/06/02 08:53:23.440834 | [Dataset Load] -> "Loading datasets from class Emphysema"
DEBUG | 2026/06/02 08:53:23.442754 | [Dataset Load] -> "Loading datasets from class Fibrosis"
DEBUG | 2026/06/02 08:53:23.445034 | [Dataset Load] -> "Loading datasets from class Hernia"
DEBUG | 2026/06/02 08:53:23.445211 | [Dataset Load] -> "Loading datasets from class Infiltration"
DEBUG | 2026/06/02 08:53:23.452096 | [Dataset Load] -> "Loading datasets from class Mass"
DEBUG | 2026/06/02 08:53:23.457930 | [Dataset Load] -> "Loading datasets from class No Finding"
DEBUG | 2026/06/02 08:53:23.469501 | [Dataset Load] -> "Loading datasets from class Nodule"
DEBUG | 2026/06/02 08:53:23.474011 | [Dataset Load] -> "Loading datasets from class Pleural_Thickening"
DEBUG | 2026/06/02 08:53:23.476774 | [Dataset Load] -> "Loading datasets from class Pneumonia"
DEBUG | 2026/06/02 08:53:23.478200 | [Dataset Load] -> "Loading datasets from class Pneumothorax"
DEBUG | 2026/06/02 08:53:23.480719 | [Dataset Load] -> "Dynamically loaded 22921 datas"
DEBUG | 2026/06/02 09:12:48.959604 | [Dataset Load] -> "Loading datasets from data/train"
DEBUG | 2026/06/02 09:12:48.960325 | [Dataset Load] -> "Loading datasets from class Atelectasis"
DEBUG | 2026/06/02 09:12:48.973376 | [Dataset Load] -> "Loading datasets from class Cardiomegaly"
DEBUG | 2026/06/02 09:12:48.976090 | [Dataset Load] -> "Loading datasets from class Consolidation"
DEBUG | 2026/06/02 09:12:48.980315 | [Dataset Load] -> "Loading datasets from class Edema"
DEBUG | 2026/06/02 09:12:48.986441 | [Dataset Load] -> "Loading datasets from class Effusion"
DEBUG | 2026/06/02 09:12:48.992252 | [Dataset Load] -> "Loading datasets from class Emphysema"
DEBUG | 2026/06/02 09:12:48.994447 | [Dataset Load] -> "Loading datasets from class Fibrosis"
DEBUG | 2026/06/02 09:12:48.996884 | [Dataset Load] -> "Loading datasets from class Hernia"
DEBUG | 2026/06/02 09:12:48.997216 | [Dataset Load] -> "Loading datasets from class Infiltration"
DEBUG | 2026/06/02 09:12:49.004107 | [Dataset Load] -> "Loading datasets from class Mass"
DEBUG | 2026/06/02 09:12:49.010463 | [Dataset Load] -> "Loading datasets from class No Finding"
DEBUG | 2026/06/02 09:12:49.022121 | [Dataset Load] -> "Loading datasets from class Nodule"
DEBUG | 2026/06/02 09:12:49.026627 | [Dataset Load] -> "Loading datasets from class Pleural_Thickening"
DEBUG | 2026/06/02 09:12:49.029768 | [Dataset Load] -> "Loading datasets from class Pneumonia"
DEBUG | 2026/06/02 09:12:49.031376 | [Dataset Load] -> "Loading datasets from class Pneumothorax"
DEBUG | 2026/06/02 09:12:49.034243 | [Dataset Load] -> "Dynamically loaded 22921 datas"
DEBUG | 2026/06/02 09:32:14.734092 | [Dataset Load] -> "Loading datasets from data/train"
DEBUG | 2026/06/02 09:32:14.735007 | [Dataset Load] -> "Loading datasets from class Atelectasis"
DEBUG | 2026/06/02 09:32:14.749229 | [Dataset Load] -> "Loading datasets from class Cardiomegaly"
DEBUG | 2026/06/02 09:32:14.751914 | [Dataset Load] -> "Loading datasets from class Consolidation"
DEBUG | 2026/06/02 09:32:14.756139 | [Dataset Load] -> "Loading datasets from class Edema"
DEBUG | 2026/06/02 09:32:14.761686 | [Dataset Load] -> "Loading datasets from class Effusion"
DEBUG | 2026/06/02 09:32:14.767220 | [Dataset Load] -> "Loading datasets from class Emphysema"
DEBUG | 2026/06/02 09:32:14.769410 | [Dataset Load] -> "Loading datasets from class Fibrosis"
DEBUG | 2026/06/02 09:32:14.771728 | [Dataset Load] -> "Loading datasets from class Hernia"
DEBUG | 2026/06/02 09:32:14.771968 | [Dataset Load] -> "Loading datasets from class Infiltration"
DEBUG | 2026/06/02 09:32:14.778684 | [Dataset Load] -> "Loading datasets from class Mass"
DEBUG | 2026/06/02 09:32:14.785475 | [Dataset Load] -> "Loading datasets from class No Finding"
DEBUG | 2026/06/02 09:32:14.797788 | [Dataset Load] -> "Loading datasets from class Nodule"
DEBUG | 2026/06/02 09:32:14.802262 | [Dataset Load] -> "Loading datasets from class Pleural_Thickening"
DEBUG | 2026/06/02 09:32:14.805362 | [Dataset Load] -> "Loading datasets from class Pneumonia"
DEBUG | 2026/06/02 09:32:14.806924 | [Dataset Load] -> "Loading datasets from class Pneumothorax"
DEBUG | 2026/06/02 09:32:14.809569 | [Dataset Load] -> "Dynamically loaded 22921 datas"
DEBUG | 2026/06/02 09:51:40.101577 | [Dataset Load] -> "Loading datasets from data/train"
DEBUG | 2026/06/02 09:51:40.102457 | [Dataset Load] -> "Loading datasets from class Atelectasis"
DEBUG | 2026/06/02 09:51:40.115363 | [Dataset Load] -> "Loading datasets from class Cardiomegaly"
DEBUG | 2026/06/02 09:51:40.118110 | [Dataset Load] -> "Loading datasets from class Consolidation"
DEBUG | 2026/06/02 09:51:40.122478 | [Dataset Load] -> "Loading datasets from class Edema"
DEBUG | 2026/06/02 09:51:40.128062 | [Dataset Load] -> "Loading datasets from class Effusion"
DEBUG | 2026/06/02 09:51:40.133626 | [Dataset Load] -> "Loading datasets from class Emphysema"
DEBUG | 2026/06/02 09:51:40.135602 | [Dataset Load] -> "Loading datasets from class Fibrosis"
DEBUG | 2026/06/02 09:51:40.137872 | [Dataset Load] -> "Loading datasets from class Hernia"
DEBUG | 2026/06/02 09:51:40.138108 | [Dataset Load] -> "Loading datasets from class Infiltration"
DEBUG | 2026/06/02 09:51:40.144894 | [Dataset Load] -> "Loading datasets from class Mass"
DEBUG | 2026/06/02 09:51:40.150694 | [Dataset Load] -> "Loading datasets from class No Finding"
DEBUG | 2026/06/02 09:51:40.163682 | [Dataset Load] -> "Loading datasets from class Nodule"
DEBUG | 2026/06/02 09:51:40.167982 | [Dataset Load] -> "Loading datasets from class Pleural_Thickening"
DEBUG | 2026/06/02 09:51:40.170879 | [Dataset Load] -> "Loading datasets from class Pneumonia"
DEBUG | 2026/06/02 09:51:40.172447 | [Dataset Load] -> "Loading datasets from class Pneumothorax"
DEBUG | 2026/06/02 09:51:40.175294 | [Dataset Load] -> "Dynamically loaded 22921 datas"
DEBUG | 2026/06/02 10:11:06.997642 | [Dataset Load] -> "Loading datasets from data/train"
DEBUG | 2026/06/02 10:11:06.998473 | [Dataset Load] -> "Loading datasets from class Atelectasis"
DEBUG | 2026/06/02 10:11:07.011714 | [Dataset Load] -> "Loading datasets from class Cardiomegaly"
DEBUG | 2026/06/02 10:11:07.014384 | [Dataset Load] -> "Loading datasets from class Consolidation"
DEBUG | 2026/06/02 10:11:07.018530 | [Dataset Load] -> "Loading datasets from class Edema"
DEBUG | 2026/06/02 10:11:07.024227 | [Dataset Load] -> "Loading datasets from class Effusion"
DEBUG | 2026/06/02 10:11:07.030265 | [Dataset Load] -> "Loading datasets from class Emphysema"
DEBUG | 2026/06/02 10:11:07.032503 | [Dataset Load] -> "Loading datasets from class Fibrosis"
DEBUG | 2026/06/02 10:11:07.034934 | [Dataset Load] -> "Loading datasets from class Hernia"
DEBUG | 2026/06/02 10:11:07.035263 | [Dataset Load] -> "Loading datasets from class Infiltration"
DEBUG | 2026/06/02 10:11:07.042190 | [Dataset Load] -> "Loading datasets from class Mass"
DEBUG | 2026/06/02 10:11:07.048364 | [Dataset Load] -> "Loading datasets from class No Finding"
DEBUG | 2026/06/02 10:11:07.189946 | [Dataset Load] -> "Loading datasets from class Nodule"
DEBUG | 2026/06/02 10:11:07.194541 | [Dataset Load] -> "Loading datasets from class Pleural_Thickening"
DEBUG | 2026/06/02 10:11:07.197733 | [Dataset Load] -> "Loading datasets from class Pneumonia"
DEBUG | 2026/06/02 10:11:07.199310 | [Dataset Load] -> "Loading datasets from class Pneumothorax"
DEBUG | 2026/06/02 10:11:07.202053 | [Dataset Load] -> "Dynamically loaded 22921 datas"
DEBUG | 2026/06/02 10:30:33.150443 | [Dataset Load] -> "Loading datasets from data/train"
DEBUG | 2026/06/02 10:30:33.151156 | [Dataset Load] -> "Loading datasets from class Atelectasis"
DEBUG | 2026/06/02 10:30:33.165261 | [Dataset Load] -> "Loading datasets from class Cardiomegaly"
DEBUG | 2026/06/02 10:30:33.168153 | [Dataset Load] -> "Loading datasets from class Consolidation"
DEBUG | 2026/06/02 10:30:33.172373 | [Dataset Load] -> "Loading datasets from class Edema"
DEBUG | 2026/06/02 10:30:33.177989 | [Dataset Load] -> "Loading datasets from class Effusion"
DEBUG | 2026/06/02 10:30:33.183523 | [Dataset Load] -> "Loading datasets from class Emphysema"
DEBUG | 2026/06/02 10:30:33.185612 | [Dataset Load] -> "Loading datasets from class Fibrosis"
DEBUG | 2026/06/02 10:30:33.187983 | [Dataset Load] -> "Loading datasets from class Hernia"
DEBUG | 2026/06/02 10:30:33.188251 | [Dataset Load] -> "Loading datasets from class Infiltration"
DEBUG | 2026/06/02 10:30:33.195236 | [Dataset Load] -> "Loading datasets from class Mass"
DEBUG | 2026/06/02 10:30:33.201317 | [Dataset Load] -> "Loading datasets from class No Finding"
DEBUG | 2026/06/02 10:30:33.213321 | [Dataset Load] -> "Loading datasets from class Nodule"
DEBUG | 2026/06/02 10:30:33.217771 | [Dataset Load] -> "Loading datasets from class Pleural_Thickening"
DEBUG | 2026/06/02 10:30:33.220972 | [Dataset Load] -> "Loading datasets from class Pneumonia"
DEBUG | 2026/06/02 10:30:33.222573 | [Dataset Load] -> "Loading datasets from class Pneumothorax"
DEBUG | 2026/06/02 10:30:33.225294 | [Dataset Load] -> "Dynamically loaded 22921 datas"
DEBUG | 2026/06/02 10:49:58.443372 | [Dataset Load] -> "Loading datasets from data/train"
DEBUG | 2026/06/02 10:49:58.444102 | [Dataset Load] -> "Loading datasets from class Atelectasis"
DEBUG | 2026/06/02 10:49:58.457237 | [Dataset Load] -> "Loading datasets from class Cardiomegaly"
DEBUG | 2026/06/02 10:49:58.460001 | [Dataset Load] -> "Loading datasets from class Consolidation"
DEBUG | 2026/06/02 10:49:58.464076 | [Dataset Load] -> "Loading datasets from class Edema"
DEBUG | 2026/06/02 10:49:58.469763 | [Dataset Load] -> "Loading datasets from class Effusion"
DEBUG | 2026/06/02 10:49:58.475487 | [Dataset Load] -> "Loading datasets from class Emphysema"
DEBUG | 2026/06/02 10:49:58.477475 | [Dataset Load] -> "Loading datasets from class Fibrosis"
DEBUG | 2026/06/02 10:49:58.479763 | [Dataset Load] -> "Loading datasets from class Hernia"
DEBUG | 2026/06/02 10:49:58.479996 | [Dataset Load] -> "Loading datasets from class Infiltration"
DEBUG | 2026/06/02 10:49:58.486567 | [Dataset Load] -> "Loading datasets from class Mass"
DEBUG | 2026/06/02 10:49:58.492403 | [Dataset Load] -> "Loading datasets from class No Finding"
DEBUG | 2026/06/02 10:49:58.504588 | [Dataset Load] -> "Loading datasets from class Nodule"
DEBUG | 2026/06/02 10:49:58.508912 | [Dataset Load] -> "Loading datasets from class Pleural_Thickening"
DEBUG | 2026/06/02 10:49:58.511935 | [Dataset Load] -> "Loading datasets from class Pneumonia"
DEBUG | 2026/06/02 10:49:58.513511 | [Dataset Load] -> "Loading datasets from class Pneumothorax"
DEBUG | 2026/06/02 10:49:58.516084 | [Dataset Load] -> "Dynamically loaded 22921 datas"
DEBUG | 2026/06/02 11:09:37.807971 | [Dataset Load] -> "Loading datasets from data/train"
DEBUG | 2026/06/02 11:09:37.808865 | [Dataset Load] -> "Loading datasets from class Atelectasis"
DEBUG | 2026/06/02 11:09:37.826989 | [Dataset Load] -> "Loading datasets from class Cardiomegaly"
DEBUG | 2026/06/02 11:09:37.829717 | [Dataset Load] -> "Loading datasets from class Consolidation"
DEBUG | 2026/06/02 11:09:37.835954 | [Dataset Load] -> "Loading datasets from class Edema"
DEBUG | 2026/06/02 11:09:37.841897 | [Dataset Load] -> "Loading datasets from class Effusion"
DEBUG | 2026/06/02 11:09:37.848989 | [Dataset Load] -> "Loading datasets from class Emphysema"
DEBUG | 2026/06/02 11:09:37.851027 | [Dataset Load] -> "Loading datasets from class Fibrosis"
DEBUG | 2026/06/02 11:09:37.853399 | [Dataset Load] -> "Loading datasets from class Hernia"
DEBUG | 2026/06/02 11:09:37.853650 | [Dataset Load] -> "Loading datasets from class Infiltration"
DEBUG | 2026/06/02 11:09:37.861826 | [Dataset Load] -> "Loading datasets from class Mass"
DEBUG | 2026/06/02 11:09:37.868572 | [Dataset Load] -> "Loading datasets from class No Finding"
DEBUG | 2026/06/02 11:09:37.879711 | [Dataset Load] -> "Loading datasets from class Nodule"
DEBUG | 2026/06/02 11:09:37.884673 | [Dataset Load] -> "Loading datasets from class Pleural_Thickening"
DEBUG | 2026/06/02 11:09:37.887869 | [Dataset Load] -> "Loading datasets from class Pneumonia"
DEBUG | 2026/06/02 11:09:37.889466 | [Dataset Load] -> "Loading datasets from class Pneumothorax"
DEBUG | 2026/06/02 11:09:37.892337 | [Dataset Load] -> "Dynamically loaded 22921 datas"
