INFO  | 2026/06/03 01:02:51.737492 | [Train] -> "Statically training EPOCH 0"
INFO  | 2026/06/03 01:29:31.443960 | [Train] -> "Statically training EPOCH 0"
INFO  | 2026/06/03 01:33:28.446965 | [Train] -> "Finished training EPOCH 0 with loss 0.0024201992780950813, saving"
INFO  | 2026/06/03 01:33:28.692545 | [Train] -> "Statically training EPOCH 1"
INFO  | 2026/06/03 01:37:25.507835 | [Train] -> "Finished training EPOCH 1 with loss 0.0023267016485710615, saving"
INFO  | 2026/06/03 01:37:25.718588 | [Train] -> "Statically training EPOCH 2"
INFO  | 2026/06/03 01:41:22.725021 | [Train] -> "Finished training EPOCH 2 with loss 0.002295681705112305, saving"
INFO  | 2026/06/03 01:41:22.935298 | [Train] -> "Statically training EPOCH 3"
INFO  | 2026/06/03 01:45:19.785973 | [Train] -> "Finished training EPOCH 3 with loss 0.002277353160863748, saving"
INFO  | 2026/06/03 01:45:20.015414 | [Train] -> "Statically training EPOCH 4"
INFO  | 2026/06/03 01:49:16.987003 | [Train] -> "Finished training EPOCH 4 with loss 0.0022665078821374435, saving"
INFO  | 2026/06/03 01:49:17.214518 | [Train] -> "Training EPOCH 5"
INFO  | 2026/06/03 01:56:48.273822 | [Train] -> "Finished training EPOCH 5 with loss 0.0022544719095304146, saving"
INFO  | 2026/06/03 01:56:48.514394 | [Validate] -> "Validating for EPOCH 5"
INFO  | 2026/06/03 01:58:20.103717 | [Validate] -> {"val": 0.0022280581628323025, "yes": 2287}
INFO  | 2026/06/03 01:58:20.112186 | [Submit] -> "Submitting EPOCH 5"
INFO  | 2026/06/03 02:02:11.651789 | [scheduler] -> "New learning rate = 0.0001"
INFO  | 2026/06/03 02:02:11.652515 | [Train] -> "Training EPOCH 6"
INFO  | 2026/06/03 02:09:51.433083 | [Train] -> "Finished training EPOCH 6 with loss 0.0022258930336219777, saving"
INFO  | 2026/06/03 02:09:51.658141 | [Validate] -> "Validating for EPOCH 6"
INFO  | 2026/06/03 02:11:23.497537 | [Validate] -> {"val": 0.002227087204140167, "yes": 2320}
INFO  | 2026/06/03 02:11:23.500356 | [Submit] -> "Submitting EPOCH 6"
INFO  | 2026/06/03 02:15:14.224285 | [scheduler] -> "New learning rate = 0.0001"
INFO  | 2026/06/03 02:15:14.225119 | [Train] -> "Training EPOCH 7"
INFO  | 2026/06/03 02:22:54.211710 | [Train] -> "Finished training EPOCH 7 with loss 0.0022113141870688984, saving"
INFO  | 2026/06/03 02:22:54.436937 | [Validate] -> "Validating for EPOCH 7"
INFO  | 2026/06/03 02:24:26.354194 | [Validate] -> {"val": 0.002218038348960257, "yes": 2264}
INFO  | 2026/06/03 02:24:26.358744 | [Submit] -> "Submitting EPOCH 7"
INFO  | 2026/06/03 02:28:17.522250 | [scheduler] -> "New learning rate = 0.0001"
INFO  | 2026/06/03 02:28:17.523284 | [Train] -> "Training EPOCH 8"
INFO  | 2026/06/03 02:35:59.766460 | [Train] -> "Finished training EPOCH 8 with loss 0.0021849623602754045, saving"
INFO  | 2026/06/03 02:36:00.018902 | [Validate] -> "Validating for EPOCH 8"
INFO  | 2026/06/03 02:37:32.139324 | [Validate] -> {"val": 0.0022087695908212905, "yes": 2290}
INFO  | 2026/06/03 02:37:32.141195 | [Submit] -> "Submitting EPOCH 8"
INFO  | 2026/06/03 02:41:24.017566 | [scheduler] -> "New learning rate = 0.0001"
INFO  | 2026/06/03 02:41:24.018560 | [Train] -> "Training EPOCH 9"
INFO  | 2026/06/03 02:49:04.224281 | [Train] -> "Finished training EPOCH 9 with loss 0.002176480737552511, saving"
INFO  | 2026/06/03 02:49:04.480527 | [Validate] -> "Validating for EPOCH 9"
INFO  | 2026/06/03 02:50:37.225087 | [Validate] -> {"val": 0.002217237325588263, "yes": 2339}
INFO  | 2026/06/03 02:50:37.227826 | [Submit] -> "Submitting EPOCH 9"
INFO  | 2026/06/03 02:54:27.560866 | [scheduler] -> "New learning rate = 0.0001"
INFO  | 2026/06/03 02:54:27.561624 | [Train] -> "Training EPOCH 10"
INFO  | 2026/06/03 03:02:07.170088 | [Train] -> "Finished training EPOCH 10 with loss 0.0021613030328133907, saving"
INFO  | 2026/06/03 03:02:07.389433 | [Validate] -> "Validating for EPOCH 10"
INFO  | 2026/06/03 03:03:39.312139 | [Validate] -> {"val": 0.002206598074333796, "yes": 2326}
INFO  | 2026/06/03 03:03:39.315249 | [Submit] -> "Submitting EPOCH 10"
INFO  | 2026/06/03 03:07:31.128013 | [scheduler] -> "New learning rate = 0.0001"
INFO  | 2026/06/03 03:07:31.128753 | [Train] -> "Training EPOCH 11"
INFO  | 2026/06/03 03:15:11.451026 | [Train] -> "Finished training EPOCH 11 with loss 0.002149515009174744, saving"
INFO  | 2026/06/03 03:15:11.638604 | [Validate] -> "Validating for EPOCH 11"
INFO  | 2026/06/03 03:16:43.571435 | [Validate] -> {"val": 0.0022084798572820524, "yes": 2311}
INFO  | 2026/06/03 03:16:43.573281 | [Submit] -> "Submitting EPOCH 11"
INFO  | 2026/06/03 03:20:34.000747 | [scheduler] -> "New learning rate = 0.0001"
INFO  | 2026/06/03 03:20:34.001953 | [Train] -> "Training EPOCH 12"
INFO  | 2026/06/03 03:28:13.573805 | [Train] -> "Finished training EPOCH 12 with loss 0.0021422083673830437, saving"
INFO  | 2026/06/03 03:28:13.765832 | [Validate] -> "Validating for EPOCH 12"
INFO  | 2026/06/03 03:29:45.951853 | [Validate] -> {"val": 0.00221395149889949, "yes": 2344}
INFO  | 2026/06/03 03:29:45.953804 | [Submit] -> "Submitting EPOCH 12"
INFO  | 2026/06/03 03:33:36.883032 | [scheduler] -> "New learning rate = 0.0001"
INFO  | 2026/06/03 03:33:36.884078 | [Train] -> "Training EPOCH 13"
INFO  | 2026/06/03 03:41:16.729197 | [Train] -> "Finished training EPOCH 13 with loss 0.0021348119710464714, saving"
INFO  | 2026/06/03 03:41:16.919701 | [Validate] -> "Validating for EPOCH 13"
INFO  | 2026/06/03 03:42:48.770627 | [Validate] -> {"val": 0.0022206224086911007, "yes": 2258}
INFO  | 2026/06/03 03:42:48.774976 | [Submit] -> "Submitting EPOCH 13"
INFO  | 2026/06/03 03:46:39.919808 | [scheduler] -> "New learning rate = 0.0001"
INFO  | 2026/06/03 03:46:39.920826 | [Train] -> "Training EPOCH 14"
INFO  | 2026/06/03 03:54:19.912893 | [Train] -> "Finished training EPOCH 14 with loss 0.0021278013795109412, saving"
INFO  | 2026/06/03 03:54:20.102989 | [Validate] -> "Validating for EPOCH 14"
INFO  | 2026/06/03 03:55:51.953560 | [Validate] -> {"val": 0.002218355173766234, "yes": 2336}
INFO  | 2026/06/03 03:55:51.955362 | [Submit] -> "Submitting EPOCH 14"
INFO  | 2026/06/03 03:59:42.686130 | [scheduler] -> "New learning rate = 1e-05"
INFO  | 2026/06/03 03:59:42.686929 | [Train] -> "Training EPOCH 15"
INFO  | 2026/06/03 04:07:22.034071 | [Train] -> "Finished training EPOCH 15 with loss 0.002105870375313979, saving"
INFO  | 2026/06/03 04:07:22.217892 | [Validate] -> "Validating for EPOCH 15"
INFO  | 2026/06/03 04:08:54.451959 | [Validate] -> {"val": 0.0022124765595816468, "yes": 2374}
INFO  | 2026/06/03 04:08:54.453531 | [Submit] -> "Submitting EPOCH 15"
INFO  | 2026/06/03 04:12:44.923509 | [scheduler] -> "New learning rate = 1e-05"
INFO  | 2026/06/03 04:12:44.924791 | [Train] -> "Training EPOCH 16"
INFO  | 2026/06/03 04:20:24.016708 | [Train] -> "Finished training EPOCH 16 with loss 0.0020928633906312773, saving"
INFO  | 2026/06/03 04:20:24.196628 | [Validate] -> "Validating for EPOCH 16"
INFO  | 2026/06/03 04:21:56.071474 | [Validate] -> {"val": 0.0022132607409730554, "yes": 2387}
INFO  | 2026/06/03 04:21:56.073190 | [Submit] -> "Submitting EPOCH 16"
INFO  | 2026/06/03 04:25:46.751856 | [scheduler] -> "New learning rate = 1e-05"
INFO  | 2026/06/03 04:25:46.752866 | [Train] -> "Training EPOCH 17"
INFO  | 2026/06/03 04:33:26.209821 | [Train] -> "Finished training EPOCH 17 with loss 0.0020955830303998517, saving"
INFO  | 2026/06/03 04:33:26.410357 | [Validate] -> "Validating for EPOCH 17"
INFO  | 2026/06/03 04:34:58.558994 | [Validate] -> {"val": 0.0022109833146312795, "yes": 2421}
INFO  | 2026/06/03 04:34:58.561973 | [Submit] -> "Submitting EPOCH 17"
INFO  | 2026/06/03 04:38:49.111227 | [scheduler] -> "New learning rate = 1e-05"
INFO  | 2026/06/03 04:38:49.112158 | [Train] -> "Training EPOCH 18"
INFO  | 2026/06/03 04:46:28.391812 | [Train] -> "Finished training EPOCH 18 with loss 0.0020876857523902136, saving"
INFO  | 2026/06/03 04:46:28.579432 | [Validate] -> "Validating for EPOCH 18"
INFO  | 2026/06/03 04:48:00.582463 | [Validate] -> {"val": 0.002213073894381523, "yes": 2419}
INFO  | 2026/06/03 04:48:00.584868 | [Submit] -> "Submitting EPOCH 18"
INFO  | 2026/06/03 04:51:51.798587 | [scheduler] -> "New learning rate = 1e-05"
INFO  | 2026/06/03 04:51:51.799515 | [Train] -> "Training EPOCH 19"
INFO  | 2026/06/03 04:59:33.965511 | [Train] -> "Finished training EPOCH 19 with loss 0.002080109203089249, saving"
INFO  | 2026/06/03 04:59:34.176215 | [Validate] -> "Validating for EPOCH 19"
INFO  | 2026/06/03 05:01:06.164443 | [Validate] -> {"val": 0.0022091785872891154, "yes": 2398}
INFO  | 2026/06/03 05:01:06.171294 | [Submit] -> "Submitting EPOCH 19"
INFO  | 2026/06/03 05:04:57.278928 | [scheduler] -> "New learning rate = 1e-05"
INFO  | 2026/06/03 05:04:57.279985 | [Train] -> "Training EPOCH 20"
INFO  | 2026/06/03 05:12:38.162011 | [Train] -> "Finished training EPOCH 20 with loss 0.0020764703181285027, saving"
INFO  | 2026/06/03 05:12:38.339797 | [Validate] -> "Validating for EPOCH 20"
INFO  | 2026/06/03 05:14:10.218636 | [Validate] -> {"val": 0.0022099569985077195, "yes": 2406}
INFO  | 2026/06/03 05:14:10.221262 | [Submit] -> "Submitting EPOCH 20"
INFO  | 2026/06/03 05:18:00.129033 | [scheduler] -> "New learning rate = 1e-05"
INFO  | 2026/06/03 05:18:00.129809 | [Train] -> "Training EPOCH 21"
INFO  | 2026/06/03 05:25:38.987478 | [Train] -> "Finished training EPOCH 21 with loss 0.002072006335186067, saving"
INFO  | 2026/06/03 05:25:39.174077 | [Validate] -> "Validating for EPOCH 21"
INFO  | 2026/06/03 05:27:10.553702 | [Validate] -> {"val": 0.002209593645475675, "yes": 2391}
INFO  | 2026/06/03 05:27:10.555572 | [Submit] -> "Submitting EPOCH 21"
INFO  | 2026/06/03 05:30:59.988107 | [scheduler] -> "New learning rate = 1e-05"
INFO  | 2026/06/03 05:30:59.989072 | [Train] -> "Training EPOCH 22"
INFO  | 2026/06/03 05:38:39.226873 | [Train] -> "Finished training EPOCH 22 with loss 0.002072729049337523, saving"
INFO  | 2026/06/03 05:38:39.406796 | [Validate] -> "Validating for EPOCH 22"
INFO  | 2026/06/03 05:40:10.707248 | [Validate] -> {"val": 0.0022161286457937188, "yes": 2413}
INFO  | 2026/06/03 05:40:10.708963 | [Submit] -> "Submitting EPOCH 22"
INFO  | 2026/06/03 05:44:00.589223 | [scheduler] -> "New learning rate = 1e-05"
INFO  | 2026/06/03 05:44:00.590232 | [Train] -> "Training EPOCH 23"
INFO  | 2026/06/03 05:51:39.668335 | [Train] -> "Finished training EPOCH 23 with loss 0.002068533456733456, saving"
INFO  | 2026/06/03 05:51:39.859479 | [Validate] -> "Validating for EPOCH 23"
INFO  | 2026/06/03 05:53:11.290481 | [Validate] -> {"val": 0.0022158211247378223, "yes": 2391}
INFO  | 2026/06/03 05:53:11.292597 | [Submit] -> "Submitting EPOCH 23"
INFO  | 2026/06/03 05:57:01.422960 | [scheduler] -> "New learning rate = 1e-05"
INFO  | 2026/06/03 05:57:01.423813 | [Train] -> "Training EPOCH 24"
INFO  | 2026/06/03 06:04:41.113048 | [Train] -> "Finished training EPOCH 24 with loss 0.0020622773948227088, saving"
INFO  | 2026/06/03 06:04:41.289607 | [Validate] -> "Validating for EPOCH 24"
INFO  | 2026/06/03 06:06:12.606297 | [Validate] -> {"val": 0.0022217749850147643, "yes": 2433}
INFO  | 2026/06/03 06:06:12.608189 | [Submit] -> "Submitting EPOCH 24"
INFO  | 2026/06/03 06:10:02.217195 | [scheduler] -> "New learning rate = 1e-05"
INFO  | 2026/06/03 06:10:02.217950 | [Train] -> "Training EPOCH 25"
INFO  | 2026/06/03 06:17:42.360169 | [Train] -> "Finished training EPOCH 25 with loss 0.0020640210764238907, saving"
INFO  | 2026/06/03 06:17:42.548620 | [Validate] -> "Validating for EPOCH 25"
INFO  | 2026/06/03 06:19:14.392327 | [Validate] -> {"val": 0.002223154258857438, "yes": 2462}
INFO  | 2026/06/03 06:19:14.394252 | [Submit] -> "Submitting EPOCH 25"
INFO  | 2026/06/03 06:23:06.037819 | [scheduler] -> "New learning rate = 1e-05"
INFO  | 2026/06/03 06:23:06.038775 | [Train] -> "Training EPOCH 26"
INFO  | 2026/06/03 06:30:46.349103 | [Train] -> "Finished training EPOCH 26 with loss 0.002061436918340739, saving"
INFO  | 2026/06/03 06:30:46.540534 | [Validate] -> "Validating for EPOCH 26"
INFO  | 2026/06/03 06:32:18.514184 | [Validate] -> {"val": 0.0022207970428415897, "yes": 2418}
INFO  | 2026/06/03 06:32:18.517056 | [Submit] -> "Submitting EPOCH 26"
INFO  | 2026/06/03 06:36:09.764023 | [scheduler] -> "New learning rate = 1e-05"
INFO  | 2026/06/03 06:36:09.764797 | [Train] -> "Training EPOCH 27"
INFO  | 2026/06/03 06:43:50.465757 | [Train] -> "Finished training EPOCH 27 with loss 0.0020581374849363977, saving"
INFO  | 2026/06/03 06:43:50.659443 | [Validate] -> "Validating for EPOCH 27"
INFO  | 2026/06/03 06:45:22.524135 | [Validate] -> {"val": 0.0022196079547473686, "yes": 2436}
INFO  | 2026/06/03 06:45:22.526340 | [Submit] -> "Submitting EPOCH 27"
INFO  | 2026/06/03 06:49:12.835275 | [scheduler] -> "New learning rate = 1e-05"
INFO  | 2026/06/03 06:49:12.837106 | [Train] -> "Training EPOCH 28"
INFO  | 2026/06/03 06:56:53.858373 | [Train] -> "Finished training EPOCH 28 with loss 0.00205548530991401, saving"
INFO  | 2026/06/03 06:56:54.038900 | [Validate] -> "Validating for EPOCH 28"
INFO  | 2026/06/03 06:58:25.865847 | [Validate] -> {"val": 0.002219419425548336, "yes": 2431}
INFO  | 2026/06/03 06:58:25.869123 | [Submit] -> "Submitting EPOCH 28"
INFO  | 2026/06/03 07:02:19.127707 | [scheduler] -> "New learning rate = 1e-05"
INFO  | 2026/06/03 07:02:19.128386 | [Train] -> "Training EPOCH 29"
INFO  | 2026/06/03 07:10:00.076583 | [Train] -> "Finished training EPOCH 29 with loss 0.0020540966661763017, saving"
INFO  | 2026/06/03 07:10:00.295948 | [Validate] -> "Validating for EPOCH 29"
INFO  | 2026/06/03 07:11:28.911634 | [Validate] -> {"val": 0.002224327084255746, "yes": 2371}
INFO  | 2026/06/03 07:11:28.913302 | [Submit] -> "Submitting EPOCH 29"
INFO  | 2026/06/03 07:15:21.874315 | [scheduler] -> "New learning rate = 1e-05"
INFO  | 2026/06/03 07:15:21.875261 | [Train] -> "Training EPOCH 30"
INFO  | 2026/06/03 07:23:01.837471 | [Train] -> "Finished training EPOCH 30 with loss 0.0020504208013989796, saving"
INFO  | 2026/06/03 07:23:02.025892 | [Validate] -> "Validating for EPOCH 30"
INFO  | 2026/06/03 07:24:30.658316 | [Validate] -> {"val": 0.002224071227152139, "yes": 2428}
INFO  | 2026/06/03 07:24:30.661239 | [Submit] -> "Submitting EPOCH 30"
INFO  | 2026/06/03 07:28:22.732616 | [scheduler] -> "New learning rate = 1e-05"
INFO  | 2026/06/03 07:28:22.733676 | [Train] -> "Training EPOCH 31"
INFO  | 2026/06/03 07:36:02.780538 | [Train] -> "Finished training EPOCH 31 with loss 0.0020484686467935826, saving"
INFO  | 2026/06/03 07:36:02.976434 | [Validate] -> "Validating for EPOCH 31"
INFO  | 2026/06/03 07:37:31.724545 | [Validate] -> {"val": 0.002223487683083878, "yes": 2344}
INFO  | 2026/06/03 07:37:31.726283 | [Submit] -> "Submitting EPOCH 31"
INFO  | 2026/06/03 07:41:22.439626 | [scheduler] -> "New learning rate = 1e-05"
INFO  | 2026/06/03 07:41:22.440434 | [Train] -> "Training EPOCH 32"
INFO  | 2026/06/03 07:49:02.553866 | [Train] -> "Finished training EPOCH 32 with loss 0.002048998947525136, saving"
INFO  | 2026/06/03 07:49:02.743304 | [Validate] -> "Validating for EPOCH 32"
INFO  | 2026/06/03 07:50:31.753919 | [Validate] -> {"val": 0.0022228493251659105, "yes": 2414}
INFO  | 2026/06/03 07:50:31.756756 | [Submit] -> "Submitting EPOCH 32"
INFO  | 2026/06/03 07:54:25.148531 | [scheduler] -> "New learning rate = 1e-05"
INFO  | 2026/06/03 07:54:25.149569 | [Train] -> "Training EPOCH 33"
INFO  | 2026/06/03 08:02:05.967728 | [Train] -> "Finished training EPOCH 33 with loss 0.002043733588126822, saving"
INFO  | 2026/06/03 08:02:06.165101 | [Validate] -> "Validating for EPOCH 33"
INFO  | 2026/06/03 08:03:35.018835 | [Validate] -> {"val": 0.00222413792264063, "yes": 2434}
INFO  | 2026/06/03 08:03:35.021377 | [Submit] -> "Submitting EPOCH 33"
INFO  | 2026/06/03 08:07:27.027841 | [scheduler] -> "New learning rate = 1e-05"
INFO  | 2026/06/03 08:07:27.028869 | [Train] -> "Training EPOCH 34"
INFO  | 2026/06/03 08:15:08.249998 | [Train] -> "Finished training EPOCH 34 with loss 0.0020456453647487724, saving"
INFO  | 2026/06/03 08:15:08.468050 | [Validate] -> "Validating for EPOCH 34"
INFO  | 2026/06/03 08:16:37.410333 | [Validate] -> {"val": 0.002225937044788098, "yes": 2454}
INFO  | 2026/06/03 08:16:37.412993 | [Submit] -> "Submitting EPOCH 34"
INFO  | 2026/06/03 08:20:29.971065 | [scheduler] -> "New learning rate = 1e-05"
INFO  | 2026/06/03 08:20:29.971809 | [Train] -> "Training EPOCH 35"
INFO  | 2026/06/03 08:28:10.618064 | [Train] -> "Finished training EPOCH 35 with loss 0.00203696100144267, saving"
INFO  | 2026/06/03 08:28:10.824297 | [Validate] -> "Validating for EPOCH 35"
INFO  | 2026/06/03 08:29:39.805145 | [Validate] -> {"val": 0.002227359299235273, "yes": 2370}
INFO  | 2026/06/03 08:29:39.807847 | [Submit] -> "Submitting EPOCH 35"
INFO  | 2026/06/03 08:33:32.663758 | [scheduler] -> "New learning rate = 1e-05"
INFO  | 2026/06/03 08:33:32.664666 | [Train] -> "Training EPOCH 36"
INFO  | 2026/06/03 08:41:13.190714 | [Train] -> "Finished training EPOCH 36 with loss 0.002040087624606778, saving"
INFO  | 2026/06/03 08:41:13.378435 | [Validate] -> "Validating for EPOCH 36"
INFO  | 2026/06/03 08:42:42.142609 | [Validate] -> {"val": 0.002230512808658437, "yes": 2429}
INFO  | 2026/06/03 08:42:42.145148 | [Submit] -> "Submitting EPOCH 36"
INFO  | 2026/06/03 08:46:34.791580 | [scheduler] -> "New learning rate = 1e-05"
INFO  | 2026/06/03 08:46:34.792446 | [Train] -> "Training EPOCH 37"
INFO  | 2026/06/03 08:54:15.683268 | [Train] -> "Finished training EPOCH 37 with loss 0.002043027866985707, saving"
INFO  | 2026/06/03 08:54:15.878654 | [Validate] -> "Validating for EPOCH 37"
INFO  | 2026/06/03 08:55:44.642960 | [Validate] -> {"val": 0.002231189048426702, "yes": 2423}
INFO  | 2026/06/03 08:55:44.644302 | [Submit] -> "Submitting EPOCH 37"
INFO  | 2026/06/03 08:59:36.135384 | [scheduler] -> "New learning rate = 1e-05"
INFO  | 2026/06/03 08:59:36.136326 | [Train] -> "Training EPOCH 38"
INFO  | 2026/06/03 09:07:16.289200 | [Train] -> "Finished training EPOCH 38 with loss 0.002037176880927472, saving"
INFO  | 2026/06/03 09:07:16.470616 | [Validate] -> "Validating for EPOCH 38"
INFO  | 2026/06/03 09:08:45.591769 | [Validate] -> {"val": 0.0022280371298155272, "yes": 2425}
INFO  | 2026/06/03 09:08:45.594103 | [Submit] -> "Submitting EPOCH 38"
INFO  | 2026/06/03 09:12:37.916173 | [scheduler] -> "New learning rate = 1e-05"
INFO  | 2026/06/03 09:12:37.917367 | [Train] -> "Training EPOCH 39"
INFO  | 2026/06/03 09:20:18.289726 | [Train] -> "Finished training EPOCH 39 with loss 0.0020333120999045415, saving"
INFO  | 2026/06/03 09:20:18.489787 | [Validate] -> "Validating for EPOCH 39"
INFO  | 2026/06/03 09:21:47.409655 | [Validate] -> {"val": 0.002228135357696839, "yes": 2401}
INFO  | 2026/06/03 09:21:47.412696 | [Submit] -> "Submitting EPOCH 39"
INFO  | 2026/06/03 09:25:39.683850 | [scheduler] -> "New learning rate = 1e-05"
INFO  | 2026/06/03 09:25:39.684988 | [Train] -> "Training EPOCH 40"
INFO  | 2026/06/03 09:33:25.587659 | [Train] -> "Finished training EPOCH 40 with loss 0.0020321845631129645, saving"
INFO  | 2026/06/03 09:33:25.820444 | [Validate] -> "Validating for EPOCH 40"
INFO  | 2026/06/03 09:34:57.935105 | [Validate] -> {"val": 0.0022249885807341767, "yes": 2352}
INFO  | 2026/06/03 09:34:57.936679 | [Submit] -> "Submitting EPOCH 40"
INFO  | 2026/06/03 09:38:52.143391 | [scheduler] -> "New learning rate = 1e-05"
INFO  | 2026/06/03 09:38:52.144389 | [Train] -> "Training EPOCH 41"
INFO  | 2026/06/03 09:46:32.976260 | [Train] -> "Finished training EPOCH 41 with loss 0.0020300775561104545, saving"
INFO  | 2026/06/03 09:46:33.177690 | [Validate] -> "Validating for EPOCH 41"
INFO  | 2026/06/03 09:48:05.186790 | [Validate] -> {"val": 0.0022302819157038207, "yes": 2421}
INFO  | 2026/06/03 09:48:05.189663 | [Submit] -> "Submitting EPOCH 41"
INFO  | 2026/06/03 09:51:58.016140 | [scheduler] -> "New learning rate = 1e-05"
INFO  | 2026/06/03 09:51:58.016948 | [Train] -> "Training EPOCH 42"
INFO  | 2026/06/03 09:59:39.419910 | [Train] -> "Finished training EPOCH 42 with loss 0.0020296765333244642, saving"
INFO  | 2026/06/03 09:59:39.710964 | [Validate] -> "Validating for EPOCH 42"
INFO  | 2026/06/03 10:01:12.559702 | [Validate] -> {"val": 0.002227416291811265, "yes": 2411}
INFO  | 2026/06/03 10:01:12.562403 | [Submit] -> "Submitting EPOCH 42"
INFO  | 2026/06/03 10:05:05.270327 | [scheduler] -> "New learning rate = 1e-05"
INFO  | 2026/06/03 10:05:05.271518 | [Train] -> "Training EPOCH 43"
INFO  | 2026/06/03 10:12:46.277839 | [Train] -> "Finished training EPOCH 43 with loss 0.002027115018710471, saving"
INFO  | 2026/06/03 10:12:46.476654 | [Validate] -> "Validating for EPOCH 43"
INFO  | 2026/06/03 10:14:18.483828 | [Validate] -> {"val": 0.0022303589393295412, "yes": 2396}
INFO  | 2026/06/03 10:14:18.485417 | [Submit] -> "Submitting EPOCH 43"
INFO  | 2026/06/03 10:18:09.670328 | [scheduler] -> "New learning rate = 1e-05"
INFO  | 2026/06/03 10:18:09.671045 | [Train] -> "Training EPOCH 44"
INFO  | 2026/06/03 10:25:50.233249 | [Train] -> "Finished training EPOCH 44 with loss 0.002025261392520967, saving"
INFO  | 2026/06/03 10:25:50.430738 | [Validate] -> "Validating for EPOCH 44"
INFO  | 2026/06/03 10:27:22.343596 | [Validate] -> {"val": 0.0022341619704431734, "yes": 2387}
INFO  | 2026/06/03 10:27:22.345488 | [Submit] -> "Submitting EPOCH 44"
INFO  | 2026/06/03 10:31:13.887429 | [scheduler] -> "New learning rate = 1e-05"
INFO  | 2026/06/03 10:31:13.888215 | [Train] -> "Training EPOCH 45"
INFO  | 2026/06/03 10:38:54.694388 | [Train] -> "Finished training EPOCH 45 with loss 0.0020230332779700975, saving"
INFO  | 2026/06/03 10:38:54.898275 | [Validate] -> "Validating for EPOCH 45"
INFO  | 2026/06/03 10:54:36.134974 | [Train] -> "Training EPOCH 46"
INFO  | 2026/06/03 10:59:00.906098 | [Train] -> "Training EPOCH 46"
INFO  | 2026/06/03 11:06:38.200878 | [Train] -> "Finished training EPOCH 46 with loss 0.0020729117100547734, saving"
INFO  | 2026/06/03 11:06:38.401540 | [Validate] -> "Validating for EPOCH 46"
INFO  | 2026/06/03 11:08:10.506328 | [Validate] -> {"val": 0.0022183702730703666, "yes": 2275}
INFO  | 2026/06/03 11:08:10.507098 | [Submit] -> "Submitting EPOCH 46"
INFO  | 2026/06/03 11:12:08.113981 | [scheduler] -> "New learning rate = 0.0001"
INFO  | 2026/06/03 11:12:08.114775 | [Train] -> "Training EPOCH 47"
INFO  | 2026/06/03 11:19:52.156253 | [Train] -> "Finished training EPOCH 47 with loss 0.00207426355871723, saving"
INFO  | 2026/06/03 11:19:52.423578 | [Validate] -> "Validating for EPOCH 47"
INFO  | 2026/06/03 11:21:25.093381 | [Validate] -> {"val": 0.002239415191027991, "yes": 2325}
INFO  | 2026/06/03 11:21:25.096443 | [Submit] -> "Submitting EPOCH 47"
INFO  | 2026/06/03 11:25:18.185099 | [scheduler] -> "New learning rate = 0.0001"
INFO  | 2026/06/03 11:25:18.186382 | [Train] -> "Training EPOCH 48"
INFO  | 2026/06/03 11:32:59.839543 | [Train] -> "Finished training EPOCH 48 with loss 0.002064692291773484, saving"
INFO  | 2026/06/03 11:33:00.033236 | [Validate] -> "Validating for EPOCH 48"
INFO  | 2026/06/03 11:34:32.479214 | [Validate] -> {"val": 0.0022483044795503808, "yes": 2263}
INFO  | 2026/06/03 11:34:32.481530 | [Submit] -> "Submitting EPOCH 48"
INFO  | 2026/06/03 11:38:35.686366 | [scheduler] -> "New learning rate = 0.0001"
INFO  | 2026/06/03 11:38:35.688956 | [Train] -> "Training EPOCH 49"
INFO  | 2026/06/03 11:46:18.350231 | [Train] -> "Finished training EPOCH 49 with loss 0.0020763295912256353, saving"
INFO  | 2026/06/03 11:46:18.619325 | [Validate] -> "Validating for EPOCH 49"
INFO  | 2026/06/03 11:47:51.431608 | [Validate] -> {"val": 0.0022345656017383, "yes": 2237}
INFO  | 2026/06/03 11:47:51.433760 | [Submit] -> "Submitting EPOCH 49"
INFO  | 2026/06/03 11:51:46.068511 | [scheduler] -> "New learning rate = 0.0001"
INFO  | 2026/06/03 11:51:46.069312 | [Train] -> "Training EPOCH 50"
INFO  | 2026/06/03 11:59:41.268008 | [Train] -> "Finished training EPOCH 50 with loss 0.0020605632275157255, saving"
INFO  | 2026/06/03 11:59:41.526432 | [Validate] -> "Validating for EPOCH 50"
INFO  | 2026/06/03 12:01:11.719781 | [Validate] -> {"val": 0.0022240734004637572, "yes": 2313}
INFO  | 2026/06/03 12:01:11.724460 | [Submit] -> "Submitting EPOCH 50"
INFO  | 2026/06/03 12:05:09.570681 | [scheduler] -> "New learning rate = 1e-05"
INFO  | 2026/06/03 12:05:09.571561 | [Train] -> "Training EPOCH 51"
INFO  | 2026/06/03 12:12:53.352944 | [Train] -> "Finished training EPOCH 51 with loss 0.0020293778615112987, saving"
INFO  | 2026/06/03 12:12:53.584260 | [Validate] -> "Validating for EPOCH 51"
INFO  | 2026/06/03 12:14:26.063296 | [Validate] -> {"val": 0.0022250284663493593, "yes": 2387}
INFO  | 2026/06/03 12:14:26.066191 | [Submit] -> "Submitting EPOCH 51"
INFO  | 2026/06/03 12:18:18.522485 | [scheduler] -> "New learning rate = 1e-05"
INFO  | 2026/06/03 12:18:18.523609 | [Train] -> "Training EPOCH 52"
INFO  | 2026/06/03 12:26:01.104552 | [Train] -> "Finished training EPOCH 52 with loss 0.0020189059850385534, saving"
INFO  | 2026/06/03 12:26:01.313077 | [Validate] -> "Validating for EPOCH 52"
INFO  | 2026/06/03 12:27:33.679257 | [Validate] -> {"val": 0.002221403956185853, "yes": 2370}
INFO  | 2026/06/03 12:27:33.683616 | [Submit] -> "Submitting EPOCH 52"
INFO  | 2026/06/03 12:31:24.965199 | [scheduler] -> "New learning rate = 1e-05"
INFO  | 2026/06/03 12:31:24.966253 | [Train] -> "Training EPOCH 53"
INFO  | 2026/06/03 12:39:19.370843 | [Train] -> "Finished training EPOCH 53 with loss 0.0020103929887853584, saving"
INFO  | 2026/06/03 12:39:19.723238 | [Validate] -> "Validating for EPOCH 53"
INFO  | 2026/06/03 12:40:49.739150 | [Validate] -> {"val": 0.0022278529562923767, "yes": 2423}
INFO  | 2026/06/03 12:40:49.741209 | [Submit] -> "Submitting EPOCH 53"
INFO  | 2026/06/03 12:44:50.153702 | [scheduler] -> "New learning rate = 1e-05"
INFO  | 2026/06/03 12:44:50.154501 | [Train] -> "Training EPOCH 54"
INFO  | 2026/06/03 12:52:40.081851 | [Train] -> "Finished training EPOCH 54 with loss 0.0020067436713435195, saving"
INFO  | 2026/06/03 12:52:40.454388 | [Validate] -> "Validating for EPOCH 54"
INFO  | 2026/06/03 12:54:10.909052 | [Validate] -> {"val": 0.0022275853449638477, "yes": 2389}
INFO  | 2026/06/03 12:54:10.914479 | [Submit] -> "Submitting EPOCH 54"
INFO  | 2026/06/03 12:58:06.400393 | [scheduler] -> "New learning rate = 1e-05"
INFO  | 2026/06/03 12:58:06.401324 | [Train] -> "Training EPOCH 55"
INFO  | 2026/06/03 13:05:47.746846 | [Train] -> "Finished training EPOCH 55 with loss 0.0020022579265694565, saving"
INFO  | 2026/06/03 13:05:47.937863 | [Validate] -> "Validating for EPOCH 55"
INFO  | 2026/06/03 13:07:20.241442 | [Validate] -> {"val": 0.002236345076431293, "yes": 2407}
INFO  | 2026/06/03 13:07:20.243106 | [Submit] -> "Submitting EPOCH 55"
INFO  | 2026/06/03 13:11:12.248890 | [scheduler] -> "New learning rate = 1e-05"
INFO  | 2026/06/03 13:11:12.249678 | [Train] -> "Training EPOCH 56"
INFO  | 2026/06/03 13:18:55.945249 | [Train] -> "Finished training EPOCH 56 with loss 0.0020031042732849623, saving"
INFO  | 2026/06/03 13:18:56.278878 | [Validate] -> "Validating for EPOCH 56"
INFO  | 2026/06/03 13:20:28.266983 | [Validate] -> {"val": 0.0022275876898526993, "yes": 2398}
INFO  | 2026/06/03 13:20:28.268582 | [Submit] -> "Submitting EPOCH 56"
INFO  | 2026/06/03 13:24:21.319266 | [scheduler] -> "New learning rate = 1e-05"
INFO  | 2026/06/03 13:24:21.320406 | [Train] -> "Training EPOCH 57"
INFO  | 2026/06/03 13:32:02.239841 | [Train] -> "Finished training EPOCH 57 with loss 0.0019985862887200445, saving"
INFO  | 2026/06/03 13:32:02.505477 | [Validate] -> "Validating for EPOCH 57"
INFO  | 2026/06/03 13:33:34.743054 | [Validate] -> {"val": 0.0022347298289004842, "yes": 2380}
INFO  | 2026/06/03 13:33:34.745192 | [Submit] -> "Submitting EPOCH 57"
INFO  | 2026/06/03 13:37:26.693679 | [scheduler] -> "New learning rate = 1e-05"
INFO  | 2026/06/03 13:37:26.695117 | [Train] -> "Training EPOCH 58"
INFO  | 2026/06/03 13:45:09.065693 | [Train] -> "Finished training EPOCH 58 with loss 0.0019948930927114186, saving"
INFO  | 2026/06/03 13:45:09.305663 | [Validate] -> "Validating for EPOCH 58"
INFO  | 2026/06/03 13:46:41.917215 | [Validate] -> {"val": 0.002235893771285191, "yes": 2384}
INFO  | 2026/06/03 13:46:41.919226 | [Submit] -> "Submitting EPOCH 58"
INFO  | 2026/06/03 13:50:36.311147 | [scheduler] -> "New learning rate = 1e-05"
INFO  | 2026/06/03 13:50:36.312280 | [Train] -> "Training EPOCH 59"
INFO  | 2026/06/03 13:58:29.720607 | [Train] -> "Finished training EPOCH 59 with loss 0.0019923071633745856, saving"
INFO  | 2026/06/03 13:58:30.096271 | [Validate] -> "Validating for EPOCH 59"
INFO  | 2026/06/03 14:00:01.353369 | [Validate] -> {"val": 0.0022419332177209027, "yes": 2433}
INFO  | 2026/06/03 14:00:01.355700 | [Submit] -> "Submitting EPOCH 59"
INFO  | 2026/06/03 14:03:54.725959 | [scheduler] -> "New learning rate = 1e-05"
INFO  | 2026/06/03 14:03:54.727430 | [Train] -> "Training EPOCH 60"
INFO  | 2026/06/03 14:11:37.583341 | [Train] -> "Finished training EPOCH 60 with loss 0.001990735108421599, saving"
INFO  | 2026/06/03 14:11:37.863288 | [Validate] -> "Validating for EPOCH 60"
INFO  | 2026/06/03 14:13:10.852376 | [Validate] -> {"val": 0.0022395784464268134, "yes": 2404}
INFO  | 2026/06/03 14:13:10.854880 | [Submit] -> "Submitting EPOCH 60"
INFO  | 2026/06/03 14:17:05.307502 | [scheduler] -> "New learning rate = 1e-05"
INFO  | 2026/06/03 14:17:05.308259 | [Train] -> "Training EPOCH 61"
INFO  | 2026/06/03 14:24:46.847622 | [Train] -> "Finished training EPOCH 61 with loss 0.0019862830013651807, saving"
INFO  | 2026/06/03 14:24:47.041631 | [Validate] -> "Validating for EPOCH 61"
INFO  | 2026/06/03 14:26:19.622672 | [Validate] -> {"val": 0.002237870158434055, "yes": 2380}
INFO  | 2026/06/03 14:26:19.625109 | [Submit] -> "Submitting EPOCH 61"
INFO  | 2026/06/03 14:30:11.677390 | [scheduler] -> "New learning rate = 1e-05"
INFO  | 2026/06/03 14:30:11.678060 | [Train] -> "Training EPOCH 62"
INFO  | 2026/06/03 14:37:55.475280 | [Train] -> "Finished training EPOCH 62 with loss 0.0019845894463882546, saving"
INFO  | 2026/06/03 14:37:55.670706 | [Validate] -> "Validating for EPOCH 62"
INFO  | 2026/06/03 14:39:27.639843 | [Validate] -> {"val": 0.002249196472612946, "yes": 2466}
INFO  | 2026/06/03 14:39:27.641650 | [Submit] -> "Submitting EPOCH 62"
INFO  | 2026/06/03 14:43:20.066620 | [scheduler] -> "New learning rate = 1e-05"
INFO  | 2026/06/03 14:43:20.067769 | [Train] -> "Training EPOCH 63"
INFO  | 2026/06/03 14:51:01.852033 | [Train] -> "Finished training EPOCH 63 with loss 0.0019875256652215558, saving"
INFO  | 2026/06/03 14:51:02.069522 | [Validate] -> "Validating for EPOCH 63"
INFO  | 2026/06/03 14:52:34.954563 | [Validate] -> {"val": 0.0022420343692681134, "yes": 2422}
INFO  | 2026/06/03 14:52:34.956992 | [Submit] -> "Submitting EPOCH 63"
INFO  | 2026/06/03 14:56:27.068049 | [scheduler] -> "New learning rate = 1e-05"
INFO  | 2026/06/03 14:56:27.069208 | [Train] -> "Training EPOCH 64"
INFO  | 2026/06/03 15:04:06.055078 | [Train] -> "Finished training EPOCH 64 with loss 0.0019833176243017397, saving"
INFO  | 2026/06/03 15:04:06.246343 | [Validate] -> "Validating for EPOCH 64"
INFO  | 2026/06/03 15:05:38.514924 | [Validate] -> {"val": 0.00224913960609715, "yes": 2434}
INFO  | 2026/06/03 15:05:38.517296 | [Submit] -> "Submitting EPOCH 64"
INFO  | 2026/06/03 15:09:29.822992 | [scheduler] -> "New learning rate = 1e-05"
INFO  | 2026/06/03 15:09:29.824050 | [Train] -> "Training EPOCH 65"
INFO  | 2026/06/03 15:17:13.656577 | [Train] -> "Finished training EPOCH 65 with loss 0.001978865537191872, saving"
INFO  | 2026/06/03 15:17:13.849146 | [Validate] -> "Validating for EPOCH 65"
INFO  | 2026/06/03 15:18:46.091702 | [Validate] -> {"val": 0.0022474977243312657, "yes": 2468}
INFO  | 2026/06/03 15:18:46.093618 | [Submit] -> "Submitting EPOCH 65"
INFO  | 2026/06/03 15:22:37.119743 | [scheduler] -> "New learning rate = 1e-05"
INFO  | 2026/06/03 15:22:37.120866 | [Train] -> "Training EPOCH 66"
INFO  | 2026/06/03 15:30:19.105125 | [Train] -> "Finished training EPOCH 66 with loss 0.0019780255930289346, saving"
INFO  | 2026/06/03 15:30:19.280663 | [Validate] -> "Validating for EPOCH 66"
INFO  | 2026/06/03 15:31:51.629391 | [Validate] -> {"val": 0.0022495388243547747, "yes": 2411}
INFO  | 2026/06/03 15:31:51.631807 | [Submit] -> "Submitting EPOCH 66"
INFO  | 2026/06/03 15:35:43.709852 | [scheduler] -> "New learning rate = 1e-05"
INFO  | 2026/06/03 15:35:43.710624 | [Train] -> "Training EPOCH 67"
INFO  | 2026/06/03 15:43:24.913554 | [Train] -> "Finished training EPOCH 67 with loss 0.001974979297307282, saving"
INFO  | 2026/06/03 15:43:25.104431 | [Validate] -> "Validating for EPOCH 67"
INFO  | 2026/06/03 15:44:57.349046 | [Validate] -> {"val": 0.002251192408144815, "yes": 2433}
INFO  | 2026/06/03 15:44:57.350438 | [Submit] -> "Submitting EPOCH 67"
INFO  | 2026/06/03 15:48:47.847163 | [scheduler] -> "New learning rate = 1e-05"
INFO  | 2026/06/03 15:48:47.849230 | [Train] -> "Training EPOCH 68"
INFO  | 2026/06/03 15:56:30.401399 | [Train] -> "Finished training EPOCH 68 with loss 0.00197284182155, saving"
INFO  | 2026/06/03 15:56:30.632138 | [Validate] -> "Validating for EPOCH 68"
INFO  | 2026/06/03 15:58:02.799095 | [Validate] -> {"val": 0.00225311604570083, "yes": 2394}
INFO  | 2026/06/03 15:58:02.800850 | [Submit] -> "Submitting EPOCH 68"
INFO  | 2026/06/03 16:01:55.052171 | [scheduler] -> "New learning rate = 1e-05"
INFO  | 2026/06/03 16:01:55.052861 | [Train] -> "Training EPOCH 69"
INFO  | 2026/06/03 16:09:37.117832 | [Train] -> "Finished training EPOCH 69 with loss 0.001973831784226743, saving"
INFO  | 2026/06/03 16:09:37.317421 | [Validate] -> "Validating for EPOCH 69"
INFO  | 2026/06/03 16:11:09.505277 | [Validate] -> {"val": 0.0022532883155035113, "yes": 2430}
INFO  | 2026/06/03 16:11:09.506874 | [Submit] -> "Submitting EPOCH 69"
INFO  | 2026/06/03 16:15:00.644495 | [scheduler] -> "New learning rate = 1e-05"
INFO  | 2026/06/03 16:15:00.645726 | [Train] -> "Training EPOCH 70"
INFO  | 2026/06/03 16:22:41.287662 | [Train] -> "Finished training EPOCH 70 with loss 0.001968398307975254, saving"
INFO  | 2026/06/03 16:22:41.486842 | [Validate] -> "Validating for EPOCH 70"
INFO  | 2026/06/03 16:24:13.368518 | [Validate] -> {"val": 0.0022500227805298785, "yes": 2428}
INFO  | 2026/06/03 16:24:13.370836 | [Submit] -> "Submitting EPOCH 70"
INFO  | 2026/06/03 16:28:03.449712 | [scheduler] -> "New learning rate = 1e-05"
INFO  | 2026/06/03 16:28:03.451703 | [Train] -> "Training EPOCH 71"
INFO  | 2026/06/03 16:35:43.534493 | [Train] -> "Finished training EPOCH 71 with loss 0.0019670456201070193, saving"
INFO  | 2026/06/03 16:35:43.740033 | [Validate] -> "Validating for EPOCH 71"
INFO  | 2026/06/03 16:37:15.954023 | [Validate] -> {"val": 0.0022458944570876898, "yes": 2344}
INFO  | 2026/06/03 16:37:15.955442 | [Submit] -> "Submitting EPOCH 71"
INFO  | 2026/06/03 16:41:07.598530 | [scheduler] -> "New learning rate = 1e-05"
INFO  | 2026/06/03 16:41:07.599605 | [Train] -> "Training EPOCH 72"
INFO  | 2026/06/03 16:48:48.068813 | [Train] -> "Finished training EPOCH 72 with loss 0.0019661905568214917, saving"
INFO  | 2026/06/03 16:48:48.266284 | [Validate] -> "Validating for EPOCH 72"
INFO  | 2026/06/03 16:50:20.706871 | [Validate] -> {"val": 0.002251137604955232, "yes": 2387}
INFO  | 2026/06/03 16:50:20.708365 | [Submit] -> "Submitting EPOCH 72"
INFO  | 2026/06/03 16:54:12.815399 | [scheduler] -> "New learning rate = 1e-05"
INFO  | 2026/06/03 16:54:12.816517 | [Train] -> "Training EPOCH 73"
INFO  | 2026/06/03 17:01:54.133852 | [Train] -> "Finished training EPOCH 73 with loss 0.0019640731575211214, saving"
INFO  | 2026/06/03 17:01:54.323238 | [Validate] -> "Validating for EPOCH 73"
INFO  | 2026/06/03 17:03:27.121704 | [Validate] -> {"val": 0.0022528857494593423, "yes": 2417}
INFO  | 2026/06/03 17:03:27.124252 | [Submit] -> "Submitting EPOCH 73"
INFO  | 2026/06/03 17:07:19.788127 | [scheduler] -> "New learning rate = 1e-05"
INFO  | 2026/06/03 17:07:19.788809 | [Train] -> "Training EPOCH 74"
INFO  | 2026/06/03 17:15:02.920321 | [Train] -> "Finished training EPOCH 74 with loss 0.0019651935244344664, saving"
INFO  | 2026/06/03 17:15:03.121036 | [Validate] -> "Validating for EPOCH 74"
INFO  | 2026/06/03 17:16:35.404203 | [Validate] -> {"val": 0.002254337995573012, "yes": 2419}
INFO  | 2026/06/03 17:16:35.406210 | [Submit] -> "Submitting EPOCH 74"
INFO  | 2026/06/03 17:20:27.450624 | [scheduler] -> "New learning rate = 1e-05"
INFO  | 2026/06/03 17:20:27.451271 | [Train] -> "Training EPOCH 75"
INFO  | 2026/06/03 17:28:10.634672 | [Train] -> "Finished training EPOCH 75 with loss 0.001963513338796191, saving"
INFO  | 2026/06/03 17:28:10.859003 | [Validate] -> "Validating for EPOCH 75"
INFO  | 2026/06/03 17:29:43.331583 | [Validate] -> {"val": 0.002255036115245677, "yes": 2417}
INFO  | 2026/06/03 17:29:43.333846 | [Submit] -> "Submitting EPOCH 75"
INFO  | 2026/06/03 17:33:34.211586 | [scheduler] -> "New learning rate = 1e-05"
INFO  | 2026/06/03 17:33:34.212735 | [Train] -> "Training EPOCH 76"
INFO  | 2026/06/03 17:41:16.804967 | [Train] -> "Finished training EPOCH 76 with loss 0.0019650095727764697, saving"
INFO  | 2026/06/03 17:41:16.997059 | [Validate] -> "Validating for EPOCH 76"
INFO  | 2026/06/03 17:42:49.370789 | [Validate] -> {"val": 0.0022500178906633412, "yes": 2428}
INFO  | 2026/06/03 17:42:49.375042 | [Submit] -> "Submitting EPOCH 76"
INFO  | 2026/06/03 17:46:40.153066 | [scheduler] -> "New learning rate = 1e-05"
INFO  | 2026/06/03 17:46:40.154829 | [Train] -> "Training EPOCH 77"
INFO  | 2026/06/03 17:54:23.433038 | [Train] -> "Finished training EPOCH 77 with loss 0.0019601640655627223, saving"
INFO  | 2026/06/03 17:54:23.630509 | [Validate] -> "Validating for EPOCH 77"
INFO  | 2026/06/03 17:55:55.848994 | [Validate] -> {"val": 0.002254954128401614, "yes": 2415}
INFO  | 2026/06/03 17:55:55.850914 | [Submit] -> "Submitting EPOCH 77"
INFO  | 2026/06/03 17:59:47.195816 | [scheduler] -> "New learning rate = 1e-05"
INFO  | 2026/06/03 17:59:47.197088 | [Train] -> "Training EPOCH 78"
INFO  | 2026/06/03 18:07:29.400269 | [Train] -> "Finished training EPOCH 78 with loss 0.0019588343038969324, saving"
INFO  | 2026/06/03 18:07:29.595556 | [Validate] -> "Validating for EPOCH 78"
INFO  | 2026/06/03 18:09:02.120653 | [Validate] -> {"val": 0.002253849672723486, "yes": 2458}
INFO  | 2026/06/03 18:09:02.123193 | [Submit] -> "Submitting EPOCH 78"
INFO  | 2026/06/03 18:12:53.729520 | [scheduler] -> "New learning rate = 1e-05"
INFO  | 2026/06/03 18:12:53.730446 | [Train] -> "Training EPOCH 79"
INFO  | 2026/06/03 18:20:37.270972 | [Train] -> "Finished training EPOCH 79 with loss 0.0019582635946455776, saving"
INFO  | 2026/06/03 18:20:37.510616 | [Validate] -> "Validating for EPOCH 79"
INFO  | 2026/06/03 18:22:09.820921 | [Validate] -> {"val": 0.0022552302075911387, "yes": 2437}
INFO  | 2026/06/03 18:22:09.822542 | [Submit] -> "Submitting EPOCH 79"
INFO  | 2026/06/03 18:26:03.954164 | [scheduler] -> "New learning rate = 1e-05"
INFO  | 2026/06/03 18:26:03.955249 | [Train] -> "Training EPOCH 80"
INFO  | 2026/06/03 18:33:46.439472 | [Train] -> "Finished training EPOCH 80 with loss 0.001956065831128566, saving"
INFO  | 2026/06/03 18:33:46.633659 | [Validate] -> "Validating for EPOCH 80"
INFO  | 2026/06/03 18:35:18.913328 | [Validate] -> {"val": 0.0022587307556572933, "yes": 2441}
INFO  | 2026/06/03 18:35:18.915385 | [Submit] -> "Submitting EPOCH 80"
INFO  | 2026/06/03 18:39:11.294436 | [scheduler] -> "New learning rate = 1e-05"
INFO  | 2026/06/03 18:39:11.295763 | [Train] -> "Training EPOCH 81"
INFO  | 2026/06/03 18:46:54.086476 | [Train] -> "Finished training EPOCH 81 with loss 0.0019517199249468116, saving"
INFO  | 2026/06/03 18:46:54.285678 | [Validate] -> "Validating for EPOCH 81"
INFO  | 2026/06/03 18:48:26.802338 | [Validate] -> {"val": 0.0022568161742149875, "yes": 2390}
INFO  | 2026/06/03 18:48:26.809313 | [Submit] -> "Submitting EPOCH 81"
INFO  | 2026/06/03 18:52:22.351693 | [scheduler] -> "New learning rate = 1e-05"
INFO  | 2026/06/03 18:52:22.352852 | [Train] -> "Training EPOCH 82"
INFO  | 2026/06/03 19:00:05.863747 | [Train] -> "Finished training EPOCH 82 with loss 0.0019547376160820324, saving"
INFO  | 2026/06/03 19:00:06.076311 | [Validate] -> "Validating for EPOCH 82"
INFO  | 2026/06/03 19:01:38.256406 | [Validate] -> {"val": 0.0022586678249692425, "yes": 2403}
INFO  | 2026/06/03 19:01:38.258143 | [Submit] -> "Submitting EPOCH 82"
INFO  | 2026/06/03 19:05:30.375081 | [scheduler] -> "New learning rate = 1e-05"
INFO  | 2026/06/03 19:05:30.375917 | [Train] -> "Training EPOCH 83"
INFO  | 2026/06/03 19:13:12.302423 | [Train] -> "Finished training EPOCH 83 with loss 0.0019508522769836622, saving"
INFO  | 2026/06/03 19:13:12.538135 | [Validate] -> "Validating for EPOCH 83"
INFO  | 2026/06/03 19:14:44.983084 | [Validate] -> {"val": 0.0022632014217886663, "yes": 2443}
INFO  | 2026/06/03 19:14:44.985348 | [Submit] -> "Submitting EPOCH 83"
INFO  | 2026/06/03 19:18:36.720672 | [scheduler] -> "New learning rate = 1e-05"
INFO  | 2026/06/03 19:18:36.722309 | [Train] -> "Training EPOCH 84"
INFO  | 2026/06/03 19:26:17.978604 | [Train] -> "Finished training EPOCH 84 with loss 0.001947987912515776, saving"
INFO  | 2026/06/03 19:26:18.182561 | [Validate] -> "Validating for EPOCH 84"
INFO  | 2026/06/03 19:27:50.592200 | [Validate] -> {"val": 0.0022612388975387656, "yes": 2443}
INFO  | 2026/06/03 19:27:50.594102 | [Submit] -> "Submitting EPOCH 84"
INFO  | 2026/06/03 19:31:40.736981 | [scheduler] -> "New learning rate = 1e-05"
INFO  | 2026/06/03 19:31:40.738869 | [Train] -> "Training EPOCH 85"
INFO  | 2026/06/03 19:39:28.499818 | [Train] -> "Finished training EPOCH 85 with loss 0.0019463144523465883, saving"
INFO  | 2026/06/03 19:39:28.813274 | [Validate] -> "Validating for EPOCH 85"
INFO  | 2026/06/03 19:41:01.292663 | [Validate] -> {"val": 0.002265878584165516, "yes": 2400}
INFO  | 2026/06/03 19:41:01.295096 | [Submit] -> "Submitting EPOCH 85"
INFO  | 2026/06/03 19:44:52.854131 | [scheduler] -> "New learning rate = 1e-05"
INFO  | 2026/06/03 19:44:52.855382 | [Train] -> "Training EPOCH 86"
INFO  | 2026/06/03 19:52:33.638546 | [Train] -> "Finished training EPOCH 86 with loss 0.0019454471057576833, saving"
INFO  | 2026/06/03 19:52:33.827163 | [Validate] -> "Validating for EPOCH 86"
INFO  | 2026/06/03 19:54:06.115849 | [Validate] -> {"val": 0.002260929405121376, "yes": 2468}
INFO  | 2026/06/03 19:54:06.118385 | [Submit] -> "Submitting EPOCH 86"
INFO  | 2026/06/03 19:57:56.698511 | [scheduler] -> "New learning rate = 1e-05"
INFO  | 2026/06/03 19:57:56.699424 | [Train] -> "Training EPOCH 87"
INFO  | 2026/06/03 20:05:37.150330 | [Train] -> "Finished training EPOCH 87 with loss 0.0019429256776899006, saving"
INFO  | 2026/06/03 20:05:37.347431 | [Validate] -> "Validating for EPOCH 87"
INFO  | 2026/06/03 20:07:09.593876 | [Validate] -> {"val": 0.002260416494780572, "yes": 2428}
INFO  | 2026/06/03 20:07:09.595597 | [Submit] -> "Submitting EPOCH 87"
INFO  | 2026/06/03 20:11:04.621196 | [scheduler] -> "New learning rate = 1e-05"
INFO  | 2026/06/03 20:11:04.622064 | [Train] -> "Training EPOCH 88"
INFO  | 2026/06/03 20:18:47.273505 | [Train] -> "Finished training EPOCH 88 with loss 0.001944763122584868, saving"
INFO  | 2026/06/03 20:18:47.495274 | [Validate] -> "Validating for EPOCH 88"
INFO  | 2026/06/03 20:20:20.052860 | [Validate] -> {"val": 0.002265412982947161, "yes": 2440}
INFO  | 2026/06/03 20:20:20.054355 | [Submit] -> "Submitting EPOCH 88"
INFO  | 2026/06/03 20:24:12.306173 | [scheduler] -> "New learning rate = 1e-05"
INFO  | 2026/06/03 20:24:12.306955 | [Train] -> "Training EPOCH 89"
INFO  | 2026/06/03 20:31:53.719764 | [Train] -> "Finished training EPOCH 89 with loss 0.0019438481638701256, saving"
INFO  | 2026/06/03 20:31:53.918403 | [Validate] -> "Validating for EPOCH 89"
INFO  | 2026/06/03 20:33:25.893920 | [Validate] -> {"val": 0.0022625264350925895, "yes": 2416}
INFO  | 2026/06/03 20:33:25.895499 | [Submit] -> "Submitting EPOCH 89"
INFO  | 2026/06/03 20:37:17.123410 | [scheduler] -> "New learning rate = 1e-05"
INFO  | 2026/06/03 20:37:17.124400 | [Train] -> "Training EPOCH 90"
INFO  | 2026/06/03 20:44:59.146602 | [Train] -> "Finished training EPOCH 90 with loss 0.0019379565510405604, saving"
INFO  | 2026/06/03 20:44:59.374167 | [Validate] -> "Validating for EPOCH 90"
INFO  | 2026/06/03 20:46:31.698635 | [Validate] -> {"val": 0.002262783095005055, "yes": 2404}
INFO  | 2026/06/03 20:46:31.700908 | [Submit] -> "Submitting EPOCH 90"
INFO  | 2026/06/03 20:50:26.628317 | [scheduler] -> "New learning rate = 1e-05"
INFO  | 2026/06/03 20:50:26.629158 | [Train] -> "Training EPOCH 91"
INFO  | 2026/06/03 20:58:08.183874 | [Train] -> "Finished training EPOCH 91 with loss 0.0019401594478567349, saving"
INFO  | 2026/06/03 20:58:08.368944 | [Validate] -> "Validating for EPOCH 91"
INFO  | 2026/06/03 20:59:40.823223 | [Validate] -> {"val": 0.0022572831241082303, "yes": 2404}
INFO  | 2026/06/03 20:59:40.825450 | [Submit] -> "Submitting EPOCH 91"
INFO  | 2026/06/03 21:03:35.255052 | [scheduler] -> "New learning rate = 1e-05"
INFO  | 2026/06/03 21:03:35.256062 | [Train] -> "Training EPOCH 92"
INFO  | 2026/06/03 21:11:17.710242 | [Train] -> "Finished training EPOCH 92 with loss 0.001942519705910874, saving"
INFO  | 2026/06/03 21:11:17.896899 | [Validate] -> "Validating for EPOCH 92"
INFO  | 2026/06/03 21:12:50.043752 | [Validate] -> {"val": 0.0022630028379776483, "yes": 2435}
INFO  | 2026/06/03 21:12:50.045386 | [Submit] -> "Submitting EPOCH 92"
INFO  | 2026/06/03 21:16:48.274076 | [scheduler] -> "New learning rate = 1e-05"
INFO  | 2026/06/03 21:16:48.275424 | [Train] -> "Training EPOCH 93"
INFO  | 2026/06/03 21:24:33.360372 | [Train] -> "Finished training EPOCH 93 with loss 0.0019375420643330038, saving"
INFO  | 2026/06/03 21:24:33.589525 | [Validate] -> "Validating for EPOCH 93"
INFO  | 2026/06/03 21:26:06.344087 | [Validate] -> {"val": 0.0022601766012971787, "yes": 2433}
INFO  | 2026/06/03 21:26:06.346425 | [Submit] -> "Submitting EPOCH 93"
INFO  | 2026/06/03 21:30:01.422236 | [scheduler] -> "New learning rate = 1e-05"
INFO  | 2026/06/03 21:30:01.423299 | [Train] -> "Training EPOCH 94"
INFO  | 2026/06/03 21:37:44.118137 | [Train] -> "Finished training EPOCH 94 with loss 0.0019347885704085789, saving"
INFO  | 2026/06/03 21:37:44.306850 | [Validate] -> "Validating for EPOCH 94"
INFO  | 2026/06/03 21:39:16.567274 | [Validate] -> {"val": 0.0022637716266577035, "yes": 2397}
INFO  | 2026/06/03 21:39:16.568842 | [Submit] -> "Submitting EPOCH 94"
INFO  | 2026/06/03 21:43:08.475844 | [scheduler] -> "New learning rate = 1e-05"
INFO  | 2026/06/03 21:43:08.476948 | [Train] -> "Training EPOCH 95"
INFO  | 2026/06/03 21:50:52.115174 | [Train] -> "Finished training EPOCH 95 with loss 0.0019312023815504533, saving"
INFO  | 2026/06/03 21:50:52.430071 | [Validate] -> "Validating for EPOCH 95"
INFO  | 2026/06/03 21:52:24.538703 | [Validate] -> {"val": 0.0022678677890981755, "yes": 2408}
INFO  | 2026/06/03 21:52:24.540741 | [Submit] -> "Submitting EPOCH 95"
INFO  | 2026/06/03 21:56:17.113007 | [scheduler] -> "New learning rate = 1e-05"
INFO  | 2026/06/03 21:56:17.114096 | [Train] -> "Training EPOCH 96"
INFO  | 2026/06/03 22:04:00.491554 | [Train] -> "Finished training EPOCH 96 with loss 0.0019300631888651773, saving"
INFO  | 2026/06/03 22:04:00.739046 | [Validate] -> "Validating for EPOCH 96"
INFO  | 2026/06/03 22:05:32.897500 | [Validate] -> {"val": 0.002269863733936502, "yes": 2405}
INFO  | 2026/06/03 22:05:32.900279 | [Submit] -> "Submitting EPOCH 96"
INFO  | 2026/06/03 22:09:25.754301 | [scheduler] -> "New learning rate = 1e-05"
INFO  | 2026/06/03 22:09:25.756389 | [Train] -> "Training EPOCH 97"
INFO  | 2026/06/03 22:17:07.952001 | [Train] -> "Finished training EPOCH 97 with loss 0.001931737208480706, saving"
INFO  | 2026/06/03 22:17:08.163037 | [Validate] -> "Validating for EPOCH 97"
INFO  | 2026/06/03 22:18:40.474126 | [Validate] -> {"val": 0.0022667919528916976, "yes": 2435}
INFO  | 2026/06/03 22:18:40.476295 | [Submit] -> "Submitting EPOCH 97"
INFO  | 2026/06/03 22:22:30.962672 | [scheduler] -> "New learning rate = 1e-05"
INFO  | 2026/06/03 22:22:30.964717 | [Train] -> "Training EPOCH 98"
INFO  | 2026/06/03 22:30:11.997307 | [Train] -> "Finished training EPOCH 98 with loss 0.001933678828333606, saving"
INFO  | 2026/06/03 22:30:12.194075 | [Validate] -> "Validating for EPOCH 98"
INFO  | 2026/06/03 22:31:44.561493 | [Validate] -> {"val": 0.0022659654570689296, "yes": 2430}
INFO  | 2026/06/03 22:31:44.563700 | [Submit] -> "Submitting EPOCH 98"
INFO  | 2026/06/03 22:35:36.452721 | [scheduler] -> "New learning rate = 1e-05"
INFO  | 2026/06/03 22:35:36.453779 | [Train] -> "Training EPOCH 99"
INFO  | 2026/06/03 22:43:18.471846 | [Train] -> "Finished training EPOCH 99 with loss 0.001926226825946565, saving"
INFO  | 2026/06/03 22:43:18.663008 | [Validate] -> "Validating for EPOCH 99"
INFO  | 2026/06/03 22:44:51.069169 | [Validate] -> {"val": 0.0022740611629858396, "yes": 2416}
INFO  | 2026/06/03 22:44:51.071050 | [Submit] -> "Submitting EPOCH 99"
INFO  | 2026/06/03 22:48:43.181217 | [scheduler] -> "New learning rate = 1e-05"
INFO  | 2026/06/03 22:48:43.182517 | [Train] -> "Training EPOCH 100"
INFO  | 2026/06/03 22:56:24.734342 | [Train] -> "Finished training EPOCH 100 with loss 0.0019295685318939828, saving"
INFO  | 2026/06/03 22:56:24.939570 | [Validate] -> "Validating for EPOCH 100"
INFO  | 2026/06/03 22:57:57.050102 | [Validate] -> {"val": 0.0022712957431585256, "yes": 2444}
INFO  | 2026/06/03 22:57:57.051714 | [Submit] -> "Submitting EPOCH 100"
INFO  | 2026/06/03 23:01:48.354780 | [scheduler] -> "New learning rate = 1e-05"
INFO  | 2026/06/03 23:01:48.356442 | [Train] -> "Training EPOCH 101"
INFO  | 2026/06/03 23:09:29.982296 | [Train] -> "Finished training EPOCH 101 with loss 0.0019278142665080564, saving"
INFO  | 2026/06/03 23:09:30.173622 | [Validate] -> "Validating for EPOCH 101"
INFO  | 2026/06/03 23:11:02.340656 | [Validate] -> {"val": 0.002269660431666971, "yes": 2401}
INFO  | 2026/06/03 23:11:02.342402 | [Submit] -> "Submitting EPOCH 101"
INFO  | 2026/06/03 23:14:54.791202 | [scheduler] -> "New learning rate = 1e-05"
INFO  | 2026/06/03 23:14:54.791921 | [Train] -> "Training EPOCH 102"
INFO  | 2026/06/03 23:22:37.229229 | [Train] -> "Finished training EPOCH 102 with loss 0.001922269370131241, saving"
INFO  | 2026/06/03 23:22:37.455779 | [Validate] -> "Validating for EPOCH 102"
INFO  | 2026/06/03 23:24:10.016960 | [Validate] -> {"val": 0.0022767494499634647, "yes": 2418}
INFO  | 2026/06/03 23:24:10.020517 | [Submit] -> "Submitting EPOCH 102"
INFO  | 2026/06/03 23:28:02.338031 | [scheduler] -> "New learning rate = 1e-05"
INFO  | 2026/06/03 23:28:02.339111 | [Train] -> "Training EPOCH 103"
INFO  | 2026/06/03 23:35:44.186338 | [Train] -> "Finished training EPOCH 103 with loss 0.0019277418028661906, saving"
INFO  | 2026/06/03 23:35:44.384947 | [Validate] -> "Validating for EPOCH 103"
INFO  | 2026/06/03 23:37:16.962067 | [Validate] -> {"val": 0.002267321522806522, "yes": 2414}
INFO  | 2026/06/03 23:37:16.964661 | [Submit] -> "Submitting EPOCH 103"
INFO  | 2026/06/03 23:41:08.119631 | [scheduler] -> "New learning rate = 1e-05"
INFO  | 2026/06/03 23:41:08.120825 | [Train] -> "Training EPOCH 104"
INFO  | 2026/06/03 23:48:49.590297 | [Train] -> "Finished training EPOCH 104 with loss 0.0019212762038934269, saving"
INFO  | 2026/06/03 23:48:49.789587 | [Validate] -> "Validating for EPOCH 104"
INFO  | 2026/06/03 23:50:24.681970 | [Validate] -> {"val": 0.002271017867991928, "yes": 2404}
INFO  | 2026/06/03 23:50:24.688678 | [Submit] -> "Submitting EPOCH 104"
