INFO  | 2026/05/26 13:37:14.043099 | [Train] -> "Training EPOCH 0"
INFO  | 2026/05/26 13:37:21.897961 | [Train] -> "Training EPOCH 0"
INFO  | 2026/05/26 13:38:12.173165 | [Train] -> "Training EPOCH 0"
INFO  | 2026/05/26 13:39:01.557408 | [Train] -> "Training EPOCH 0"
INFO  | 2026/05/26 13:39:15.840607 | [Train] -> "Training EPOCH 0"
INFO  | 2026/05/26 13:40:46.586780 | [Train] -> "Training EPOCH 0"
INFO  | 2026/05/26 13:41:09.630824 | [Train] -> "Training EPOCH 0"
INFO  | 2026/05/26 13:41:28.197406 | [Train] -> "Training EPOCH 0"
INFO  | 2026/05/26 13:41:53.763419 | [Train] -> "Training EPOCH 0"
INFO  | 2026/05/29 10:19:26.050718 | [Train] -> "Training EPOCH 0"
INFO  | 2026/05/29 10:20:46.278004 | [Train] -> "Training EPOCH 0"
INFO  | 2026/05/29 10:22:24.511145 | [Train] -> "Training EPOCH 0"
INFO  | 2026/05/29 10:23:56.943098 | [Train] -> "Training EPOCH 0"
INFO  | 2026/05/29 10:24:58.043230 | [Train] -> "Training EPOCH 0"
INFO  | 2026/05/29 10:25:22.102027 | [Train] -> "Training EPOCH 0"
INFO  | 2026/05/29 10:25:46.810030 | [Train] -> "Training EPOCH 0"
INFO  | 2026/05/29 10:26:09.006547 | [Train] -> "Training EPOCH 0"
INFO  | 2026/05/29 10:27:08.975103 | [Train] -> "Training EPOCH 0"
INFO  | 2026/05/29 10:27:33.335372 | [Train] -> "Training EPOCH 0"
INFO  | 2026/05/29 10:40:24.711421 | [Train] -> "Training EPOCH 0"
INFO  | 2026/05/29 10:40:50.855078 | [Train] -> "Training EPOCH 0"
INFO  | 2026/05/29 10:41:28.375306 | [Train] -> "Training EPOCH 0"
INFO  | 2026/05/29 10:42:20.987477 | [Train] -> "Training EPOCH 0"
INFO  | 2026/05/29 10:42:35.416266 | [Train] -> "Training EPOCH 0"
INFO  | 2026/05/29 10:47:29.596825 | [Train] -> "Training EPOCH 0"
INFO  | 2026/05/29 10:49:18.473110 | [Train] -> "Training EPOCH 0"
INFO  | 2026/05/29 10:57:07.880006 | [Train] -> "Finished training EPOCH 0 with loss 0.0024595824342998574, saving"
INFO  | 2026/05/29 10:57:08.074765 | [Validate] -> "Validating for EPOCH 0"
INFO  | 2026/05/29 10:58:29.552191 | [Validate] -> {"val": 0.0023596213719683026, "yes": 1439}
INFO  | 2026/05/29 10:58:29.553469 | [Submit] -> "Submitting EPOCH 0"
INFO  | 2026/05/29 10:59:33.684246 | [scheduler] -> "New learning rate = 0.0001"
INFO  | 2026/05/29 10:59:33.685338 | [Train] -> "Training EPOCH 1"
INFO  | 2026/05/29 11:07:35.443740 | [Train] -> "Finished training EPOCH 1 with loss 0.0023659473183532927, saving"
INFO  | 2026/05/29 11:07:35.689464 | [Validate] -> "Validating for EPOCH 1"
INFO  | 2026/05/29 11:08:58.960778 | [Validate] -> {"val": 0.0022789766573919753, "yes": 1493}
INFO  | 2026/05/29 11:08:58.961249 | [Submit] -> "Submitting EPOCH 1"
INFO  | 2026/05/29 11:10:04.039362 | [scheduler] -> "New learning rate = 0.0001"
INFO  | 2026/05/29 11:10:04.039770 | [Train] -> "Training EPOCH 2"
INFO  | 2026/05/29 11:16:45.610115 | [Train] -> "Staticly training EPOCH 0"
INFO  | 2026/05/29 11:20:24.324291 | [Train] -> "Finished training EPOCH 0 with loss 0.0024752118765460646, saving"
INFO  | 2026/05/29 11:20:24.560476 | [Train] -> "Staticly training EPOCH 1"
INFO  | 2026/05/29 11:24:02.582345 | [Train] -> "Finished training EPOCH 1 with loss 0.002417345185012693, saving"
INFO  | 2026/05/29 11:24:02.804450 | [Train] -> "Staticly training EPOCH 2"
INFO  | 2026/05/29 11:27:42.245731 | [Train] -> "Finished training EPOCH 2 with loss 0.002399851470341401, saving"
INFO  | 2026/05/29 11:27:42.434494 | [Train] -> "Staticly training EPOCH 3"
INFO  | 2026/05/29 11:31:17.837337 | [Train] -> "Finished training EPOCH 3 with loss 0.0023849752063593156, saving"
INFO  | 2026/05/29 11:31:18.030307 | [Train] -> "Staticly training EPOCH 4"
INFO  | 2026/05/29 11:34:52.513805 | [Train] -> "Finished training EPOCH 4 with loss 0.002372936735428707, saving"
INFO  | 2026/05/29 11:34:52.711939 | [Train] -> "Training EPOCH 5"
INFO  | 2026/05/29 11:42:45.426599 | [Train] -> "Finished training EPOCH 5 with loss 0.00234537187701155, saving"
INFO  | 2026/05/29 11:42:45.631426 | [Validate] -> "Validating for EPOCH 5"
INFO  | 2026/05/29 11:44:07.449026 | [Validate] -> {"val": 0.0022470969652627097, "yes": 1338}
INFO  | 2026/05/29 11:44:07.449520 | [Submit] -> "Submitting EPOCH 5"
INFO  | 2026/05/29 11:45:11.031097 | [scheduler] -> "New learning rate = 0.0001"
INFO  | 2026/05/29 11:45:11.031503 | [Train] -> "Training EPOCH 6"
INFO  | 2026/05/29 11:52:53.524100 | [Train] -> "Finished training EPOCH 6 with loss 0.0023107487787391028, saving"
INFO  | 2026/05/29 11:52:53.712984 | [Validate] -> "Validating for EPOCH 6"
INFO  | 2026/05/29 11:54:14.375624 | [Validate] -> {"val": 0.002228059346529081, "yes": 1519}
INFO  | 2026/05/29 11:54:14.376938 | [Submit] -> "Submitting EPOCH 6"
INFO  | 2026/05/29 11:55:17.442947 | [scheduler] -> "New learning rate = 0.0001"
INFO  | 2026/05/29 11:55:17.443413 | [Train] -> "Training EPOCH 7"
INFO  | 2026/05/29 12:02:58.171245 | [Train] -> "Finished training EPOCH 7 with loss 0.002280165038486461, saving"
INFO  | 2026/05/29 12:02:58.357463 | [Validate] -> "Validating for EPOCH 7"
INFO  | 2026/05/29 12:04:19.009055 | [Validate] -> {"val": 0.002204932003646824, "yes": 1359}
INFO  | 2026/05/29 12:04:19.010411 | [Submit] -> "Submitting EPOCH 7"
INFO  | 2026/05/29 12:05:22.690382 | [scheduler] -> "New learning rate = 0.0001"
INFO  | 2026/05/29 12:05:22.690854 | [Train] -> "Training EPOCH 8"
INFO  | 2026/05/29 12:13:09.571885 | [Train] -> "Finished training EPOCH 8 with loss 0.0022609990548539756, saving"
INFO  | 2026/05/29 12:13:09.779294 | [Validate] -> "Validating for EPOCH 8"
INFO  | 2026/05/29 12:14:32.578696 | [Validate] -> {"val": 0.0021881892683923918, "yes": 1445}
INFO  | 2026/05/29 12:14:32.580630 | [Submit] -> "Submitting EPOCH 8"
INFO  | 2026/05/29 12:15:36.008601 | [scheduler] -> "New learning rate = 0.0001"
INFO  | 2026/05/29 12:15:36.009059 | [Train] -> "Training EPOCH 9"
INFO  | 2026/05/29 12:23:34.803104 | [Train] -> "Finished training EPOCH 9 with loss 0.002223265109325518, saving"
INFO  | 2026/05/29 12:23:35.011109 | [Validate] -> "Validating for EPOCH 9"
INFO  | 2026/05/29 12:24:57.451695 | [Validate] -> {"val": 0.002188428288591663, "yes": 1590}
INFO  | 2026/05/29 12:24:57.454106 | [Submit] -> "Submitting EPOCH 9"
INFO  | 2026/05/29 12:26:02.634561 | [scheduler] -> "New learning rate = 0.0001"
INFO  | 2026/05/29 12:26:02.635021 | [Train] -> "Training EPOCH 10"
INFO  | 2026/05/29 12:33:43.450667 | [Train] -> "Finished training EPOCH 10 with loss 0.0022104726396385012, saving"
INFO  | 2026/05/29 12:33:43.666935 | [Validate] -> "Validating for EPOCH 10"
INFO  | 2026/05/29 12:35:04.611093 | [Validate] -> {"val": 0.002220086401922704, "yes": 1543}
INFO  | 2026/05/29 12:35:04.612430 | [Submit] -> "Submitting EPOCH 10"
INFO  | 2026/05/29 12:36:08.372530 | [scheduler] -> "New learning rate = 0.0001"
INFO  | 2026/05/29 12:36:08.373053 | [Train] -> "Training EPOCH 11"
INFO  | 2026/05/29 12:43:49.615089 | [Train] -> "Finished training EPOCH 11 with loss 0.002187170889344635, saving"
INFO  | 2026/05/29 12:43:49.812241 | [Validate] -> "Validating for EPOCH 11"
INFO  | 2026/05/29 12:45:10.604461 | [Validate] -> {"val": 0.0022036299317754362, "yes": 1599}
INFO  | 2026/05/29 12:45:10.606015 | [Submit] -> "Submitting EPOCH 11"
INFO  | 2026/05/29 12:46:13.938260 | [scheduler] -> "New learning rate = 0.0001"
INFO  | 2026/05/29 12:46:13.938724 | [Train] -> "Training EPOCH 12"
INFO  | 2026/05/29 12:54:03.512935 | [Train] -> "Finished training EPOCH 12 with loss 0.002149441478501228, saving"
INFO  | 2026/05/29 12:54:03.726129 | [Validate] -> "Validating for EPOCH 12"
INFO  | 2026/05/29 12:55:25.185480 | [Validate] -> {"val": 0.0021964111960145138, "yes": 1530}
INFO  | 2026/05/29 12:55:25.186838 | [Submit] -> "Submitting EPOCH 12"
INFO  | 2026/05/29 12:56:29.459099 | [scheduler] -> "New learning rate = 1e-05"
INFO  | 2026/05/29 12:56:29.460096 | [Train] -> "Training EPOCH 13"
INFO  | 2026/05/29 13:04:12.188262 | [Train] -> "Finished training EPOCH 13 with loss 0.0021308565935166408, saving"
INFO  | 2026/05/29 13:04:12.378355 | [Validate] -> "Validating for EPOCH 13"
INFO  | 2026/05/29 13:05:33.310462 | [Validate] -> {"val": 0.002176121817810358, "yes": 1611}
INFO  | 2026/05/29 13:05:33.312745 | [Submit] -> "Submitting EPOCH 13"
INFO  | 2026/05/29 13:06:37.211505 | [scheduler] -> "New learning rate = 1e-05"
INFO  | 2026/05/29 13:06:37.212003 | [Train] -> "Training EPOCH 14"
INFO  | 2026/05/29 13:14:18.760698 | [Train] -> "Finished training EPOCH 14 with loss 0.0021045599567973724, saving"
INFO  | 2026/05/29 13:14:18.990741 | [Validate] -> "Validating for EPOCH 14"
INFO  | 2026/05/29 13:15:39.830251 | [Validate] -> {"val": 0.0021716946225645846, "yes": 1645}
INFO  | 2026/05/29 13:15:39.831822 | [Submit] -> "Submitting EPOCH 14"
INFO  | 2026/05/29 13:16:42.882806 | [scheduler] -> "New learning rate = 1e-05"
INFO  | 2026/05/29 13:16:42.883301 | [Train] -> "Training EPOCH 15"
INFO  | 2026/05/29 13:24:24.295954 | [Train] -> "Finished training EPOCH 15 with loss 0.002093399397309324, saving"
INFO  | 2026/05/29 13:24:24.520210 | [Validate] -> "Validating for EPOCH 15"
INFO  | 2026/05/29 13:25:45.491407 | [Validate] -> {"val": 0.0021796972508783194, "yes": 1605}
INFO  | 2026/05/29 13:25:45.492962 | [Submit] -> "Submitting EPOCH 15"
INFO  | 2026/05/29 13:26:49.215232 | [scheduler] -> "New learning rate = 1e-05"
INFO  | 2026/05/29 13:26:49.215710 | [Train] -> "Training EPOCH 16"
INFO  | 2026/05/29 13:34:29.873938 | [Train] -> "Finished training EPOCH 16 with loss 0.002095581459409537, saving"
INFO  | 2026/05/29 13:34:30.084651 | [Validate] -> "Validating for EPOCH 16"
INFO  | 2026/05/29 13:35:50.899677 | [Validate] -> {"val": 0.0021840244759893488, "yes": 1580}
INFO  | 2026/05/29 13:35:50.901095 | [Submit] -> "Submitting EPOCH 16"
INFO  | 2026/05/29 13:36:54.366062 | [scheduler] -> "New learning rate = 1e-05"
INFO  | 2026/05/29 13:36:54.366528 | [Train] -> "Training EPOCH 17"
INFO  | 2026/05/29 13:44:35.651518 | [Train] -> "Finished training EPOCH 17 with loss 0.002091834255250467, saving"
INFO  | 2026/05/29 13:44:35.865900 | [Validate] -> "Validating for EPOCH 17"
INFO  | 2026/05/29 13:45:56.716305 | [Validate] -> {"val": 0.0021912089841227794, "yes": 1646}
INFO  | 2026/05/29 13:45:56.717855 | [Submit] -> "Submitting EPOCH 17"
INFO  | 2026/05/29 13:47:02.939600 | [scheduler] -> "New learning rate = 1e-05"
INFO  | 2026/05/29 13:47:02.940106 | [Train] -> "Training EPOCH 18"
INFO  | 2026/05/29 13:54:44.180792 | [Train] -> "Finished training EPOCH 18 with loss 0.002082755163346774, saving"
INFO  | 2026/05/29 13:54:44.406365 | [Validate] -> "Validating for EPOCH 18"
INFO  | 2026/05/29 13:56:05.204378 | [Validate] -> {"val": 0.0021892326341997454, "yes": 1622}
INFO  | 2026/05/29 13:56:05.206224 | [Submit] -> "Submitting EPOCH 18"
INFO  | 2026/05/29 13:57:09.066774 | [scheduler] -> "New learning rate = 1e-05"
INFO  | 2026/05/29 13:57:09.067245 | [Train] -> "Training EPOCH 19"
INFO  | 2026/05/29 14:04:50.088865 | [Train] -> "Finished training EPOCH 19 with loss 0.002093052053229297, saving"
INFO  | 2026/05/29 14:04:50.299808 | [Validate] -> "Validating for EPOCH 19"
INFO  | 2026/05/29 14:06:11.272110 | [Validate] -> {"val": 0.002204009722126377, "yes": 1660}
INFO  | 2026/05/29 14:06:11.273793 | [Submit] -> "Submitting EPOCH 19"
INFO  | 2026/05/29 14:07:14.816440 | [scheduler] -> "New learning rate = 1e-05"
INFO  | 2026/05/29 14:07:14.816905 | [Train] -> "Training EPOCH 20"
INFO  | 2026/05/29 14:14:55.566323 | [Train] -> "Finished training EPOCH 20 with loss 0.0020912624765013423, saving"
INFO  | 2026/05/29 14:14:55.767849 | [Validate] -> "Validating for EPOCH 20"
INFO  | 2026/05/29 14:16:16.761874 | [Validate] -> {"val": 0.0021953702920189584, "yes": 1680}
INFO  | 2026/05/29 14:16:16.762901 | [Submit] -> "Submitting EPOCH 20"
INFO  | 2026/05/29 14:17:20.900735 | [scheduler] -> "New learning rate = 1e-05"
INFO  | 2026/05/29 14:17:20.901238 | [Train] -> "Training EPOCH 21"
INFO  | 2026/05/29 14:25:06.671211 | [Train] -> "Finished training EPOCH 21 with loss 0.002086000134979848, saving"
INFO  | 2026/05/29 14:25:06.888483 | [Validate] -> "Validating for EPOCH 21"
INFO  | 2026/05/29 14:26:27.666545 | [Validate] -> {"val": 0.0021895938463235643, "yes": 1604}
INFO  | 2026/05/29 14:26:27.668558 | [Submit] -> "Submitting EPOCH 21"
INFO  | 2026/05/29 14:27:30.187739 | [scheduler] -> "New learning rate = 1e-05"
INFO  | 2026/05/29 14:27:30.188395 | [Train] -> "Training EPOCH 22"
INFO  | 2026/05/29 14:35:11.263721 | [Train] -> "Finished training EPOCH 22 with loss 0.002071109183953721, saving"
INFO  | 2026/05/29 14:35:11.458508 | [Validate] -> "Validating for EPOCH 22"
INFO  | 2026/05/29 14:36:32.365573 | [Validate] -> {"val": 0.0022041315259716506, "yes": 1629}
INFO  | 2026/05/29 14:36:32.366961 | [Submit] -> "Submitting EPOCH 22"
INFO  | 2026/05/29 14:37:36.135381 | [scheduler] -> "New learning rate = 1e-05"
INFO  | 2026/05/29 14:37:36.136404 | [Train] -> "Training EPOCH 23"
INFO  | 2026/05/29 14:45:18.004408 | [Train] -> "Finished training EPOCH 23 with loss 0.0020660742561005034, saving"
INFO  | 2026/05/29 14:45:18.196660 | [Validate] -> "Validating for EPOCH 23"
INFO  | 2026/05/29 14:46:39.004203 | [Validate] -> {"val": 0.0022184235594765998, "yes": 1696}
INFO  | 2026/05/29 14:46:39.005109 | [Submit] -> "Submitting EPOCH 23"
INFO  | 2026/05/29 14:47:43.021095 | [scheduler] -> "New learning rate = 1e-05"
INFO  | 2026/05/29 14:47:43.021481 | [Train] -> "Training EPOCH 24"
INFO  | 2026/05/29 14:55:25.558599 | [Train] -> "Finished training EPOCH 24 with loss 0.002086894049793714, saving"
INFO  | 2026/05/29 14:55:25.769723 | [Validate] -> "Validating for EPOCH 24"
INFO  | 2026/05/29 14:56:46.591319 | [Validate] -> {"val": 0.002220485077613862, "yes": 1666}
INFO  | 2026/05/29 14:56:46.594079 | [Submit] -> "Submitting EPOCH 24"
INFO  | 2026/05/29 14:57:50.756544 | [scheduler] -> "New learning rate = 1e-05"
INFO  | 2026/05/29 14:57:50.757009 | [Train] -> "Training EPOCH 25"
INFO  | 2026/05/29 15:05:32.223249 | [Train] -> "Finished training EPOCH 25 with loss 0.0020642515442354423, saving"
INFO  | 2026/05/29 15:05:32.422007 | [Validate] -> "Validating for EPOCH 25"
INFO  | 2026/05/29 15:06:53.345330 | [Validate] -> {"val": 0.002217684414232323, "yes": 1679}
INFO  | 2026/05/29 15:06:53.347957 | [Submit] -> "Submitting EPOCH 25"
INFO  | 2026/05/29 15:07:58.711639 | [scheduler] -> "New learning rate = 1e-05"
INFO  | 2026/05/29 15:07:58.712736 | [Train] -> "Training EPOCH 26"
INFO  | 2026/05/29 15:15:40.947380 | [Train] -> "Finished training EPOCH 26 with loss 0.002052023723747616, saving"
INFO  | 2026/05/29 15:15:41.152826 | [Validate] -> "Validating for EPOCH 26"
INFO  | 2026/05/29 15:17:01.971011 | [Validate] -> {"val": 0.002228248244094619, "yes": 1628}
INFO  | 2026/05/29 15:17:01.971877 | [Submit] -> "Submitting EPOCH 26"
INFO  | 2026/05/29 15:18:05.200534 | [scheduler] -> "New learning rate = 1e-05"
INFO  | 2026/05/29 15:18:05.200923 | [Train] -> "Training EPOCH 27"
INFO  | 2026/05/29 15:25:49.145970 | [Train] -> "Finished training EPOCH 27 with loss 0.002045926011480809, saving"
INFO  | 2026/05/29 15:25:49.333325 | [Validate] -> "Validating for EPOCH 27"
INFO  | 2026/05/29 15:27:10.327694 | [Validate] -> {"val": 0.002223787171567173, "yes": 1642}
INFO  | 2026/05/29 15:27:10.329502 | [Submit] -> "Submitting EPOCH 27"
INFO  | 2026/05/29 15:28:14.271883 | [scheduler] -> "New learning rate = 1e-05"
INFO  | 2026/05/29 15:28:14.272348 | [Train] -> "Training EPOCH 28"
INFO  | 2026/05/29 15:35:55.765380 | [Train] -> "Finished training EPOCH 28 with loss 0.002065145038285893, saving"
INFO  | 2026/05/29 15:35:55.943017 | [Validate] -> "Validating for EPOCH 28"
INFO  | 2026/05/29 15:37:16.808339 | [Validate] -> {"val": 0.0022125282335172265, "yes": 1603}
INFO  | 2026/05/29 15:37:16.810035 | [Submit] -> "Submitting EPOCH 28"
INFO  | 2026/05/29 15:38:23.470776 | [scheduler] -> "New learning rate = 1e-05"
INFO  | 2026/05/29 15:38:23.471283 | [Train] -> "Training EPOCH 29"
INFO  | 2026/05/29 15:46:04.772383 | [Train] -> "Finished training EPOCH 29 with loss 0.002060792496285729, saving"
INFO  | 2026/05/29 15:46:04.962484 | [Validate] -> "Validating for EPOCH 29"
INFO  | 2026/05/29 15:47:26.579387 | [Validate] -> {"val": 0.0022094247620390336, "yes": 1646}
INFO  | 2026/05/29 15:47:26.581572 | [Submit] -> "Submitting EPOCH 29"
INFO  | 2026/05/29 15:48:30.265991 | [scheduler] -> "New learning rate = 1e-05"
INFO  | 2026/05/29 15:48:30.266470 | [Train] -> "Training EPOCH 30"
INFO  | 2026/05/29 15:56:11.131099 | [Train] -> "Finished training EPOCH 30 with loss 0.0020471921812226512, saving"
INFO  | 2026/05/29 15:56:11.307179 | [Validate] -> "Validating for EPOCH 30"
INFO  | 2026/05/29 15:57:32.099761 | [Validate] -> {"val": 0.0022281750393313964, "yes": 1663}
INFO  | 2026/05/29 15:57:32.101174 | [Submit] -> "Submitting EPOCH 30"
INFO  | 2026/05/29 15:58:35.613812 | [scheduler] -> "New learning rate = 1e-05"
INFO  | 2026/05/29 15:58:35.614283 | [Train] -> "Training EPOCH 31"
INFO  | 2026/05/29 16:06:16.346591 | [Train] -> "Finished training EPOCH 31 with loss 0.002062511281618077, saving"
INFO  | 2026/05/29 16:06:16.524594 | [Validate] -> "Validating for EPOCH 31"
INFO  | 2026/05/29 16:07:37.382101 | [Validate] -> {"val": 0.0022248079725148613, "yes": 1642}
INFO  | 2026/05/29 16:07:37.383627 | [Submit] -> "Submitting EPOCH 31"
INFO  | 2026/05/29 16:08:43.202947 | [scheduler] -> "New learning rate = 1e-05"
INFO  | 2026/05/29 16:08:43.203430 | [Train] -> "Training EPOCH 32"
INFO  | 2026/05/29 16:16:38.213693 | [Train] -> "Finished training EPOCH 32 with loss 0.002052656367400841, saving"
INFO  | 2026/05/29 16:16:38.405633 | [Validate] -> "Validating for EPOCH 32"
INFO  | 2026/05/29 16:17:59.404329 | [Validate] -> {"val": 0.0022272627678365437, "yes": 1715}
INFO  | 2026/05/29 16:17:59.406772 | [Submit] -> "Submitting EPOCH 32"
INFO  | 2026/05/29 16:19:02.591988 | [scheduler] -> "New learning rate = 1e-05"
INFO  | 2026/05/29 16:19:02.592457 | [Train] -> "Training EPOCH 33"
INFO  | 2026/05/29 16:26:44.355939 | [Train] -> "Finished training EPOCH 33 with loss 0.0020483410113557848, saving"
INFO  | 2026/05/29 16:26:44.529026 | [Validate] -> "Validating for EPOCH 33"
INFO  | 2026/05/29 16:28:05.280488 | [Validate] -> {"val": 0.0022217261448954665, "yes": 1675}
INFO  | 2026/05/29 16:28:05.281715 | [Submit] -> "Submitting EPOCH 33"
INFO  | 2026/05/29 16:29:09.963806 | [scheduler] -> "New learning rate = 1e-05"
INFO  | 2026/05/29 16:29:09.964830 | [Train] -> "Training EPOCH 34"
INFO  | 2026/05/29 16:36:56.282995 | [Train] -> "Finished training EPOCH 34 with loss 0.0020498943347570914, saving"
INFO  | 2026/05/29 16:36:56.452505 | [Validate] -> "Validating for EPOCH 34"
INFO  | 2026/05/29 16:38:17.339005 | [Validate] -> {"val": 0.0022212450433492683, "yes": 1671}
INFO  | 2026/05/29 16:38:17.340496 | [Submit] -> "Submitting EPOCH 34"
INFO  | 2026/05/29 16:39:19.674771 | [scheduler] -> "New learning rate = 1e-05"
INFO  | 2026/05/29 16:39:19.675074 | [Train] -> "Training EPOCH 35"
INFO  | 2026/05/29 16:47:12.586462 | [Train] -> "Finished training EPOCH 35 with loss 0.00203745329427617, saving"
INFO  | 2026/05/29 16:47:12.764264 | [Validate] -> "Validating for EPOCH 35"
INFO  | 2026/05/29 16:48:35.019657 | [Validate] -> {"val": 0.002219535009042078, "yes": 1662}
INFO  | 2026/05/29 16:48:35.020343 | [Submit] -> "Submitting EPOCH 35"
INFO  | 2026/05/29 16:49:40.733385 | [scheduler] -> "New learning rate = 1e-05"
INFO  | 2026/05/29 16:49:40.734429 | [Train] -> "Training EPOCH 36"
INFO  | 2026/05/29 16:54:01.857142 | [Train] -> "Statically training EPOCH 0"
INFO  | 2026/05/29 16:57:39.936910 | [Train] -> "Finished training EPOCH 0 with loss 0.0024927706156662923, saving"
INFO  | 2026/05/29 16:57:40.145636 | [Train] -> "Statically training EPOCH 1"
INFO  | 2026/05/29 17:01:20.865082 | [Train] -> "Finished training EPOCH 1 with loss 0.0024439335666521455, saving"
INFO  | 2026/05/29 17:01:21.095953 | [Train] -> "Statically training EPOCH 2"
INFO  | 2026/05/29 17:05:11.360251 | [Train] -> "Finished training EPOCH 2 with loss 0.002426472236910063, saving"
INFO  | 2026/05/29 17:05:11.515736 | [Train] -> "Statically training EPOCH 3"
INFO  | 2026/05/29 17:08:47.600776 | [Train] -> "Finished training EPOCH 3 with loss 0.0024154996925912727, saving"
INFO  | 2026/05/29 17:08:47.775959 | [Train] -> "Statically training EPOCH 4"
INFO  | 2026/05/29 17:12:33.759587 | [Train] -> "Finished training EPOCH 4 with loss 0.0024056050182984577, saving"
INFO  | 2026/05/29 17:12:33.940686 | [Train] -> "Training EPOCH 5"
INFO  | 2026/05/29 17:20:21.885253 | [Train] -> "Finished training EPOCH 5 with loss 0.002364194700552435, saving"
INFO  | 2026/05/29 17:20:22.069699 | [Validate] -> "Validating for EPOCH 5"
INFO  | 2026/05/29 17:21:46.123027 | [Validate] -> {"val": 0.002286260411110138, "yes": 1582}
INFO  | 2026/05/29 17:21:46.124205 | [Submit] -> "Submitting EPOCH 5"
INFO  | 2026/05/29 17:22:50.567975 | [scheduler] -> "New learning rate = 0.0001"
INFO  | 2026/05/29 17:22:50.568400 | [Train] -> "Training EPOCH 6"
INFO  | 2026/05/29 17:30:40.008770 | [Train] -> "Finished training EPOCH 6 with loss 0.0023188735571663794, saving"
INFO  | 2026/05/29 17:30:40.188040 | [Validate] -> "Validating for EPOCH 6"
INFO  | 2026/05/29 17:32:04.121735 | [Validate] -> {"val": 0.002250627608043223, "yes": 1541}
INFO  | 2026/05/29 17:32:04.122954 | [Submit] -> "Submitting EPOCH 6"
INFO  | 2026/05/29 17:33:10.737072 | [scheduler] -> "New learning rate = 0.0001"
INFO  | 2026/05/29 17:33:10.737576 | [Train] -> "Training EPOCH 7"
INFO  | 2026/05/29 17:40:59.251307 | [Train] -> "Finished training EPOCH 7 with loss 0.0022803688332629956, saving"
INFO  | 2026/05/29 17:40:59.419363 | [Validate] -> "Validating for EPOCH 7"
INFO  | 2026/05/29 17:42:22.982928 | [Validate] -> {"val": 0.00222636690218784, "yes": 1601}
INFO  | 2026/05/29 17:42:22.984553 | [Submit] -> "Submitting EPOCH 7"
INFO  | 2026/05/29 17:43:31.905684 | [scheduler] -> "New learning rate = 0.0001"
INFO  | 2026/05/29 17:43:31.906818 | [Train] -> "Training EPOCH 8"
INFO  | 2026/05/29 17:51:18.880764 | [Train] -> "Finished training EPOCH 8 with loss 0.002254883056024896, saving"
INFO  | 2026/05/29 17:51:19.059280 | [Validate] -> "Validating for EPOCH 8"
INFO  | 2026/05/29 17:52:42.774107 | [Validate] -> {"val": 0.002209964446634796, "yes": 1556}
INFO  | 2026/05/29 17:52:42.776055 | [Submit] -> "Submitting EPOCH 8"
INFO  | 2026/05/29 17:53:48.656628 | [scheduler] -> "New learning rate = 0.0001"
INFO  | 2026/05/29 17:53:48.657646 | [Train] -> "Training EPOCH 9"
INFO  | 2026/05/29 18:01:34.874399 | [Train] -> "Finished training EPOCH 9 with loss 0.0022203739200112324, saving"
INFO  | 2026/05/29 18:01:35.054360 | [Validate] -> "Validating for EPOCH 9"
INFO  | 2026/05/29 18:02:58.890547 | [Validate] -> {"val": 0.0022016915598976274, "yes": 1497}
INFO  | 2026/05/29 18:02:58.891444 | [Submit] -> "Submitting EPOCH 9"
INFO  | 2026/05/29 18:04:03.760635 | [scheduler] -> "New learning rate = 0.0001"
INFO  | 2026/05/29 18:04:03.761058 | [Train] -> "Training EPOCH 10"
INFO  | 2026/05/29 18:11:50.629392 | [Train] -> "Finished training EPOCH 10 with loss 0.0022102540730269526, saving"
INFO  | 2026/05/29 18:11:50.806707 | [Validate] -> "Validating for EPOCH 10"
INFO  | 2026/05/29 18:13:14.371995 | [Validate] -> {"val": 0.002173852201701456, "yes": 1622}
INFO  | 2026/05/29 18:13:14.373544 | [Submit] -> "Submitting EPOCH 10"
INFO  | 2026/05/29 18:14:19.087007 | [scheduler] -> "New learning rate = 0.0001"
INFO  | 2026/05/29 18:14:19.087553 | [Train] -> "Training EPOCH 11"
INFO  | 2026/05/29 18:22:05.840057 | [Train] -> "Finished training EPOCH 11 with loss 0.00217762294122398, saving"
INFO  | 2026/05/29 18:22:06.007243 | [Validate] -> "Validating for EPOCH 11"
INFO  | 2026/05/29 18:23:29.799111 | [Validate] -> {"val": 0.0021720848836953655, "yes": 1647}
INFO  | 2026/05/29 18:23:29.800706 | [Submit] -> "Submitting EPOCH 11"
INFO  | 2026/05/29 18:24:35.035091 | [scheduler] -> "New learning rate = 0.0001"
INFO  | 2026/05/29 18:24:35.036179 | [Train] -> "Training EPOCH 12"
INFO  | 2026/05/29 18:32:21.824505 | [Train] -> "Finished training EPOCH 12 with loss 0.0021574162161470947, saving"
INFO  | 2026/05/29 18:32:22.005512 | [Validate] -> "Validating for EPOCH 12"
INFO  | 2026/05/29 18:33:45.736897 | [Validate] -> {"val": 0.0021814156545672653, "yes": 1702}
INFO  | 2026/05/29 18:33:45.739397 | [Submit] -> "Submitting EPOCH 12"
INFO  | 2026/05/29 18:34:50.262805 | [scheduler] -> "New learning rate = 0.0001"
INFO  | 2026/05/29 18:34:50.263186 | [Train] -> "Training EPOCH 13"
INFO  | 2026/05/29 18:42:40.431578 | [Train] -> "Finished training EPOCH 13 with loss 0.0021436598419568667, saving"
INFO  | 2026/05/29 18:42:40.599764 | [Validate] -> "Validating for EPOCH 13"
INFO  | 2026/05/29 18:44:04.162682 | [Validate] -> {"val": 0.0021602863254334215, "yes": 1708}
INFO  | 2026/05/29 18:44:04.165009 | [Submit] -> "Submitting EPOCH 13"
INFO  | 2026/05/29 18:45:13.096339 | [scheduler] -> "New learning rate = 0.0001"
INFO  | 2026/05/29 18:45:13.097394 | [Train] -> "Training EPOCH 14"
INFO  | 2026/05/29 18:53:13.136833 | [Train] -> "Finished training EPOCH 14 with loss 0.0021255776172973842, saving"
INFO  | 2026/05/29 18:53:13.301802 | [Validate] -> "Validating for EPOCH 14"
INFO  | 2026/05/29 18:54:37.229173 | [Validate] -> {"val": 0.002215927939771994, "yes": 1638}
INFO  | 2026/05/29 18:54:37.231716 | [Submit] -> "Submitting EPOCH 14"
INFO  | 2026/05/29 18:55:43.876940 | [scheduler] -> "New learning rate = 0.0001"
INFO  | 2026/05/29 18:55:43.881452 | [Train] -> "Training EPOCH 15"
INFO  | 2026/05/29 19:03:40.828241 | [Train] -> "Finished training EPOCH 15 with loss 0.002113426147707712, saving"
INFO  | 2026/05/29 19:03:41.001663 | [Validate] -> "Validating for EPOCH 15"
INFO  | 2026/05/29 19:05:04.982976 | [Validate] -> {"val": 0.002169832220906121, "yes": 1634}
INFO  | 2026/05/29 19:05:04.985432 | [Submit] -> "Submitting EPOCH 15"
INFO  | 2026/05/29 19:06:09.724925 | [scheduler] -> "New learning rate = 0.0001"
INFO  | 2026/05/29 19:06:09.725379 | [Train] -> "Training EPOCH 16"
INFO  | 2026/05/29 19:14:01.187978 | [Train] -> "Finished training EPOCH 16 with loss 0.002091661691477064, saving"
INFO  | 2026/05/29 19:14:01.369257 | [Validate] -> "Validating for EPOCH 16"
INFO  | 2026/05/29 19:15:25.036229 | [Validate] -> {"val": 0.0021967487330182976, "yes": 1496}
INFO  | 2026/05/29 19:15:25.037746 | [Submit] -> "Submitting EPOCH 16"
INFO  | 2026/05/29 19:16:30.684153 | [scheduler] -> "New learning rate = 0.0001"
INFO  | 2026/05/29 19:16:30.685265 | [Train] -> "Training EPOCH 17"
INFO  | 2026/05/29 19:24:18.698555 | [Train] -> "Finished training EPOCH 17 with loss 0.0020739130414674217, saving"
INFO  | 2026/05/29 19:24:18.877107 | [Validate] -> "Validating for EPOCH 17"
INFO  | 2026/05/29 19:25:42.722790 | [Validate] -> {"val": 0.002191093578128561, "yes": 1643}
INFO  | 2026/05/29 19:25:42.723706 | [Submit] -> "Submitting EPOCH 17"
INFO  | 2026/05/29 19:26:48.731688 | [scheduler] -> "New learning rate = 1e-05"
INFO  | 2026/05/29 19:26:48.732208 | [Train] -> "Training EPOCH 18"
INFO  | 2026/05/29 19:34:39.562467 | [Train] -> "Finished training EPOCH 18 with loss 0.0020412507654106785, saving"
INFO  | 2026/05/29 19:34:39.744526 | [Validate] -> "Validating for EPOCH 18"
INFO  | 2026/05/29 19:36:02.013899 | [Validate] -> {"val": 0.002157164686481295, "yes": 1714}
INFO  | 2026/05/29 19:36:02.014653 | [Submit] -> "Submitting EPOCH 18"
INFO  | 2026/05/29 19:37:06.360272 | [scheduler] -> "New learning rate = 1e-05"
INFO  | 2026/05/29 19:37:06.361279 | [Train] -> "Training EPOCH 19"
INFO  | 2026/05/29 19:44:56.795302 | [Train] -> "Finished training EPOCH 19 with loss 0.002034500069884334, saving"
INFO  | 2026/05/29 19:44:56.969633 | [Validate] -> "Validating for EPOCH 19"
INFO  | 2026/05/29 19:46:21.451170 | [Validate] -> {"val": 0.0021666021322828805, "yes": 1654}
INFO  | 2026/05/29 19:46:21.452560 | [Submit] -> "Submitting EPOCH 19"
INFO  | 2026/05/29 19:47:27.402120 | [scheduler] -> "New learning rate = 1e-05"
INFO  | 2026/05/29 19:47:27.402625 | [Train] -> "Training EPOCH 20"
INFO  | 2026/05/29 19:55:16.306515 | [Train] -> "Finished training EPOCH 20 with loss 0.002030146139749323, saving"
INFO  | 2026/05/29 19:55:16.487551 | [Validate] -> "Validating for EPOCH 20"
INFO  | 2026/05/29 19:56:39.852390 | [Validate] -> {"val": 0.00216545647970972, "yes": 1686}
INFO  | 2026/05/29 19:56:39.854081 | [Submit] -> "Submitting EPOCH 20"
INFO  | 2026/05/29 19:57:44.242969 | [scheduler] -> "New learning rate = 1e-05"
INFO  | 2026/05/29 19:57:44.244052 | [Train] -> "Training EPOCH 21"
INFO  | 2026/05/29 20:05:31.155475 | [Train] -> "Finished training EPOCH 21 with loss 0.002022615563765609, saving"
INFO  | 2026/05/29 20:05:31.342241 | [Validate] -> "Validating for EPOCH 21"
INFO  | 2026/05/29 20:06:54.961574 | [Validate] -> {"val": 0.002184510840168006, "yes": 1644}
INFO  | 2026/05/29 20:06:54.963130 | [Submit] -> "Submitting EPOCH 21"
INFO  | 2026/05/29 20:07:59.622583 | [scheduler] -> "New learning rate = 1e-05"
INFO  | 2026/05/29 20:07:59.623045 | [Train] -> "Training EPOCH 22"
INFO  | 2026/05/29 20:15:48.937433 | [Train] -> "Finished training EPOCH 22 with loss 0.0020165881268952818, saving"
INFO  | 2026/05/29 20:15:49.122855 | [Validate] -> "Validating for EPOCH 22"
INFO  | 2026/05/29 20:17:10.665418 | [Validate] -> {"val": 0.002180770466132577, "yes": 1708}
INFO  | 2026/05/29 20:17:10.667587 | [Submit] -> "Submitting EPOCH 22"
INFO  | 2026/05/29 20:18:15.108772 | [scheduler] -> "New learning rate = 1e-05"
INFO  | 2026/05/29 20:18:15.109846 | [Train] -> "Training EPOCH 23"
INFO  | 2026/05/29 20:26:02.552157 | [Train] -> "Finished training EPOCH 23 with loss 0.0020163313798298855, saving"
INFO  | 2026/05/29 20:26:02.753366 | [Validate] -> "Validating for EPOCH 23"
INFO  | 2026/05/29 20:27:25.745092 | [Validate] -> {"val": 0.002174034369767638, "yes": 1696}
INFO  | 2026/05/29 20:27:25.747742 | [Submit] -> "Submitting EPOCH 23"
INFO  | 2026/05/29 20:28:31.090078 | [scheduler] -> "New learning rate = 1e-05"
INFO  | 2026/05/29 20:28:31.091103 | [Train] -> "Training EPOCH 24"
INFO  | 2026/05/29 20:36:20.837773 | [Train] -> "Finished training EPOCH 24 with loss 0.002009144605926566, saving"
INFO  | 2026/05/29 20:36:21.033055 | [Validate] -> "Validating for EPOCH 24"
INFO  | 2026/05/29 20:37:45.036995 | [Validate] -> {"val": 0.002181736275392617, "yes": 1690}
INFO  | 2026/05/29 20:37:45.039454 | [Submit] -> "Submitting EPOCH 24"
INFO  | 2026/05/29 20:38:50.991879 | [scheduler] -> "New learning rate = 1e-05"
INFO  | 2026/05/29 20:38:50.992288 | [Train] -> "Training EPOCH 25"
INFO  | 2026/05/29 20:46:37.702575 | [Train] -> "Finished training EPOCH 25 with loss 0.0019987817235708792, saving"
INFO  | 2026/05/29 20:46:37.886503 | [Validate] -> "Validating for EPOCH 25"
INFO  | 2026/05/29 20:48:01.698284 | [Validate] -> {"val": 0.0021843152997377707, "yes": 1663}
INFO  | 2026/05/29 20:48:01.699131 | [Submit] -> "Submitting EPOCH 25"
INFO  | 2026/05/29 20:49:07.735540 | [scheduler] -> "New learning rate = 1e-05"
INFO  | 2026/05/29 20:49:07.735968 | [Train] -> "Training EPOCH 26"
INFO  | 2026/05/29 20:56:55.465635 | [Train] -> "Finished training EPOCH 26 with loss 0.002016510337198043, saving"
INFO  | 2026/05/29 20:56:55.647636 | [Validate] -> "Validating for EPOCH 26"
INFO  | 2026/05/29 20:58:39.962671 | [Validate] -> {"val": 0.0021903281407038206, "yes": 1685}
INFO  | 2026/05/29 20:58:39.966483 | [Submit] -> "Submitting EPOCH 26"
INFO  | 2026/05/29 20:59:46.675705 | [scheduler] -> "New learning rate = 1e-05"
INFO  | 2026/05/29 20:59:46.676719 | [Train] -> "Training EPOCH 27"
INFO  | 2026/05/29 21:07:33.950274 | [Train] -> "Finished training EPOCH 27 with loss 0.0019992637988383013, saving"
INFO  | 2026/05/29 21:07:34.127718 | [Validate] -> "Validating for EPOCH 27"
INFO  | 2026/05/29 21:08:57.653728 | [Validate] -> {"val": 0.0021929977541054373, "yes": 1676}
INFO  | 2026/05/29 21:08:57.655009 | [Submit] -> "Submitting EPOCH 27"
INFO  | 2026/05/29 21:10:03.099348 | [scheduler] -> "New learning rate = 1e-05"
INFO  | 2026/05/29 21:10:03.099785 | [Train] -> "Training EPOCH 28"
INFO  | 2026/05/29 21:17:49.034002 | [Train] -> "Finished training EPOCH 28 with loss 0.0020134960815478753, saving"
INFO  | 2026/05/29 21:17:49.198649 | [Validate] -> "Validating for EPOCH 28"
INFO  | 2026/05/29 21:19:12.494150 | [Validate] -> {"val": 0.0021966291211821614, "yes": 1720}
INFO  | 2026/05/29 21:19:12.494936 | [Submit] -> "Submitting EPOCH 28"
INFO  | 2026/05/29 21:20:16.797426 | [scheduler] -> "New learning rate = 1e-05"
INFO  | 2026/05/29 21:20:16.798537 | [Train] -> "Training EPOCH 29"
INFO  | 2026/05/29 21:28:02.597027 | [Train] -> "Finished training EPOCH 29 with loss 0.001985630705500039, saving"
INFO  | 2026/05/29 21:28:02.773386 | [Validate] -> "Validating for EPOCH 29"
INFO  | 2026/05/29 21:29:26.157162 | [Validate] -> {"val": 0.0022002114065947163, "yes": 1673}
INFO  | 2026/05/29 21:29:26.157934 | [Submit] -> "Submitting EPOCH 29"
INFO  | 2026/05/29 21:30:30.919744 | [scheduler] -> "New learning rate = 1e-05"
INFO  | 2026/05/29 21:30:30.920753 | [Train] -> "Training EPOCH 30"
INFO  | 2026/05/29 21:38:16.586839 | [Train] -> "Finished training EPOCH 30 with loss 0.00200113856757344, saving"
INFO  | 2026/05/29 21:38:16.759843 | [Validate] -> "Validating for EPOCH 30"
INFO  | 2026/05/29 21:39:40.255855 | [Validate] -> {"val": 0.0021802134656037347, "yes": 1740}
INFO  | 2026/05/29 21:39:40.257161 | [Submit] -> "Submitting EPOCH 30"
INFO  | 2026/05/29 21:40:46.597338 | [scheduler] -> "New learning rate = 1e-05"
INFO  | 2026/05/29 21:40:46.598426 | [Train] -> "Training EPOCH 31"
INFO  | 2026/05/29 21:48:32.239168 | [Train] -> "Finished training EPOCH 31 with loss 0.00199010530813101, saving"
INFO  | 2026/05/29 21:48:32.418508 | [Validate] -> "Validating for EPOCH 31"
INFO  | 2026/05/29 21:49:55.826364 | [Validate] -> {"val": 0.002194984335124731, "yes": 1672}
INFO  | 2026/05/29 21:49:55.827859 | [Submit] -> "Submitting EPOCH 31"
INFO  | 2026/05/29 21:51:01.254832 | [scheduler] -> "New learning rate = 1e-05"
INFO  | 2026/05/29 21:51:01.255275 | [Train] -> "Training EPOCH 32"
INFO  | 2026/05/29 21:58:46.980782 | [Train] -> "Finished training EPOCH 32 with loss 0.0019921249979120504, saving"
INFO  | 2026/05/29 21:58:47.158829 | [Validate] -> "Validating for EPOCH 32"
INFO  | 2026/05/29 22:00:10.801258 | [Validate] -> {"val": 0.0021885561702304607, "yes": 1737}
INFO  | 2026/05/29 22:00:10.802452 | [Submit] -> "Submitting EPOCH 32"
INFO  | 2026/05/29 22:01:16.903929 | [scheduler] -> "New learning rate = 1e-05"
INFO  | 2026/05/29 22:01:16.904982 | [Train] -> "Training EPOCH 33"
INFO  | 2026/05/29 22:09:19.988107 | [Train] -> "Finished training EPOCH 33 with loss 0.00198499437129978, saving"
INFO  | 2026/05/29 22:09:20.155410 | [Validate] -> "Validating for EPOCH 33"
INFO  | 2026/05/29 22:10:43.310101 | [Validate] -> {"val": 0.002191705388953736, "yes": 1663}
INFO  | 2026/05/29 22:10:43.311407 | [Submit] -> "Submitting EPOCH 33"
INFO  | 2026/05/29 22:11:49.758436 | [scheduler] -> "New learning rate = 1e-05"
INFO  | 2026/05/29 22:11:49.758729 | [Train] -> "Training EPOCH 34"
INFO  | 2026/05/29 22:19:35.290134 | [Train] -> "Finished training EPOCH 34 with loss 0.0019839376178526573, saving"
INFO  | 2026/05/29 22:19:35.467417 | [Validate] -> "Validating for EPOCH 34"
INFO  | 2026/05/29 22:20:58.830737 | [Validate] -> {"val": 0.002187592800531325, "yes": 1685}
INFO  | 2026/05/29 22:20:58.831501 | [Submit] -> "Submitting EPOCH 34"
INFO  | 2026/05/29 22:22:04.213777 | [scheduler] -> "New learning rate = 1e-05"
INFO  | 2026/05/29 22:22:04.214824 | [Train] -> "Training EPOCH 35"
INFO  | 2026/05/29 22:29:49.706293 | [Train] -> "Finished training EPOCH 35 with loss 0.00199511495115659, saving"
INFO  | 2026/05/29 22:29:49.876025 | [Validate] -> "Validating for EPOCH 35"
INFO  | 2026/05/29 22:31:13.152640 | [Validate] -> {"val": 0.002201185356720681, "yes": 1706}
INFO  | 2026/05/29 22:31:13.153756 | [Submit] -> "Submitting EPOCH 35"
INFO  | 2026/05/29 22:32:18.376482 | [scheduler] -> "New learning rate = 1e-05"
INFO  | 2026/05/29 22:32:18.377511 | [Train] -> "Training EPOCH 36"
INFO  | 2026/05/29 22:40:04.558284 | [Train] -> "Finished training EPOCH 36 with loss 0.0019839580511714903, saving"
INFO  | 2026/05/29 22:40:04.735817 | [Validate] -> "Validating for EPOCH 36"
INFO  | 2026/05/29 22:41:28.639181 | [Validate] -> {"val": 0.0022021697913323594, "yes": 1738}
INFO  | 2026/05/29 22:41:28.640727 | [Submit] -> "Submitting EPOCH 36"
INFO  | 2026/05/29 22:42:37.007472 | [scheduler] -> "New learning rate = 1e-05"
INFO  | 2026/05/29 22:42:37.008667 | [Train] -> "Training EPOCH 37"
INFO  | 2026/05/29 22:50:23.035012 | [Train] -> "Finished training EPOCH 37 with loss 0.001981829561806658, saving"
INFO  | 2026/05/29 22:50:23.203916 | [Validate] -> "Validating for EPOCH 37"
INFO  | 2026/05/29 22:51:47.048946 | [Validate] -> {"val": 0.002193735505073185, "yes": 1670}
INFO  | 2026/05/29 22:51:47.050482 | [Submit] -> "Submitting EPOCH 37"
INFO  | 2026/05/29 22:52:51.637241 | [scheduler] -> "New learning rate = 1e-05"
INFO  | 2026/05/29 22:52:51.638285 | [Train] -> "Training EPOCH 38"
INFO  | 2026/05/29 23:00:37.854719 | [Train] -> "Finished training EPOCH 38 with loss 0.0019763920061592003, saving"
INFO  | 2026/05/29 23:00:38.016643 | [Validate] -> "Validating for EPOCH 38"
INFO  | 2026/05/29 23:02:01.730337 | [Validate] -> {"val": 0.002188969274483984, "yes": 1695}
INFO  | 2026/05/29 23:02:01.731832 | [Submit] -> "Submitting EPOCH 38"
INFO  | 2026/05/29 23:03:05.966290 | [scheduler] -> "New learning rate = 1e-05"
INFO  | 2026/05/29 23:03:05.966631 | [Train] -> "Training EPOCH 39"
INFO  | 2026/05/29 23:10:51.921908 | [Train] -> "Finished training EPOCH 39 with loss 0.0019672106375926497, saving"
INFO  | 2026/05/29 23:10:52.093759 | [Validate] -> "Validating for EPOCH 39"
INFO  | 2026/05/29 23:12:15.723672 | [Validate] -> {"val": 0.0021904828064962627, "yes": 1705}
INFO  | 2026/05/29 23:12:15.725068 | [Submit] -> "Submitting EPOCH 39"
INFO  | 2026/05/29 23:13:21.445680 | [scheduler] -> "New learning rate = 1e-05"
INFO  | 2026/05/29 23:13:21.446768 | [Train] -> "Training EPOCH 40"
INFO  | 2026/05/29 23:21:07.426884 | [Train] -> "Finished training EPOCH 40 with loss 0.0019616689287108658, saving"
INFO  | 2026/05/29 23:21:07.600339 | [Validate] -> "Validating for EPOCH 40"
INFO  | 2026/05/29 23:22:31.215310 | [Validate] -> {"val": 0.0022054552450860025, "yes": 1690}
INFO  | 2026/05/29 23:22:31.215897 | [Submit] -> "Submitting EPOCH 40"
INFO  | 2026/05/29 23:23:37.217407 | [scheduler] -> "New learning rate = 1e-05"
INFO  | 2026/05/29 23:23:37.217871 | [Train] -> "Training EPOCH 41"
INFO  | 2026/05/29 23:31:23.526488 | [Train] -> "Finished training EPOCH 41 with loss 0.001961834682441807, saving"
INFO  | 2026/05/29 23:31:23.702440 | [Validate] -> "Validating for EPOCH 41"
INFO  | 2026/05/29 23:32:47.643249 | [Validate] -> {"val": 0.002207276505095949, "yes": 1754}
INFO  | 2026/05/29 23:32:47.644419 | [Submit] -> "Submitting EPOCH 41"
INFO  | 2026/05/29 23:33:52.430779 | [scheduler] -> "New learning rate = 1e-05"
INFO  | 2026/05/29 23:33:52.431285 | [Train] -> "Training EPOCH 42"
INFO  | 2026/05/29 23:41:36.259696 | [Train] -> "Finished training EPOCH 42 with loss 0.0019656422898692667, saving"
INFO  | 2026/05/29 23:41:36.441833 | [Validate] -> "Validating for EPOCH 42"
INFO  | 2026/05/29 23:42:59.981446 | [Validate] -> {"val": 0.0022081130870034494, "yes": 1731}
INFO  | 2026/05/29 23:42:59.982706 | [Submit] -> "Submitting EPOCH 42"
INFO  | 2026/05/29 23:44:05.586040 | [scheduler] -> "New learning rate = 1e-05"
INFO  | 2026/05/29 23:44:05.587147 | [Train] -> "Training EPOCH 43"
INFO  | 2026/05/29 23:51:51.775758 | [Train] -> "Finished training EPOCH 43 with loss 0.0019702596056080683, saving"
INFO  | 2026/05/29 23:51:51.954819 | [Validate] -> "Validating for EPOCH 43"
INFO  | 2026/05/29 23:53:15.630735 | [Validate] -> {"val": 0.002213122972407714, "yes": 1707}
INFO  | 2026/05/29 23:53:15.632310 | [Submit] -> "Submitting EPOCH 43"
INFO  | 2026/05/29 23:54:29.194133 | [scheduler] -> "New learning rate = 1e-05"
INFO  | 2026/05/29 23:54:29.195247 | [Train] -> "Training EPOCH 44"
INFO  | 2026/05/30 00:02:16.970439 | [Train] -> "Finished training EPOCH 44 with loss 0.0019613324573867, saving"
INFO  | 2026/05/30 00:02:17.148437 | [Validate] -> "Validating for EPOCH 44"
INFO  | 2026/05/30 00:03:40.788152 | [Validate] -> {"val": 0.0022126937432784513, "yes": 1703}
INFO  | 2026/05/30 00:03:40.789925 | [Submit] -> "Submitting EPOCH 44"
INFO  | 2026/05/30 00:04:45.078272 | [scheduler] -> "New learning rate = 1e-05"
INFO  | 2026/05/30 00:04:45.079301 | [Train] -> "Training EPOCH 45"
INFO  | 2026/05/30 00:12:28.820354 | [Train] -> "Finished training EPOCH 45 with loss 0.0019610950583301926, saving"
INFO  | 2026/05/30 00:12:28.995050 | [Validate] -> "Validating for EPOCH 45"
INFO  | 2026/05/30 00:13:52.554559 | [Validate] -> {"val": 0.0022198353924681594, "yes": 1721}
INFO  | 2026/05/30 00:13:52.555511 | [Submit] -> "Submitting EPOCH 45"
INFO  | 2026/05/30 00:14:57.428288 | [scheduler] -> "New learning rate = 1e-05"
INFO  | 2026/05/30 00:14:57.429342 | [Train] -> "Training EPOCH 46"
INFO  | 2026/05/30 00:22:43.683819 | [Train] -> "Finished training EPOCH 46 with loss 0.0019577903910235404, saving"
INFO  | 2026/05/30 00:22:43.849718 | [Validate] -> "Validating for EPOCH 46"
INFO  | 2026/05/30 00:24:07.065327 | [Validate] -> {"val": 0.002204139701863697, "yes": 1737}
INFO  | 2026/05/30 00:24:07.065699 | [Submit] -> "Submitting EPOCH 46"
INFO  | 2026/05/30 00:25:11.383273 | [scheduler] -> "New learning rate = 1e-05"
INFO  | 2026/05/30 00:25:11.383737 | [Train] -> "Training EPOCH 47"
INFO  | 2026/05/30 00:32:57.246860 | [Train] -> "Finished training EPOCH 47 with loss 0.0019638986039523768, saving"
INFO  | 2026/05/30 00:32:57.424563 | [Validate] -> "Validating for EPOCH 47"
INFO  | 2026/05/30 00:34:21.389899 | [Validate] -> {"val": 0.002212913886851734, "yes": 1744}
INFO  | 2026/05/30 00:34:21.391115 | [Submit] -> "Submitting EPOCH 47"
INFO  | 2026/05/30 00:35:26.846597 | [scheduler] -> "New learning rate = 1e-05"
INFO  | 2026/05/30 00:35:26.847644 | [Train] -> "Training EPOCH 48"
INFO  | 2026/05/30 00:43:14.557415 | [Train] -> "Finished training EPOCH 48 with loss 0.0019489406946773796, saving"
INFO  | 2026/05/30 00:43:14.738980 | [Validate] -> "Validating for EPOCH 48"
INFO  | 2026/05/30 00:44:38.287797 | [Validate] -> {"val": 0.002232829484307521, "yes": 1707}
INFO  | 2026/05/30 00:44:38.289433 | [Submit] -> "Submitting EPOCH 48"
INFO  | 2026/05/30 00:45:44.368463 | [scheduler] -> "New learning rate = 1e-05"
INFO  | 2026/05/30 00:45:44.369404 | [Train] -> "Training EPOCH 49"
INFO  | 2026/05/30 00:53:30.650910 | [Train] -> "Finished training EPOCH 49 with loss 0.0019381784596059738, saving"
INFO  | 2026/05/30 00:53:30.873649 | [Validate] -> "Validating for EPOCH 49"
INFO  | 2026/05/30 00:54:54.548212 | [Validate] -> {"val": 0.0022175582374519194, "yes": 1735}
INFO  | 2026/05/30 00:54:54.551213 | [Submit] -> "Submitting EPOCH 49"
INFO  | 2026/05/30 00:55:59.368228 | [scheduler] -> "New learning rate = 1e-05"
INFO  | 2026/05/30 00:55:59.369331 | [Train] -> "Training EPOCH 50"
INFO  | 2026/05/30 01:03:45.489116 | [Train] -> "Finished training EPOCH 50 with loss 0.001964566832251638, saving"
INFO  | 2026/05/30 01:03:45.669052 | [Validate] -> "Validating for EPOCH 50"
INFO  | 2026/05/30 01:05:09.398518 | [Validate] -> {"val": 0.0022285219124040492, "yes": 1730}
INFO  | 2026/05/30 01:05:09.399865 | [Submit] -> "Submitting EPOCH 50"
INFO  | 2026/05/30 01:06:14.669287 | [scheduler] -> "New learning rate = 1e-05"
INFO  | 2026/05/30 01:06:14.670287 | [Train] -> "Training EPOCH 51"
INFO  | 2026/05/30 01:14:00.595902 | [Train] -> "Finished training EPOCH 51 with loss 0.001957998646175158, saving"
INFO  | 2026/05/30 01:14:00.786988 | [Validate] -> "Validating for EPOCH 51"
INFO  | 2026/05/30 01:15:24.363239 | [Validate] -> {"val": 0.0022435589925471292, "yes": 1742}
INFO  | 2026/05/30 01:15:24.365036 | [Submit] -> "Submitting EPOCH 51"
INFO  | 2026/05/30 01:16:29.537069 | [scheduler] -> "New learning rate = 1e-05"
INFO  | 2026/05/30 01:16:29.538165 | [Train] -> "Training EPOCH 52"
INFO  | 2026/05/30 01:24:15.490959 | [Train] -> "Finished training EPOCH 52 with loss 0.001955779131234992, saving"
INFO  | 2026/05/30 01:24:15.668309 | [Validate] -> "Validating for EPOCH 52"
INFO  | 2026/05/30 01:25:39.374884 | [Validate] -> {"val": 0.002224935492047861, "yes": 1766}
INFO  | 2026/05/30 01:25:39.376446 | [Submit] -> "Submitting EPOCH 52"
INFO  | 2026/05/30 01:26:44.819786 | [scheduler] -> "New learning rate = 1e-05"
INFO  | 2026/05/30 01:26:44.820819 | [Train] -> "Training EPOCH 53"
INFO  | 2026/05/30 01:34:30.756739 | [Train] -> "Finished training EPOCH 53 with loss 0.0019478844631408165, saving"
INFO  | 2026/05/30 01:34:30.930884 | [Validate] -> "Validating for EPOCH 53"
INFO  | 2026/05/30 01:35:54.521178 | [Validate] -> {"val": 0.0022332987849273027, "yes": 1734}
INFO  | 2026/05/30 01:35:54.522582 | [Submit] -> "Submitting EPOCH 53"
INFO  | 2026/05/30 01:36:59.348397 | [scheduler] -> "New learning rate = 1e-05"
INFO  | 2026/05/30 01:36:59.349453 | [Train] -> "Training EPOCH 54"
INFO  | 2026/05/30 01:44:45.327146 | [Train] -> "Finished training EPOCH 54 with loss 0.001938765756046034, saving"
INFO  | 2026/05/30 01:44:45.515413 | [Validate] -> "Validating for EPOCH 54"
INFO  | 2026/05/30 01:46:09.260101 | [Validate] -> {"val": 0.0022240888662731035, "yes": 1755}
INFO  | 2026/05/30 01:46:09.260958 | [Submit] -> "Submitting EPOCH 54"
INFO  | 2026/05/30 01:47:14.908088 | [scheduler] -> "New learning rate = 1e-05"
INFO  | 2026/05/30 01:47:14.909186 | [Train] -> "Training EPOCH 55"
INFO  | 2026/05/30 01:55:01.222831 | [Train] -> "Finished training EPOCH 55 with loss 0.00193583727038155, saving"
INFO  | 2026/05/30 01:55:01.395817 | [Validate] -> "Validating for EPOCH 55"
INFO  | 2026/05/30 01:56:25.012153 | [Validate] -> {"val": 0.002237039602626938, "yes": 1729}
INFO  | 2026/05/30 01:56:25.013509 | [Submit] -> "Submitting EPOCH 55"
INFO  | 2026/05/30 01:57:29.990129 | [scheduler] -> "New learning rate = 1e-05"
INFO  | 2026/05/30 01:57:29.991253 | [Train] -> "Training EPOCH 56"
INFO  | 2026/05/30 02:05:16.000662 | [Train] -> "Finished training EPOCH 56 with loss 0.0019452872317258234, saving"
INFO  | 2026/05/30 02:05:16.181751 | [Validate] -> "Validating for EPOCH 56"
INFO  | 2026/05/30 02:06:39.794381 | [Validate] -> {"val": 0.002237944352642909, "yes": 1754}
INFO  | 2026/05/30 02:06:39.796076 | [Submit] -> "Submitting EPOCH 56"
INFO  | 2026/05/30 02:07:45.737936 | [scheduler] -> "New learning rate = 1e-05"
INFO  | 2026/05/30 02:07:45.739044 | [Train] -> "Training EPOCH 57"
INFO  | 2026/05/30 02:15:31.854263 | [Train] -> "Finished training EPOCH 57 with loss 0.0019432785450060187, saving"
INFO  | 2026/05/30 02:15:32.023703 | [Validate] -> "Validating for EPOCH 57"
INFO  | 2026/05/30 02:16:55.552986 | [Validate] -> {"val": 0.0022380488126357303, "yes": 1781}
INFO  | 2026/05/30 02:16:55.554602 | [Submit] -> "Submitting EPOCH 57"
INFO  | 2026/05/30 02:17:59.670308 | [scheduler] -> "New learning rate = 1e-05"
INFO  | 2026/05/30 02:17:59.671344 | [Train] -> "Training EPOCH 58"
INFO  | 2026/05/30 02:25:46.065456 | [Train] -> "Finished training EPOCH 58 with loss 0.0019371737058004625, saving"
INFO  | 2026/05/30 02:25:46.239639 | [Validate] -> "Validating for EPOCH 58"
INFO  | 2026/05/30 02:27:09.800381 | [Validate] -> {"val": 0.002227825581347895, "yes": 1749}
INFO  | 2026/05/30 02:27:09.802482 | [Submit] -> "Submitting EPOCH 58"
INFO  | 2026/05/30 02:28:13.760030 | [scheduler] -> "New learning rate = 1e-05"
INFO  | 2026/05/30 02:28:13.761124 | [Train] -> "Training EPOCH 59"
INFO  | 2026/05/30 02:35:59.517108 | [Train] -> "Finished training EPOCH 59 with loss 0.0019384994874041051, saving"
INFO  | 2026/05/30 02:35:59.702324 | [Validate] -> "Validating for EPOCH 59"
INFO  | 2026/05/30 02:37:23.277843 | [Validate] -> {"val": 0.0022300031261354805, "yes": 1797}
INFO  | 2026/05/30 02:37:23.279671 | [Submit] -> "Submitting EPOCH 59"
INFO  | 2026/05/30 02:38:27.361197 | [scheduler] -> "New learning rate = 1e-05"
INFO  | 2026/05/30 02:38:27.362387 | [Train] -> "Training EPOCH 60"
INFO  | 2026/05/30 02:46:13.117843 | [Train] -> "Finished training EPOCH 60 with loss 0.0019265063123333607, saving"
INFO  | 2026/05/30 02:46:13.294150 | [Validate] -> "Validating for EPOCH 60"
INFO  | 2026/05/30 02:47:36.963844 | [Validate] -> {"val": 0.002266351123770894, "yes": 1740}
INFO  | 2026/05/30 02:47:36.964478 | [Submit] -> "Submitting EPOCH 60"
INFO  | 2026/05/30 02:48:41.094646 | [scheduler] -> "New learning rate = 1e-05"
INFO  | 2026/05/30 02:48:41.095742 | [Train] -> "Training EPOCH 61"
INFO  | 2026/05/30 02:56:27.321867 | [Train] -> "Finished training EPOCH 61 with loss 0.0019344147281703827, saving"
INFO  | 2026/05/30 02:56:27.507611 | [Validate] -> "Validating for EPOCH 61"
INFO  | 2026/05/30 02:57:51.162140 | [Validate] -> {"val": 0.0022274768430919677, "yes": 1736}
INFO  | 2026/05/30 02:57:51.162980 | [Submit] -> "Submitting EPOCH 61"
INFO  | 2026/05/30 02:58:54.580440 | [scheduler] -> "New learning rate = 1e-05"
INFO  | 2026/05/30 02:58:54.581458 | [Train] -> "Training EPOCH 62"
INFO  | 2026/05/30 03:06:40.415216 | [Train] -> "Finished training EPOCH 62 with loss 0.0019297346099195682, saving"
INFO  | 2026/05/30 03:06:40.600601 | [Validate] -> "Validating for EPOCH 62"
INFO  | 2026/05/30 03:08:04.240006 | [Validate] -> {"val": 0.002244743910586992, "yes": 1754}
INFO  | 2026/05/30 03:08:04.241310 | [Submit] -> "Submitting EPOCH 62"
INFO  | 2026/05/30 03:09:07.786427 | [scheduler] -> "New learning rate = 1e-05"
INFO  | 2026/05/30 03:09:07.786870 | [Train] -> "Training EPOCH 63"
INFO  | 2026/05/30 03:16:53.928426 | [Train] -> "Finished training EPOCH 63 with loss 0.0019263541272252426, saving"
INFO  | 2026/05/30 03:16:54.119532 | [Validate] -> "Validating for EPOCH 63"
INFO  | 2026/05/30 03:18:17.698991 | [Validate] -> {"val": 0.002260198707517702, "yes": 1738}
INFO  | 2026/05/30 03:18:17.699755 | [Submit] -> "Submitting EPOCH 63"
INFO  | 2026/05/30 03:19:22.450497 | [scheduler] -> "New learning rate = 1e-05"
INFO  | 2026/05/30 03:19:22.451587 | [Train] -> "Training EPOCH 64"
INFO  | 2026/05/30 03:27:08.330311 | [Train] -> "Finished training EPOCH 64 with loss 0.0019381989928026252, saving"
INFO  | 2026/05/30 03:27:08.504696 | [Validate] -> "Validating for EPOCH 64"
INFO  | 2026/05/30 03:28:32.264964 | [Validate] -> {"val": 0.002255515622934137, "yes": 1754}
INFO  | 2026/05/30 03:28:32.266471 | [Submit] -> "Submitting EPOCH 64"
INFO  | 2026/05/30 03:29:36.273273 | [scheduler] -> "New learning rate = 1e-05"
INFO  | 2026/05/30 03:29:36.274350 | [Train] -> "Training EPOCH 65"
INFO  | 2026/05/30 03:37:22.047323 | [Train] -> "Finished training EPOCH 65 with loss 0.0019345216881019583, saving"
INFO  | 2026/05/30 03:37:22.215026 | [Validate] -> "Validating for EPOCH 65"
INFO  | 2026/05/30 03:38:45.630870 | [Validate] -> {"val": 0.0022518830793519873, "yes": 1767}
INFO  | 2026/05/30 03:38:45.632107 | [Submit] -> "Submitting EPOCH 65"
INFO  | 2026/05/30 03:39:49.125626 | [scheduler] -> "New learning rate = 1e-05"
INFO  | 2026/05/30 03:39:49.126704 | [Train] -> "Training EPOCH 66"
INFO  | 2026/05/30 03:47:34.854269 | [Train] -> "Finished training EPOCH 66 with loss 0.0019203410802316211, saving"
INFO  | 2026/05/30 03:47:35.035621 | [Validate] -> "Validating for EPOCH 66"
INFO  | 2026/05/30 03:48:58.539877 | [Validate] -> {"val": 0.0022652979928669843, "yes": 1742}
INFO  | 2026/05/30 03:48:58.540440 | [Submit] -> "Submitting EPOCH 66"
INFO  | 2026/05/30 03:50:03.655818 | [scheduler] -> "New learning rate = 1e-05"
INFO  | 2026/05/30 03:50:03.656869 | [Train] -> "Training EPOCH 67"
INFO  | 2026/05/30 03:57:49.821944 | [Train] -> "Finished training EPOCH 67 with loss 0.0019220720901882212, saving"
INFO  | 2026/05/30 03:57:50.008146 | [Validate] -> "Validating for EPOCH 67"
INFO  | 2026/05/30 03:59:13.489000 | [Validate] -> {"val": 0.0022463196490757264, "yes": 1742}
INFO  | 2026/05/30 03:59:13.490227 | [Submit] -> "Submitting EPOCH 67"
INFO  | 2026/05/30 04:00:16.938050 | [scheduler] -> "New learning rate = 1e-05"
INFO  | 2026/05/30 04:00:16.939005 | [Train] -> "Training EPOCH 68"
INFO  | 2026/05/30 04:08:02.395850 | [Train] -> "Finished training EPOCH 68 with loss 0.0019224046191673528, saving"
INFO  | 2026/05/30 04:08:02.570126 | [Validate] -> "Validating for EPOCH 68"
INFO  | 2026/05/30 04:09:26.295295 | [Validate] -> {"val": 0.002253109878903731, "yes": 1755}
INFO  | 2026/05/30 04:09:26.297649 | [Submit] -> "Submitting EPOCH 68"
INFO  | 2026/05/30 04:10:29.858640 | [scheduler] -> "New learning rate = 1e-05"
INFO  | 2026/05/30 04:10:29.859654 | [Train] -> "Training EPOCH 69"
INFO  | 2026/05/30 04:18:15.955154 | [Train] -> "Finished training EPOCH 69 with loss 0.00193697463190096, saving"
INFO  | 2026/05/30 04:18:16.140798 | [Validate] -> "Validating for EPOCH 69"
INFO  | 2026/05/30 04:19:39.820754 | [Validate] -> {"val": 0.002252774064779027, "yes": 1779}
INFO  | 2026/05/30 04:19:39.821504 | [Submit] -> "Submitting EPOCH 69"
INFO  | 2026/05/30 04:20:44.705772 | [scheduler] -> "New learning rate = 1e-05"
INFO  | 2026/05/30 04:20:44.706817 | [Train] -> "Training EPOCH 70"
INFO  | 2026/05/30 04:28:30.663415 | [Train] -> "Finished training EPOCH 70 with loss 0.0019012153155904415, saving"
INFO  | 2026/05/30 04:28:30.843717 | [Validate] -> "Validating for EPOCH 70"
INFO  | 2026/05/30 04:29:54.496893 | [Validate] -> {"val": 0.00225019929712289, "yes": 1728}
INFO  | 2026/05/30 04:29:54.498010 | [Submit] -> "Submitting EPOCH 70"
INFO  | 2026/05/30 04:30:59.118397 | [scheduler] -> "New learning rate = 1e-05"
INFO  | 2026/05/30 04:30:59.119487 | [Train] -> "Training EPOCH 71"
INFO  | 2026/05/30 04:38:44.989656 | [Train] -> "Finished training EPOCH 71 with loss 0.001925578446060744, saving"
INFO  | 2026/05/30 04:38:45.175285 | [Validate] -> "Validating for EPOCH 71"
INFO  | 2026/05/30 04:40:09.046452 | [Validate] -> {"val": 0.0022418775844799226, "yes": 1746}
INFO  | 2026/05/30 04:40:09.047280 | [Submit] -> "Submitting EPOCH 71"
INFO  | 2026/05/30 04:41:12.584358 | [scheduler] -> "New learning rate = 1e-05"
INFO  | 2026/05/30 04:41:12.585423 | [Train] -> "Training EPOCH 72"
INFO  | 2026/05/30 04:48:58.627556 | [Train] -> "Finished training EPOCH 72 with loss 0.0019265203550312888, saving"
INFO  | 2026/05/30 04:48:58.807368 | [Validate] -> "Validating for EPOCH 72"
INFO  | 2026/05/30 04:50:23.313601 | [Validate] -> {"val": 0.0022498823464259256, "yes": 1754}
INFO  | 2026/05/30 04:50:23.314832 | [Submit] -> "Submitting EPOCH 72"
INFO  | 2026/05/30 04:51:27.027533 | [scheduler] -> "New learning rate = 1e-05"
INFO  | 2026/05/30 04:51:27.028526 | [Train] -> "Training EPOCH 73"
INFO  | 2026/05/30 04:59:13.913524 | [Train] -> "Finished training EPOCH 73 with loss 0.0019216515216686273, saving"
INFO  | 2026/05/30 04:59:14.100018 | [Validate] -> "Validating for EPOCH 73"
INFO  | 2026/05/30 05:00:37.715277 | [Validate] -> {"val": 0.002249151891297769, "yes": 1756}
INFO  | 2026/05/30 05:00:37.716007 | [Submit] -> "Submitting EPOCH 73"
INFO  | 2026/05/30 05:01:40.712486 | [scheduler] -> "New learning rate = 1e-05"
INFO  | 2026/05/30 05:01:40.713557 | [Train] -> "Training EPOCH 74"
INFO  | 2026/05/30 05:09:27.098644 | [Train] -> "Finished training EPOCH 74 with loss 0.0019054973561090426, saving"
INFO  | 2026/05/30 05:09:27.268962 | [Validate] -> "Validating for EPOCH 74"
INFO  | 2026/05/30 05:10:50.668216 | [Validate] -> {"val": 0.0022619808769377414, "yes": 1728}
INFO  | 2026/05/30 05:10:50.668713 | [Submit] -> "Submitting EPOCH 74"
INFO  | 2026/05/30 05:11:53.771528 | [scheduler] -> "New learning rate = 1e-05"
INFO  | 2026/05/30 05:11:53.771999 | [Train] -> "Training EPOCH 75"
INFO  | 2026/05/30 05:19:39.747578 | [Train] -> "Finished training EPOCH 75 with loss 0.001910725600453169, saving"
INFO  | 2026/05/30 05:19:39.915698 | [Validate] -> "Validating for EPOCH 75"
INFO  | 2026/05/30 05:21:03.306995 | [Validate] -> {"val": 0.0022485841763291107, "yes": 1747}
INFO  | 2026/05/30 05:21:03.308368 | [Submit] -> "Submitting EPOCH 75"
INFO  | 2026/05/30 05:22:06.851365 | [scheduler] -> "New learning rate = 1e-05"
INFO  | 2026/05/30 05:22:06.852397 | [Train] -> "Training EPOCH 76"
INFO  | 2026/05/30 05:29:52.572967 | [Train] -> "Finished training EPOCH 76 with loss 0.0018993476668308922, saving"
INFO  | 2026/05/30 05:29:52.740665 | [Validate] -> "Validating for EPOCH 76"
INFO  | 2026/05/30 05:31:15.953699 | [Validate] -> {"val": 0.002265366436700407, "yes": 1756}
INFO  | 2026/05/30 05:31:15.954869 | [Submit] -> "Submitting EPOCH 76"
INFO  | 2026/05/30 05:32:19.765650 | [scheduler] -> "New learning rate = 1e-05"
INFO  | 2026/05/30 05:32:19.766605 | [Train] -> "Training EPOCH 77"
INFO  | 2026/05/30 05:40:05.217809 | [Train] -> "Finished training EPOCH 77 with loss 0.0019064092962941695, saving"
INFO  | 2026/05/30 05:40:05.391425 | [Validate] -> "Validating for EPOCH 77"
INFO  | 2026/05/30 05:41:28.579722 | [Validate] -> {"val": 0.0022783628400099777, "yes": 1747}
INFO  | 2026/05/30 05:41:28.581165 | [Submit] -> "Submitting EPOCH 77"
INFO  | 2026/05/30 05:42:31.305792 | [scheduler] -> "New learning rate = 1e-05"
INFO  | 2026/05/30 05:42:31.306822 | [Train] -> "Training EPOCH 78"
INFO  | 2026/05/30 05:50:18.100732 | [Train] -> "Finished training EPOCH 78 with loss 0.0019028297808990347, saving"
INFO  | 2026/05/30 05:50:18.300036 | [Validate] -> "Validating for EPOCH 78"
INFO  | 2026/05/30 05:51:42.762647 | [Validate] -> {"val": 0.0022573731959794736, "yes": 1787}
INFO  | 2026/05/30 05:51:42.764667 | [Submit] -> "Submitting EPOCH 78"
INFO  | 2026/05/30 05:52:46.457961 | [scheduler] -> "New learning rate = 1e-05"
INFO  | 2026/05/30 05:52:46.459095 | [Train] -> "Training EPOCH 79"
INFO  | 2026/05/30 06:00:32.554156 | [Train] -> "Finished training EPOCH 79 with loss 0.0019093879680961625, saving"
INFO  | 2026/05/30 06:00:32.723296 | [Validate] -> "Validating for EPOCH 79"
INFO  | 2026/05/30 06:01:56.152633 | [Validate] -> {"val": 0.002267875604068882, "yes": 1782}
INFO  | 2026/05/30 06:01:56.154080 | [Submit] -> "Submitting EPOCH 79"
INFO  | 2026/05/30 06:03:00.201810 | [scheduler] -> "New learning rate = 1e-05"
INFO  | 2026/05/30 06:03:00.202769 | [Train] -> "Training EPOCH 80"
INFO  | 2026/05/30 06:10:45.772017 | [Train] -> "Finished training EPOCH 80 with loss 0.0018929560411274666, saving"
INFO  | 2026/05/30 06:10:45.945407 | [Validate] -> "Validating for EPOCH 80"
INFO  | 2026/05/30 06:12:09.282972 | [Validate] -> {"val": 0.0022661365616185383, "yes": 1751}
INFO  | 2026/05/30 06:12:09.284578 | [Submit] -> "Submitting EPOCH 80"
INFO  | 2026/05/30 06:13:13.181664 | [scheduler] -> "New learning rate = 1e-05"
INFO  | 2026/05/30 06:13:13.182752 | [Train] -> "Training EPOCH 81"
INFO  | 2026/05/30 06:20:58.901355 | [Train] -> "Finished training EPOCH 81 with loss 0.0018932906602512221, saving"
INFO  | 2026/05/30 06:20:59.090918 | [Validate] -> "Validating for EPOCH 81"
INFO  | 2026/05/30 06:22:22.795090 | [Validate] -> {"val": 0.0022648687401331615, "yes": 1814}
INFO  | 2026/05/30 06:22:22.796403 | [Submit] -> "Submitting EPOCH 81"
INFO  | 2026/05/30 06:23:26.457408 | [scheduler] -> "New learning rate = 1e-05"
INFO  | 2026/05/30 06:23:26.458514 | [Train] -> "Training EPOCH 82"
INFO  | 2026/05/30 06:31:12.453468 | [Train] -> "Finished training EPOCH 82 with loss 0.001902683692581, saving"
INFO  | 2026/05/30 06:31:12.631987 | [Validate] -> "Validating for EPOCH 82"
INFO  | 2026/05/30 06:32:36.334593 | [Validate] -> {"val": 0.0022738303806088584, "yes": 1742}
INFO  | 2026/05/30 06:32:36.336015 | [Submit] -> "Submitting EPOCH 82"
INFO  | 2026/05/30 06:33:40.495121 | [scheduler] -> "New learning rate = 1e-05"
INFO  | 2026/05/30 06:33:40.496231 | [Train] -> "Training EPOCH 83"
INFO  | 2026/05/30 06:41:26.342150 | [Train] -> "Finished training EPOCH 83 with loss 0.001890045917205617, saving"
INFO  | 2026/05/30 06:41:26.585647 | [Validate] -> "Validating for EPOCH 83"
INFO  | 2026/05/30 06:42:50.228575 | [Validate] -> {"val": 0.002257090694149875, "yes": 1739}
INFO  | 2026/05/30 06:42:50.230156 | [Submit] -> "Submitting EPOCH 83"
INFO  | 2026/05/30 06:43:53.519208 | [scheduler] -> "New learning rate = 1e-05"
INFO  | 2026/05/30 06:43:53.520250 | [Train] -> "Training EPOCH 84"
INFO  | 2026/05/30 06:51:39.762045 | [Train] -> "Finished training EPOCH 84 with loss 0.001903396990147312, saving"
INFO  | 2026/05/30 06:51:39.939972 | [Validate] -> "Validating for EPOCH 84"
INFO  | 2026/05/30 06:53:03.595067 | [Validate] -> {"val": 0.0022512459190904845, "yes": 1769}
INFO  | 2026/05/30 06:53:03.595879 | [Submit] -> "Submitting EPOCH 84"
INFO  | 2026/05/30 06:54:07.762121 | [scheduler] -> "New learning rate = 1e-05"
INFO  | 2026/05/30 06:54:07.763208 | [Train] -> "Training EPOCH 85"
INFO  | 2026/05/30 07:01:54.493942 | [Train] -> "Finished training EPOCH 85 with loss 0.0019016642428824324, saving"
INFO  | 2026/05/30 07:01:54.672914 | [Validate] -> "Validating for EPOCH 85"
INFO  | 2026/05/30 07:03:15.975558 | [Validate] -> {"val": 0.0022917494359209613, "yes": 1792}
INFO  | 2026/05/30 07:03:15.976426 | [Submit] -> "Submitting EPOCH 85"
INFO  | 2026/05/30 07:04:18.579077 | [scheduler] -> "New learning rate = 1e-05"
INFO  | 2026/05/30 07:04:18.580082 | [Train] -> "Training EPOCH 86"
INFO  | 2026/05/30 07:12:05.405397 | [Train] -> "Finished training EPOCH 86 with loss 0.0018931113648071676, saving"
INFO  | 2026/05/30 07:12:05.582374 | [Validate] -> "Validating for EPOCH 86"
INFO  | 2026/05/30 07:13:26.867877 | [Validate] -> {"val": 0.002286848924742053, "yes": 1808}
INFO  | 2026/05/30 07:13:26.868779 | [Submit] -> "Submitting EPOCH 86"
INFO  | 2026/05/30 07:14:28.987986 | [scheduler] -> "New learning rate = 1e-05"
INFO  | 2026/05/30 07:14:28.988499 | [Train] -> "Training EPOCH 87"
INFO  | 2026/05/30 07:22:15.616261 | [Train] -> "Finished training EPOCH 87 with loss 0.0018904783550107336, saving"
INFO  | 2026/05/30 07:22:15.803985 | [Validate] -> "Validating for EPOCH 87"
INFO  | 2026/05/30 07:23:37.108662 | [Validate] -> {"val": 0.0022869016223033447, "yes": 1810}
INFO  | 2026/05/30 07:23:37.109478 | [Submit] -> "Submitting EPOCH 87"
INFO  | 2026/05/30 07:24:39.864582 | [scheduler] -> "New learning rate = 1e-05"
INFO  | 2026/05/30 07:24:39.865042 | [Train] -> "Training EPOCH 88"
INFO  | 2026/05/30 07:32:24.932770 | [Train] -> "Finished training EPOCH 88 with loss 0.0018976527365574445, saving"
INFO  | 2026/05/30 07:32:25.120708 | [Validate] -> "Validating for EPOCH 88"
INFO  | 2026/05/30 07:33:46.544641 | [Validate] -> {"val": 0.0022808609175499865, "yes": 1748}
INFO  | 2026/05/30 07:33:46.545827 | [Submit] -> "Submitting EPOCH 88"
INFO  | 2026/05/30 07:34:48.619093 | [scheduler] -> "New learning rate = 1e-05"
INFO  | 2026/05/30 07:34:48.619596 | [Train] -> "Training EPOCH 89"
INFO  | 2026/05/30 07:42:33.712473 | [Train] -> "Finished training EPOCH 89 with loss 0.001890804562238959, saving"
INFO  | 2026/05/30 07:42:33.893574 | [Validate] -> "Validating for EPOCH 89"
INFO  | 2026/05/30 07:43:55.200006 | [Validate] -> {"val": 0.002306262065293024, "yes": 1742}
INFO  | 2026/05/30 07:43:55.201587 | [Submit] -> "Submitting EPOCH 89"
INFO  | 2026/05/30 07:44:57.254962 | [scheduler] -> "New learning rate = 1e-05"
INFO  | 2026/05/30 07:44:57.256013 | [Train] -> "Training EPOCH 90"
INFO  | 2026/05/30 07:52:43.849550 | [Train] -> "Finished training EPOCH 90 with loss 0.0018989190727623174, saving"
INFO  | 2026/05/30 07:52:44.038428 | [Validate] -> "Validating for EPOCH 90"
INFO  | 2026/05/30 07:54:05.328519 | [Validate] -> {"val": 0.0022683717833451526, "yes": 1775}
INFO  | 2026/05/30 07:54:05.329932 | [Submit] -> "Submitting EPOCH 90"
INFO  | 2026/05/30 07:55:08.101855 | [scheduler] -> "New learning rate = 1e-05"
INFO  | 2026/05/30 07:55:08.102909 | [Train] -> "Training EPOCH 91"
INFO  | 2026/05/30 08:02:54.855099 | [Train] -> "Finished training EPOCH 91 with loss 0.0018855727468095023, saving"
INFO  | 2026/05/30 08:02:55.041876 | [Validate] -> "Validating for EPOCH 91"
INFO  | 2026/05/30 08:04:16.501010 | [Validate] -> {"val": 0.002286632739712733, "yes": 1771}
INFO  | 2026/05/30 08:04:16.501859 | [Submit] -> "Submitting EPOCH 91"
INFO  | 2026/05/30 08:05:20.060219 | [scheduler] -> "New learning rate = 1e-05"
INFO  | 2026/05/30 08:05:20.060696 | [Train] -> "Training EPOCH 92"
INFO  | 2026/05/30 08:13:05.585112 | [Train] -> "Finished training EPOCH 92 with loss 0.0018799094118415799, saving"
INFO  | 2026/05/30 08:13:05.778946 | [Validate] -> "Validating for EPOCH 92"
INFO  | 2026/05/30 08:14:27.043630 | [Validate] -> {"val": 0.0022997571565589845, "yes": 1803}
INFO  | 2026/05/30 08:14:27.045120 | [Submit] -> "Submitting EPOCH 92"
INFO  | 2026/05/30 08:15:30.995947 | [scheduler] -> "New learning rate = 1e-05"
INFO  | 2026/05/30 08:15:30.996954 | [Train] -> "Training EPOCH 93"
INFO  | 2026/05/30 08:23:18.024537 | [Train] -> "Finished training EPOCH 93 with loss 0.001881964086421484, saving"
INFO  | 2026/05/30 08:23:18.209077 | [Validate] -> "Validating for EPOCH 93"
INFO  | 2026/05/30 08:24:39.557959 | [Validate] -> {"val": 0.0022950192785153142, "yes": 1837}
INFO  | 2026/05/30 08:24:39.559187 | [Submit] -> "Submitting EPOCH 93"
INFO  | 2026/05/30 08:25:43.507244 | [scheduler] -> "New learning rate = 1e-05"
INFO  | 2026/05/30 08:25:43.508372 | [Train] -> "Training EPOCH 94"
INFO  | 2026/05/30 08:33:30.254004 | [Train] -> "Finished training EPOCH 94 with loss 0.0018876007634775012, saving"
INFO  | 2026/05/30 08:33:30.424235 | [Validate] -> "Validating for EPOCH 94"
INFO  | 2026/05/30 08:34:51.783743 | [Validate] -> {"val": 0.002305117442437074, "yes": 1748}
INFO  | 2026/05/30 08:34:51.785409 | [Submit] -> "Submitting EPOCH 94"
INFO  | 2026/05/30 08:35:55.732583 | [scheduler] -> "New learning rate = 1e-05"
INFO  | 2026/05/30 08:35:55.733604 | [Train] -> "Training EPOCH 95"
INFO  | 2026/05/30 08:43:42.698263 | [Train] -> "Finished training EPOCH 95 with loss 0.001867453386133821, saving"
INFO  | 2026/05/30 08:43:42.867593 | [Validate] -> "Validating for EPOCH 95"
INFO  | 2026/05/30 08:45:05.830869 | [Validate] -> {"val": 0.0023176909092208643, "yes": 1736}
INFO  | 2026/05/30 08:45:05.833438 | [Submit] -> "Submitting EPOCH 95"
INFO  | 2026/05/30 08:46:09.187943 | [scheduler] -> "New learning rate = 1e-05"
INFO  | 2026/05/30 08:46:09.188951 | [Train] -> "Training EPOCH 96"
INFO  | 2026/05/30 08:53:54.669295 | [Train] -> "Finished training EPOCH 96 with loss 0.0018796981250681563, saving"
INFO  | 2026/05/30 08:53:54.853993 | [Validate] -> "Validating for EPOCH 96"
INFO  | 2026/05/30 08:55:16.140070 | [Validate] -> {"val": 0.0023318091938732367, "yes": 1773}
INFO  | 2026/05/30 08:55:16.141574 | [Submit] -> "Submitting EPOCH 96"
INFO  | 2026/05/30 08:56:20.722857 | [scheduler] -> "New learning rate = 1e-05"
INFO  | 2026/05/30 08:56:20.723311 | [Train] -> "Training EPOCH 97"
INFO  | 2026/05/30 09:04:06.806052 | [Train] -> "Finished training EPOCH 97 with loss 0.001870247725806434, saving"
INFO  | 2026/05/30 09:04:06.970187 | [Validate] -> "Validating for EPOCH 97"
INFO  | 2026/05/30 09:05:28.391323 | [Validate] -> {"val": 0.002319709170690256, "yes": 1736}
INFO  | 2026/05/30 09:05:28.393049 | [Submit] -> "Submitting EPOCH 97"
INFO  | 2026/05/30 09:06:32.026024 | [scheduler] -> "New learning rate = 1e-05"
INFO  | 2026/05/30 09:06:32.026453 | [Train] -> "Training EPOCH 98"
INFO  | 2026/05/30 09:14:18.495596 | [Train] -> "Finished training EPOCH 98 with loss 0.0018633668769348262, saving"
INFO  | 2026/05/30 09:14:18.664637 | [Validate] -> "Validating for EPOCH 98"
INFO  | 2026/05/30 09:15:40.597519 | [Validate] -> {"val": 0.0023314138085223993, "yes": 1782}
INFO  | 2026/05/30 09:15:40.599070 | [Submit] -> "Submitting EPOCH 98"
INFO  | 2026/05/30 09:16:44.176779 | [scheduler] -> "New learning rate = 1e-05"
INFO  | 2026/05/30 09:16:44.177277 | [Train] -> "Training EPOCH 99"
INFO  | 2026/05/30 09:24:29.976409 | [Train] -> "Finished training EPOCH 99 with loss 0.0018658502282708233, saving"
INFO  | 2026/05/30 09:24:30.166397 | [Validate] -> "Validating for EPOCH 99"
INFO  | 2026/05/30 09:25:51.461238 | [Validate] -> {"val": 0.002326737338630347, "yes": 1730}
INFO  | 2026/05/30 09:25:51.463678 | [Submit] -> "Submitting EPOCH 99"
INFO  | 2026/05/30 09:26:55.579705 | [scheduler] -> "New learning rate = 1e-05"
INFO  | 2026/05/30 09:26:55.580666 | [Train] -> "Training EPOCH 100"
INFO  | 2026/05/30 09:34:41.164254 | [Train] -> "Finished training EPOCH 100 with loss 0.0018701937201221087, saving"
INFO  | 2026/05/30 09:34:41.342785 | [Validate] -> "Validating for EPOCH 100"
INFO  | 2026/05/30 09:36:02.681380 | [Validate] -> {"val": 0.0023051306137816473, "yes": 1792}
INFO  | 2026/05/30 09:36:02.682926 | [Submit] -> "Submitting EPOCH 100"
INFO  | 2026/05/30 09:37:06.591629 | [scheduler] -> "New learning rate = 1e-05"
INFO  | 2026/05/30 09:37:06.592664 | [Train] -> "Training EPOCH 101"
INFO  | 2026/05/30 09:44:51.962020 | [Train] -> "Finished training EPOCH 101 with loss 0.0018720051603365656, saving"
INFO  | 2026/05/30 09:44:52.147628 | [Validate] -> "Validating for EPOCH 101"
INFO  | 2026/05/30 09:46:13.626712 | [Validate] -> {"val": 0.0022845377992949624, "yes": 1763}
INFO  | 2026/05/30 09:46:13.628557 | [Submit] -> "Submitting EPOCH 101"
INFO  | 2026/05/30 09:47:17.510130 | [scheduler] -> "New learning rate = 1e-05"
INFO  | 2026/05/30 09:47:17.510520 | [Train] -> "Training EPOCH 102"
INFO  | 2026/05/30 09:55:03.206785 | [Train] -> "Finished training EPOCH 102 with loss 0.0018727043164151248, saving"
INFO  | 2026/05/30 09:55:03.386591 | [Validate] -> "Validating for EPOCH 102"
INFO  | 2026/05/30 09:56:24.802489 | [Validate] -> {"val": 0.00230411073696518, "yes": 1742}
INFO  | 2026/05/30 09:56:24.803321 | [Submit] -> "Submitting EPOCH 102"
INFO  | 2026/05/30 09:57:28.261775 | [scheduler] -> "New learning rate = 1e-05"
INFO  | 2026/05/30 09:57:28.262836 | [Train] -> "Training EPOCH 103"
INFO  | 2026/05/30 10:05:21.487218 | [Train] -> "Finished training EPOCH 103 with loss 0.0018716324170082344, saving"
INFO  | 2026/05/30 10:05:21.675729 | [Validate] -> "Validating for EPOCH 103"
INFO  | 2026/05/30 10:06:43.616464 | [Validate] -> {"val": 0.002306778066731356, "yes": 1765}
INFO  | 2026/05/30 10:06:43.619686 | [Submit] -> "Submitting EPOCH 103"
INFO  | 2026/05/30 10:07:47.269110 | [scheduler] -> "New learning rate = 1e-05"
INFO  | 2026/05/30 10:07:47.269524 | [Train] -> "Training EPOCH 104"
INFO  | 2026/05/30 10:15:33.070908 | [Train] -> "Finished training EPOCH 104 with loss 0.0018652094956023207, saving"
INFO  | 2026/05/30 10:15:33.247188 | [Validate] -> "Validating for EPOCH 104"
INFO  | 2026/05/30 10:16:54.357664 | [Validate] -> {"val": 0.0023059216704453766, "yes": 1777}
INFO  | 2026/05/30 10:16:54.358834 | [Submit] -> "Submitting EPOCH 104"
INFO  | 2026/05/30 10:17:58.591999 | [scheduler] -> "New learning rate = 1e-05"
INFO  | 2026/05/30 10:17:58.592984 | [Train] -> "Training EPOCH 105"
INFO  | 2026/05/30 10:25:43.392743 | [Train] -> "Finished training EPOCH 105 with loss 0.0018580513274459591, saving"
INFO  | 2026/05/30 10:25:43.575783 | [Validate] -> "Validating for EPOCH 105"
INFO  | 2026/05/30 10:27:04.718580 | [Validate] -> {"val": 0.0023187209849840104, "yes": 1719}
INFO  | 2026/05/30 10:27:04.719750 | [Submit] -> "Submitting EPOCH 105"
INFO  | 2026/05/30 10:28:08.814331 | [scheduler] -> "New learning rate = 1e-05"
INFO  | 2026/05/30 10:28:08.815357 | [Train] -> "Training EPOCH 106"
INFO  | 2026/05/30 10:35:53.367613 | [Train] -> "Finished training EPOCH 106 with loss 0.0018596036160202273, saving"
INFO  | 2026/05/30 10:35:53.549808 | [Validate] -> "Validating for EPOCH 106"
INFO  | 2026/05/30 10:37:14.704999 | [Validate] -> {"val": 0.0023089380020940363, "yes": 1811}
INFO  | 2026/05/30 10:37:14.706194 | [Submit] -> "Submitting EPOCH 106"
INFO  | 2026/05/30 10:38:18.579174 | [scheduler] -> "New learning rate = 1e-05"
INFO  | 2026/05/30 10:38:18.580235 | [Train] -> "Training EPOCH 107"
INFO  | 2026/05/30 10:46:03.028343 | [Train] -> "Finished training EPOCH 107 with loss 0.0018651582747465725, saving"
INFO  | 2026/05/30 10:46:03.209631 | [Validate] -> "Validating for EPOCH 107"
INFO  | 2026/05/30 10:47:24.508340 | [Validate] -> {"val": 0.002341390159715449, "yes": 1806}
INFO  | 2026/05/30 10:47:24.509765 | [Submit] -> "Submitting EPOCH 107"
INFO  | 2026/05/30 10:48:28.834197 | [scheduler] -> "New learning rate = 1e-05"
INFO  | 2026/05/30 10:48:28.835220 | [Train] -> "Training EPOCH 108"
INFO  | 2026/05/30 10:56:13.547349 | [Train] -> "Finished training EPOCH 108 with loss 0.0018496612344746626, saving"
INFO  | 2026/05/30 10:56:13.731047 | [Validate] -> "Validating for EPOCH 108"
INFO  | 2026/05/30 10:57:34.949865 | [Validate] -> {"val": 0.002324108316273385, "yes": 1747}
INFO  | 2026/05/30 10:57:34.951329 | [Submit] -> "Submitting EPOCH 108"
INFO  | 2026/05/30 10:58:38.753911 | [scheduler] -> "New learning rate = 1e-05"
INFO  | 2026/05/30 10:58:38.754908 | [Train] -> "Training EPOCH 109"
INFO  | 2026/05/30 11:06:23.556535 | [Train] -> "Finished training EPOCH 109 with loss 0.0018517360447708668, saving"
INFO  | 2026/05/30 11:06:23.737997 | [Validate] -> "Validating for EPOCH 109"
INFO  | 2026/05/30 11:07:45.056892 | [Validate] -> {"val": 0.0023270471778401814, "yes": 1786}
INFO  | 2026/05/30 11:07:45.057602 | [Submit] -> "Submitting EPOCH 109"
INFO  | 2026/05/30 11:08:48.908615 | [scheduler] -> "New learning rate = 1e-05"
INFO  | 2026/05/30 11:08:48.909549 | [Train] -> "Training EPOCH 110"
INFO  | 2026/05/30 11:16:34.029210 | [Train] -> "Finished training EPOCH 110 with loss 0.001863686481020718, saving"
INFO  | 2026/05/30 11:16:34.214729 | [Validate] -> "Validating for EPOCH 110"
INFO  | 2026/05/30 11:17:55.310043 | [Validate] -> {"val": 0.0023334777663051704, "yes": 1742}
INFO  | 2026/05/30 11:17:55.311142 | [Submit] -> "Submitting EPOCH 110"
INFO  | 2026/05/30 11:18:59.178851 | [scheduler] -> "New learning rate = 1e-05"
INFO  | 2026/05/30 11:18:59.179836 | [Train] -> "Training EPOCH 111"
INFO  | 2026/05/30 11:26:43.846285 | [Train] -> "Finished training EPOCH 111 with loss 0.0018593922245818135, saving"
INFO  | 2026/05/30 11:26:44.025977 | [Validate] -> "Validating for EPOCH 111"
INFO  | 2026/05/30 11:28:05.323069 | [Validate] -> {"val": 0.002323911857888032, "yes": 1778}
INFO  | 2026/05/30 11:28:05.324248 | [Submit] -> "Submitting EPOCH 111"
INFO  | 2026/05/30 11:29:08.198781 | [scheduler] -> "New learning rate = 1e-05"
INFO  | 2026/05/30 11:29:08.199817 | [Train] -> "Training EPOCH 112"
INFO  | 2026/05/30 11:36:52.623360 | [Train] -> "Finished training EPOCH 112 with loss 0.0018434852792524566, saving"
INFO  | 2026/05/30 11:36:52.804342 | [Validate] -> "Validating for EPOCH 112"
INFO  | 2026/05/30 11:38:14.006581 | [Validate] -> {"val": 0.0023251791260622138, "yes": 1775}
INFO  | 2026/05/30 11:38:14.007313 | [Submit] -> "Submitting EPOCH 112"
INFO  | 2026/05/30 11:39:18.613541 | [scheduler] -> "New learning rate = 1e-05"
INFO  | 2026/05/30 11:39:18.614582 | [Train] -> "Training EPOCH 113"
INFO  | 2026/05/30 11:47:03.306244 | [Train] -> "Finished training EPOCH 113 with loss 0.0018457999626664892, saving"
INFO  | 2026/05/30 11:47:03.493405 | [Validate] -> "Validating for EPOCH 113"
INFO  | 2026/05/30 11:48:24.784112 | [Validate] -> {"val": 0.002327617180420676, "yes": 1767}
INFO  | 2026/05/30 11:48:24.785412 | [Submit] -> "Submitting EPOCH 113"
INFO  | 2026/05/30 11:49:28.682793 | [scheduler] -> "New learning rate = 1e-05"
INFO  | 2026/05/30 11:49:28.683828 | [Train] -> "Training EPOCH 114"
INFO  | 2026/05/30 11:57:13.598191 | [Train] -> "Finished training EPOCH 114 with loss 0.0018527143732412512, saving"
INFO  | 2026/05/30 11:57:13.781529 | [Validate] -> "Validating for EPOCH 114"
INFO  | 2026/05/30 11:58:34.980450 | [Validate] -> {"val": 0.0023668792581342723, "yes": 1781}
INFO  | 2026/05/30 11:58:34.981262 | [Submit] -> "Submitting EPOCH 114"
INFO  | 2026/05/30 11:59:38.566233 | [scheduler] -> "New learning rate = 1e-05"
INFO  | 2026/05/30 11:59:38.567272 | [Train] -> "Training EPOCH 115"
INFO  | 2026/05/30 12:07:23.222202 | [Train] -> "Finished training EPOCH 115 with loss 0.0018488406451749747, saving"
INFO  | 2026/05/30 12:07:23.407857 | [Validate] -> "Validating for EPOCH 115"
INFO  | 2026/05/30 12:08:44.719278 | [Validate] -> {"val": 0.002391246456851192, "yes": 1817}
INFO  | 2026/05/30 12:08:44.720446 | [Submit] -> "Submitting EPOCH 115"
INFO  | 2026/05/30 12:09:48.407018 | [scheduler] -> "New learning rate = 1e-05"
INFO  | 2026/05/30 12:09:48.408029 | [Train] -> "Training EPOCH 116"
INFO  | 2026/05/30 12:17:33.244889 | [Train] -> "Finished training EPOCH 116 with loss 0.0018656827655557044, saving"
INFO  | 2026/05/30 12:17:33.418882 | [Validate] -> "Validating for EPOCH 116"
INFO  | 2026/05/30 12:18:54.628632 | [Validate] -> {"val": 0.002342474519367855, "yes": 1753}
INFO  | 2026/05/30 12:18:54.629891 | [Submit] -> "Submitting EPOCH 116"
INFO  | 2026/05/30 12:19:58.520374 | [scheduler] -> "New learning rate = 1e-05"
INFO  | 2026/05/30 12:19:58.521402 | [Train] -> "Training EPOCH 117"
INFO  | 2026/05/30 12:27:49.052420 | [Train] -> "Finished training EPOCH 117 with loss 0.0018417856360443308, saving"
INFO  | 2026/05/30 12:27:49.231184 | [Validate] -> "Validating for EPOCH 117"
INFO  | 2026/05/30 12:29:10.421784 | [Validate] -> {"val": 0.002352746804823509, "yes": 1752}
INFO  | 2026/05/30 12:29:10.422857 | [Submit] -> "Submitting EPOCH 117"
INFO  | 2026/05/30 12:30:14.380138 | [scheduler] -> "New learning rate = 1e-05"
INFO  | 2026/05/30 12:30:14.381155 | [Train] -> "Training EPOCH 118"
INFO  | 2026/05/30 12:37:59.228071 | [Train] -> "Finished training EPOCH 118 with loss 0.0018443567775163765, saving"
INFO  | 2026/05/30 12:37:59.407913 | [Validate] -> "Validating for EPOCH 118"
INFO  | 2026/05/30 12:39:20.665880 | [Validate] -> {"val": 0.0023606002148373463, "yes": 1815}
INFO  | 2026/05/30 12:39:20.667178 | [Submit] -> "Submitting EPOCH 118"
INFO  | 2026/05/30 12:40:24.524591 | [scheduler] -> "New learning rate = 1e-05"
INFO  | 2026/05/30 12:40:24.525663 | [Train] -> "Training EPOCH 119"
INFO  | 2026/05/30 12:48:09.315821 | [Train] -> "Finished training EPOCH 119 with loss 0.0018374279831576733, saving"
INFO  | 2026/05/30 12:48:09.494746 | [Validate] -> "Validating for EPOCH 119"
INFO  | 2026/05/30 12:49:30.653531 | [Validate] -> {"val": 0.002371484965362131, "yes": 1775}
INFO  | 2026/05/30 12:49:30.654710 | [Submit] -> "Submitting EPOCH 119"
INFO  | 2026/05/30 12:50:35.073187 | [scheduler] -> "New learning rate = 1e-05"
INFO  | 2026/05/30 12:50:35.074133 | [Train] -> "Training EPOCH 120"
INFO  | 2026/05/30 12:58:19.825368 | [Train] -> "Finished training EPOCH 120 with loss 0.0018367956351123262, saving"
INFO  | 2026/05/30 12:58:20.006608 | [Validate] -> "Validating for EPOCH 120"
INFO  | 2026/05/30 12:59:41.319171 | [Validate] -> {"val": 0.002336648411962182, "yes": 1805}
INFO  | 2026/05/30 12:59:41.320491 | [Submit] -> "Submitting EPOCH 120"
INFO  | 2026/05/30 13:00:44.834352 | [scheduler] -> "New learning rate = 1e-05"
INFO  | 2026/05/30 13:00:44.835432 | [Train] -> "Training EPOCH 121"
INFO  | 2026/05/30 13:08:29.393627 | [Train] -> "Finished training EPOCH 121 with loss 0.0018466934228078041, saving"
INFO  | 2026/05/30 13:08:29.575766 | [Validate] -> "Validating for EPOCH 121"
INFO  | 2026/05/30 13:09:50.831095 | [Validate] -> {"val": 0.002381697578405079, "yes": 1811}
INFO  | 2026/05/30 13:09:50.832081 | [Submit] -> "Submitting EPOCH 121"
INFO  | 2026/05/30 13:10:54.555061 | [scheduler] -> "New learning rate = 1e-05"
INFO  | 2026/05/30 13:10:54.556065 | [Train] -> "Training EPOCH 122"
INFO  | 2026/05/30 13:18:39.610557 | [Train] -> "Finished training EPOCH 122 with loss 0.0018264373789782234, saving"
INFO  | 2026/05/30 13:18:39.793696 | [Validate] -> "Validating for EPOCH 122"
INFO  | 2026/05/30 13:20:01.172288 | [Validate] -> {"val": 0.0023614960065420154, "yes": 1832}
INFO  | 2026/05/30 13:20:01.173576 | [Submit] -> "Submitting EPOCH 122"
INFO  | 2026/05/30 13:21:04.957943 | [scheduler] -> "New learning rate = 1e-05"
INFO  | 2026/05/30 13:21:04.958888 | [Train] -> "Training EPOCH 123"
INFO  | 2026/05/30 13:28:49.476205 | [Train] -> "Finished training EPOCH 123 with loss 0.0018304562796345358, saving"
INFO  | 2026/05/30 13:28:49.652161 | [Validate] -> "Validating for EPOCH 123"
INFO  | 2026/05/30 13:30:10.912141 | [Validate] -> {"val": 0.0023350744910245803, "yes": 1785}
INFO  | 2026/05/30 13:30:10.913560 | [Submit] -> "Submitting EPOCH 123"
INFO  | 2026/05/30 13:31:14.318747 | [scheduler] -> "New learning rate = 1e-05"
INFO  | 2026/05/30 13:31:14.319231 | [Train] -> "Training EPOCH 124"
INFO  | 2026/05/30 13:38:58.681724 | [Train] -> "Finished training EPOCH 124 with loss 0.0018232851347239033, saving"
INFO  | 2026/05/30 13:38:58.869190 | [Validate] -> "Validating for EPOCH 124"
INFO  | 2026/05/30 13:40:20.153071 | [Validate] -> {"val": 0.0023694623510087946, "yes": 1812}
INFO  | 2026/05/30 13:40:20.154571 | [Submit] -> "Submitting EPOCH 124"
INFO  | 2026/05/30 13:41:23.394731 | [scheduler] -> "New learning rate = 1e-05"
INFO  | 2026/05/30 13:41:23.395754 | [Train] -> "Training EPOCH 125"
INFO  | 2026/05/30 13:49:07.994242 | [Train] -> "Finished training EPOCH 125 with loss 0.001838743572291625, saving"
INFO  | 2026/05/30 13:49:08.186984 | [Validate] -> "Validating for EPOCH 125"
INFO  | 2026/05/30 13:50:29.651127 | [Validate] -> {"val": 0.002357832146053836, "yes": 1852}
INFO  | 2026/05/30 13:50:29.652300 | [Submit] -> "Submitting EPOCH 125"
INFO  | 2026/05/30 13:51:32.310735 | [scheduler] -> "New learning rate = 1e-05"
INFO  | 2026/05/30 13:51:32.311256 | [Train] -> "Training EPOCH 126"
INFO  | 2026/05/30 13:59:16.641815 | [Train] -> "Finished training EPOCH 126 with loss 0.0018320384922051495, saving"
INFO  | 2026/05/30 13:59:16.824213 | [Validate] -> "Validating for EPOCH 126"
INFO  | 2026/05/30 14:00:38.078512 | [Validate] -> {"val": 0.0023682948670094173, "yes": 1810}
INFO  | 2026/05/30 14:00:38.079939 | [Submit] -> "Submitting EPOCH 126"
INFO  | 2026/05/30 14:01:41.324011 | [scheduler] -> "New learning rate = 1e-05"
INFO  | 2026/05/30 14:01:41.324984 | [Train] -> "Training EPOCH 127"
INFO  | 2026/05/30 14:09:25.756325 | [Train] -> "Finished training EPOCH 127 with loss 0.0018215211571086882, saving"
INFO  | 2026/05/30 14:09:25.931032 | [Validate] -> "Validating for EPOCH 127"
INFO  | 2026/05/30 14:10:47.044442 | [Validate] -> {"val": 0.0023510321661042114, "yes": 1800}
INFO  | 2026/05/30 14:10:47.045887 | [Submit] -> "Submitting EPOCH 127"
INFO  | 2026/05/30 14:11:50.260587 | [scheduler] -> "New learning rate = 1e-05"
INFO  | 2026/05/30 14:11:50.261615 | [Train] -> "Training EPOCH 128"
INFO  | 2026/05/30 14:19:34.957877 | [Train] -> "Finished training EPOCH 128 with loss 0.0018174650914230125, saving"
INFO  | 2026/05/30 14:19:35.137520 | [Validate] -> "Validating for EPOCH 128"
INFO  | 2026/05/30 14:20:56.398497 | [Validate] -> {"val": 0.0023737871942589557, "yes": 1786}
INFO  | 2026/05/30 14:20:56.399748 | [Submit] -> "Submitting EPOCH 128"
INFO  | 2026/05/30 14:21:59.657688 | [scheduler] -> "New learning rate = 1e-05"
INFO  | 2026/05/30 14:21:59.658741 | [Train] -> "Training EPOCH 129"
INFO  | 2026/05/30 14:29:42.625988 | [Train] -> "Finished training EPOCH 129 with loss 0.001838165269315974, saving"
INFO  | 2026/05/30 14:29:42.807176 | [Validate] -> "Validating for EPOCH 129"
INFO  | 2026/05/30 14:31:04.053212 | [Validate] -> {"val": 0.0023555651778858805, "yes": 1766}
INFO  | 2026/05/30 14:31:04.054706 | [Submit] -> "Submitting EPOCH 129"
INFO  | 2026/05/30 14:32:08.747606 | [scheduler] -> "New learning rate = 1e-05"
INFO  | 2026/05/30 14:32:08.748079 | [Train] -> "Training EPOCH 130"
INFO  | 2026/05/30 14:39:53.317170 | [Train] -> "Finished training EPOCH 130 with loss 0.001819930736568823, saving"
INFO  | 2026/05/30 14:39:53.498708 | [Validate] -> "Validating for EPOCH 130"
INFO  | 2026/05/30 14:41:14.730826 | [Validate] -> {"val": 0.0023241853323693355, "yes": 1775}
INFO  | 2026/05/30 14:41:14.732275 | [Submit] -> "Submitting EPOCH 130"
INFO  | 2026/05/30 14:42:18.520794 | [scheduler] -> "New learning rate = 1e-05"
INFO  | 2026/05/30 14:42:18.521798 | [Train] -> "Training EPOCH 131"
INFO  | 2026/05/30 14:50:03.256948 | [Train] -> "Finished training EPOCH 131 with loss 0.001828722743864383, saving"
INFO  | 2026/05/30 14:50:03.437238 | [Validate] -> "Validating for EPOCH 131"
INFO  | 2026/05/30 14:51:24.994947 | [Validate] -> {"val": 0.0023441619279003854, "yes": 1886}
INFO  | 2026/05/30 14:51:24.996806 | [Submit] -> "Submitting EPOCH 131"
INFO  | 2026/05/30 14:52:28.804412 | [scheduler] -> "New learning rate = 1e-05"
INFO  | 2026/05/30 14:52:28.805454 | [Train] -> "Training EPOCH 132"
INFO  | 2026/05/30 15:00:13.308658 | [Train] -> "Finished training EPOCH 132 with loss 0.0018194462458104058, saving"
INFO  | 2026/05/30 15:00:13.485877 | [Validate] -> "Validating for EPOCH 132"
INFO  | 2026/05/30 15:01:34.807501 | [Validate] -> {"val": 0.002339921346753917, "yes": 1825}
INFO  | 2026/05/30 15:01:34.808959 | [Submit] -> "Submitting EPOCH 132"
INFO  | 2026/05/30 15:02:37.535047 | [scheduler] -> "New learning rate = 1e-05"
INFO  | 2026/05/30 15:02:37.536105 | [Train] -> "Training EPOCH 133"
INFO  | 2026/05/30 15:10:21.863476 | [Train] -> "Finished training EPOCH 133 with loss 0.001821039381184589, saving"
INFO  | 2026/05/30 15:10:22.038788 | [Validate] -> "Validating for EPOCH 133"
INFO  | 2026/05/30 15:11:43.183782 | [Validate] -> {"val": 0.0023769083641656283, "yes": 1833}
INFO  | 2026/05/30 15:11:43.185271 | [Submit] -> "Submitting EPOCH 133"
INFO  | 2026/05/30 15:12:46.603182 | [scheduler] -> "New learning rate = 1e-05"
INFO  | 2026/05/30 15:12:46.604196 | [Train] -> "Training EPOCH 134"
INFO  | 2026/05/30 15:20:31.105302 | [Train] -> "Finished training EPOCH 134 with loss 0.0018179545745128807, saving"
INFO  | 2026/05/30 15:20:31.287878 | [Validate] -> "Validating for EPOCH 134"
INFO  | 2026/05/30 15:21:52.559366 | [Validate] -> {"val": 0.002361080029131276, "yes": 1835}
INFO  | 2026/05/30 15:21:52.560828 | [Submit] -> "Submitting EPOCH 134"
INFO  | 2026/05/30 15:22:56.353654 | [scheduler] -> "New learning rate = 1e-05"
INFO  | 2026/05/30 15:22:56.354055 | [Train] -> "Training EPOCH 135"
INFO  | 2026/05/30 15:30:41.019532 | [Train] -> "Finished training EPOCH 135 with loss 0.0018196806168717526, saving"
INFO  | 2026/05/30 15:30:41.203736 | [Validate] -> "Validating for EPOCH 135"
INFO  | 2026/05/30 15:32:02.777426 | [Validate] -> {"val": 0.0023675583228353835, "yes": 1793}
INFO  | 2026/05/30 15:32:02.778077 | [Submit] -> "Submitting EPOCH 135"
INFO  | 2026/05/30 15:33:06.095783 | [scheduler] -> "New learning rate = 1e-05"
INFO  | 2026/05/30 15:33:06.096851 | [Train] -> "Training EPOCH 136"
INFO  | 2026/05/30 15:40:50.565192 | [Train] -> "Finished training EPOCH 136 with loss 0.0018252243592136908, saving"
INFO  | 2026/05/30 15:40:50.750223 | [Validate] -> "Validating for EPOCH 136"
INFO  | 2026/05/30 15:42:12.039606 | [Validate] -> {"val": 0.0023860649577494937, "yes": 1813}
INFO  | 2026/05/30 15:42:12.040789 | [Submit] -> "Submitting EPOCH 136"
INFO  | 2026/05/30 15:43:15.893576 | [scheduler] -> "New learning rate = 1e-05"
INFO  | 2026/05/30 15:43:15.894622 | [Train] -> "Training EPOCH 137"
INFO  | 2026/05/30 15:51:00.813833 | [Train] -> "Finished training EPOCH 137 with loss 0.0018234371091964483, saving"
INFO  | 2026/05/30 15:51:00.997575 | [Validate] -> "Validating for EPOCH 137"
INFO  | 2026/05/30 15:52:22.402853 | [Validate] -> {"val": 0.0023957903754625327, "yes": 1810}
INFO  | 2026/05/30 15:52:22.403849 | [Submit] -> "Submitting EPOCH 137"
INFO  | 2026/05/30 15:53:25.585152 | [scheduler] -> "New learning rate = 1e-05"
INFO  | 2026/05/30 15:53:25.586124 | [Train] -> "Training EPOCH 138"
INFO  | 2026/05/30 16:01:12.006837 | [Train] -> "Finished training EPOCH 138 with loss 0.0018106144093879355, saving"
INFO  | 2026/05/30 16:01:12.199715 | [Validate] -> "Validating for EPOCH 138"
INFO  | 2026/05/30 16:02:33.486907 | [Validate] -> {"val": 0.0024102135392367503, "yes": 1783}
INFO  | 2026/05/30 16:02:33.487630 | [Submit] -> "Submitting EPOCH 138"
INFO  | 2026/05/30 16:03:37.662870 | [scheduler] -> "New learning rate = 1e-05"
INFO  | 2026/05/30 16:03:37.663879 | [Train] -> "Training EPOCH 139"
INFO  | 2026/05/30 16:11:22.244887 | [Train] -> "Finished training EPOCH 139 with loss 0.001816201282990081, saving"
INFO  | 2026/05/30 16:11:22.432154 | [Validate] -> "Validating for EPOCH 139"
INFO  | 2026/05/30 16:12:43.809131 | [Validate] -> {"val": 0.002344048215004583, "yes": 1806}
INFO  | 2026/05/30 16:12:43.810688 | [Submit] -> "Submitting EPOCH 139"
INFO  | 2026/05/30 16:13:46.988018 | [scheduler] -> "New learning rate = 1e-05"
INFO  | 2026/05/30 16:13:46.989013 | [Train] -> "Training EPOCH 140"
INFO  | 2026/05/30 16:21:31.722218 | [Train] -> "Finished training EPOCH 140 with loss 0.0018036207863466227, saving"
INFO  | 2026/05/30 16:21:31.905551 | [Validate] -> "Validating for EPOCH 140"
INFO  | 2026/05/30 16:22:53.175277 | [Validate] -> {"val": 0.00235607287694895, "yes": 1819}
INFO  | 2026/05/30 16:22:53.176478 | [Submit] -> "Submitting EPOCH 140"
INFO  | 2026/05/30 16:23:56.587222 | [scheduler] -> "New learning rate = 1e-05"
INFO  | 2026/05/30 16:23:56.588255 | [Train] -> "Training EPOCH 141"
INFO  | 2026/05/30 16:31:41.187952 | [Train] -> "Finished training EPOCH 141 with loss 0.0018160607571847088, saving"
INFO  | 2026/05/30 16:31:41.365531 | [Validate] -> "Validating for EPOCH 141"
INFO  | 2026/05/30 16:33:02.617027 | [Validate] -> {"val": 0.002388964237768452, "yes": 1795}
INFO  | 2026/05/30 16:33:02.618342 | [Submit] -> "Submitting EPOCH 141"
INFO  | 2026/05/30 16:34:06.022866 | [scheduler] -> "New learning rate = 1e-05"
INFO  | 2026/05/30 16:34:06.023365 | [Train] -> "Training EPOCH 142"
INFO  | 2026/05/30 16:41:50.553749 | [Train] -> "Finished training EPOCH 142 with loss 0.0018114908244402795, saving"
INFO  | 2026/05/30 16:41:50.739850 | [Validate] -> "Validating for EPOCH 142"
INFO  | 2026/05/30 16:43:11.971959 | [Validate] -> {"val": 0.0023452252789020137, "yes": 1812}
INFO  | 2026/05/30 16:43:11.973470 | [Submit] -> "Submitting EPOCH 142"
INFO  | 2026/05/30 16:44:15.263827 | [scheduler] -> "New learning rate = 1e-05"
INFO  | 2026/05/30 16:44:15.264993 | [Train] -> "Training EPOCH 143"
INFO  | 2026/05/30 16:52:00.527240 | [Train] -> "Finished training EPOCH 143 with loss 0.001805146293594238, saving"
INFO  | 2026/05/30 16:52:00.708048 | [Validate] -> "Validating for EPOCH 143"
INFO  | 2026/05/30 16:53:22.106945 | [Validate] -> {"val": 0.0023659759049329547, "yes": 1783}
INFO  | 2026/05/30 16:53:22.107584 | [Submit] -> "Submitting EPOCH 143"
INFO  | 2026/05/30 16:54:25.998194 | [scheduler] -> "New learning rate = 1e-05"
INFO  | 2026/05/30 16:54:25.998730 | [Train] -> "Training EPOCH 144"
INFO  | 2026/05/30 17:02:10.681317 | [Train] -> "Finished training EPOCH 144 with loss 0.0018084032944116358, saving"
INFO  | 2026/05/30 17:02:10.860170 | [Validate] -> "Validating for EPOCH 144"
INFO  | 2026/05/30 17:03:32.089228 | [Validate] -> {"val": 0.002353254240936854, "yes": 1813}
INFO  | 2026/05/30 17:03:32.089992 | [Submit] -> "Submitting EPOCH 144"
INFO  | 2026/05/30 17:04:36.302387 | [scheduler] -> "New learning rate = 1e-05"
INFO  | 2026/05/30 17:04:36.303465 | [Train] -> "Training EPOCH 145"
INFO  | 2026/05/30 17:12:21.081632 | [Train] -> "Finished training EPOCH 145 with loss 0.0017993540948799396, saving"
INFO  | 2026/05/30 17:12:21.269265 | [Validate] -> "Validating for EPOCH 145"
INFO  | 2026/05/30 17:13:42.476531 | [Validate] -> {"val": 0.002377327427428438, "yes": 1817}
INFO  | 2026/05/30 17:13:42.477821 | [Submit] -> "Submitting EPOCH 145"
INFO  | 2026/05/30 17:14:46.785961 | [scheduler] -> "New learning rate = 1e-05"
INFO  | 2026/05/30 17:14:46.786982 | [Train] -> "Training EPOCH 146"
INFO  | 2026/05/30 17:22:31.401332 | [Train] -> "Finished training EPOCH 146 with loss 0.0017944041485433986, saving"
INFO  | 2026/05/30 17:22:31.575348 | [Validate] -> "Validating for EPOCH 146"
INFO  | 2026/05/30 17:23:52.807753 | [Validate] -> {"val": 0.0024010541609070144, "yes": 1839}
INFO  | 2026/05/30 17:23:52.809213 | [Submit] -> "Submitting EPOCH 146"
INFO  | 2026/05/30 17:24:55.965733 | [scheduler] -> "New learning rate = 1e-05"
INFO  | 2026/05/30 17:24:55.966774 | [Train] -> "Training EPOCH 147"
INFO  | 2026/05/30 17:32:40.815276 | [Train] -> "Finished training EPOCH 147 with loss 0.0017889179102931392, saving"
INFO  | 2026/05/30 17:32:41.000642 | [Validate] -> "Validating for EPOCH 147"
INFO  | 2026/05/30 17:34:02.292231 | [Validate] -> {"val": 0.002383067946137216, "yes": 1828}
INFO  | 2026/05/30 17:34:02.293559 | [Submit] -> "Submitting EPOCH 147"
INFO  | 2026/05/30 17:35:06.351108 | [scheduler] -> "New learning rate = 1e-05"
INFO  | 2026/05/30 17:35:06.352095 | [Train] -> "Training EPOCH 148"
INFO  | 2026/05/30 17:42:51.205935 | [Train] -> "Finished training EPOCH 148 with loss 0.001793598502582792, saving"
INFO  | 2026/05/30 17:42:51.396471 | [Validate] -> "Validating for EPOCH 148"
INFO  | 2026/05/30 17:44:12.752550 | [Validate] -> {"val": 0.002375981208599622, "yes": 1757}
INFO  | 2026/05/30 17:44:12.753384 | [Submit] -> "Submitting EPOCH 148"
INFO  | 2026/05/30 17:45:16.704728 | [scheduler] -> "New learning rate = 1e-05"
INFO  | 2026/05/30 17:45:16.705733 | [Train] -> "Training EPOCH 149"
INFO  | 2026/05/30 17:53:02.013149 | [Train] -> "Finished training EPOCH 149 with loss 0.0017884012536549029, saving"
INFO  | 2026/05/30 17:53:02.196547 | [Validate] -> "Validating for EPOCH 149"
INFO  | 2026/05/30 17:54:23.537725 | [Validate] -> {"val": 0.0023847374470997874, "yes": 1793}
INFO  | 2026/05/30 17:54:23.539123 | [Submit] -> "Submitting EPOCH 149"
INFO  | 2026/05/30 17:55:27.940412 | [scheduler] -> "New learning rate = 1e-05"
INFO  | 2026/05/31 18:17:04.716472 | [Train] -> "Statically training EPOCH 0"
INFO  | 2026/05/31 18:17:55.108972 | [Train] -> "Statically training EPOCH 0"
INFO  | 2026/05/31 18:18:28.824691 | [Train] -> "Statically training EPOCH 0"
INFO  | 2026/05/31 18:18:56.804634 | [Train] -> "Statically training EPOCH 0"
INFO  | 2026/05/31 18:19:48.277016 | [Train] -> "Statically training EPOCH 0"
INFO  | 2026/05/31 18:20:00.512670 | [Train] -> "Statically training EPOCH 0"
