DEBUG | 2026/06/04 14:38:08.063308 | [Test Dataset Load] -> "Loading datasets from data/test"
DEBUG | 2026/06/04 14:38:08.096412 | [Test Dataset Load] -> "Dynamically loaded 5000 datas"
DEBUG | 2026/06/04 14:38:08.097199 | [Dataset Load] -> "Loading datasets from data/train"
DEBUG | 2026/06/04 14:38:08.097932 | [Dataset Load] -> "Loading datasets from class Atelectasis"
DEBUG | 2026/06/04 14:38:08.110294 | [Dataset Load] -> "Loading datasets from class Cardiomegaly"
DEBUG | 2026/06/04 14:38:08.113261 | [Dataset Load] -> "Loading datasets from class Consolidation"
DEBUG | 2026/06/04 14:38:08.117235 | [Dataset Load] -> "Loading datasets from class Edema"
DEBUG | 2026/06/04 14:38:08.122974 | [Dataset Load] -> "Loading datasets from class Effusion"
DEBUG | 2026/06/04 14:38:08.128460 | [Dataset Load] -> "Loading datasets from class Emphysema"
DEBUG | 2026/06/04 14:38:08.130534 | [Dataset Load] -> "Loading datasets from class Fibrosis"
DEBUG | 2026/06/04 14:38:08.133232 | [Dataset Load] -> "Loading datasets from class Hernia"
DEBUG | 2026/06/04 14:38:08.133485 | [Dataset Load] -> "Loading datasets from class Infiltration"
DEBUG | 2026/06/04 14:38:08.140393 | [Dataset Load] -> "Loading datasets from class Mass"
DEBUG | 2026/06/04 14:38:08.146062 | [Dataset Load] -> "Loading datasets from class No Finding"
DEBUG | 2026/06/04 14:38:08.158014 | [Dataset Load] -> "Loading datasets from class Nodule"
DEBUG | 2026/06/04 14:38:08.163307 | [Dataset Load] -> "Loading datasets from class Pleural_Thickening"
DEBUG | 2026/06/04 14:38:08.166368 | [Dataset Load] -> "Loading datasets from class Pneumonia"
DEBUG | 2026/06/04 14:38:08.168095 | [Dataset Load] -> "Loading datasets from class Pneumothorax"
DEBUG | 2026/06/04 14:38:08.170696 | [Dataset Load] -> "Dynamically loaded 22921 datas"
DEBUG | 2026/06/04 14:38:08.177985 | [Dataset Load] -> "Loading datasets from data/train"
DEBUG | 2026/06/04 14:38:08.178054 | [Dataset Load] -> "Dynamically loaded 16044 datas"
DEBUG | 2026/06/04 14:38:08.178093 | [Dataset Load] -> "Loading datasets from data/train"
DEBUG | 2026/06/04 14:38:08.178141 | [Dataset Load] -> "Dynamically loaded 6877 datas"
DEBUG | 2026/06/04 14:38:39.288629 | [Test Dataset Load] -> "Loading datasets from data/test"
DEBUG | 2026/06/04 14:38:39.291053 | [Test Dataset Load] -> "Dynamically loaded 5000 datas"
DEBUG | 2026/06/04 14:38:39.292459 | [Dataset Load] -> "Loading datasets from data/train"
DEBUG | 2026/06/04 14:38:39.292558 | [Dataset Load] -> "Loading datasets from class Atelectasis"
DEBUG | 2026/06/04 14:38:39.294175 | [Dataset Load] -> "Loading datasets from class Cardiomegaly"
DEBUG | 2026/06/04 14:38:39.295138 | [Dataset Load] -> "Loading datasets from class Consolidation"
DEBUG | 2026/06/04 14:38:39.296116 | [Dataset Load] -> "Loading datasets from class Edema"
DEBUG | 2026/06/04 14:38:39.296761 | [Dataset Load] -> "Loading datasets from class Effusion"
DEBUG | 2026/06/04 14:38:39.297787 | [Dataset Load] -> "Loading datasets from class Emphysema"
DEBUG | 2026/06/04 14:38:39.298335 | [Dataset Load] -> "Loading datasets from class Fibrosis"
DEBUG | 2026/06/04 14:38:39.298696 | [Dataset Load] -> "Loading datasets from class Hernia"
DEBUG | 2026/06/04 14:38:39.298786 | [Dataset Load] -> "Loading datasets from class Infiltration"
DEBUG | 2026/06/04 14:38:39.300477 | [Dataset Load] -> "Loading datasets from class Mass"
DEBUG | 2026/06/04 14:38:39.301351 | [Dataset Load] -> "Loading datasets from class No Finding"
DEBUG | 2026/06/04 14:38:39.303041 | [Dataset Load] -> "Loading datasets from class Nodule"
DEBUG | 2026/06/04 14:38:39.303938 | [Dataset Load] -> "Loading datasets from class Pleural_Thickening"
DEBUG | 2026/06/04 14:38:39.304401 | [Dataset Load] -> "Loading datasets from class Pneumonia"
DEBUG | 2026/06/04 14:38:39.304562 | [Dataset Load] -> "Loading datasets from class Pneumothorax"
DEBUG | 2026/06/04 14:38:39.305325 | [Dataset Load] -> "Dynamically loaded 22921 datas"
DEBUG | 2026/06/04 14:38:39.313472 | [Dataset Load] -> "Loading datasets from data/train"
DEBUG | 2026/06/04 14:38:39.313549 | [Dataset Load] -> "Dynamically loaded 16044 datas"
DEBUG | 2026/06/04 14:38:39.313617 | [Dataset Load] -> "Loading datasets from data/train"
DEBUG | 2026/06/04 14:38:39.313677 | [Dataset Load] -> "Dynamically loaded 6877 datas"
DEBUG | 2026/06/04 14:39:54.504512 | [Test Dataset Load] -> "Loading datasets from data/test"
DEBUG | 2026/06/04 14:39:54.506224 | [Test Dataset Load] -> "Dynamically loaded 5000 datas"
DEBUG | 2026/06/04 14:39:54.507654 | [Dataset Load] -> "Loading datasets from data/train"
DEBUG | 2026/06/04 14:39:54.507738 | [Dataset Load] -> "Loading datasets from class Atelectasis"
DEBUG | 2026/06/04 14:39:54.508900 | [Dataset Load] -> "Loading datasets from class Cardiomegaly"
DEBUG | 2026/06/04 14:39:54.509627 | [Dataset Load] -> "Loading datasets from class Consolidation"
DEBUG | 2026/06/04 14:39:54.510357 | [Dataset Load] -> "Loading datasets from class Edema"
DEBUG | 2026/06/04 14:39:54.510806 | [Dataset Load] -> "Loading datasets from class Effusion"
DEBUG | 2026/06/04 14:39:54.511536 | [Dataset Load] -> "Loading datasets from class Emphysema"
DEBUG | 2026/06/04 14:39:54.511954 | [Dataset Load] -> "Loading datasets from class Fibrosis"
DEBUG | 2026/06/04 14:39:54.512206 | [Dataset Load] -> "Loading datasets from class Hernia"
DEBUG | 2026/06/04 14:39:54.512270 | [Dataset Load] -> "Loading datasets from class Infiltration"
DEBUG | 2026/06/04 14:39:54.513466 | [Dataset Load] -> "Loading datasets from class Mass"
DEBUG | 2026/06/04 14:39:54.514191 | [Dataset Load] -> "Loading datasets from class No Finding"
DEBUG | 2026/06/04 14:39:54.515514 | [Dataset Load] -> "Loading datasets from class Nodule"
DEBUG | 2026/06/04 14:39:54.516240 | [Dataset Load] -> "Loading datasets from class Pleural_Thickening"
DEBUG | 2026/06/04 14:39:54.516634 | [Dataset Load] -> "Loading datasets from class Pneumonia"
DEBUG | 2026/06/04 14:39:54.516764 | [Dataset Load] -> "Loading datasets from class Pneumothorax"
DEBUG | 2026/06/04 14:39:54.517346 | [Dataset Load] -> "Dynamically loaded 22921 datas"
DEBUG | 2026/06/04 14:39:54.525332 | [Dataset Load] -> "Loading datasets from data/train"
DEBUG | 2026/06/04 14:39:54.525396 | [Dataset Load] -> "Dynamically loaded 16044 datas"
DEBUG | 2026/06/04 14:39:54.525436 | [Dataset Load] -> "Loading datasets from data/train"
DEBUG | 2026/06/04 14:39:54.525480 | [Dataset Load] -> "Dynamically loaded 6877 datas"
DEBUG | 2026/06/04 14:40:11.143470 | [Test Dataset Load] -> "Loading datasets from data/test"
DEBUG | 2026/06/04 14:40:11.145024 | [Test Dataset Load] -> "Dynamically loaded 5000 datas"
DEBUG | 2026/06/04 14:40:11.146490 | [Dataset Load] -> "Loading datasets from data/train"
DEBUG | 2026/06/04 14:40:11.146575 | [Dataset Load] -> "Loading datasets from class Atelectasis"
DEBUG | 2026/06/04 14:40:11.147714 | [Dataset Load] -> "Loading datasets from class Cardiomegaly"
DEBUG | 2026/06/04 14:40:11.148452 | [Dataset Load] -> "Loading datasets from class Consolidation"
DEBUG | 2026/06/04 14:40:11.149185 | [Dataset Load] -> "Loading datasets from class Edema"
DEBUG | 2026/06/04 14:40:11.149632 | [Dataset Load] -> "Loading datasets from class Effusion"
DEBUG | 2026/06/04 14:40:11.150368 | [Dataset Load] -> "Loading datasets from class Emphysema"
DEBUG | 2026/06/04 14:40:11.150774 | [Dataset Load] -> "Loading datasets from class Fibrosis"
DEBUG | 2026/06/04 14:40:11.151036 | [Dataset Load] -> "Loading datasets from class Hernia"
DEBUG | 2026/06/04 14:40:11.151100 | [Dataset Load] -> "Loading datasets from class Infiltration"
DEBUG | 2026/06/04 14:40:11.152294 | [Dataset Load] -> "Loading datasets from class Mass"
DEBUG | 2026/06/04 14:40:11.153011 | [Dataset Load] -> "Loading datasets from class No Finding"
DEBUG | 2026/06/04 14:40:11.154324 | [Dataset Load] -> "Loading datasets from class Nodule"
DEBUG | 2026/06/04 14:40:11.155127 | [Dataset Load] -> "Loading datasets from class Pleural_Thickening"
DEBUG | 2026/06/04 14:40:11.155433 | [Dataset Load] -> "Loading datasets from class Pneumonia"
DEBUG | 2026/06/04 14:40:11.155556 | [Dataset Load] -> "Loading datasets from class Pneumothorax"
DEBUG | 2026/06/04 14:40:11.156159 | [Dataset Load] -> "Dynamically loaded 22921 datas"
DEBUG | 2026/06/04 14:40:11.164352 | [Dataset Load] -> "Loading datasets from data/train"
DEBUG | 2026/06/04 14:40:11.164422 | [Dataset Load] -> "Dynamically loaded 16044 datas"
DEBUG | 2026/06/04 14:40:11.164465 | [Dataset Load] -> "Loading datasets from data/train"
DEBUG | 2026/06/04 14:40:11.164516 | [Dataset Load] -> "Dynamically loaded 6877 datas"
DEBUG | 2026/06/04 16:13:48.049654 | [Dataset Load] -> "Loading datasets from data/train"
DEBUG | 2026/06/04 16:13:48.051356 | [Dataset Load] -> "Loading datasets from class Atelectasis"
DEBUG | 2026/06/04 16:13:48.065600 | [Dataset Load] -> "Loading datasets from class Cardiomegaly"
DEBUG | 2026/06/04 16:13:48.067269 | [Dataset Load] -> "Loading datasets from class Consolidation"
DEBUG | 2026/06/04 16:13:48.071649 | [Dataset Load] -> "Loading datasets from class Edema"
DEBUG | 2026/06/04 16:13:48.075070 | [Dataset Load] -> "Loading datasets from class Effusion"
DEBUG | 2026/06/04 16:13:48.079371 | [Dataset Load] -> "Loading datasets from class Emphysema"
DEBUG | 2026/06/04 16:13:48.081322 | [Dataset Load] -> "Loading datasets from class Fibrosis"
DEBUG | 2026/06/04 16:13:48.082118 | [Dataset Load] -> "Loading datasets from class Hernia"
DEBUG | 2026/06/04 16:13:48.083278 | [Dataset Load] -> "Loading datasets from class Infiltration"
DEBUG | 2026/06/04 16:13:48.091529 | [Dataset Load] -> "Loading datasets from class Mass"
DEBUG | 2026/06/04 16:13:48.097240 | [Dataset Load] -> "Loading datasets from class No Finding"
DEBUG | 2026/06/04 16:13:48.101766 | [Dataset Load] -> "Loading datasets from class Nodule"
DEBUG | 2026/06/04 16:13:48.103767 | [Dataset Load] -> "Loading datasets from class Pleural_Thickening"
DEBUG | 2026/06/04 16:13:48.106882 | [Dataset Load] -> "Loading datasets from class Pneumonia"
DEBUG | 2026/06/04 16:13:48.107173 | [Dataset Load] -> "Loading datasets from class Pneumothorax"
DEBUG | 2026/06/04 16:13:48.108983 | [Dataset Load] -> "Dynamically loaded 22921 datas"
DEBUG | 2026/06/04 21:08:13.189005 | [Test Dataset Load] -> "Loading datasets from data/test"
DEBUG | 2026/06/04 21:08:13.220604 | [Test Dataset Load] -> "Dynamically loaded 5000 datas"
DEBUG | 2026/06/04 21:08:13.221151 | [Dataset Load] -> "Loading datasets from data/train"
DEBUG | 2026/06/04 21:08:13.221967 | [Dataset Load] -> "Loading datasets from class Atelectasis"
DEBUG | 2026/06/04 21:08:13.234645 | [Dataset Load] -> "Loading datasets from class Cardiomegaly"
DEBUG | 2026/06/04 21:08:13.237643 | [Dataset Load] -> "Loading datasets from class Consolidation"
DEBUG | 2026/06/04 21:08:13.241688 | [Dataset Load] -> "Loading datasets from class Edema"
DEBUG | 2026/06/04 21:08:13.247823 | [Dataset Load] -> "Loading datasets from class Effusion"
DEBUG | 2026/06/04 21:08:13.253769 | [Dataset Load] -> "Loading datasets from class Emphysema"
DEBUG | 2026/06/04 21:08:13.255854 | [Dataset Load] -> "Loading datasets from class Fibrosis"
DEBUG | 2026/06/04 21:08:13.258401 | [Dataset Load] -> "Loading datasets from class Hernia"
DEBUG | 2026/06/04 21:08:13.258653 | [Dataset Load] -> "Loading datasets from class Infiltration"
DEBUG | 2026/06/04 21:08:13.265507 | [Dataset Load] -> "Loading datasets from class Mass"
DEBUG | 2026/06/04 21:08:13.271061 | [Dataset Load] -> "Loading datasets from class No Finding"
DEBUG | 2026/06/04 21:08:13.283941 | [Dataset Load] -> "Loading datasets from class Nodule"
DEBUG | 2026/06/04 21:08:13.288616 | [Dataset Load] -> "Loading datasets from class Pleural_Thickening"
DEBUG | 2026/06/04 21:08:13.291928 | [Dataset Load] -> "Loading datasets from class Pneumonia"
DEBUG | 2026/06/04 21:08:13.293345 | [Dataset Load] -> "Loading datasets from class Pneumothorax"
DEBUG | 2026/06/04 21:08:13.295888 | [Dataset Load] -> "Dynamically loaded 22921 datas"
DEBUG | 2026/06/04 21:09:41.082235 | [Test Dataset Load] -> "Loading datasets from data/test"
DEBUG | 2026/06/04 21:09:41.111736 | [Test Dataset Load] -> "Dynamically loaded 5000 datas"
DEBUG | 2026/06/04 21:09:41.112263 | [Dataset Load] -> "Loading datasets from data/train"
DEBUG | 2026/06/04 21:09:41.113223 | [Dataset Load] -> "Loading datasets from class Atelectasis"
DEBUG | 2026/06/04 21:09:41.125969 | [Dataset Load] -> "Loading datasets from class Cardiomegaly"
DEBUG | 2026/06/04 21:09:41.128980 | [Dataset Load] -> "Loading datasets from class Consolidation"
DEBUG | 2026/06/04 21:09:41.133228 | [Dataset Load] -> "Loading datasets from class Edema"
DEBUG | 2026/06/04 21:09:41.139244 | [Dataset Load] -> "Loading datasets from class Effusion"
DEBUG | 2026/06/04 21:09:41.145214 | [Dataset Load] -> "Loading datasets from class Emphysema"
DEBUG | 2026/06/04 21:09:41.147339 | [Dataset Load] -> "Loading datasets from class Fibrosis"
DEBUG | 2026/06/04 21:09:41.150011 | [Dataset Load] -> "Loading datasets from class Hernia"
DEBUG | 2026/06/04 21:09:41.150267 | [Dataset Load] -> "Loading datasets from class Infiltration"
DEBUG | 2026/06/04 21:09:41.156884 | [Dataset Load] -> "Loading datasets from class Mass"
DEBUG | 2026/06/04 21:09:41.162641 | [Dataset Load] -> "Loading datasets from class No Finding"
DEBUG | 2026/06/04 21:09:41.175624 | [Dataset Load] -> "Loading datasets from class Nodule"
DEBUG | 2026/06/04 21:09:41.180273 | [Dataset Load] -> "Loading datasets from class Pleural_Thickening"
DEBUG | 2026/06/04 21:09:41.183477 | [Dataset Load] -> "Loading datasets from class Pneumonia"
DEBUG | 2026/06/04 21:09:41.185257 | [Dataset Load] -> "Loading datasets from class Pneumothorax"
DEBUG | 2026/06/04 21:09:41.190625 | [Dataset Load] -> "Dynamically loaded 22921 datas"
