INFO  | 2026/05/31 18:25:43.985944 | [Train] -> "Statically training EPOCH 0"
INFO  | 2026/05/31 18:26:51.127292 | [Train] -> "Statically training EPOCH 0"
INFO  | 2026/05/31 18:30:49.654764 | [Train] -> "Finished training EPOCH 0 with loss 0.002522030907952897, saving"
INFO  | 2026/05/31 18:30:49.834179 | [Train] -> "Statically training EPOCH 1"
INFO  | 2026/05/31 18:34:46.636060 | [Train] -> "Finished training EPOCH 1 with loss 0.002491359798690287, saving"
INFO  | 2026/05/31 18:34:46.806615 | [Train] -> "Statically training EPOCH 2"
INFO  | 2026/05/31 18:38:43.998735 | [Train] -> "Finished training EPOCH 2 with loss 0.0024718891380273527, saving"
INFO  | 2026/05/31 18:38:44.169671 | [Train] -> "Statically training EPOCH 3"
INFO  | 2026/05/31 18:42:42.045819 | [Train] -> "Finished training EPOCH 3 with loss 0.002458600772942222, saving"
INFO  | 2026/05/31 18:42:42.216097 | [Train] -> "Statically training EPOCH 4"
INFO  | 2026/05/31 18:44:13.526996 | [Train] -> "Statically training EPOCH 0"
INFO  | 2026/05/31 18:47:51.987365 | [Train] -> "Statically training EPOCH 0"
INFO  | 2026/05/31 18:51:51.491242 | [Train] -> "Finished training EPOCH 0 with loss 0.002418612221232688, saving"
INFO  | 2026/05/31 18:51:51.677422 | [Train] -> "Statically training EPOCH 1"
INFO  | 2026/05/31 18:55:49.369423 | [Train] -> "Finished training EPOCH 1 with loss 0.002327251059548622, saving"
INFO  | 2026/05/31 18:55:49.541743 | [Train] -> "Statically training EPOCH 2"
INFO  | 2026/05/31 18:59:47.301957 | [Train] -> "Finished training EPOCH 2 with loss 0.002293671367869849, saving"
INFO  | 2026/05/31 18:59:47.470737 | [Train] -> "Statically training EPOCH 3"
INFO  | 2026/05/31 19:03:45.447904 | [Train] -> "Finished training EPOCH 3 with loss 0.0022795868249076224, saving"
INFO  | 2026/05/31 19:03:45.613084 | [Train] -> "Statically training EPOCH 4"
INFO  | 2026/05/31 19:07:43.280693 | [Train] -> "Finished training EPOCH 4 with loss 0.002271159189155563, saving"
INFO  | 2026/05/31 19:07:43.448398 | [Train] -> "Training EPOCH 5"
INFO  | 2026/05/31 20:05:33.682559 | [Train] -> "Statically training EPOCH 0"
INFO  | 2026/05/31 20:13:56.971355 | [Train] -> "Statically training EPOCH 0"
INFO  | 2026/05/31 20:14:58.018475 | [Train] -> "Training EPOCH 5"
INFO  | 2026/05/31 20:14:58.018582 | [Train] -> "Finished training EPOCH 5 with loss 0.0, saving"
INFO  | 2026/05/31 20:14:58.169650 | [Validate] -> "Validating for EPOCH 5"
INFO  | 2026/05/31 20:16:25.368966 | [Validate] -> {"val": 0.0022440500571636137, "yes": 2513}
INFO  | 2026/05/31 20:16:25.369728 | [Submit] -> "Submitting EPOCH 5"
INFO  | 2026/05/31 20:16:50.169010 | [Train] -> "Training EPOCH 6"
INFO  | 2026/05/31 20:17:06.640773 | [Train] -> "Training EPOCH 5"
INFO  | 2026/05/31 20:24:36.065516 | [Train] -> "Finished training EPOCH 5 with loss 0.0022562414795055845, saving"
INFO  | 2026/05/31 20:24:36.244955 | [Validate] -> "Validating for EPOCH 5"
INFO  | 2026/05/31 20:26:04.494931 | [Validate] -> {"val": 0.0022262900231506265, "yes": 2413}
INFO  | 2026/05/31 20:26:04.495410 | [Submit] -> "Submitting EPOCH 5"
INFO  | 2026/05/31 20:27:21.371535 | [scheduler] -> "New learning rate = 0.0001"
INFO  | 2026/05/31 20:27:21.372016 | [Train] -> "Training EPOCH 6"
INFO  | 2026/05/31 20:34:50.964568 | [Train] -> "Finished training EPOCH 6 with loss 0.0022237540681112407, saving"
INFO  | 2026/05/31 20:34:51.146987 | [Validate] -> "Validating for EPOCH 6"
INFO  | 2026/05/31 20:36:19.270656 | [Validate] -> {"val": 0.002225313351224285, "yes": 2464}
INFO  | 2026/05/31 20:36:19.271873 | [Submit] -> "Submitting EPOCH 6"
INFO  | 2026/05/31 20:37:35.069501 | [scheduler] -> "New learning rate = 0.0001"
INFO  | 2026/05/31 20:37:35.070538 | [Train] -> "Training EPOCH 7"
INFO  | 2026/05/31 20:45:04.793894 | [Train] -> "Finished training EPOCH 7 with loss 0.0022045732336554015, saving"
INFO  | 2026/05/31 20:45:04.981114 | [Validate] -> "Validating for EPOCH 7"
INFO  | 2026/05/31 20:46:33.934941 | [Validate] -> {"val": 0.0022042770088287504, "yes": 2428}
INFO  | 2026/05/31 20:46:33.937491 | [Submit] -> "Submitting EPOCH 7"
INFO  | 2026/05/31 20:47:50.724874 | [scheduler] -> "New learning rate = 0.0001"
INFO  | 2026/05/31 20:47:50.725366 | [Train] -> "Training EPOCH 8"
INFO  | 2026/05/31 20:55:20.569443 | [Train] -> "Finished training EPOCH 8 with loss 0.002185089635007037, saving"
INFO  | 2026/05/31 20:55:20.751699 | [Validate] -> "Validating for EPOCH 8"
INFO  | 2026/05/31 20:56:48.889984 | [Validate] -> {"val": 0.0022104124717622843, "yes": 2485}
INFO  | 2026/05/31 20:56:48.891115 | [Submit] -> "Submitting EPOCH 8"
INFO  | 2026/05/31 20:58:06.839691 | [scheduler] -> "New learning rate = 0.0001"
INFO  | 2026/05/31 20:58:06.840166 | [Train] -> "Training EPOCH 9"
INFO  | 2026/05/31 21:05:36.530065 | [Train] -> "Finished training EPOCH 9 with loss 0.0021724645375503326, saving"
INFO  | 2026/05/31 21:05:36.712259 | [Validate] -> "Validating for EPOCH 9"
INFO  | 2026/05/31 21:07:04.752006 | [Validate] -> {"val": 0.0022055136217860247, "yes": 2389}
INFO  | 2026/05/31 21:07:04.753241 | [Submit] -> "Submitting EPOCH 9"
INFO  | 2026/05/31 21:08:21.310456 | [scheduler] -> "New learning rate = 0.0001"
INFO  | 2026/05/31 21:08:21.310947 | [Train] -> "Training EPOCH 10"
INFO  | 2026/05/31 21:15:50.736840 | [Train] -> "Finished training EPOCH 10 with loss 0.0021654188626437127, saving"
INFO  | 2026/05/31 21:15:50.914645 | [Validate] -> "Validating for EPOCH 10"
INFO  | 2026/05/31 21:17:19.237935 | [Validate] -> {"val": 0.0022277203837760217, "yes": 2331}
INFO  | 2026/05/31 21:17:19.239054 | [Submit] -> "Submitting EPOCH 10"
INFO  | 2026/05/31 21:18:35.610698 | [scheduler] -> "New learning rate = 0.0001"
INFO  | 2026/05/31 21:18:35.611180 | [Train] -> "Training EPOCH 11"
INFO  | 2026/05/31 21:26:05.967643 | [Train] -> "Finished training EPOCH 11 with loss 0.002148119392485657, saving"
INFO  | 2026/05/31 21:26:06.150037 | [Validate] -> "Validating for EPOCH 11"
INFO  | 2026/05/31 21:27:34.125308 | [Validate] -> {"val": 0.0022055683671063637, "yes": 2448}
INFO  | 2026/05/31 21:27:34.127536 | [Submit] -> "Submitting EPOCH 11"
INFO  | 2026/05/31 21:28:50.156183 | [scheduler] -> "New learning rate = 1e-05"
INFO  | 2026/05/31 21:28:50.156674 | [Train] -> "Training EPOCH 12"
INFO  | 2026/05/31 21:36:19.174616 | [Train] -> "Finished training EPOCH 12 with loss 0.0021226871586796417, saving"
INFO  | 2026/05/31 21:36:19.353922 | [Validate] -> "Validating for EPOCH 12"
INFO  | 2026/05/31 21:37:47.405825 | [Validate] -> {"val": 0.0021943511481283145, "yes": 2503}
INFO  | 2026/05/31 21:37:47.406407 | [Submit] -> "Submitting EPOCH 12"
INFO  | 2026/05/31 21:39:05.064199 | [scheduler] -> "New learning rate = 1e-05"
INFO  | 2026/05/31 21:39:05.065196 | [Train] -> "Training EPOCH 13"
INFO  | 2026/05/31 21:46:35.664079 | [Train] -> "Finished training EPOCH 13 with loss 0.002109034432350684, saving"
INFO  | 2026/05/31 21:46:35.870673 | [Validate] -> "Validating for EPOCH 13"
INFO  | 2026/05/31 21:48:04.075098 | [Validate] -> {"val": 0.0021959736513963435, "yes": 2463}
INFO  | 2026/05/31 21:48:04.076924 | [Submit] -> "Submitting EPOCH 13"
INFO  | 2026/05/31 21:49:20.815030 | [scheduler] -> "New learning rate = 1e-05"
INFO  | 2026/05/31 21:49:20.815497 | [Train] -> "Training EPOCH 14"
INFO  | 2026/05/31 21:56:50.124723 | [Train] -> "Finished training EPOCH 14 with loss 0.0021118195949418246, saving"
INFO  | 2026/05/31 21:56:50.307868 | [Validate] -> "Validating for EPOCH 14"
INFO  | 2026/05/31 21:58:18.392343 | [Validate] -> {"val": 0.0021946455158603235, "yes": 2524}
INFO  | 2026/05/31 21:58:18.393458 | [Submit] -> "Submitting EPOCH 14"
INFO  | 2026/05/31 21:59:35.575829 | [scheduler] -> "New learning rate = 1e-05"
INFO  | 2026/05/31 21:59:35.576304 | [Train] -> "Training EPOCH 15"
INFO  | 2026/05/31 22:07:04.672056 | [Train] -> "Finished training EPOCH 15 with loss 0.0021058862449345977, saving"
INFO  | 2026/05/31 22:07:04.862144 | [Validate] -> "Validating for EPOCH 15"
INFO  | 2026/05/31 22:08:32.849290 | [Validate] -> {"val": 0.0021918267130088278, "yes": 2542}
INFO  | 2026/05/31 22:08:32.850688 | [Submit] -> "Submitting EPOCH 15"
INFO  | 2026/05/31 22:09:48.664786 | [scheduler] -> "New learning rate = 1e-05"
INFO  | 2026/05/31 22:09:48.665933 | [Train] -> "Training EPOCH 16"
INFO  | 2026/05/31 22:17:18.702853 | [Train] -> "Finished training EPOCH 16 with loss 0.002103354880800964, saving"
INFO  | 2026/05/31 22:17:18.883889 | [Validate] -> "Validating for EPOCH 16"
INFO  | 2026/05/31 22:18:46.929309 | [Validate] -> {"val": 0.0021953217040200524, "yes": 2521}
INFO  | 2026/05/31 22:18:46.930308 | [Submit] -> "Submitting EPOCH 16"
INFO  | 2026/05/31 22:20:03.655118 | [scheduler] -> "New learning rate = 1e-05"
INFO  | 2026/05/31 22:20:03.655557 | [Train] -> "Training EPOCH 17"
INFO  | 2026/05/31 22:27:32.455598 | [Train] -> "Finished training EPOCH 17 with loss 0.002094690379471956, saving"
INFO  | 2026/05/31 22:27:32.640035 | [Validate] -> "Validating for EPOCH 17"
INFO  | 2026/05/31 22:29:00.679357 | [Validate] -> {"val": 0.002197979700340088, "yes": 2512}
INFO  | 2026/05/31 22:29:00.679970 | [Submit] -> "Submitting EPOCH 17"
INFO  | 2026/05/31 22:30:16.684490 | [scheduler] -> "New learning rate = 1e-05"
INFO  | 2026/05/31 22:30:16.685556 | [Train] -> "Training EPOCH 18"
INFO  | 2026/05/31 22:37:45.478525 | [Train] -> "Finished training EPOCH 18 with loss 0.002091248932866107, saving"
INFO  | 2026/05/31 22:37:45.709709 | [Validate] -> "Validating for EPOCH 18"
INFO  | 2026/05/31 22:39:13.997439 | [Validate] -> {"val": 0.0021934297739028617, "yes": 2428}
INFO  | 2026/05/31 22:39:13.998011 | [Submit] -> "Submitting EPOCH 18"
INFO  | 2026/05/31 22:40:30.753005 | [scheduler] -> "New learning rate = 1e-05"
INFO  | 2026/05/31 22:40:30.754092 | [Train] -> "Training EPOCH 19"
INFO  | 2026/05/31 22:48:00.718564 | [Train] -> "Finished training EPOCH 19 with loss 0.002094538392487484, saving"
INFO  | 2026/05/31 22:48:00.902982 | [Validate] -> "Validating for EPOCH 19"
INFO  | 2026/05/31 22:49:29.010722 | [Validate] -> {"val": 0.0021954964588160714, "yes": 2488}
INFO  | 2026/05/31 22:49:29.013226 | [Submit] -> "Submitting EPOCH 19"
INFO  | 2026/05/31 22:50:46.684756 | [scheduler] -> "New learning rate = 1e-05"
INFO  | 2026/05/31 22:50:46.685163 | [Train] -> "Training EPOCH 20"
INFO  | 2026/05/31 22:58:16.220352 | [Train] -> "Finished training EPOCH 20 with loss 0.002092329514317354, saving"
INFO  | 2026/05/31 22:58:16.400189 | [Validate] -> "Validating for EPOCH 20"
INFO  | 2026/05/31 22:59:44.517672 | [Validate] -> {"val": 0.002196790860559071, "yes": 2484}
INFO  | 2026/05/31 22:59:44.518887 | [Submit] -> "Submitting EPOCH 20"
INFO  | 2026/05/31 23:01:00.636417 | [scheduler] -> "New learning rate = 1e-05"
INFO  | 2026/05/31 23:01:00.637411 | [Train] -> "Training EPOCH 21"
INFO  | 2026/05/31 23:08:30.717314 | [Train] -> "Finished training EPOCH 21 with loss 0.0020854699634294087, saving"
INFO  | 2026/05/31 23:08:30.895464 | [Validate] -> "Validating for EPOCH 21"
INFO  | 2026/05/31 23:09:59.043633 | [Validate] -> {"val": 0.0021934303284831193, "yes": 2469}
INFO  | 2026/05/31 23:09:59.044831 | [Submit] -> "Submitting EPOCH 21"
INFO  | 2026/05/31 23:11:16.482584 | [scheduler] -> "New learning rate = 1e-05"
INFO  | 2026/05/31 23:11:16.483630 | [Train] -> "Training EPOCH 22"
INFO  | 2026/05/31 23:18:45.912848 | [Train] -> "Finished training EPOCH 22 with loss 0.0020873467739659863, saving"
INFO  | 2026/05/31 23:18:46.084924 | [Validate] -> "Validating for EPOCH 22"
INFO  | 2026/05/31 23:20:14.458464 | [Validate] -> {"val": 0.0021991677580402657, "yes": 2516}
INFO  | 2026/05/31 23:20:14.459009 | [Submit] -> "Submitting EPOCH 22"
INFO  | 2026/05/31 23:21:29.873224 | [scheduler] -> "New learning rate = 1e-05"
INFO  | 2026/05/31 23:21:29.874207 | [Train] -> "Training EPOCH 23"
INFO  | 2026/05/31 23:28:59.361417 | [Train] -> "Finished training EPOCH 23 with loss 0.0020811772496929838, saving"
INFO  | 2026/05/31 23:28:59.552956 | [Validate] -> "Validating for EPOCH 23"
INFO  | 2026/05/31 23:30:27.764758 | [Validate] -> {"val": 0.0021959037787678956, "yes": 2499}
INFO  | 2026/05/31 23:30:27.765961 | [Submit] -> "Submitting EPOCH 23"
INFO  | 2026/05/31 23:31:43.879536 | [scheduler] -> "New learning rate = 1e-05"
INFO  | 2026/05/31 23:31:43.880224 | [Train] -> "Training EPOCH 24"
INFO  | 2026/05/31 23:39:13.916617 | [Train] -> "Finished training EPOCH 24 with loss 0.002077897077983367, saving"
INFO  | 2026/05/31 23:39:14.100073 | [Validate] -> "Validating for EPOCH 24"
INFO  | 2026/05/31 23:40:42.344439 | [Validate] -> {"val": 0.0021997180558892705, "yes": 2469}
INFO  | 2026/05/31 23:40:42.345869 | [Submit] -> "Submitting EPOCH 24"
INFO  | 2026/05/31 23:41:59.839496 | [scheduler] -> "New learning rate = 1e-05"
INFO  | 2026/05/31 23:41:59.840556 | [Train] -> "Training EPOCH 25"
INFO  | 2026/05/31 23:49:29.644966 | [Train] -> "Finished training EPOCH 25 with loss 0.0020810295559315017, saving"
INFO  | 2026/05/31 23:49:29.826588 | [Validate] -> "Validating for EPOCH 25"
INFO  | 2026/05/31 23:50:58.293850 | [Validate] -> {"val": 0.002197074210460753, "yes": 2535}
INFO  | 2026/05/31 23:50:58.295082 | [Submit] -> "Submitting EPOCH 25"
INFO  | 2026/05/31 23:52:14.877028 | [scheduler] -> "New learning rate = 1e-05"
INFO  | 2026/05/31 23:52:14.877413 | [Train] -> "Training EPOCH 26"
INFO  | 2026/05/31 23:59:45.396514 | [Train] -> "Finished training EPOCH 26 with loss 0.002075989140238253, saving"
INFO  | 2026/05/31 23:59:45.579621 | [Validate] -> "Validating for EPOCH 26"
INFO  | 2026/06/01 00:01:13.998993 | [Validate] -> {"val": 0.0021979406292937415, "yes": 2453}
INFO  | 2026/06/01 00:01:13.999499 | [Submit] -> "Submitting EPOCH 26"
INFO  | 2026/06/01 00:02:31.903818 | [scheduler] -> "New learning rate = 1e-05"
INFO  | 2026/06/01 00:02:31.904734 | [Train] -> "Training EPOCH 27"
INFO  | 2026/06/01 00:10:02.685478 | [Train] -> "Finished training EPOCH 27 with loss 0.002077844510409064, saving"
INFO  | 2026/06/01 00:10:02.878095 | [Validate] -> "Validating for EPOCH 27"
INFO  | 2026/06/01 00:11:30.990244 | [Validate] -> {"val": 0.002195885219153688, "yes": 2498}
INFO  | 2026/06/01 00:11:30.992554 | [Submit] -> "Submitting EPOCH 27"
INFO  | 2026/06/01 00:12:48.934885 | [scheduler] -> "New learning rate = 1e-05"
INFO  | 2026/06/01 00:12:48.935387 | [Train] -> "Training EPOCH 28"
INFO  | 2026/06/01 00:20:18.990458 | [Train] -> "Finished training EPOCH 28 with loss 0.0020740053665061187, saving"
INFO  | 2026/06/01 00:20:19.168371 | [Validate] -> "Validating for EPOCH 28"
INFO  | 2026/06/01 00:21:47.494013 | [Validate] -> {"val": 0.0022006503456586234, "yes": 2462}
INFO  | 2026/06/01 00:21:47.494565 | [Submit] -> "Submitting EPOCH 28"
INFO  | 2026/06/01 00:23:03.925722 | [scheduler] -> "New learning rate = 1e-05"
INFO  | 2026/06/01 00:23:03.926175 | [Train] -> "Training EPOCH 29"
INFO  | 2026/06/01 00:30:35.039064 | [Train] -> "Finished training EPOCH 29 with loss 0.0020692762537972533, saving"
INFO  | 2026/06/01 00:30:35.215419 | [Validate] -> "Validating for EPOCH 29"
INFO  | 2026/06/01 00:32:03.324255 | [Validate] -> {"val": 0.0022014609951225414, "yes": 2496}
INFO  | 2026/06/01 00:32:03.326527 | [Submit] -> "Submitting EPOCH 29"
INFO  | 2026/06/01 00:33:19.399987 | [scheduler] -> "New learning rate = 1e-05"
INFO  | 2026/06/01 00:33:19.400462 | [Train] -> "Training EPOCH 30"
INFO  | 2026/06/01 00:40:49.421037 | [Train] -> "Finished training EPOCH 30 with loss 0.0020686251443529334, saving"
INFO  | 2026/06/01 00:40:49.599510 | [Validate] -> "Validating for EPOCH 30"
INFO  | 2026/06/01 00:42:17.868496 | [Validate] -> {"val": 0.0022009952390785762, "yes": 2465}
INFO  | 2026/06/01 00:42:17.869699 | [Submit] -> "Submitting EPOCH 30"
INFO  | 2026/06/01 00:43:34.049862 | [scheduler] -> "New learning rate = 1e-05"
INFO  | 2026/06/01 00:43:34.050893 | [Train] -> "Training EPOCH 31"
INFO  | 2026/06/01 00:51:19.646103 | [Train] -> "Finished training EPOCH 31 with loss 0.0020674414508410287, saving"
INFO  | 2026/06/01 00:51:19.863887 | [Validate] -> "Validating for EPOCH 31"
INFO  | 2026/06/01 00:52:49.029228 | [Validate] -> {"val": 0.0022017974948793442, "yes": 2467}
INFO  | 2026/06/01 00:52:49.030455 | [Submit] -> "Submitting EPOCH 31"
INFO  | 2026/06/01 00:54:04.839866 | [scheduler] -> "New learning rate = 1e-05"
INFO  | 2026/06/01 00:54:04.840286 | [Train] -> "Training EPOCH 32"
INFO  | 2026/06/01 01:01:33.291262 | [Train] -> "Finished training EPOCH 32 with loss 0.002062422848405241, saving"
INFO  | 2026/06/01 01:01:33.465194 | [Validate] -> "Validating for EPOCH 32"
INFO  | 2026/06/01 01:03:01.450897 | [Validate] -> {"val": 0.002200303803980459, "yes": 2518}
INFO  | 2026/06/01 01:03:01.451526 | [Submit] -> "Submitting EPOCH 32"
INFO  | 2026/06/01 01:04:18.465983 | [scheduler] -> "New learning rate = 1e-05"
INFO  | 2026/06/01 01:04:18.467004 | [Train] -> "Training EPOCH 33"
INFO  | 2026/06/01 01:11:47.036452 | [Train] -> "Finished training EPOCH 33 with loss 0.0020602593901987852, saving"
INFO  | 2026/06/01 01:11:47.210459 | [Validate] -> "Validating for EPOCH 33"
INFO  | 2026/06/01 01:13:15.173341 | [Validate] -> {"val": 0.0022047085565349714, "yes": 2434}
INFO  | 2026/06/01 01:13:15.174353 | [Submit] -> "Submitting EPOCH 33"
INFO  | 2026/06/01 01:14:31.605357 | [scheduler] -> "New learning rate = 1e-05"
INFO  | 2026/06/01 01:14:31.606383 | [Train] -> "Training EPOCH 34"
INFO  | 2026/06/01 01:22:00.997779 | [Train] -> "Finished training EPOCH 34 with loss 0.0020585034984073997, saving"
INFO  | 2026/06/01 01:22:01.295514 | [Validate] -> "Validating for EPOCH 34"
INFO  | 2026/06/01 01:23:29.227900 | [Validate] -> {"val": 0.0022045540613891165, "yes": 2441}
INFO  | 2026/06/01 01:23:29.228286 | [Submit] -> "Submitting EPOCH 34"
INFO  | 2026/06/01 01:24:46.430102 | [scheduler] -> "New learning rate = 1e-05"
INFO  | 2026/06/01 01:24:46.431254 | [Train] -> "Training EPOCH 35"
INFO  | 2026/06/01 01:32:15.242410 | [Train] -> "Finished training EPOCH 35 with loss 0.0020613924210682233, saving"
INFO  | 2026/06/01 01:32:15.417801 | [Validate] -> "Validating for EPOCH 35"
INFO  | 2026/06/01 01:33:43.393861 | [Validate] -> {"val": 0.0022124542241684585, "yes": 2533}
INFO  | 2026/06/01 01:33:43.394977 | [Submit] -> "Submitting EPOCH 35"
INFO  | 2026/06/01 01:34:59.542488 | [scheduler] -> "New learning rate = 1e-05"
INFO  | 2026/06/01 01:34:59.543528 | [Train] -> "Training EPOCH 36"
INFO  | 2026/06/01 01:42:28.268913 | [Train] -> "Finished training EPOCH 36 with loss 0.0020506337615066555, saving"
INFO  | 2026/06/01 01:42:28.448780 | [Validate] -> "Validating for EPOCH 36"
INFO  | 2026/06/01 01:43:56.692459 | [Validate] -> {"val": 0.0022090950728323702, "yes": 2444}
INFO  | 2026/06/01 01:43:56.693845 | [Submit] -> "Submitting EPOCH 36"
INFO  | 2026/06/01 01:45:12.162398 | [scheduler] -> "New learning rate = 1e-05"
INFO  | 2026/06/01 01:45:12.162882 | [Train] -> "Training EPOCH 37"
INFO  | 2026/06/01 01:52:42.737919 | [Train] -> "Finished training EPOCH 37 with loss 0.0020488382943084815, saving"
INFO  | 2026/06/01 01:52:42.919264 | [Validate] -> "Validating for EPOCH 37"
INFO  | 2026/06/01 01:54:11.213185 | [Validate] -> {"val": 0.0022071016868468116, "yes": 2490}
INFO  | 2026/06/01 01:54:11.214433 | [Submit] -> "Submitting EPOCH 37"
INFO  | 2026/06/01 01:55:26.885050 | [scheduler] -> "New learning rate = 1e-05"
INFO  | 2026/06/01 01:55:26.885506 | [Train] -> "Training EPOCH 38"
INFO  | 2026/06/01 02:02:55.938129 | [Train] -> "Finished training EPOCH 38 with loss 0.0020511248159857695, saving"
INFO  | 2026/06/01 02:02:56.144816 | [Validate] -> "Validating for EPOCH 38"
INFO  | 2026/06/01 02:04:24.316854 | [Validate] -> {"val": 0.0022094459182394636, "yes": 2471}
INFO  | 2026/06/01 02:04:24.317960 | [Submit] -> "Submitting EPOCH 38"
INFO  | 2026/06/01 02:05:41.822353 | [scheduler] -> "New learning rate = 1e-05"
INFO  | 2026/06/01 02:05:41.823406 | [Train] -> "Training EPOCH 39"
INFO  | 2026/06/01 02:13:10.874870 | [Train] -> "Finished training EPOCH 39 with loss 0.002043620748097234, saving"
INFO  | 2026/06/01 02:13:11.079888 | [Validate] -> "Validating for EPOCH 39"
INFO  | 2026/06/01 02:14:39.186775 | [Validate] -> {"val": 0.0022086907465140833, "yes": 2440}
INFO  | 2026/06/01 02:14:39.187789 | [Submit] -> "Submitting EPOCH 39"
INFO  | 2026/06/01 02:15:55.782997 | [scheduler] -> "New learning rate = 1e-05"
INFO  | 2026/06/01 02:15:55.783478 | [Train] -> "Training EPOCH 40"
INFO  | 2026/06/01 02:23:25.053099 | [Train] -> "Finished training EPOCH 40 with loss 0.0020517412095107253, saving"
INFO  | 2026/06/01 02:23:25.261785 | [Validate] -> "Validating for EPOCH 40"
INFO  | 2026/06/01 02:24:53.502672 | [Validate] -> {"val": 0.002206481010521096, "yes": 2450}
INFO  | 2026/06/01 02:24:53.503839 | [Submit] -> "Submitting EPOCH 40"
INFO  | 2026/06/01 02:26:10.282812 | [scheduler] -> "New learning rate = 1e-05"
INFO  | 2026/06/01 02:26:10.283255 | [Train] -> "Training EPOCH 41"
INFO  | 2026/06/01 02:33:39.416849 | [Train] -> "Finished training EPOCH 41 with loss 0.0020440049693597672, saving"
INFO  | 2026/06/01 02:33:39.626496 | [Validate] -> "Validating for EPOCH 41"
INFO  | 2026/06/01 02:35:07.752374 | [Validate] -> {"val": 0.0022097428598837807, "yes": 2485}
INFO  | 2026/06/01 02:35:07.753061 | [Submit] -> "Submitting EPOCH 41"
INFO  | 2026/06/01 02:36:24.030987 | [scheduler] -> "New learning rate = 1e-05"
INFO  | 2026/06/01 02:36:24.032039 | [Train] -> "Training EPOCH 42"
INFO  | 2026/06/01 02:43:53.888018 | [Train] -> "Finished training EPOCH 42 with loss 0.0020430009624256384, saving"
INFO  | 2026/06/01 02:43:54.091388 | [Validate] -> "Validating for EPOCH 42"
INFO  | 2026/06/01 02:45:22.262588 | [Validate] -> {"val": 0.0022063490320951406, "yes": 2427}
INFO  | 2026/06/01 02:45:22.263670 | [Submit] -> "Submitting EPOCH 42"
INFO  | 2026/06/01 02:46:39.006524 | [scheduler] -> "New learning rate = 1e-05"
INFO  | 2026/06/01 02:46:39.007504 | [Train] -> "Training EPOCH 43"
INFO  | 2026/06/01 02:54:09.356938 | [Train] -> "Finished training EPOCH 43 with loss 0.002043208875838447, saving"
INFO  | 2026/06/01 02:54:09.557010 | [Validate] -> "Validating for EPOCH 43"
INFO  | 2026/06/01 02:55:37.603311 | [Validate] -> {"val": 0.0022037612278688547, "yes": 2452}
INFO  | 2026/06/01 02:55:37.604465 | [Submit] -> "Submitting EPOCH 43"
INFO  | 2026/06/01 02:56:54.300415 | [scheduler] -> "New learning rate = 1e-05"
INFO  | 2026/06/01 02:56:54.301461 | [Train] -> "Training EPOCH 44"
INFO  | 2026/06/01 03:04:24.500871 | [Train] -> "Finished training EPOCH 44 with loss 0.0020387483881844494, saving"
INFO  | 2026/06/01 03:04:24.709303 | [Validate] -> "Validating for EPOCH 44"
INFO  | 2026/06/01 03:05:52.554064 | [Validate] -> {"val": 0.0022078135565564926, "yes": 2354}
INFO  | 2026/06/01 03:05:52.554866 | [Submit] -> "Submitting EPOCH 44"
INFO  | 2026/06/01 03:07:09.306576 | [scheduler] -> "New learning rate = 1e-05"
INFO  | 2026/06/01 03:07:09.307547 | [Train] -> "Training EPOCH 45"
INFO  | 2026/06/01 03:14:38.723710 | [Train] -> "Finished training EPOCH 45 with loss 0.0020379920632975913, saving"
INFO  | 2026/06/01 03:14:38.946550 | [Validate] -> "Validating for EPOCH 45"
INFO  | 2026/06/01 03:16:07.045233 | [Validate] -> {"val": 0.0022134029633551025, "yes": 2416}
INFO  | 2026/06/01 03:16:07.045707 | [Submit] -> "Submitting EPOCH 45"
INFO  | 2026/06/01 03:17:23.737007 | [scheduler] -> "New learning rate = 1e-05"
INFO  | 2026/06/01 03:17:23.737989 | [Train] -> "Training EPOCH 46"
INFO  | 2026/06/01 03:24:52.632942 | [Train] -> "Finished training EPOCH 46 with loss 0.0020333977617073887, saving"
INFO  | 2026/06/01 03:24:52.846594 | [Validate] -> "Validating for EPOCH 46"
INFO  | 2026/06/01 03:26:21.056440 | [Validate] -> {"val": 0.002213715474618068, "yes": 2470}
INFO  | 2026/06/01 03:26:21.057583 | [Submit] -> "Submitting EPOCH 46"
INFO  | 2026/06/01 03:27:37.468639 | [scheduler] -> "New learning rate = 1e-05"
INFO  | 2026/06/01 03:27:37.469691 | [Train] -> "Training EPOCH 47"
INFO  | 2026/06/01 03:35:07.542778 | [Train] -> "Finished training EPOCH 47 with loss 0.0020298352456329582, saving"
INFO  | 2026/06/01 03:35:07.763289 | [Validate] -> "Validating for EPOCH 47"
INFO  | 2026/06/01 03:36:35.820552 | [Validate] -> {"val": 0.002212439564721345, "yes": 2446}
INFO  | 2026/06/01 03:36:35.821280 | [Submit] -> "Submitting EPOCH 47"
INFO  | 2026/06/01 03:37:51.884683 | [scheduler] -> "New learning rate = 1e-05"
INFO  | 2026/06/01 03:37:51.885695 | [Train] -> "Training EPOCH 48"
INFO  | 2026/06/01 03:45:21.097555 | [Train] -> "Finished training EPOCH 48 with loss 0.0020304580660090083, saving"
INFO  | 2026/06/01 03:45:21.310044 | [Validate] -> "Validating for EPOCH 48"
INFO  | 2026/06/01 03:46:49.357727 | [Validate] -> {"val": 0.002210058211815966, "yes": 2472}
INFO  | 2026/06/01 03:46:49.359019 | [Submit] -> "Submitting EPOCH 48"
INFO  | 2026/06/01 03:48:06.010911 | [scheduler] -> "New learning rate = 1e-05"
INFO  | 2026/06/01 03:48:06.011964 | [Train] -> "Training EPOCH 49"
INFO  | 2026/06/01 03:55:35.640754 | [Train] -> "Finished training EPOCH 49 with loss 0.002028551157723497, saving"
INFO  | 2026/06/01 03:55:35.872036 | [Validate] -> "Validating for EPOCH 49"
INFO  | 2026/06/01 03:57:03.949585 | [Validate] -> {"val": 0.002211487857790036, "yes": 2479}
INFO  | 2026/06/01 03:57:03.950764 | [Submit] -> "Submitting EPOCH 49"
INFO  | 2026/06/01 03:58:20.068551 | [scheduler] -> "New learning rate = 1e-05"
INFO  | 2026/06/01 03:58:20.069041 | [Train] -> "Training EPOCH 50"
INFO  | 2026/06/01 04:05:49.484581 | [Train] -> "Finished training EPOCH 50 with loss 0.002027478466257221, saving"
INFO  | 2026/06/01 04:05:49.690128 | [Validate] -> "Validating for EPOCH 50"
INFO  | 2026/06/01 04:07:17.906258 | [Validate] -> {"val": 0.0022123638023744162, "yes": 2488}
INFO  | 2026/06/01 04:07:17.906689 | [Submit] -> "Submitting EPOCH 50"
INFO  | 2026/06/01 04:08:34.710416 | [scheduler] -> "New learning rate = 1e-05"
INFO  | 2026/06/01 04:08:34.711425 | [Train] -> "Training EPOCH 51"
INFO  | 2026/06/01 04:16:04.014108 | [Train] -> "Finished training EPOCH 51 with loss 0.00202286467064938, saving"
INFO  | 2026/06/01 04:16:04.220542 | [Validate] -> "Validating for EPOCH 51"
INFO  | 2026/06/01 04:17:32.286644 | [Validate] -> {"val": 0.0022173120908751858, "yes": 2497}
INFO  | 2026/06/01 04:17:32.287379 | [Submit] -> "Submitting EPOCH 51"
INFO  | 2026/06/01 04:18:49.656410 | [scheduler] -> "New learning rate = 1e-05"
INFO  | 2026/06/01 04:18:49.657424 | [Train] -> "Training EPOCH 52"
INFO  | 2026/06/01 04:26:19.010969 | [Train] -> "Finished training EPOCH 52 with loss 0.002020622001064367, saving"
INFO  | 2026/06/01 04:26:19.221583 | [Validate] -> "Validating for EPOCH 52"
INFO  | 2026/06/01 04:27:47.429226 | [Validate] -> {"val": 0.002219254367319504, "yes": 2375}
INFO  | 2026/06/01 04:27:47.429719 | [Submit] -> "Submitting EPOCH 52"
INFO  | 2026/06/01 04:29:04.606545 | [scheduler] -> "New learning rate = 1e-05"
INFO  | 2026/06/01 04:29:04.606979 | [Train] -> "Training EPOCH 53"
INFO  | 2026/06/01 04:36:34.013705 | [Train] -> "Finished training EPOCH 53 with loss 0.0020214109010617265, saving"
INFO  | 2026/06/01 04:36:34.232367 | [Validate] -> "Validating for EPOCH 53"
INFO  | 2026/06/01 04:38:02.399474 | [Validate] -> {"val": 0.002220769976110057, "yes": 2518}
INFO  | 2026/06/01 04:38:02.400773 | [Submit] -> "Submitting EPOCH 53"
INFO  | 2026/06/01 04:39:18.297844 | [scheduler] -> "New learning rate = 1e-05"
INFO  | 2026/06/01 04:39:18.298925 | [Train] -> "Training EPOCH 54"
INFO  | 2026/06/01 04:46:47.588602 | [Train] -> "Finished training EPOCH 54 with loss 0.0020215573938958046, saving"
INFO  | 2026/06/01 04:46:47.808064 | [Validate] -> "Validating for EPOCH 54"
INFO  | 2026/06/01 04:48:16.033362 | [Validate] -> {"val": 0.0022162684496812965, "yes": 2465}
INFO  | 2026/06/01 04:48:16.034028 | [Submit] -> "Submitting EPOCH 54"
INFO  | 2026/06/01 04:49:32.284290 | [scheduler] -> "New learning rate = 1e-05"
INFO  | 2026/06/01 04:49:32.285363 | [Train] -> "Training EPOCH 55"
INFO  | 2026/06/01 04:57:03.275630 | [Train] -> "Finished training EPOCH 55 with loss 0.0020161115599221717, saving"
INFO  | 2026/06/01 04:57:03.473947 | [Validate] -> "Validating for EPOCH 55"
INFO  | 2026/06/01 04:58:31.671488 | [Validate] -> {"val": 0.0022163250006235822, "yes": 2485}
INFO  | 2026/06/01 04:58:31.673582 | [Submit] -> "Submitting EPOCH 55"
INFO  | 2026/06/01 04:59:48.514307 | [scheduler] -> "New learning rate = 1e-05"
INFO  | 2026/06/01 04:59:48.514775 | [Train] -> "Training EPOCH 56"
INFO  | 2026/06/01 05:07:18.573697 | [Train] -> "Finished training EPOCH 56 with loss 0.0020139197382286794, saving"
INFO  | 2026/06/01 05:07:18.782774 | [Validate] -> "Validating for EPOCH 56"
INFO  | 2026/06/01 05:08:46.989850 | [Validate] -> {"val": 0.002226649371952463, "yes": 2458}
INFO  | 2026/06/01 05:08:46.990581 | [Submit] -> "Submitting EPOCH 56"
INFO  | 2026/06/01 05:10:03.677031 | [scheduler] -> "New learning rate = 1e-05"
INFO  | 2026/06/01 05:10:03.677618 | [Train] -> "Training EPOCH 57"
INFO  | 2026/06/01 05:17:34.042468 | [Train] -> "Finished training EPOCH 57 with loss 0.0020125646235543155, saving"
INFO  | 2026/06/01 05:17:34.278512 | [Validate] -> "Validating for EPOCH 57"
INFO  | 2026/06/01 05:19:02.418391 | [Validate] -> {"val": 0.0022178188143677055, "yes": 2468}
INFO  | 2026/06/01 05:19:02.419636 | [Submit] -> "Submitting EPOCH 57"
INFO  | 2026/06/01 05:20:19.789585 | [scheduler] -> "New learning rate = 1e-05"
INFO  | 2026/06/01 05:20:19.790588 | [Train] -> "Training EPOCH 58"
INFO  | 2026/06/01 05:27:49.779869 | [Train] -> "Finished training EPOCH 58 with loss 0.002010010139990563, saving"
INFO  | 2026/06/01 05:27:49.980778 | [Validate] -> "Validating for EPOCH 58"
INFO  | 2026/06/01 05:29:18.256758 | [Validate] -> {"val": 0.002221409370936589, "yes": 2473}
INFO  | 2026/06/01 05:29:18.258251 | [Submit] -> "Submitting EPOCH 58"
INFO  | 2026/06/01 05:30:34.720365 | [scheduler] -> "New learning rate = 1e-05"
INFO  | 2026/06/01 05:30:34.721458 | [Train] -> "Training EPOCH 59"
INFO  | 2026/06/01 05:38:04.872562 | [Train] -> "Finished training EPOCH 59 with loss 0.002010961120144531, saving"
INFO  | 2026/06/01 05:38:05.076757 | [Validate] -> "Validating for EPOCH 59"
INFO  | 2026/06/01 05:39:33.243457 | [Validate] -> {"val": 0.00222321091267838, "yes": 2487}
INFO  | 2026/06/01 05:39:33.244654 | [Submit] -> "Submitting EPOCH 59"
INFO  | 2026/06/01 05:40:49.789179 | [scheduler] -> "New learning rate = 1e-05"
INFO  | 2026/06/01 05:40:49.789649 | [Train] -> "Training EPOCH 60"
INFO  | 2026/06/01 05:48:19.832838 | [Train] -> "Finished training EPOCH 60 with loss 0.0020092988589117044, saving"
INFO  | 2026/06/01 05:48:20.041385 | [Validate] -> "Validating for EPOCH 60"
INFO  | 2026/06/01 05:49:48.246356 | [Validate] -> {"val": 0.002220082315711066, "yes": 2461}
INFO  | 2026/06/01 05:49:48.247568 | [Submit] -> "Submitting EPOCH 60"
INFO  | 2026/06/01 05:51:05.368430 | [scheduler] -> "New learning rate = 1e-05"
INFO  | 2026/06/01 05:51:05.369535 | [Train] -> "Training EPOCH 61"
INFO  | 2026/06/01 05:58:34.736552 | [Train] -> "Finished training EPOCH 61 with loss 0.002007043511516812, saving"
INFO  | 2026/06/01 05:58:34.931897 | [Validate] -> "Validating for EPOCH 61"
INFO  | 2026/06/01 06:00:03.354237 | [Validate] -> {"val": 0.002217061769929281, "yes": 2487}
INFO  | 2026/06/01 06:00:03.355403 | [Submit] -> "Submitting EPOCH 61"
INFO  | 2026/06/01 06:01:20.030699 | [scheduler] -> "New learning rate = 1e-05"
INFO  | 2026/06/01 06:01:20.032130 | [Train] -> "Training EPOCH 62"
INFO  | 2026/06/01 06:08:49.715307 | [Train] -> "Finished training EPOCH 62 with loss 0.0020032906278132276, saving"
INFO  | 2026/06/01 06:08:49.928567 | [Validate] -> "Validating for EPOCH 62"
INFO  | 2026/06/01 06:10:18.084635 | [Validate] -> {"val": 0.002223934104454942, "yes": 2502}
INFO  | 2026/06/01 06:10:18.085166 | [Submit] -> "Submitting EPOCH 62"
INFO  | 2026/06/01 06:11:34.497518 | [scheduler] -> "New learning rate = 1e-05"
INFO  | 2026/06/01 06:11:34.497897 | [Train] -> "Training EPOCH 63"
INFO  | 2026/06/01 06:19:03.888174 | [Train] -> "Finished training EPOCH 63 with loss 0.0020047606701594184, saving"
INFO  | 2026/06/01 06:19:04.101415 | [Validate] -> "Validating for EPOCH 63"
INFO  | 2026/06/01 06:20:31.967439 | [Validate] -> {"val": 0.0022249114808801096, "yes": 2452}
INFO  | 2026/06/01 06:20:31.968697 | [Submit] -> "Submitting EPOCH 63"
INFO  | 2026/06/01 06:21:49.111743 | [scheduler] -> "New learning rate = 1e-05"
INFO  | 2026/06/01 06:21:49.113749 | [Train] -> "Training EPOCH 64"
INFO  | 2026/06/01 06:29:18.740372 | [Train] -> "Finished training EPOCH 64 with loss 0.0019971727954246963, saving"
INFO  | 2026/06/01 06:29:18.946198 | [Validate] -> "Validating for EPOCH 64"
INFO  | 2026/06/01 06:30:46.954621 | [Validate] -> {"val": 0.0022227893685678366, "yes": 2455}
INFO  | 2026/06/01 06:30:46.955244 | [Submit] -> "Submitting EPOCH 64"
INFO  | 2026/06/01 06:32:03.295368 | [scheduler] -> "New learning rate = 1e-05"
INFO  | 2026/06/01 06:32:03.296437 | [Train] -> "Training EPOCH 65"
INFO  | 2026/06/01 06:39:32.458309 | [Train] -> "Finished training EPOCH 65 with loss 0.0020000098297819264, saving"
INFO  | 2026/06/01 06:39:32.693631 | [Validate] -> "Validating for EPOCH 65"
INFO  | 2026/06/01 06:41:00.559517 | [Validate] -> {"val": 0.0022214386459212575, "yes": 2502}
INFO  | 2026/06/01 06:41:00.560179 | [Submit] -> "Submitting EPOCH 65"
INFO  | 2026/06/01 06:42:16.964690 | [scheduler] -> "New learning rate = 1e-05"
INFO  | 2026/06/01 06:42:16.965205 | [Train] -> "Training EPOCH 66"
INFO  | 2026/06/01 06:49:45.868208 | [Train] -> "Finished training EPOCH 66 with loss 0.001999495503481048, saving"
INFO  | 2026/06/01 06:49:46.070430 | [Validate] -> "Validating for EPOCH 66"
INFO  | 2026/06/01 06:51:14.490427 | [Validate] -> {"val": 0.0022230637496673004, "yes": 2505}
INFO  | 2026/06/01 06:51:14.490997 | [Submit] -> "Submitting EPOCH 66"
INFO  | 2026/06/01 06:52:30.875187 | [scheduler] -> "New learning rate = 1e-05"
INFO  | 2026/06/01 06:52:30.876302 | [Train] -> "Training EPOCH 67"
INFO  | 2026/06/01 07:00:00.757277 | [Train] -> "Finished training EPOCH 67 with loss 0.0019957967457938882, saving"
INFO  | 2026/06/01 07:00:01.530934 | [Validate] -> "Validating for EPOCH 67"
INFO  | 2026/06/01 07:01:29.903313 | [Validate] -> {"val": 0.002220951147962275, "yes": 2405}
INFO  | 2026/06/01 07:01:29.904477 | [Submit] -> "Submitting EPOCH 67"
INFO  | 2026/06/01 07:02:46.415708 | [scheduler] -> "New learning rate = 1e-05"
INFO  | 2026/06/01 07:02:46.416099 | [Train] -> "Training EPOCH 68"
INFO  | 2026/06/01 07:10:15.890903 | [Train] -> "Finished training EPOCH 68 with loss 0.001998665459770303, saving"
INFO  | 2026/06/01 07:10:16.073314 | [Validate] -> "Validating for EPOCH 68"
INFO  | 2026/06/01 07:11:43.998046 | [Validate] -> {"val": 0.00222194267485594, "yes": 2503}
INFO  | 2026/06/01 07:11:43.999146 | [Submit] -> "Submitting EPOCH 68"
INFO  | 2026/06/01 07:13:00.730620 | [scheduler] -> "New learning rate = 1e-05"
INFO  | 2026/06/01 07:13:00.731168 | [Train] -> "Training EPOCH 69"
INFO  | 2026/06/01 07:20:29.977528 | [Train] -> "Finished training EPOCH 69 with loss 0.0019946341101091786, saving"
INFO  | 2026/06/01 07:20:30.167896 | [Validate] -> "Validating for EPOCH 69"
INFO  | 2026/06/01 07:21:58.048143 | [Validate] -> {"val": 0.0022207240584721996, "yes": 2501}
INFO  | 2026/06/01 07:21:58.049337 | [Submit] -> "Submitting EPOCH 69"
INFO  | 2026/06/01 07:23:14.036527 | [scheduler] -> "New learning rate = 1e-05"
INFO  | 2026/06/01 07:23:14.037711 | [Train] -> "Training EPOCH 70"
INFO  | 2026/06/01 07:30:43.483455 | [Train] -> "Finished training EPOCH 70 with loss 0.0019895761353587527, saving"
INFO  | 2026/06/01 07:30:43.672971 | [Validate] -> "Validating for EPOCH 70"
INFO  | 2026/06/01 07:32:11.878334 | [Validate] -> {"val": 0.0022258751159824897, "yes": 2457}
INFO  | 2026/06/01 07:32:11.879897 | [Submit] -> "Submitting EPOCH 70"
INFO  | 2026/06/01 07:33:28.630855 | [scheduler] -> "New learning rate = 1e-05"
INFO  | 2026/06/01 07:33:28.631946 | [Train] -> "Training EPOCH 71"
INFO  | 2026/06/01 07:40:58.150595 | [Train] -> "Finished training EPOCH 71 with loss 0.001989088180646115, saving"
INFO  | 2026/06/01 07:40:58.374368 | [Validate] -> "Validating for EPOCH 71"
INFO  | 2026/06/01 07:42:26.599259 | [Validate] -> {"val": 0.0022271180927799475, "yes": 2497}
INFO  | 2026/06/01 07:42:26.600568 | [Submit] -> "Submitting EPOCH 71"
INFO  | 2026/06/01 07:43:42.693659 | [scheduler] -> "New learning rate = 1e-05"
INFO  | 2026/06/01 07:43:42.694090 | [Train] -> "Training EPOCH 72"
INFO  | 2026/06/01 07:51:13.032155 | [Train] -> "Finished training EPOCH 72 with loss 0.001990218461357707, saving"
INFO  | 2026/06/01 07:51:13.261472 | [Validate] -> "Validating for EPOCH 72"
INFO  | 2026/06/01 07:52:41.488339 | [Validate] -> {"val": 0.0022321532903101056, "yes": 2468}
INFO  | 2026/06/01 07:52:41.489777 | [Submit] -> "Submitting EPOCH 72"
INFO  | 2026/06/01 07:53:58.748652 | [scheduler] -> "New learning rate = 1e-05"
INFO  | 2026/06/01 07:53:58.749723 | [Train] -> "Training EPOCH 73"
INFO  | 2026/06/01 08:01:28.334746 | [Train] -> "Finished training EPOCH 73 with loss 0.001986662206759334, saving"
INFO  | 2026/06/01 08:01:28.532232 | [Validate] -> "Validating for EPOCH 73"
INFO  | 2026/06/01 08:02:56.896105 | [Validate] -> {"val": 0.002226634202680691, "yes": 2427}
INFO  | 2026/06/01 08:02:56.897275 | [Submit] -> "Submitting EPOCH 73"
INFO  | 2026/06/01 08:04:14.220394 | [scheduler] -> "New learning rate = 1e-05"
INFO  | 2026/06/01 08:04:14.221405 | [Train] -> "Training EPOCH 74"
INFO  | 2026/06/01 08:11:44.359518 | [Train] -> "Finished training EPOCH 74 with loss 0.0019866359412142095, saving"
INFO  | 2026/06/01 08:11:44.569285 | [Validate] -> "Validating for EPOCH 74"
INFO  | 2026/06/01 08:13:12.832511 | [Validate] -> {"val": 0.002231993321106, "yes": 2468}
INFO  | 2026/06/01 08:13:12.833678 | [Submit] -> "Submitting EPOCH 74"
INFO  | 2026/06/01 08:14:30.155741 | [scheduler] -> "New learning rate = 1e-05"
INFO  | 2026/06/01 08:14:30.156224 | [Train] -> "Training EPOCH 75"
INFO  | 2026/06/01 08:21:59.942978 | [Train] -> "Finished training EPOCH 75 with loss 0.0019828778951982984, saving"
INFO  | 2026/06/01 08:22:00.190209 | [Validate] -> "Validating for EPOCH 75"
INFO  | 2026/06/01 08:23:28.348451 | [Validate] -> {"val": 0.002233526136267248, "yes": 2451}
INFO  | 2026/06/01 08:23:28.349502 | [Submit] -> "Submitting EPOCH 75"
INFO  | 2026/06/01 08:24:44.987020 | [scheduler] -> "New learning rate = 1e-05"
INFO  | 2026/06/01 08:24:44.988028 | [Train] -> "Training EPOCH 76"
INFO  | 2026/06/01 08:32:14.696274 | [Train] -> "Finished training EPOCH 76 with loss 0.0019837908110961412, saving"
INFO  | 2026/06/01 08:32:14.914753 | [Validate] -> "Validating for EPOCH 76"
INFO  | 2026/06/01 08:33:43.788350 | [Validate] -> {"val": 0.0022337152987284056, "yes": 2473}
INFO  | 2026/06/01 08:33:43.788946 | [Submit] -> "Submitting EPOCH 76"
INFO  | 2026/06/01 08:34:59.836272 | [scheduler] -> "New learning rate = 1e-05"
INFO  | 2026/06/01 08:34:59.837336 | [Train] -> "Training EPOCH 77"
INFO  | 2026/06/01 08:42:29.384763 | [Train] -> "Finished training EPOCH 77 with loss 0.0019799781705012016, saving"
INFO  | 2026/06/01 08:42:29.589950 | [Validate] -> "Validating for EPOCH 77"
INFO  | 2026/06/01 08:43:57.828159 | [Validate] -> {"val": 0.0022420026246880637, "yes": 2493}
INFO  | 2026/06/01 08:43:57.829401 | [Submit] -> "Submitting EPOCH 77"
INFO  | 2026/06/01 08:45:13.976964 | [scheduler] -> "New learning rate = 1e-05"
INFO  | 2026/06/01 08:45:13.978038 | [Train] -> "Training EPOCH 78"
INFO  | 2026/06/01 08:52:46.297270 | [Train] -> "Finished training EPOCH 78 with loss 0.001982171910109921, saving"
INFO  | 2026/06/01 08:52:46.496593 | [Validate] -> "Validating for EPOCH 78"
INFO  | 2026/06/01 08:54:14.963903 | [Validate] -> {"val": 0.0022329509006657495, "yes": 2440}
INFO  | 2026/06/01 08:54:14.966471 | [Submit] -> "Submitting EPOCH 78"
INFO  | 2026/06/01 08:55:31.004285 | [scheduler] -> "New learning rate = 1e-05"
INFO  | 2026/06/01 08:55:31.004798 | [Train] -> "Training EPOCH 79"
INFO  | 2026/06/01 09:03:01.048079 | [Train] -> "Finished training EPOCH 79 with loss 0.00197710750473669, saving"
INFO  | 2026/06/01 09:03:01.244301 | [Validate] -> "Validating for EPOCH 79"
INFO  | 2026/06/01 09:04:30.182266 | [Validate] -> {"val": 0.0022388970693248476, "yes": 2464}
INFO  | 2026/06/01 09:04:30.182798 | [Submit] -> "Submitting EPOCH 79"
INFO  | 2026/06/01 09:05:46.278178 | [scheduler] -> "New learning rate = 1e-05"
INFO  | 2026/06/01 09:05:46.278669 | [Train] -> "Training EPOCH 80"
INFO  | 2026/06/01 09:13:16.231520 | [Train] -> "Finished training EPOCH 80 with loss 0.0019771094160514224, saving"
INFO  | 2026/06/01 09:13:16.443827 | [Validate] -> "Validating for EPOCH 80"
INFO  | 2026/06/01 09:14:44.708533 | [Validate] -> {"val": 0.0022287719023784862, "yes": 2489}
INFO  | 2026/06/01 09:14:44.710229 | [Submit] -> "Submitting EPOCH 80"
INFO  | 2026/06/01 09:16:02.182588 | [scheduler] -> "New learning rate = 1e-05"
INFO  | 2026/06/01 09:16:02.183642 | [Train] -> "Training EPOCH 81"
INFO  | 2026/06/01 09:23:31.952496 | [Train] -> "Finished training EPOCH 81 with loss 0.0019751255459230497, saving"
INFO  | 2026/06/01 09:23:32.161807 | [Validate] -> "Validating for EPOCH 81"
INFO  | 2026/06/01 09:25:00.430275 | [Validate] -> {"val": 0.0022353611501213975, "yes": 2461}
INFO  | 2026/06/01 09:25:00.430836 | [Submit] -> "Submitting EPOCH 81"
INFO  | 2026/06/01 09:26:16.907448 | [scheduler] -> "New learning rate = 1e-05"
INFO  | 2026/06/01 09:26:16.908023 | [Train] -> "Training EPOCH 82"
INFO  | 2026/06/01 09:33:47.026224 | [Train] -> "Finished training EPOCH 82 with loss 0.001973146365845222, saving"
INFO  | 2026/06/01 09:33:47.227395 | [Validate] -> "Validating for EPOCH 82"
INFO  | 2026/06/01 09:35:15.528755 | [Validate] -> {"val": 0.002241582804387246, "yes": 2488}
INFO  | 2026/06/01 09:35:15.530006 | [Submit] -> "Submitting EPOCH 82"
INFO  | 2026/06/01 09:36:32.210173 | [scheduler] -> "New learning rate = 1e-05"
INFO  | 2026/06/01 09:36:32.211202 | [Train] -> "Training EPOCH 83"
INFO  | 2026/06/01 09:44:01.930791 | [Train] -> "Finished training EPOCH 83 with loss 0.001973713428286888, saving"
INFO  | 2026/06/01 09:44:02.150016 | [Validate] -> "Validating for EPOCH 83"
INFO  | 2026/06/01 09:45:30.329367 | [Validate] -> {"val": 0.002239164560769284, "yes": 2474}
INFO  | 2026/06/01 09:45:30.330227 | [Submit] -> "Submitting EPOCH 83"
INFO  | 2026/06/01 09:46:46.359281 | [scheduler] -> "New learning rate = 1e-05"
INFO  | 2026/06/01 09:46:46.360315 | [Train] -> "Training EPOCH 84"
INFO  | 2026/06/01 09:54:25.385932 | [Train] -> "Finished training EPOCH 84 with loss 0.0019712318714151036, saving"
INFO  | 2026/06/01 09:54:25.614840 | [Validate] -> "Validating for EPOCH 84"
INFO  | 2026/06/01 09:55:54.250288 | [Validate] -> {"val": 0.002234078823083871, "yes": 2441}
INFO  | 2026/06/01 09:55:54.251661 | [Submit] -> "Submitting EPOCH 84"
INFO  | 2026/06/01 09:57:11.662538 | [scheduler] -> "New learning rate = 1e-05"
INFO  | 2026/06/01 09:57:11.663025 | [Train] -> "Training EPOCH 85"
INFO  | 2026/06/01 10:04:50.256524 | [Train] -> "Finished training EPOCH 85 with loss 0.0019699939486724424, saving"
INFO  | 2026/06/01 10:04:50.479855 | [Validate] -> "Validating for EPOCH 85"
INFO  | 2026/06/01 10:06:18.345031 | [Validate] -> {"val": 0.0022366052205968095, "yes": 2535}
INFO  | 2026/06/01 10:06:18.346142 | [Submit] -> "Submitting EPOCH 85"
INFO  | 2026/06/01 10:07:35.518277 | [scheduler] -> "New learning rate = 1e-05"
INFO  | 2026/06/01 10:07:35.518769 | [Train] -> "Training EPOCH 86"
INFO  | 2026/06/01 10:15:09.934243 | [Train] -> "Finished training EPOCH 86 with loss 0.0019650667484391285, saving"
INFO  | 2026/06/01 10:15:10.124309 | [Validate] -> "Validating for EPOCH 86"
INFO  | 2026/06/01 10:16:38.473403 | [Validate] -> {"val": 0.0022303605100903443, "yes": 2536}
INFO  | 2026/06/01 10:16:38.474656 | [Submit] -> "Submitting EPOCH 86"
INFO  | 2026/06/01 10:17:55.155342 | [scheduler] -> "New learning rate = 1e-05"
INFO  | 2026/06/01 10:17:55.155671 | [Train] -> "Training EPOCH 87"
INFO  | 2026/06/01 10:25:23.922635 | [Train] -> "Finished training EPOCH 87 with loss 0.001960543530044433, saving"
INFO  | 2026/06/01 10:25:24.095095 | [Validate] -> "Validating for EPOCH 87"
INFO  | 2026/06/01 10:26:51.966047 | [Validate] -> {"val": 0.0022362941867762605, "yes": 2516}
INFO  | 2026/06/01 10:26:51.966988 | [Submit] -> "Submitting EPOCH 87"
INFO  | 2026/06/01 10:28:09.215819 | [scheduler] -> "New learning rate = 1e-05"
INFO  | 2026/06/01 10:28:09.216860 | [Train] -> "Training EPOCH 88"
INFO  | 2026/06/01 10:35:38.700701 | [Train] -> "Finished training EPOCH 88 with loss 0.0019669711969160356, saving"
INFO  | 2026/06/01 10:35:38.872900 | [Validate] -> "Validating for EPOCH 88"
INFO  | 2026/06/01 10:37:06.882806 | [Validate] -> {"val": 0.0022381584487109565, "yes": 2519}
INFO  | 2026/06/01 10:37:06.884490 | [Submit] -> "Submitting EPOCH 88"
INFO  | 2026/06/01 10:38:23.465486 | [scheduler] -> "New learning rate = 1e-05"
INFO  | 2026/06/01 10:38:23.466015 | [Train] -> "Training EPOCH 89"
INFO  | 2026/06/01 10:45:53.013408 | [Train] -> "Finished training EPOCH 89 with loss 0.0019644579335153568, saving"
INFO  | 2026/06/01 10:45:53.180785 | [Validate] -> "Validating for EPOCH 89"
INFO  | 2026/06/01 10:47:21.122664 | [Validate] -> {"val": 0.002242522056825015, "yes": 2436}
INFO  | 2026/06/01 10:47:21.123973 | [Submit] -> "Submitting EPOCH 89"
INFO  | 2026/06/01 10:48:36.865059 | [scheduler] -> "New learning rate = 1e-05"
INFO  | 2026/06/01 10:48:36.865819 | [Train] -> "Training EPOCH 90"
INFO  | 2026/06/01 10:56:06.864581 | [Train] -> "Finished training EPOCH 90 with loss 0.0019616989047495747, saving"
INFO  | 2026/06/01 10:56:07.043326 | [Validate] -> "Validating for EPOCH 90"
INFO  | 2026/06/01 10:57:35.203321 | [Validate] -> {"val": 0.0022421605001084594, "yes": 2487}
INFO  | 2026/06/01 10:57:35.203766 | [Submit] -> "Submitting EPOCH 90"
INFO  | 2026/06/01 10:58:49.908392 | [scheduler] -> "New learning rate = 1e-05"
INFO  | 2026/06/01 10:58:49.909422 | [Train] -> "Training EPOCH 91"
INFO  | 2026/06/01 11:06:19.458660 | [Train] -> "Finished training EPOCH 91 with loss 0.0019590670163119415, saving"
INFO  | 2026/06/01 11:06:19.641233 | [Validate] -> "Validating for EPOCH 91"
INFO  | 2026/06/01 11:07:49.535099 | [Validate] -> {"val": 0.0022440827668232972, "yes": 2469}
INFO  | 2026/06/01 11:07:49.537605 | [Submit] -> "Submitting EPOCH 91"
INFO  | 2026/06/01 11:09:06.714100 | [scheduler] -> "New learning rate = 1e-05"
INFO  | 2026/06/01 11:09:06.714900 | [Train] -> "Training EPOCH 92"
INFO  | 2026/06/01 11:16:41.071813 | [Train] -> "Finished training EPOCH 92 with loss 0.001956509087652525, saving"
INFO  | 2026/06/01 11:16:41.264460 | [Validate] -> "Validating for EPOCH 92"
INFO  | 2026/06/01 11:18:09.349742 | [Validate] -> {"val": 0.002230205233794296, "yes": 2460}
INFO  | 2026/06/01 11:18:09.351597 | [Submit] -> "Submitting EPOCH 92"
INFO  | 2026/06/01 11:19:25.801739 | [scheduler] -> "New learning rate = 1e-05"
INFO  | 2026/06/01 11:19:25.802270 | [Train] -> "Training EPOCH 93"
INFO  | 2026/06/01 11:26:55.118630 | [Train] -> "Finished training EPOCH 93 with loss 0.001958102546269625, saving"
INFO  | 2026/06/01 11:26:55.294794 | [Validate] -> "Validating for EPOCH 93"
INFO  | 2026/06/01 11:28:23.277486 | [Validate] -> {"val": 0.00224037528756145, "yes": 2436}
INFO  | 2026/06/01 11:28:23.277934 | [Submit] -> "Submitting EPOCH 93"
INFO  | 2026/06/01 11:29:38.762834 | [scheduler] -> "New learning rate = 1e-05"
INFO  | 2026/06/01 11:29:38.763911 | [Train] -> "Training EPOCH 94"
INFO  | 2026/06/01 11:37:08.094097 | [Train] -> "Finished training EPOCH 94 with loss 0.001955442892523871, saving"
INFO  | 2026/06/01 11:37:08.279269 | [Validate] -> "Validating for EPOCH 94"
INFO  | 2026/06/01 11:38:36.989659 | [Validate] -> {"val": 0.0022420636708184883, "yes": 2465}
INFO  | 2026/06/01 11:38:36.990667 | [Submit] -> "Submitting EPOCH 94"
INFO  | 2026/06/01 11:39:53.487472 | [scheduler] -> "New learning rate = 1e-05"
INFO  | 2026/06/01 11:39:53.488545 | [Train] -> "Training EPOCH 95"
INFO  | 2026/06/01 11:47:23.377114 | [Train] -> "Finished training EPOCH 95 with loss 0.0019524994489774571, saving"
INFO  | 2026/06/01 11:47:23.561612 | [Validate] -> "Validating for EPOCH 95"
INFO  | 2026/06/01 11:48:51.756832 | [Validate] -> {"val": 0.0022520128949572397, "yes": 2491}
INFO  | 2026/06/01 11:48:51.757924 | [Submit] -> "Submitting EPOCH 95"
INFO  | 2026/06/01 11:50:08.520543 | [scheduler] -> "New learning rate = 1e-05"
INFO  | 2026/06/01 11:50:08.521606 | [Train] -> "Training EPOCH 96"
INFO  | 2026/06/01 11:57:39.561682 | [Train] -> "Finished training EPOCH 96 with loss 0.001957701447686743, saving"
INFO  | 2026/06/01 11:57:39.738398 | [Validate] -> "Validating for EPOCH 96"
INFO  | 2026/06/01 11:59:07.996314 | [Validate] -> {"val": 0.002246227424874696, "yes": 2429}
INFO  | 2026/06/01 11:59:07.997034 | [Submit] -> "Submitting EPOCH 96"
INFO  | 2026/06/01 12:00:24.858064 | [scheduler] -> "New learning rate = 1e-05"
INFO  | 2026/06/01 12:00:24.859075 | [Train] -> "Training EPOCH 97"
INFO  | 2026/06/01 12:07:55.171130 | [Train] -> "Finished training EPOCH 97 with loss 0.0019492547341834207, saving"
INFO  | 2026/06/01 12:07:55.348039 | [Validate] -> "Validating for EPOCH 97"
INFO  | 2026/06/01 12:09:23.570143 | [Validate] -> {"val": 0.002241526903881729, "yes": 2461}
INFO  | 2026/06/01 12:09:23.571151 | [Submit] -> "Submitting EPOCH 97"
INFO  | 2026/06/01 12:10:40.090314 | [scheduler] -> "New learning rate = 1e-05"
INFO  | 2026/06/01 12:10:40.090814 | [Train] -> "Training EPOCH 98"
INFO  | 2026/06/01 12:18:10.654088 | [Train] -> "Finished training EPOCH 98 with loss 0.0019510306901011232, saving"
INFO  | 2026/06/01 12:18:10.835213 | [Validate] -> "Validating for EPOCH 98"
INFO  | 2026/06/01 12:19:39.147015 | [Validate] -> {"val": 0.002245121143523436, "yes": 2492}
INFO  | 2026/06/01 12:19:39.148061 | [Submit] -> "Submitting EPOCH 98"
INFO  | 2026/06/01 12:20:56.848402 | [scheduler] -> "New learning rate = 1e-05"
INFO  | 2026/06/01 12:20:56.849434 | [Train] -> "Training EPOCH 99"
INFO  | 2026/06/01 12:28:26.872939 | [Train] -> "Finished training EPOCH 99 with loss 0.0019461428270765183, saving"
INFO  | 2026/06/01 12:28:27.054938 | [Validate] -> "Validating for EPOCH 99"
INFO  | 2026/06/01 12:29:55.257170 | [Validate] -> {"val": 0.002251607110232472, "yes": 2435}
INFO  | 2026/06/01 12:29:55.258576 | [Submit] -> "Submitting EPOCH 99"
INFO  | 2026/06/01 12:31:11.216245 | [scheduler] -> "New learning rate = 1e-05"
INFO  | 2026/06/01 12:31:11.216725 | [Train] -> "Training EPOCH 100"
INFO  | 2026/06/01 12:38:41.202856 | [Train] -> "Finished training EPOCH 100 with loss 0.001948287293555743, saving"
INFO  | 2026/06/01 12:38:41.398466 | [Validate] -> "Validating for EPOCH 100"
INFO  | 2026/06/01 12:40:09.685493 | [Validate] -> {"val": 0.002237945487776901, "yes": 2463}
INFO  | 2026/06/01 12:40:09.686455 | [Submit] -> "Submitting EPOCH 100"
INFO  | 2026/06/01 12:41:26.283696 | [scheduler] -> "New learning rate = 1e-05"
INFO  | 2026/06/01 12:41:26.284738 | [Train] -> "Training EPOCH 101"
INFO  | 2026/06/01 12:49:02.258099 | [Train] -> "Finished training EPOCH 101 with loss 0.001948059509969621, saving"
INFO  | 2026/06/01 12:49:02.451833 | [Validate] -> "Validating for EPOCH 101"
INFO  | 2026/06/01 12:50:30.505319 | [Validate] -> {"val": 0.002247285844807562, "yes": 2498}
INFO  | 2026/06/01 12:50:30.506342 | [Submit] -> "Submitting EPOCH 101"
INFO  | 2026/06/01 12:51:46.295033 | [scheduler] -> "New learning rate = 1e-05"
INFO  | 2026/06/01 12:51:46.295524 | [Train] -> "Training EPOCH 102"
INFO  | 2026/06/01 12:59:15.734027 | [Train] -> "Finished training EPOCH 102 with loss 0.0019384722981160953, saving"
INFO  | 2026/06/01 12:59:15.911550 | [Validate] -> "Validating for EPOCH 102"
INFO  | 2026/06/01 13:00:43.932949 | [Validate] -> {"val": 0.0022478455103673908, "yes": 2451}
INFO  | 2026/06/01 13:00:43.933378 | [Submit] -> "Submitting EPOCH 102"
INFO  | 2026/06/01 13:02:00.619579 | [scheduler] -> "New learning rate = 1e-05"
INFO  | 2026/06/01 13:02:00.620469 | [Train] -> "Training EPOCH 103"
INFO  | 2026/06/01 13:09:30.115368 | [Train] -> "Finished training EPOCH 103 with loss 0.001943173996793727, saving"
INFO  | 2026/06/01 13:09:30.298452 | [Validate] -> "Validating for EPOCH 103"
INFO  | 2026/06/01 13:10:58.293594 | [Validate] -> {"val": 0.002252157809020583, "yes": 2473}
INFO  | 2026/06/01 13:10:58.294679 | [Submit] -> "Submitting EPOCH 103"
INFO  | 2026/06/01 13:12:14.338543 | [scheduler] -> "New learning rate = 1e-05"
INFO  | 2026/06/01 13:12:14.339040 | [Train] -> "Training EPOCH 104"
INFO  | 2026/06/01 13:19:44.030360 | [Train] -> "Finished training EPOCH 104 with loss 0.0019434990275744059, saving"
INFO  | 2026/06/01 13:19:44.207030 | [Validate] -> "Validating for EPOCH 104"
INFO  | 2026/06/01 13:21:12.273770 | [Validate] -> {"val": 0.0022505534184029934, "yes": 2463}
INFO  | 2026/06/01 13:21:12.274662 | [Submit] -> "Submitting EPOCH 104"
INFO  | 2026/06/01 13:22:28.228116 | [scheduler] -> "New learning rate = 1e-05"
INFO  | 2026/06/01 13:22:28.229149 | [Train] -> "Training EPOCH 105"
INFO  | 2026/06/01 13:29:57.777084 | [Train] -> "Finished training EPOCH 105 with loss 0.0019408272944152866, saving"
INFO  | 2026/06/01 13:29:57.957593 | [Validate] -> "Validating for EPOCH 105"
INFO  | 2026/06/01 13:31:26.020190 | [Validate] -> {"val": 0.0022458815199274266, "yes": 2446}
INFO  | 2026/06/01 13:31:26.020648 | [Submit] -> "Submitting EPOCH 105"
INFO  | 2026/06/01 13:32:42.538596 | [scheduler] -> "New learning rate = 1e-05"
INFO  | 2026/06/01 13:32:42.539090 | [Train] -> "Training EPOCH 106"
INFO  | 2026/06/01 13:40:12.085277 | [Train] -> "Finished training EPOCH 106 with loss 0.0019365053134317572, saving"
INFO  | 2026/06/01 13:40:12.270717 | [Validate] -> "Validating for EPOCH 106"
INFO  | 2026/06/01 13:41:40.427417 | [Validate] -> {"val": 0.002249216287668258, "yes": 2477}
INFO  | 2026/06/01 13:41:40.428577 | [Submit] -> "Submitting EPOCH 106"
INFO  | 2026/06/01 13:42:57.309846 | [scheduler] -> "New learning rate = 1e-05"
INFO  | 2026/06/01 13:42:57.310860 | [Train] -> "Training EPOCH 107"
INFO  | 2026/06/01 13:50:27.564256 | [Train] -> "Finished training EPOCH 107 with loss 0.0019383734116777546, saving"
INFO  | 2026/06/01 13:50:27.749759 | [Validate] -> "Validating for EPOCH 107"
INFO  | 2026/06/01 13:51:55.962003 | [Validate] -> {"val": 0.002246474053610528, "yes": 2459}
INFO  | 2026/06/01 13:51:55.962490 | [Submit] -> "Submitting EPOCH 107"
INFO  | 2026/06/01 13:53:12.339242 | [scheduler] -> "New learning rate = 1e-05"
INFO  | 2026/06/01 13:53:12.340278 | [Train] -> "Training EPOCH 108"
INFO  | 2026/06/01 14:00:42.670269 | [Train] -> "Finished training EPOCH 108 with loss 0.0019360918380505756, saving"
INFO  | 2026/06/01 14:00:42.854486 | [Validate] -> "Validating for EPOCH 108"
INFO  | 2026/06/01 14:02:11.184250 | [Validate] -> {"val": 0.0022474623310276805, "yes": 2429}
INFO  | 2026/06/01 14:02:11.184512 | [Submit] -> "Submitting EPOCH 108"
INFO  | 2026/06/01 14:03:27.930742 | [scheduler] -> "New learning rate = 1e-05"
INFO  | 2026/06/01 14:03:27.931182 | [Train] -> "Training EPOCH 109"
