INFO  | 2026/06/01 14:08:36.634461 | [Train] -> "Statically training EPOCH 0"
INFO  | 2026/06/01 14:12:25.542332 | [Train] -> "Finished training EPOCH 0 with loss 0.016247803639516094, saving"
INFO  | 2026/06/01 14:12:25.722707 | [Train] -> "Statically training EPOCH 1"
INFO  | 2026/06/01 14:16:16.621646 | [Train] -> "Finished training EPOCH 1 with loss 0.015612915899268007, saving"
INFO  | 2026/06/01 14:16:16.795224 | [Train] -> "Statically training EPOCH 2"
INFO  | 2026/06/01 14:20:05.869093 | [Train] -> "Finished training EPOCH 2 with loss 0.015398095325331821, saving"
INFO  | 2026/06/01 14:20:06.031260 | [Train] -> "Statically training EPOCH 3"
INFO  | 2026/06/01 14:23:55.353684 | [Train] -> "Finished training EPOCH 3 with loss 0.015278484906154072, saving"
INFO  | 2026/06/01 14:23:55.514888 | [Train] -> "Statically training EPOCH 4"
INFO  | 2026/06/01 14:27:44.840118 | [Train] -> "Finished training EPOCH 4 with loss 0.015204592440799575, saving"
INFO  | 2026/06/01 14:27:45.017050 | [Train] -> "Training EPOCH 5"
INFO  | 2026/06/01 14:35:15.029612 | [Train] -> "Finished training EPOCH 5 with loss 0.01513993293685241, saving"
INFO  | 2026/06/01 14:35:15.216354 | [Validate] -> "Validating for EPOCH 5"
INFO  | 2026/06/01 14:36:43.547617 | [Validate] -> {"val": 0.015364669715910528, "yes": 2187}
INFO  | 2026/06/01 14:36:43.548194 | [Submit] -> "Submitting EPOCH 5"
INFO  | 2026/06/01 14:37:59.223030 | [scheduler] -> "New learning rate = 0.0001"
INFO  | 2026/06/01 14:37:59.224485 | [Train] -> "Training EPOCH 6"
INFO  | 2026/06/01 14:45:29.605410 | [Train] -> "Finished training EPOCH 6 with loss 0.01494645902660684, saving"
INFO  | 2026/06/01 14:45:29.781797 | [Validate] -> "Validating for EPOCH 6"
INFO  | 2026/06/01 14:46:58.152272 | [Validate] -> {"val": 0.015344663602834686, "yes": 2252}
INFO  | 2026/06/01 14:46:58.153393 | [Submit] -> "Submitting EPOCH 6"
INFO  | 2026/06/01 14:48:13.896726 | [scheduler] -> "New learning rate = 0.0001"
INFO  | 2026/06/01 14:48:13.898331 | [Train] -> "Training EPOCH 7"
INFO  | 2026/06/01 14:55:45.217949 | [Train] -> "Finished training EPOCH 7 with loss 0.014814826821751684, saving"
INFO  | 2026/06/01 14:55:45.430798 | [Validate] -> "Validating for EPOCH 7"
INFO  | 2026/06/01 14:57:13.794159 | [Validate] -> {"val": 0.015351546303231031, "yes": 1971}
INFO  | 2026/06/01 14:57:13.795180 | [Submit] -> "Submitting EPOCH 7"
INFO  | 2026/06/01 14:58:30.955610 | [scheduler] -> "New learning rate = 0.0001"
INFO  | 2026/06/01 14:58:30.956836 | [Train] -> "Training EPOCH 8"
INFO  | 2026/06/01 15:06:36.410961 | [Train] -> "Finished training EPOCH 8 with loss 0.014728592808802272, saving"
INFO  | 2026/06/01 15:06:36.599392 | [Validate] -> "Validating for EPOCH 8"
INFO  | 2026/06/01 15:08:05.149655 | [Validate] -> {"val": 0.015322401708291118, "yes": 2084}
INFO  | 2026/06/01 15:08:05.150051 | [Submit] -> "Submitting EPOCH 8"
INFO  | 2026/06/01 15:09:21.082600 | [scheduler] -> "New learning rate = 0.0001"
INFO  | 2026/06/01 15:09:21.083056 | [Train] -> "Training EPOCH 9"
INFO  | 2026/06/01 15:17:27.139166 | [Train] -> "Finished training EPOCH 9 with loss 0.01464684725190713, saving"
INFO  | 2026/06/01 15:17:27.318166 | [Validate] -> "Validating for EPOCH 9"
INFO  | 2026/06/01 15:18:55.984296 | [Validate] -> {"val": 0.015319528015699985, "yes": 2188}
INFO  | 2026/06/01 15:18:55.985446 | [Submit] -> "Submitting EPOCH 9"
INFO  | 2026/06/01 15:20:12.797677 | [scheduler] -> "New learning rate = 0.0001"
INFO  | 2026/06/01 15:20:12.798240 | [Train] -> "Training EPOCH 10"
INFO  | 2026/06/01 15:27:43.099406 | [Train] -> "Finished training EPOCH 10 with loss 0.014619140376299156, saving"
INFO  | 2026/06/01 15:27:43.282892 | [Validate] -> "Validating for EPOCH 10"
INFO  | 2026/06/01 15:29:11.472770 | [Validate] -> {"val": 0.015339833643232596, "yes": 2167}
INFO  | 2026/06/01 15:29:11.473433 | [Submit] -> "Submitting EPOCH 10"
INFO  | 2026/06/01 15:30:27.380771 | [scheduler] -> "New learning rate = 0.0001"
INFO  | 2026/06/01 15:30:27.381366 | [Train] -> "Training EPOCH 11"
INFO  | 2026/06/01 15:37:57.319687 | [Train] -> "Finished training EPOCH 11 with loss 0.014486177820375775, saving"
INFO  | 2026/06/01 15:37:57.503099 | [Validate] -> "Validating for EPOCH 11"
INFO  | 2026/06/01 15:39:25.931906 | [Validate] -> {"val": 0.015298919959097348, "yes": 2275}
INFO  | 2026/06/01 15:39:25.933192 | [Submit] -> "Submitting EPOCH 11"
INFO  | 2026/06/01 15:40:42.644939 | [scheduler] -> "New learning rate = 0.0001"
INFO  | 2026/06/01 15:40:42.645563 | [Train] -> "Training EPOCH 12"
INFO  | 2026/06/01 15:48:13.600517 | [Train] -> "Finished training EPOCH 12 with loss 0.01450567479982299, saving"
INFO  | 2026/06/01 15:48:13.808422 | [Validate] -> "Validating for EPOCH 12"
INFO  | 2026/06/01 15:49:42.051920 | [Validate] -> {"val": 0.015366303760708624, "yes": 2077}
INFO  | 2026/06/01 15:49:42.052506 | [Submit] -> "Submitting EPOCH 12"
INFO  | 2026/06/01 15:50:59.421486 | [scheduler] -> "New learning rate = 0.0001"
INFO  | 2026/06/01 15:50:59.422083 | [Train] -> "Training EPOCH 13"
INFO  | 2026/06/01 15:58:29.599749 | [Train] -> "Finished training EPOCH 13 with loss 0.014408355137780077, saving"
INFO  | 2026/06/01 15:58:29.775158 | [Validate] -> "Validating for EPOCH 13"
INFO  | 2026/06/01 15:59:58.192541 | [Validate] -> {"val": 0.015396261914734062, "yes": 2139}
INFO  | 2026/06/01 15:59:58.193613 | [Submit] -> "Submitting EPOCH 13"
INFO  | 2026/06/01 16:00:52.982394 | [Train] -> "Training EPOCH 14"
INFO  | 2026/06/01 16:08:23.301202 | [Train] -> "Finished training EPOCH 14 with loss 0.014378944422608689, saving"
INFO  | 2026/06/01 16:08:23.490490 | [Validate] -> "Validating for EPOCH 14"
INFO  | 2026/06/01 16:09:52.196961 | [Validate] -> {"val": 0.015213658595268159, "yes": 2172}
INFO  | 2026/06/01 16:09:52.197435 | [Submit] -> "Submitting EPOCH 14"
INFO  | 2026/06/01 16:11:09.145455 | [scheduler] -> "New learning rate = 0.0001"
INFO  | 2026/06/01 16:11:09.146078 | [Train] -> "Training EPOCH 15"
INFO  | 2026/06/01 16:18:38.884168 | [Train] -> "Finished training EPOCH 15 with loss 0.014334415181647301, saving"
INFO  | 2026/06/01 16:18:39.073456 | [Validate] -> "Validating for EPOCH 15"
INFO  | 2026/06/01 16:20:07.924626 | [Validate] -> {"val": 0.01539719673459077, "yes": 2276}
INFO  | 2026/06/01 16:20:07.925825 | [Submit] -> "Submitting EPOCH 15"
INFO  | 2026/06/01 16:21:23.357008 | [scheduler] -> "New learning rate = 0.0001"
INFO  | 2026/06/01 16:21:23.357635 | [Train] -> "Training EPOCH 16"
INFO  | 2026/06/01 16:28:52.378090 | [Train] -> "Finished training EPOCH 16 with loss 0.014314415095507448, saving"
INFO  | 2026/06/01 16:28:52.555432 | [Validate] -> "Validating for EPOCH 16"
INFO  | 2026/06/01 16:30:20.986990 | [Validate] -> {"val": 0.01542187523752313, "yes": 2185}
INFO  | 2026/06/01 16:30:20.988002 | [Submit] -> "Submitting EPOCH 16"
INFO  | 2026/06/01 16:31:36.665736 | [scheduler] -> "New learning rate = 0.0001"
INFO  | 2026/06/01 16:31:36.666304 | [Train] -> "Training EPOCH 17"
INFO  | 2026/06/01 16:39:06.297585 | [Train] -> "Finished training EPOCH 17 with loss 0.014286112834661736, saving"
INFO  | 2026/06/01 16:39:06.473784 | [Validate] -> "Validating for EPOCH 17"
INFO  | 2026/06/01 16:40:35.097935 | [Validate] -> {"val": 0.01538079573448306, "yes": 2275}
INFO  | 2026/06/01 16:40:35.099076 | [Submit] -> "Submitting EPOCH 17"
INFO  | 2026/06/01 16:41:52.579085 | [scheduler] -> "New learning rate = 0.0001"
INFO  | 2026/06/01 16:41:52.579723 | [Train] -> "Training EPOCH 18"
INFO  | 2026/06/01 16:49:24.860951 | [Train] -> "Finished training EPOCH 18 with loss 0.014233893671035303, saving"
INFO  | 2026/06/01 16:49:25.053303 | [Validate] -> "Validating for EPOCH 18"
INFO  | 2026/06/01 16:50:53.589043 | [Validate] -> {"val": 0.015474418434043697, "yes": 2289}
INFO  | 2026/06/01 16:50:53.590382 | [Submit] -> "Submitting EPOCH 18"
INFO  | 2026/06/01 16:52:10.098534 | [scheduler] -> "New learning rate = 1e-05"
INFO  | 2026/06/01 16:52:10.099134 | [Train] -> "Training EPOCH 19"
INFO  | 2026/06/01 16:59:40.511831 | [Train] -> "Finished training EPOCH 19 with loss 0.014099654177279208, saving"
INFO  | 2026/06/01 16:59:40.699809 | [Validate] -> "Validating for EPOCH 19"
INFO  | 2026/06/01 17:01:09.259825 | [Validate] -> {"val": 0.015419968617839744, "yes": 2313}
INFO  | 2026/06/01 17:01:09.260411 | [Submit] -> "Submitting EPOCH 19"
INFO  | 2026/06/01 17:02:24.934591 | [scheduler] -> "New learning rate = 1e-05"
INFO  | 2026/06/01 17:02:24.935807 | [Train] -> "Training EPOCH 20"
INFO  | 2026/06/01 17:09:56.974078 | [Train] -> "Finished training EPOCH 20 with loss 0.014053138847407708, saving"
INFO  | 2026/06/01 17:09:57.163504 | [Validate] -> "Validating for EPOCH 20"
INFO  | 2026/06/01 17:11:25.765751 | [Validate] -> {"val": 0.01539366736696413, "yes": 2294}
INFO  | 2026/06/01 17:11:25.767299 | [Submit] -> "Submitting EPOCH 20"
INFO  | 2026/06/01 17:12:41.744233 | [scheduler] -> "New learning rate = 1e-05"
INFO  | 2026/06/01 17:12:41.744807 | [Train] -> "Training EPOCH 21"
INFO  | 2026/06/01 17:20:12.428645 | [Train] -> "Finished training EPOCH 21 with loss 0.014004532786556214, saving"
INFO  | 2026/06/01 17:20:12.612324 | [Validate] -> "Validating for EPOCH 21"
INFO  | 2026/06/01 17:21:41.223728 | [Validate] -> {"val": 0.015393662762213607, "yes": 2384}
INFO  | 2026/06/01 17:21:41.224849 | [Submit] -> "Submitting EPOCH 21"
INFO  | 2026/06/01 17:22:58.349213 | [scheduler] -> "New learning rate = 1e-05"
INFO  | 2026/06/01 17:22:58.350739 | [Train] -> "Training EPOCH 22"
INFO  | 2026/06/01 17:30:29.095146 | [Train] -> "Finished training EPOCH 22 with loss 0.013983583565209514, saving"
INFO  | 2026/06/01 17:30:29.267485 | [Validate] -> "Validating for EPOCH 22"
INFO  | 2026/06/01 17:31:57.657895 | [Validate] -> {"val": 0.015352427414422151, "yes": 2357}
INFO  | 2026/06/01 17:31:57.659058 | [Submit] -> "Submitting EPOCH 22"
INFO  | 2026/06/01 17:33:13.237890 | [scheduler] -> "New learning rate = 1e-05"
INFO  | 2026/06/01 17:33:13.239060 | [Train] -> "Training EPOCH 23"
INFO  | 2026/06/01 17:40:43.318969 | [Train] -> "Finished training EPOCH 23 with loss 0.013957304313105772, saving"
INFO  | 2026/06/01 17:40:43.501359 | [Validate] -> "Validating for EPOCH 23"
INFO  | 2026/06/01 17:42:12.123700 | [Validate] -> {"val": 0.01537596861208142, "yes": 2343}
INFO  | 2026/06/01 17:42:12.124928 | [Submit] -> "Submitting EPOCH 23"
INFO  | 2026/06/01 17:43:28.517316 | [scheduler] -> "New learning rate = 1e-05"
INFO  | 2026/06/01 17:43:28.518619 | [Train] -> "Training EPOCH 24"
INFO  | 2026/06/01 17:50:58.474078 | [Train] -> "Finished training EPOCH 24 with loss 0.01393859356299414, saving"
INFO  | 2026/06/01 17:50:58.652113 | [Validate] -> "Validating for EPOCH 24"
INFO  | 2026/06/01 17:52:27.326620 | [Validate] -> {"val": 0.015387005991976557, "yes": 2357}
INFO  | 2026/06/01 17:52:27.327629 | [Submit] -> "Submitting EPOCH 24"
INFO  | 2026/06/01 17:53:43.157763 | [scheduler] -> "New learning rate = 1e-05"
INFO  | 2026/06/01 17:53:43.159053 | [Train] -> "Training EPOCH 25"
INFO  | 2026/06/01 18:01:13.620160 | [Train] -> "Finished training EPOCH 25 with loss 0.013926109287168285, saving"
INFO  | 2026/06/01 18:01:13.789814 | [Validate] -> "Validating for EPOCH 25"
INFO  | 2026/06/01 18:02:42.314666 | [Validate] -> {"val": 0.015416760688060813, "yes": 2372}
INFO  | 2026/06/01 18:02:42.315799 | [Submit] -> "Submitting EPOCH 25"
INFO  | 2026/06/01 18:03:58.670318 | [scheduler] -> "New learning rate = 1e-05"
INFO  | 2026/06/01 18:03:58.671428 | [Train] -> "Training EPOCH 26"
INFO  | 2026/06/01 18:11:29.194984 | [Train] -> "Finished training EPOCH 26 with loss 0.013923726712478284, saving"
INFO  | 2026/06/01 18:11:29.368624 | [Validate] -> "Validating for EPOCH 26"
INFO  | 2026/06/01 18:12:58.007439 | [Validate] -> {"val": 0.015424276659211691, "yes": 2348}
INFO  | 2026/06/01 18:12:58.008674 | [Submit] -> "Submitting EPOCH 26"
INFO  | 2026/06/01 18:14:14.402404 | [scheduler] -> "New learning rate = 1e-05"
INFO  | 2026/06/01 18:14:14.403039 | [Train] -> "Training EPOCH 27"
INFO  | 2026/06/01 18:21:45.415938 | [Train] -> "Finished training EPOCH 27 with loss 0.013900641110548721, saving"
INFO  | 2026/06/01 18:21:45.601701 | [Validate] -> "Validating for EPOCH 27"
INFO  | 2026/06/01 18:23:14.478219 | [Validate] -> {"val": 0.015428499325343034, "yes": 2345}
INFO  | 2026/06/01 18:23:14.478883 | [Submit] -> "Submitting EPOCH 27"
INFO  | 2026/06/01 18:24:31.490420 | [scheduler] -> "New learning rate = 1e-05"
INFO  | 2026/06/01 18:24:31.491723 | [Train] -> "Training EPOCH 28"
INFO  | 2026/06/01 18:32:02.527766 | [Train] -> "Finished training EPOCH 28 with loss 0.013893521366194123, saving"
INFO  | 2026/06/01 18:32:02.706516 | [Validate] -> "Validating for EPOCH 28"
INFO  | 2026/06/01 18:33:31.738956 | [Validate] -> {"val": 0.015450701643245803, "yes": 2322}
INFO  | 2026/06/01 18:33:31.739594 | [Submit] -> "Submitting EPOCH 28"
INFO  | 2026/06/01 18:34:48.421804 | [scheduler] -> "New learning rate = 1e-05"
INFO  | 2026/06/01 18:34:48.423067 | [Train] -> "Training EPOCH 29"
INFO  | 2026/06/01 18:42:19.462133 | [Train] -> "Finished training EPOCH 29 with loss 0.013897340476652172, saving"
INFO  | 2026/06/01 18:42:19.640155 | [Validate] -> "Validating for EPOCH 29"
INFO  | 2026/06/01 18:43:48.132417 | [Validate] -> {"val": 0.015421619445649327, "yes": 2322}
INFO  | 2026/06/01 18:43:48.133884 | [Submit] -> "Submitting EPOCH 29"
INFO  | 2026/06/01 18:45:04.872187 | [scheduler] -> "New learning rate = 1e-05"
INFO  | 2026/06/01 18:45:04.873503 | [Train] -> "Training EPOCH 30"
INFO  | 2026/06/01 18:52:38.263207 | [Train] -> "Finished training EPOCH 30 with loss 0.01387163268146903, saving"
INFO  | 2026/06/01 18:52:38.486369 | [Validate] -> "Validating for EPOCH 30"
INFO  | 2026/06/01 18:54:06.867724 | [Validate] -> {"val": 0.015465826975255474, "yes": 2363}
INFO  | 2026/06/01 18:54:06.869694 | [Submit] -> "Submitting EPOCH 30"
INFO  | 2026/06/01 18:55:23.604112 | [scheduler] -> "New learning rate = 1e-05"
INFO  | 2026/06/01 18:55:23.604731 | [Train] -> "Training EPOCH 31"
INFO  | 2026/06/01 19:03:02.134510 | [Train] -> "Finished training EPOCH 31 with loss 0.013842422117963665, saving"
INFO  | 2026/06/01 19:03:02.326528 | [Validate] -> "Validating for EPOCH 31"
INFO  | 2026/06/01 19:04:30.832924 | [Validate] -> {"val": 0.015440147672898304, "yes": 2358}
INFO  | 2026/06/01 19:04:30.834042 | [Submit] -> "Submitting EPOCH 31"
INFO  | 2026/06/01 19:05:47.560722 | [scheduler] -> "New learning rate = 1e-05"
INFO  | 2026/06/01 19:05:47.561218 | [Train] -> "Training EPOCH 32"
INFO  | 2026/06/01 19:13:16.994815 | [Train] -> "Finished training EPOCH 32 with loss 0.013848050527355845, saving"
INFO  | 2026/06/01 19:13:17.166892 | [Validate] -> "Validating for EPOCH 32"
INFO  | 2026/06/01 19:14:45.083831 | [Validate] -> {"val": 0.01546849433412548, "yes": 2380}
INFO  | 2026/06/01 19:14:45.084927 | [Submit] -> "Submitting EPOCH 32"
INFO  | 2026/06/01 19:16:02.736880 | [scheduler] -> "New learning rate = 1e-05"
INFO  | 2026/06/01 19:16:02.737459 | [Train] -> "Training EPOCH 33"
INFO  | 2026/06/01 19:23:31.898938 | [Train] -> "Finished training EPOCH 33 with loss 0.013834715152385636, saving"
INFO  | 2026/06/01 19:23:32.068400 | [Validate] -> "Validating for EPOCH 33"
INFO  | 2026/06/01 19:25:00.386086 | [Validate] -> {"val": 0.015407358498081057, "yes": 2376}
INFO  | 2026/06/01 19:25:00.388096 | [Submit] -> "Submitting EPOCH 33"
INFO  | 2026/06/01 19:26:16.012055 | [scheduler] -> "New learning rate = 1e-05"
INFO  | 2026/06/01 19:26:16.013578 | [Train] -> "Training EPOCH 34"
INFO  | 2026/06/01 19:33:45.708412 | [Train] -> "Finished training EPOCH 34 with loss 0.013826278650500692, saving"
INFO  | 2026/06/01 19:33:45.876969 | [Validate] -> "Validating for EPOCH 34"
INFO  | 2026/06/01 19:35:13.914165 | [Validate] -> {"val": 0.015426883821884646, "yes": 2358}
INFO  | 2026/06/01 19:35:13.915545 | [Submit] -> "Submitting EPOCH 34"
INFO  | 2026/06/01 19:36:29.891095 | [scheduler] -> "New learning rate = 1e-05"
INFO  | 2026/06/01 19:36:29.891787 | [Train] -> "Training EPOCH 35"
INFO  | 2026/06/01 19:43:59.417164 | [Train] -> "Finished training EPOCH 35 with loss 0.01379670829706567, saving"
INFO  | 2026/06/01 19:43:59.584642 | [Validate] -> "Validating for EPOCH 35"
INFO  | 2026/06/01 19:45:27.567702 | [Validate] -> {"val": 0.01547151676852589, "yes": 2298}
INFO  | 2026/06/01 19:45:27.568896 | [Submit] -> "Submitting EPOCH 35"
INFO  | 2026/06/01 19:46:43.889564 | [scheduler] -> "New learning rate = 1e-05"
INFO  | 2026/06/01 19:46:43.890829 | [Train] -> "Training EPOCH 36"
INFO  | 2026/06/01 19:54:13.864027 | [Train] -> "Finished training EPOCH 36 with loss 0.013789787853130855, saving"
INFO  | 2026/06/01 19:54:14.034388 | [Validate] -> "Validating for EPOCH 36"
INFO  | 2026/06/01 19:55:42.221523 | [Validate] -> {"val": 0.015461869364391829, "yes": 2295}
INFO  | 2026/06/01 19:55:42.222397 | [Submit] -> "Submitting EPOCH 36"
INFO  | 2026/06/01 19:56:58.331424 | [scheduler] -> "New learning rate = 1e-05"
INFO  | 2026/06/01 19:56:58.332591 | [Train] -> "Training EPOCH 37"
INFO  | 2026/06/01 20:04:27.449231 | [Train] -> "Finished training EPOCH 37 with loss 0.013784371288870447, saving"
INFO  | 2026/06/01 20:04:27.613982 | [Validate] -> "Validating for EPOCH 37"
INFO  | 2026/06/01 20:05:55.572198 | [Validate] -> {"val": 0.015477708741199485, "yes": 2333}
INFO  | 2026/06/01 20:05:55.572854 | [Submit] -> "Submitting EPOCH 37"
INFO  | 2026/06/01 20:07:12.297900 | [scheduler] -> "New learning rate = 1e-05"
INFO  | 2026/06/01 20:07:12.299163 | [Train] -> "Training EPOCH 38"
INFO  | 2026/06/01 20:14:41.331473 | [Train] -> "Finished training EPOCH 38 with loss 0.013760222322554139, saving"
INFO  | 2026/06/01 20:14:41.504887 | [Validate] -> "Validating for EPOCH 38"
INFO  | 2026/06/01 20:16:09.890247 | [Validate] -> {"val": 0.015493842422370636, "yes": 2375}
INFO  | 2026/06/01 20:16:09.890664 | [Submit] -> "Submitting EPOCH 38"
INFO  | 2026/06/01 20:17:27.155923 | [scheduler] -> "New learning rate = 1e-05"
INFO  | 2026/06/01 20:17:27.157196 | [Train] -> "Training EPOCH 39"
INFO  | 2026/06/01 20:24:56.330858 | [Train] -> "Finished training EPOCH 39 with loss 0.013772017364549766, saving"
INFO  | 2026/06/01 20:24:56.497590 | [Validate] -> "Validating for EPOCH 39"
INFO  | 2026/06/01 20:26:24.487567 | [Validate] -> {"val": 0.015472098817807882, "yes": 2326}
INFO  | 2026/06/01 20:26:24.488432 | [Submit] -> "Submitting EPOCH 39"
INFO  | 2026/06/01 20:27:40.716390 | [scheduler] -> "New learning rate = 1e-05"
INFO  | 2026/06/01 20:27:40.717568 | [Train] -> "Training EPOCH 40"
INFO  | 2026/06/01 20:35:10.091878 | [Train] -> "Finished training EPOCH 40 with loss 0.013744192157590594, saving"
INFO  | 2026/06/01 20:35:10.261417 | [Validate] -> "Validating for EPOCH 40"
INFO  | 2026/06/01 20:36:38.525158 | [Validate] -> {"val": 0.015502338952585909, "yes": 2371}
INFO  | 2026/06/01 20:36:38.526487 | [Submit] -> "Submitting EPOCH 40"
INFO  | 2026/06/01 20:37:53.875431 | [scheduler] -> "New learning rate = 1e-05"
INFO  | 2026/06/01 20:37:53.876932 | [Train] -> "Training EPOCH 41"
