DEBUG | 2026/06/01 14:08:35.130956 | [Test Dataset Load] -> "Loading datasets from data/test"
DEBUG | 2026/06/01 14:08:35.155056 | [Test Dataset Load] -> "Dynamically loaded 5000 datas"
DEBUG | 2026/06/01 14:08:35.156430 | [Dataset Load] -> "Loading datasets from data/train"
DEBUG | 2026/06/01 14:08:35.156510 | [Dataset Load] -> "Loading datasets from class Atelectasis"
DEBUG | 2026/06/01 14:08:35.168670 | [Dataset Load] -> "Loading datasets from class Cardiomegaly"
DEBUG | 2026/06/01 14:08:35.171356 | [Dataset Load] -> "Loading datasets from class Consolidation"
DEBUG | 2026/06/01 14:08:35.175151 | [Dataset Load] -> "Loading datasets from class Edema"
DEBUG | 2026/06/01 14:08:35.180203 | [Dataset Load] -> "Loading datasets from class Effusion"
DEBUG | 2026/06/01 14:08:35.185589 | [Dataset Load] -> "Loading datasets from class Emphysema"
DEBUG | 2026/06/01 14:08:35.187467 | [Dataset Load] -> "Loading datasets from class Fibrosis"
DEBUG | 2026/06/01 14:08:35.189646 | [Dataset Load] -> "Loading datasets from class Hernia"
DEBUG | 2026/06/01 14:08:35.189875 | [Dataset Load] -> "Loading datasets from class Infiltration"
DEBUG | 2026/06/01 14:08:35.196532 | [Dataset Load] -> "Loading datasets from class Mass"
DEBUG | 2026/06/01 14:08:35.202196 | [Dataset Load] -> "Loading datasets from class No Finding"
DEBUG | 2026/06/01 14:08:35.213511 | [Dataset Load] -> "Loading datasets from class Nodule"
DEBUG | 2026/06/01 14:08:35.217675 | [Dataset Load] -> "Loading datasets from class Pleural_Thickening"
DEBUG | 2026/06/01 14:08:35.220490 | [Dataset Load] -> "Loading datasets from class Pneumonia"
DEBUG | 2026/06/01 14:08:35.222054 | [Dataset Load] -> "Loading datasets from class Pneumothorax"
DEBUG | 2026/06/01 14:08:35.224499 | [Dataset Load] -> "Dynamically loaded 22921 datas"
DEBUG | 2026/06/01 14:08:35.232120 | [Dataset Load] -> "Loading datasets from data/train"
DEBUG | 2026/06/01 14:08:35.232186 | [Dataset Load] -> "Dynamically loaded 16044 datas"
DEBUG | 2026/06/01 14:08:35.232223 | [Dataset Load] -> "Loading datasets from data/train"
DEBUG | 2026/06/01 14:08:35.232270 | [Dataset Load] -> "Dynamically loaded 6877 datas"
DEBUG | 2026/06/01 14:33:09.769850 | [Dataset Load] -> "Loading datasets from data/train"
DEBUG | 2026/06/01 14:33:09.771514 | [Dataset Load] -> "Loading datasets from class Atelectasis"
DEBUG | 2026/06/01 14:33:09.788772 | [Dataset Load] -> "Loading datasets from class Cardiomegaly"
DEBUG | 2026/06/01 14:33:09.793321 | [Dataset Load] -> "Loading datasets from class Consolidation"
DEBUG | 2026/06/01 14:33:09.800155 | [Dataset Load] -> "Loading datasets from class Edema"
DEBUG | 2026/06/01 14:33:09.804497 | [Dataset Load] -> "Loading datasets from class Effusion"
DEBUG | 2026/06/01 14:33:09.811937 | [Dataset Load] -> "Loading datasets from class Emphysema"
DEBUG | 2026/06/01 14:33:09.814287 | [Dataset Load] -> "Loading datasets from class Fibrosis"
DEBUG | 2026/06/01 14:33:09.816603 | [Dataset Load] -> "Loading datasets from class Hernia"
DEBUG | 2026/06/01 14:33:09.817028 | [Dataset Load] -> "Loading datasets from class Infiltration"
DEBUG | 2026/06/01 14:33:09.824338 | [Dataset Load] -> "Loading datasets from class Mass"
DEBUG | 2026/06/01 14:33:09.830314 | [Dataset Load] -> "Loading datasets from class No Finding"
DEBUG | 2026/06/01 14:33:09.840794 | [Dataset Load] -> "Loading datasets from class Nodule"
DEBUG | 2026/06/01 14:33:09.845087 | [Dataset Load] -> "Loading datasets from class Pleural_Thickening"
DEBUG | 2026/06/01 14:33:09.847168 | [Dataset Load] -> "Loading datasets from class Pneumonia"
DEBUG | 2026/06/01 14:33:09.849546 | [Dataset Load] -> "Loading datasets from class Pneumothorax"
DEBUG | 2026/06/01 14:33:09.852403 | [Dataset Load] -> "Dynamically loaded 22921 datas"
DEBUG | 2026/06/01 14:33:49.824659 | [Dataset Load] -> "Loading datasets from data/train"
DEBUG | 2026/06/01 14:33:49.825929 | [Dataset Load] -> "Loading datasets from class Atelectasis"
DEBUG | 2026/06/01 14:33:49.843926 | [Dataset Load] -> "Loading datasets from class Cardiomegaly"
DEBUG | 2026/06/01 14:33:49.848605 | [Dataset Load] -> "Loading datasets from class Consolidation"
DEBUG | 2026/06/01 14:33:49.853245 | [Dataset Load] -> "Loading datasets from class Edema"
DEBUG | 2026/06/01 14:33:49.858521 | [Dataset Load] -> "Loading datasets from class Effusion"
DEBUG | 2026/06/01 14:33:49.864743 | [Dataset Load] -> "Loading datasets from class Emphysema"
DEBUG | 2026/06/01 14:33:49.866622 | [Dataset Load] -> "Loading datasets from class Fibrosis"
DEBUG | 2026/06/01 14:33:49.868798 | [Dataset Load] -> "Loading datasets from class Hernia"
DEBUG | 2026/06/01 14:33:49.869046 | [Dataset Load] -> "Loading datasets from class Infiltration"
DEBUG | 2026/06/01 14:33:49.875970 | [Dataset Load] -> "Loading datasets from class Mass"
DEBUG | 2026/06/01 14:33:49.882527 | [Dataset Load] -> "Loading datasets from class No Finding"
DEBUG | 2026/06/01 14:33:49.945673 | [Dataset Load] -> "Loading datasets from class Nodule"
DEBUG | 2026/06/01 14:33:49.950931 | [Dataset Load] -> "Loading datasets from class Pleural_Thickening"
DEBUG | 2026/06/01 14:33:49.954000 | [Dataset Load] -> "Loading datasets from class Pneumonia"
DEBUG | 2026/06/01 14:33:49.955609 | [Dataset Load] -> "Loading datasets from class Pneumothorax"
DEBUG | 2026/06/01 14:33:49.958310 | [Dataset Load] -> "Dynamically loaded 22921 datas"
DEBUG | 2026/06/01 14:34:28.006120 | [Dataset Load] -> "Loading datasets from data/train"
DEBUG | 2026/06/01 14:34:28.008090 | [Dataset Load] -> "Loading datasets from class Atelectasis"
DEBUG | 2026/06/01 14:34:28.027333 | [Dataset Load] -> "Loading datasets from class Cardiomegaly"
DEBUG | 2026/06/01 14:34:28.031012 | [Dataset Load] -> "Loading datasets from class Consolidation"
DEBUG | 2026/06/01 14:34:28.035468 | [Dataset Load] -> "Loading datasets from class Edema"
DEBUG | 2026/06/01 14:34:28.040753 | [Dataset Load] -> "Loading datasets from class Effusion"
DEBUG | 2026/06/01 14:34:28.046268 | [Dataset Load] -> "Loading datasets from class Emphysema"
DEBUG | 2026/06/01 14:34:28.048405 | [Dataset Load] -> "Loading datasets from class Fibrosis"
DEBUG | 2026/06/01 14:34:28.050860 | [Dataset Load] -> "Loading datasets from class Hernia"
DEBUG | 2026/06/01 14:34:28.051169 | [Dataset Load] -> "Loading datasets from class Infiltration"
DEBUG | 2026/06/01 14:34:28.058021 | [Dataset Load] -> "Loading datasets from class Mass"
DEBUG | 2026/06/01 14:34:28.063849 | [Dataset Load] -> "Loading datasets from class No Finding"
DEBUG | 2026/06/01 14:34:28.075703 | [Dataset Load] -> "Loading datasets from class Nodule"
DEBUG | 2026/06/01 14:34:28.080370 | [Dataset Load] -> "Loading datasets from class Pleural_Thickening"
DEBUG | 2026/06/01 14:34:28.083388 | [Dataset Load] -> "Loading datasets from class Pneumonia"
DEBUG | 2026/06/01 14:34:28.085025 | [Dataset Load] -> "Loading datasets from class Pneumothorax"
DEBUG | 2026/06/01 14:34:28.087585 | [Dataset Load] -> "Dynamically loaded 22921 datas"
DEBUG | 2026/06/01 14:34:47.136615 | [Dataset Load] -> "Loading datasets from data/train"
DEBUG | 2026/06/01 14:34:47.138040 | [Dataset Load] -> "Loading datasets from class Atelectasis"
DEBUG | 2026/06/01 14:34:47.142767 | [Dataset Load] -> "Loading datasets from class Cardiomegaly"
DEBUG | 2026/06/01 14:34:47.144877 | [Dataset Load] -> "Loading datasets from class Consolidation"
DEBUG | 2026/06/01 14:34:47.147434 | [Dataset Load] -> "Loading datasets from class Edema"
DEBUG | 2026/06/01 14:34:47.149264 | [Dataset Load] -> "Loading datasets from class Effusion"
DEBUG | 2026/06/01 14:34:47.153393 | [Dataset Load] -> "Loading datasets from class Emphysema"
DEBUG | 2026/06/01 14:34:47.155067 | [Dataset Load] -> "Loading datasets from class Fibrosis"
DEBUG | 2026/06/01 14:34:47.155999 | [Dataset Load] -> "Loading datasets from class Hernia"
DEBUG | 2026/06/01 14:34:47.156373 | [Dataset Load] -> "Loading datasets from class Infiltration"
DEBUG | 2026/06/01 14:34:47.159868 | [Dataset Load] -> "Loading datasets from class Mass"
DEBUG | 2026/06/01 14:34:47.161945 | [Dataset Load] -> "Loading datasets from class No Finding"
DEBUG | 2026/06/01 14:34:47.164292 | [Dataset Load] -> "Loading datasets from class Nodule"
DEBUG | 2026/06/01 14:34:47.165405 | [Dataset Load] -> "Loading datasets from class Pleural_Thickening"
DEBUG | 2026/06/01 14:34:47.165836 | [Dataset Load] -> "Loading datasets from class Pneumonia"
DEBUG | 2026/06/01 14:34:47.166128 | [Dataset Load] -> "Loading datasets from class Pneumothorax"
DEBUG | 2026/06/01 14:34:47.166876 | [Dataset Load] -> "Dynamically loaded 22921 datas"
DEBUG | 2026/06/01 14:34:47.291704 | [Dataset Load] -> "Loading datasets from data/train"
DEBUG | 2026/06/01 14:34:47.291848 | [Dataset Load] -> "Dynamically loaded 16044 datas"
DEBUG | 2026/06/01 14:34:47.291898 | [Dataset Load] -> "Loading datasets from data/train"
DEBUG | 2026/06/01 14:34:47.291953 | [Dataset Load] -> "Dynamically loaded 6877 datas"
DEBUG | 2026/06/01 14:36:43.548300 | [Dataset Load] -> "Loading datasets from data/train"
DEBUG | 2026/06/01 14:36:43.548760 | [Dataset Load] -> "Loading datasets from class Atelectasis"
DEBUG | 2026/06/01 14:36:43.558977 | [Dataset Load] -> "Loading datasets from class Cardiomegaly"
DEBUG | 2026/06/01 14:36:43.561099 | [Dataset Load] -> "Loading datasets from class Consolidation"
DEBUG | 2026/06/01 14:36:43.566276 | [Dataset Load] -> "Loading datasets from class Edema"
DEBUG | 2026/06/01 14:36:43.570115 | [Dataset Load] -> "Loading datasets from class Effusion"
DEBUG | 2026/06/01 14:36:43.574101 | [Dataset Load] -> "Loading datasets from class Emphysema"
DEBUG | 2026/06/01 14:36:43.576078 | [Dataset Load] -> "Loading datasets from class Fibrosis"
DEBUG | 2026/06/01 14:36:43.578340 | [Dataset Load] -> "Loading datasets from class Hernia"
DEBUG | 2026/06/01 14:36:43.578611 | [Dataset Load] -> "Loading datasets from class Infiltration"
DEBUG | 2026/06/01 14:36:43.587650 | [Dataset Load] -> "Loading datasets from class Mass"
DEBUG | 2026/06/01 14:36:43.594812 | [Dataset Load] -> "Loading datasets from class No Finding"
DEBUG | 2026/06/01 14:36:43.603203 | [Dataset Load] -> "Loading datasets from class Nodule"
DEBUG | 2026/06/01 14:36:43.607187 | [Dataset Load] -> "Loading datasets from class Pleural_Thickening"
DEBUG | 2026/06/01 14:36:43.608536 | [Dataset Load] -> "Loading datasets from class Pneumonia"
DEBUG | 2026/06/01 14:36:43.609974 | [Dataset Load] -> "Loading datasets from class Pneumothorax"
DEBUG | 2026/06/01 14:36:43.613512 | [Dataset Load] -> "Dynamically loaded 22921 datas"
DEBUG | 2026/06/01 14:46:58.153508 | [Dataset Load] -> "Loading datasets from data/train"
DEBUG | 2026/06/01 14:46:58.154122 | [Dataset Load] -> "Loading datasets from class Atelectasis"
DEBUG | 2026/06/01 14:46:58.167299 | [Dataset Load] -> "Loading datasets from class Cardiomegaly"
DEBUG | 2026/06/01 14:46:58.169941 | [Dataset Load] -> "Loading datasets from class Consolidation"
DEBUG | 2026/06/01 14:46:58.173853 | [Dataset Load] -> "Loading datasets from class Edema"
DEBUG | 2026/06/01 14:46:58.179216 | [Dataset Load] -> "Loading datasets from class Effusion"
DEBUG | 2026/06/01 14:46:58.184905 | [Dataset Load] -> "Loading datasets from class Emphysema"
DEBUG | 2026/06/01 14:46:58.186856 | [Dataset Load] -> "Loading datasets from class Fibrosis"
DEBUG | 2026/06/01 14:46:58.189167 | [Dataset Load] -> "Loading datasets from class Hernia"
DEBUG | 2026/06/01 14:46:58.189448 | [Dataset Load] -> "Loading datasets from class Infiltration"
DEBUG | 2026/06/01 14:46:58.196451 | [Dataset Load] -> "Loading datasets from class Mass"
DEBUG | 2026/06/01 14:46:58.202279 | [Dataset Load] -> "Loading datasets from class No Finding"
DEBUG | 2026/06/01 14:46:58.213687 | [Dataset Load] -> "Loading datasets from class Nodule"
DEBUG | 2026/06/01 14:46:58.218040 | [Dataset Load] -> "Loading datasets from class Pleural_Thickening"
DEBUG | 2026/06/01 14:46:58.221188 | [Dataset Load] -> "Loading datasets from class Pneumonia"
DEBUG | 2026/06/01 14:46:58.222769 | [Dataset Load] -> "Loading datasets from class Pneumothorax"
DEBUG | 2026/06/01 14:46:58.225331 | [Dataset Load] -> "Dynamically loaded 22921 datas"
DEBUG | 2026/06/01 14:57:13.795282 | [Dataset Load] -> "Loading datasets from data/train"
DEBUG | 2026/06/01 14:57:13.795893 | [Dataset Load] -> "Loading datasets from class Atelectasis"
DEBUG | 2026/06/01 14:57:13.808683 | [Dataset Load] -> "Loading datasets from class Cardiomegaly"
DEBUG | 2026/06/01 14:57:13.811433 | [Dataset Load] -> "Loading datasets from class Consolidation"
DEBUG | 2026/06/01 14:57:13.815342 | [Dataset Load] -> "Loading datasets from class Edema"
DEBUG | 2026/06/01 14:57:13.820724 | [Dataset Load] -> "Loading datasets from class Effusion"
DEBUG | 2026/06/01 14:57:13.826477 | [Dataset Load] -> "Loading datasets from class Emphysema"
DEBUG | 2026/06/01 14:57:13.828466 | [Dataset Load] -> "Loading datasets from class Fibrosis"
DEBUG | 2026/06/01 14:57:13.830785 | [Dataset Load] -> "Loading datasets from class Hernia"
DEBUG | 2026/06/01 14:57:13.831030 | [Dataset Load] -> "Loading datasets from class Infiltration"
DEBUG | 2026/06/01 14:57:13.837940 | [Dataset Load] -> "Loading datasets from class Mass"
DEBUG | 2026/06/01 14:57:13.843749 | [Dataset Load] -> "Loading datasets from class No Finding"
DEBUG | 2026/06/01 14:57:13.855392 | [Dataset Load] -> "Loading datasets from class Nodule"
DEBUG | 2026/06/01 14:57:13.859797 | [Dataset Load] -> "Loading datasets from class Pleural_Thickening"
DEBUG | 2026/06/01 14:57:13.862913 | [Dataset Load] -> "Loading datasets from class Pneumonia"
DEBUG | 2026/06/01 14:57:13.864498 | [Dataset Load] -> "Loading datasets from class Pneumothorax"
DEBUG | 2026/06/01 14:57:13.867063 | [Dataset Load] -> "Dynamically loaded 22921 datas"
DEBUG | 2026/06/01 15:00:38.113166 | [Dataset Load] -> "Loading datasets from data/train"
DEBUG | 2026/06/01 15:00:38.113967 | [Dataset Load] -> "Loading datasets from class Atelectasis"
DEBUG | 2026/06/01 15:00:38.127670 | [Dataset Load] -> "Loading datasets from class Cardiomegaly"
DEBUG | 2026/06/01 15:00:38.130194 | [Dataset Load] -> "Loading datasets from class Consolidation"
DEBUG | 2026/06/01 15:00:38.134280 | [Dataset Load] -> "Loading datasets from class Edema"
DEBUG | 2026/06/01 15:00:38.138654 | [Dataset Load] -> "Loading datasets from class Effusion"
DEBUG | 2026/06/01 15:00:38.145154 | [Dataset Load] -> "Loading datasets from class Emphysema"
DEBUG | 2026/06/01 15:00:38.147372 | [Dataset Load] -> "Loading datasets from class Fibrosis"
DEBUG | 2026/06/01 15:00:38.150270 | [Dataset Load] -> "Loading datasets from class Hernia"
DEBUG | 2026/06/01 15:00:38.150552 | [Dataset Load] -> "Loading datasets from class Infiltration"
DEBUG | 2026/06/01 15:00:38.157504 | [Dataset Load] -> "Loading datasets from class Mass"
DEBUG | 2026/06/01 15:00:38.163312 | [Dataset Load] -> "Loading datasets from class No Finding"
DEBUG | 2026/06/01 15:00:38.175015 | [Dataset Load] -> "Loading datasets from class Nodule"
DEBUG | 2026/06/01 15:00:38.179507 | [Dataset Load] -> "Loading datasets from class Pleural_Thickening"
DEBUG | 2026/06/01 15:00:38.182524 | [Dataset Load] -> "Loading datasets from class Pneumonia"
DEBUG | 2026/06/01 15:00:38.184227 | [Dataset Load] -> "Loading datasets from class Pneumothorax"
DEBUG | 2026/06/01 15:00:38.186835 | [Dataset Load] -> "Dynamically loaded 22921 datas"
DEBUG | 2026/06/01 15:00:38.288055 | [Dataset Load] -> "Loading datasets from data/train"
DEBUG | 2026/06/01 15:00:38.288347 | [Dataset Load] -> "Dynamically loaded 6877 datas"
DEBUG | 2026/06/01 15:08:05.150132 | [Dataset Load] -> "Loading datasets from data/train"
DEBUG | 2026/06/01 15:08:05.150363 | [Dataset Load] -> "Loading datasets from class Atelectasis"
DEBUG | 2026/06/01 15:08:05.152041 | [Dataset Load] -> "Loading datasets from class Cardiomegaly"
DEBUG | 2026/06/01 15:08:05.152628 | [Dataset Load] -> "Loading datasets from class Consolidation"
DEBUG | 2026/06/01 15:08:05.153451 | [Dataset Load] -> "Loading datasets from class Edema"
DEBUG | 2026/06/01 15:08:05.153952 | [Dataset Load] -> "Loading datasets from class Effusion"
DEBUG | 2026/06/01 15:08:05.154855 | [Dataset Load] -> "Loading datasets from class Emphysema"
DEBUG | 2026/06/01 15:08:05.155457 | [Dataset Load] -> "Loading datasets from class Fibrosis"
DEBUG | 2026/06/01 15:08:05.155779 | [Dataset Load] -> "Loading datasets from class Hernia"
DEBUG | 2026/06/01 15:08:05.155897 | [Dataset Load] -> "Loading datasets from class Infiltration"
DEBUG | 2026/06/01 15:08:05.158206 | [Dataset Load] -> "Loading datasets from class Mass"
DEBUG | 2026/06/01 15:08:05.159070 | [Dataset Load] -> "Loading datasets from class No Finding"
DEBUG | 2026/06/01 15:08:05.160717 | [Dataset Load] -> "Loading datasets from class Nodule"
DEBUG | 2026/06/01 15:08:05.161552 | [Dataset Load] -> "Loading datasets from class Pleural_Thickening"
DEBUG | 2026/06/01 15:08:05.161885 | [Dataset Load] -> "Loading datasets from class Pneumonia"
DEBUG | 2026/06/01 15:08:05.162018 | [Dataset Load] -> "Loading datasets from class Pneumothorax"
DEBUG | 2026/06/01 15:08:05.162715 | [Dataset Load] -> "Dynamically loaded 22921 datas"
DEBUG | 2026/06/01 15:18:55.985543 | [Dataset Load] -> "Loading datasets from data/train"
DEBUG | 2026/06/01 15:18:55.986079 | [Dataset Load] -> "Loading datasets from class Atelectasis"
DEBUG | 2026/06/01 15:18:55.998879 | [Dataset Load] -> "Loading datasets from class Cardiomegaly"
DEBUG | 2026/06/01 15:18:56.001397 | [Dataset Load] -> "Loading datasets from class Consolidation"
DEBUG | 2026/06/01 15:18:56.005358 | [Dataset Load] -> "Loading datasets from class Edema"
DEBUG | 2026/06/01 15:18:56.010502 | [Dataset Load] -> "Loading datasets from class Effusion"
DEBUG | 2026/06/01 15:18:56.016368 | [Dataset Load] -> "Loading datasets from class Emphysema"
DEBUG | 2026/06/01 15:18:56.018455 | [Dataset Load] -> "Loading datasets from class Fibrosis"
DEBUG | 2026/06/01 15:18:56.135568 | [Dataset Load] -> "Loading datasets from class Hernia"
DEBUG | 2026/06/01 15:18:56.136501 | [Dataset Load] -> "Loading datasets from class Infiltration"
DEBUG | 2026/06/01 15:18:56.143520 | [Dataset Load] -> "Loading datasets from class Mass"
DEBUG | 2026/06/01 15:18:56.149535 | [Dataset Load] -> "Loading datasets from class No Finding"
DEBUG | 2026/06/01 15:18:56.161388 | [Dataset Load] -> "Loading datasets from class Nodule"
DEBUG | 2026/06/01 15:18:56.165926 | [Dataset Load] -> "Loading datasets from class Pleural_Thickening"
DEBUG | 2026/06/01 15:18:56.168894 | [Dataset Load] -> "Loading datasets from class Pneumonia"
DEBUG | 2026/06/01 15:18:56.170392 | [Dataset Load] -> "Loading datasets from class Pneumothorax"
DEBUG | 2026/06/01 15:18:56.172936 | [Dataset Load] -> "Dynamically loaded 22921 datas"
DEBUG | 2026/06/01 15:29:11.473569 | [Dataset Load] -> "Loading datasets from data/train"
DEBUG | 2026/06/01 15:29:11.474102 | [Dataset Load] -> "Loading datasets from class Atelectasis"
DEBUG | 2026/06/01 15:29:11.486741 | [Dataset Load] -> "Loading datasets from class Cardiomegaly"
DEBUG | 2026/06/01 15:29:11.489289 | [Dataset Load] -> "Loading datasets from class Consolidation"
DEBUG | 2026/06/01 15:29:11.493365 | [Dataset Load] -> "Loading datasets from class Edema"
DEBUG | 2026/06/01 15:29:11.498635 | [Dataset Load] -> "Loading datasets from class Effusion"
DEBUG | 2026/06/01 15:29:11.504207 | [Dataset Load] -> "Loading datasets from class Emphysema"
DEBUG | 2026/06/01 15:29:11.506106 | [Dataset Load] -> "Loading datasets from class Fibrosis"
DEBUG | 2026/06/01 15:29:11.508382 | [Dataset Load] -> "Loading datasets from class Hernia"
DEBUG | 2026/06/01 15:29:11.508620 | [Dataset Load] -> "Loading datasets from class Infiltration"
DEBUG | 2026/06/01 15:29:11.515216 | [Dataset Load] -> "Loading datasets from class Mass"
DEBUG | 2026/06/01 15:29:11.520934 | [Dataset Load] -> "Loading datasets from class No Finding"
DEBUG | 2026/06/01 15:29:11.532281 | [Dataset Load] -> "Loading datasets from class Nodule"
DEBUG | 2026/06/01 15:29:11.536491 | [Dataset Load] -> "Loading datasets from class Pleural_Thickening"
DEBUG | 2026/06/01 15:29:11.539468 | [Dataset Load] -> "Loading datasets from class Pneumonia"
DEBUG | 2026/06/01 15:29:11.540995 | [Dataset Load] -> "Loading datasets from class Pneumothorax"
DEBUG | 2026/06/01 15:29:11.543552 | [Dataset Load] -> "Dynamically loaded 22921 datas"
DEBUG | 2026/06/01 15:39:25.933342 | [Dataset Load] -> "Loading datasets from data/train"
DEBUG | 2026/06/01 15:39:25.933940 | [Dataset Load] -> "Loading datasets from class Atelectasis"
DEBUG | 2026/06/01 15:39:25.946958 | [Dataset Load] -> "Loading datasets from class Cardiomegaly"
DEBUG | 2026/06/01 15:39:25.949581 | [Dataset Load] -> "Loading datasets from class Consolidation"
DEBUG | 2026/06/01 15:39:25.953476 | [Dataset Load] -> "Loading datasets from class Edema"
DEBUG | 2026/06/01 15:39:25.958748 | [Dataset Load] -> "Loading datasets from class Effusion"
DEBUG | 2026/06/01 15:39:25.965241 | [Dataset Load] -> "Loading datasets from class Emphysema"
DEBUG | 2026/06/01 15:39:25.967176 | [Dataset Load] -> "Loading datasets from class Fibrosis"
DEBUG | 2026/06/01 15:39:25.969622 | [Dataset Load] -> "Loading datasets from class Hernia"
DEBUG | 2026/06/01 15:39:25.969896 | [Dataset Load] -> "Loading datasets from class Infiltration"
DEBUG | 2026/06/01 15:39:25.976375 | [Dataset Load] -> "Loading datasets from class Mass"
DEBUG | 2026/06/01 15:39:25.982171 | [Dataset Load] -> "Loading datasets from class No Finding"
DEBUG | 2026/06/01 15:39:25.993689 | [Dataset Load] -> "Loading datasets from class Nodule"
DEBUG | 2026/06/01 15:39:25.998218 | [Dataset Load] -> "Loading datasets from class Pleural_Thickening"
DEBUG | 2026/06/01 15:39:26.001150 | [Dataset Load] -> "Loading datasets from class Pneumonia"
DEBUG | 2026/06/01 15:39:26.002672 | [Dataset Load] -> "Loading datasets from class Pneumothorax"
DEBUG | 2026/06/01 15:39:26.005247 | [Dataset Load] -> "Dynamically loaded 22921 datas"
DEBUG | 2026/06/01 15:49:42.052629 | [Dataset Load] -> "Loading datasets from data/train"
DEBUG | 2026/06/01 15:49:42.053117 | [Dataset Load] -> "Loading datasets from class Atelectasis"
DEBUG | 2026/06/01 15:49:42.065898 | [Dataset Load] -> "Loading datasets from class Cardiomegaly"
DEBUG | 2026/06/01 15:49:42.068506 | [Dataset Load] -> "Loading datasets from class Consolidation"
DEBUG | 2026/06/01 15:49:42.072409 | [Dataset Load] -> "Loading datasets from class Edema"
DEBUG | 2026/06/01 15:49:42.077528 | [Dataset Load] -> "Loading datasets from class Effusion"
DEBUG | 2026/06/01 15:49:42.083115 | [Dataset Load] -> "Loading datasets from class Emphysema"
DEBUG | 2026/06/01 15:49:42.085087 | [Dataset Load] -> "Loading datasets from class Fibrosis"
DEBUG | 2026/06/01 15:49:42.087519 | [Dataset Load] -> "Loading datasets from class Hernia"
DEBUG | 2026/06/01 15:49:42.087765 | [Dataset Load] -> "Loading datasets from class Infiltration"
DEBUG | 2026/06/01 15:49:42.094174 | [Dataset Load] -> "Loading datasets from class Mass"
DEBUG | 2026/06/01 15:49:42.099995 | [Dataset Load] -> "Loading datasets from class No Finding"
DEBUG | 2026/06/01 15:49:42.111688 | [Dataset Load] -> "Loading datasets from class Nodule"
DEBUG | 2026/06/01 15:49:42.253069 | [Dataset Load] -> "Loading datasets from class Pleural_Thickening"
DEBUG | 2026/06/01 15:49:42.256623 | [Dataset Load] -> "Loading datasets from class Pneumonia"
DEBUG | 2026/06/01 15:49:42.258187 | [Dataset Load] -> "Loading datasets from class Pneumothorax"
DEBUG | 2026/06/01 15:49:42.260766 | [Dataset Load] -> "Dynamically loaded 22921 datas"
DEBUG | 2026/06/01 15:59:58.193709 | [Dataset Load] -> "Loading datasets from data/train"
DEBUG | 2026/06/01 15:59:58.194295 | [Dataset Load] -> "Loading datasets from class Atelectasis"
DEBUG | 2026/06/01 15:59:58.207064 | [Dataset Load] -> "Loading datasets from class Cardiomegaly"
DEBUG | 2026/06/01 15:59:58.209522 | [Dataset Load] -> "Loading datasets from class Consolidation"
DEBUG | 2026/06/01 15:59:58.213582 | [Dataset Load] -> "Loading datasets from class Edema"
DEBUG | 2026/06/01 15:59:58.218927 | [Dataset Load] -> "Loading datasets from class Effusion"
DEBUG | 2026/06/01 15:59:58.224386 | [Dataset Load] -> "Loading datasets from class Emphysema"
DEBUG | 2026/06/01 15:59:58.226286 | [Dataset Load] -> "Loading datasets from class Fibrosis"
DEBUG | 2026/06/01 15:59:58.228595 | [Dataset Load] -> "Loading datasets from class Hernia"
DEBUG | 2026/06/01 15:59:58.228831 | [Dataset Load] -> "Loading datasets from class Infiltration"
DEBUG | 2026/06/01 15:59:58.235333 | [Dataset Load] -> "Loading datasets from class Mass"
DEBUG | 2026/06/01 15:59:58.241479 | [Dataset Load] -> "Loading datasets from class No Finding"
DEBUG | 2026/06/01 15:59:58.253100 | [Dataset Load] -> "Loading datasets from class Nodule"
DEBUG | 2026/06/01 15:59:58.257539 | [Dataset Load] -> "Loading datasets from class Pleural_Thickening"
DEBUG | 2026/06/01 15:59:58.260543 | [Dataset Load] -> "Loading datasets from class Pneumonia"
DEBUG | 2026/06/01 15:59:58.262119 | [Dataset Load] -> "Loading datasets from class Pneumothorax"
DEBUG | 2026/06/01 15:59:58.264786 | [Dataset Load] -> "Dynamically loaded 22921 datas"
DEBUG | 2026/06/01 16:00:51.243264 | [Test Dataset Load] -> "Loading datasets from data/test"
DEBUG | 2026/06/01 16:00:51.274598 | [Test Dataset Load] -> "Dynamically loaded 5000 datas"
DEBUG | 2026/06/01 16:00:51.275896 | [Dataset Load] -> "Loading datasets from data/train"
DEBUG | 2026/06/01 16:00:51.276101 | [Dataset Load] -> "Loading datasets from class Atelectasis"
DEBUG | 2026/06/01 16:00:51.289407 | [Dataset Load] -> "Loading datasets from class Cardiomegaly"
DEBUG | 2026/06/01 16:00:51.292510 | [Dataset Load] -> "Loading datasets from class Consolidation"
DEBUG | 2026/06/01 16:00:51.296663 | [Dataset Load] -> "Loading datasets from class Edema"
DEBUG | 2026/06/01 16:00:51.302397 | [Dataset Load] -> "Loading datasets from class Effusion"
DEBUG | 2026/06/01 16:00:51.308511 | [Dataset Load] -> "Loading datasets from class Emphysema"
DEBUG | 2026/06/01 16:00:51.310625 | [Dataset Load] -> "Loading datasets from class Fibrosis"
DEBUG | 2026/06/01 16:00:51.313043 | [Dataset Load] -> "Loading datasets from class Hernia"
DEBUG | 2026/06/01 16:00:51.313289 | [Dataset Load] -> "Loading datasets from class Infiltration"
DEBUG | 2026/06/01 16:00:51.320364 | [Dataset Load] -> "Loading datasets from class Mass"
DEBUG | 2026/06/01 16:00:51.326227 | [Dataset Load] -> "Loading datasets from class No Finding"
DEBUG | 2026/06/01 16:00:51.338175 | [Dataset Load] -> "Loading datasets from class Nodule"
DEBUG | 2026/06/01 16:00:51.342771 | [Dataset Load] -> "Loading datasets from class Pleural_Thickening"
DEBUG | 2026/06/01 16:00:51.346038 | [Dataset Load] -> "Loading datasets from class Pneumonia"
DEBUG | 2026/06/01 16:00:51.347773 | [Dataset Load] -> "Loading datasets from class Pneumothorax"
DEBUG | 2026/06/01 16:00:51.350459 | [Dataset Load] -> "Dynamically loaded 22921 datas"
DEBUG | 2026/06/01 16:00:51.358559 | [Dataset Load] -> "Loading datasets from data/train"
DEBUG | 2026/06/01 16:00:51.358627 | [Dataset Load] -> "Dynamically loaded 16044 datas"
DEBUG | 2026/06/01 16:00:51.358668 | [Dataset Load] -> "Loading datasets from data/train"
DEBUG | 2026/06/01 16:00:51.358716 | [Dataset Load] -> "Dynamically loaded 6877 datas"
DEBUG | 2026/06/01 16:09:52.197540 | [Dataset Load] -> "Loading datasets from data/train"
DEBUG | 2026/06/01 16:09:52.198647 | [Dataset Load] -> "Loading datasets from class Atelectasis"
DEBUG | 2026/06/01 16:09:52.211104 | [Dataset Load] -> "Loading datasets from class Cardiomegaly"
DEBUG | 2026/06/01 16:09:52.213594 | [Dataset Load] -> "Loading datasets from class Consolidation"
DEBUG | 2026/06/01 16:09:52.217537 | [Dataset Load] -> "Loading datasets from class Edema"
DEBUG | 2026/06/01 16:09:52.222920 | [Dataset Load] -> "Loading datasets from class Effusion"
DEBUG | 2026/06/01 16:09:52.228626 | [Dataset Load] -> "Loading datasets from class Emphysema"
DEBUG | 2026/06/01 16:09:52.230583 | [Dataset Load] -> "Loading datasets from class Fibrosis"
DEBUG | 2026/06/01 16:09:52.232900 | [Dataset Load] -> "Loading datasets from class Hernia"
DEBUG | 2026/06/01 16:09:52.233154 | [Dataset Load] -> "Loading datasets from class Infiltration"
DEBUG | 2026/06/01 16:09:52.239552 | [Dataset Load] -> "Loading datasets from class Mass"
DEBUG | 2026/06/01 16:09:52.245343 | [Dataset Load] -> "Loading datasets from class No Finding"
DEBUG | 2026/06/01 16:09:52.256840 | [Dataset Load] -> "Loading datasets from class Nodule"
DEBUG | 2026/06/01 16:09:52.261149 | [Dataset Load] -> "Loading datasets from class Pleural_Thickening"
DEBUG | 2026/06/01 16:09:52.263925 | [Dataset Load] -> "Loading datasets from class Pneumonia"
DEBUG | 2026/06/01 16:09:52.264340 | [Dataset Load] -> "Loading datasets from class Pneumothorax"
DEBUG | 2026/06/01 16:09:52.266822 | [Dataset Load] -> "Dynamically loaded 22921 datas"
DEBUG | 2026/06/01 16:20:07.925937 | [Dataset Load] -> "Loading datasets from data/train"
DEBUG | 2026/06/01 16:20:07.926558 | [Dataset Load] -> "Loading datasets from class Atelectasis"
DEBUG | 2026/06/01 16:20:07.939589 | [Dataset Load] -> "Loading datasets from class Cardiomegaly"
DEBUG | 2026/06/01 16:20:07.942037 | [Dataset Load] -> "Loading datasets from class Consolidation"
DEBUG | 2026/06/01 16:20:07.945879 | [Dataset Load] -> "Loading datasets from class Edema"
DEBUG | 2026/06/01 16:20:07.950987 | [Dataset Load] -> "Loading datasets from class Effusion"
DEBUG | 2026/06/01 16:20:07.956678 | [Dataset Load] -> "Loading datasets from class Emphysema"
DEBUG | 2026/06/01 16:20:07.958631 | [Dataset Load] -> "Loading datasets from class Fibrosis"
DEBUG | 2026/06/01 16:20:07.960939 | [Dataset Load] -> "Loading datasets from class Hernia"
DEBUG | 2026/06/01 16:20:07.961173 | [Dataset Load] -> "Loading datasets from class Infiltration"
DEBUG | 2026/06/01 16:20:07.967715 | [Dataset Load] -> "Loading datasets from class Mass"
DEBUG | 2026/06/01 16:20:07.973504 | [Dataset Load] -> "Loading datasets from class No Finding"
DEBUG | 2026/06/01 16:20:07.984760 | [Dataset Load] -> "Loading datasets from class Nodule"
DEBUG | 2026/06/01 16:20:07.989261 | [Dataset Load] -> "Loading datasets from class Pleural_Thickening"
DEBUG | 2026/06/01 16:20:07.992149 | [Dataset Load] -> "Loading datasets from class Pneumonia"
DEBUG | 2026/06/01 16:20:07.993701 | [Dataset Load] -> "Loading datasets from class Pneumothorax"
DEBUG | 2026/06/01 16:20:07.996274 | [Dataset Load] -> "Dynamically loaded 22921 datas"
DEBUG | 2026/06/01 16:30:20.988108 | [Dataset Load] -> "Loading datasets from data/train"
DEBUG | 2026/06/01 16:30:20.988588 | [Dataset Load] -> "Loading datasets from class Atelectasis"
DEBUG | 2026/06/01 16:30:21.001421 | [Dataset Load] -> "Loading datasets from class Cardiomegaly"
DEBUG | 2026/06/01 16:30:21.003981 | [Dataset Load] -> "Loading datasets from class Consolidation"
DEBUG | 2026/06/01 16:30:21.007953 | [Dataset Load] -> "Loading datasets from class Edema"
DEBUG | 2026/06/01 16:30:21.012977 | [Dataset Load] -> "Loading datasets from class Effusion"
DEBUG | 2026/06/01 16:30:21.018614 | [Dataset Load] -> "Loading datasets from class Emphysema"
DEBUG | 2026/06/01 16:30:21.020570 | [Dataset Load] -> "Loading datasets from class Fibrosis"
DEBUG | 2026/06/01 16:30:21.022904 | [Dataset Load] -> "Loading datasets from class Hernia"
DEBUG | 2026/06/01 16:30:21.023180 | [Dataset Load] -> "Loading datasets from class Infiltration"
DEBUG | 2026/06/01 16:30:21.029736 | [Dataset Load] -> "Loading datasets from class Mass"
DEBUG | 2026/06/01 16:30:21.035454 | [Dataset Load] -> "Loading datasets from class No Finding"
DEBUG | 2026/06/01 16:30:21.046913 | [Dataset Load] -> "Loading datasets from class Nodule"
DEBUG | 2026/06/01 16:30:21.051240 | [Dataset Load] -> "Loading datasets from class Pleural_Thickening"
DEBUG | 2026/06/01 16:30:21.054117 | [Dataset Load] -> "Loading datasets from class Pneumonia"
DEBUG | 2026/06/01 16:30:21.055663 | [Dataset Load] -> "Loading datasets from class Pneumothorax"
DEBUG | 2026/06/01 16:30:21.058244 | [Dataset Load] -> "Dynamically loaded 22921 datas"
DEBUG | 2026/06/01 16:40:35.099185 | [Dataset Load] -> "Loading datasets from data/train"
DEBUG | 2026/06/01 16:40:35.099798 | [Dataset Load] -> "Loading datasets from class Atelectasis"
DEBUG | 2026/06/01 16:40:35.112663 | [Dataset Load] -> "Loading datasets from class Cardiomegaly"
DEBUG | 2026/06/01 16:40:35.115403 | [Dataset Load] -> "Loading datasets from class Consolidation"
DEBUG | 2026/06/01 16:40:35.119430 | [Dataset Load] -> "Loading datasets from class Edema"
DEBUG | 2026/06/01 16:40:35.124658 | [Dataset Load] -> "Loading datasets from class Effusion"
DEBUG | 2026/06/01 16:40:35.130366 | [Dataset Load] -> "Loading datasets from class Emphysema"
DEBUG | 2026/06/01 16:40:35.132304 | [Dataset Load] -> "Loading datasets from class Fibrosis"
DEBUG | 2026/06/01 16:40:35.134627 | [Dataset Load] -> "Loading datasets from class Hernia"
DEBUG | 2026/06/01 16:40:35.134866 | [Dataset Load] -> "Loading datasets from class Infiltration"
DEBUG | 2026/06/01 16:40:35.141566 | [Dataset Load] -> "Loading datasets from class Mass"
DEBUG | 2026/06/01 16:40:35.147361 | [Dataset Load] -> "Loading datasets from class No Finding"
DEBUG | 2026/06/01 16:40:35.158688 | [Dataset Load] -> "Loading datasets from class Nodule"
DEBUG | 2026/06/01 16:40:35.163033 | [Dataset Load] -> "Loading datasets from class Pleural_Thickening"
DEBUG | 2026/06/01 16:40:35.166038 | [Dataset Load] -> "Loading datasets from class Pneumonia"
DEBUG | 2026/06/01 16:40:35.167600 | [Dataset Load] -> "Loading datasets from class Pneumothorax"
DEBUG | 2026/06/01 16:40:35.170072 | [Dataset Load] -> "Dynamically loaded 22921 datas"
DEBUG | 2026/06/01 16:50:53.590501 | [Dataset Load] -> "Loading datasets from data/train"
DEBUG | 2026/06/01 16:50:53.591097 | [Dataset Load] -> "Loading datasets from class Atelectasis"
DEBUG | 2026/06/01 16:50:53.603858 | [Dataset Load] -> "Loading datasets from class Cardiomegaly"
DEBUG | 2026/06/01 16:50:53.606357 | [Dataset Load] -> "Loading datasets from class Consolidation"
DEBUG | 2026/06/01 16:50:53.610477 | [Dataset Load] -> "Loading datasets from class Edema"
DEBUG | 2026/06/01 16:50:53.726164 | [Dataset Load] -> "Loading datasets from class Effusion"
DEBUG | 2026/06/01 16:50:53.732406 | [Dataset Load] -> "Loading datasets from class Emphysema"
DEBUG | 2026/06/01 16:50:53.734458 | [Dataset Load] -> "Loading datasets from class Fibrosis"
DEBUG | 2026/06/01 16:50:53.736817 | [Dataset Load] -> "Loading datasets from class Hernia"
DEBUG | 2026/06/01 16:50:53.737062 | [Dataset Load] -> "Loading datasets from class Infiltration"
DEBUG | 2026/06/01 16:50:53.743553 | [Dataset Load] -> "Loading datasets from class Mass"
DEBUG | 2026/06/01 16:50:53.749588 | [Dataset Load] -> "Loading datasets from class No Finding"
DEBUG | 2026/06/01 16:50:53.760936 | [Dataset Load] -> "Loading datasets from class Nodule"
DEBUG | 2026/06/01 16:50:53.765263 | [Dataset Load] -> "Loading datasets from class Pleural_Thickening"
DEBUG | 2026/06/01 16:50:53.768028 | [Dataset Load] -> "Loading datasets from class Pneumonia"
DEBUG | 2026/06/01 16:50:53.769481 | [Dataset Load] -> "Loading datasets from class Pneumothorax"
DEBUG | 2026/06/01 16:50:53.772019 | [Dataset Load] -> "Dynamically loaded 22921 datas"
DEBUG | 2026/06/01 17:01:09.260510 | [Dataset Load] -> "Loading datasets from data/train"
DEBUG | 2026/06/01 17:01:09.261117 | [Dataset Load] -> "Loading datasets from class Atelectasis"
DEBUG | 2026/06/01 17:01:09.274233 | [Dataset Load] -> "Loading datasets from class Cardiomegaly"
DEBUG | 2026/06/01 17:01:09.276672 | [Dataset Load] -> "Loading datasets from class Consolidation"
DEBUG | 2026/06/01 17:01:09.280601 | [Dataset Load] -> "Loading datasets from class Edema"
DEBUG | 2026/06/01 17:01:09.285768 | [Dataset Load] -> "Loading datasets from class Effusion"
DEBUG | 2026/06/01 17:01:09.291373 | [Dataset Load] -> "Loading datasets from class Emphysema"
DEBUG | 2026/06/01 17:01:09.293477 | [Dataset Load] -> "Loading datasets from class Fibrosis"
DEBUG | 2026/06/01 17:01:09.295836 | [Dataset Load] -> "Loading datasets from class Hernia"
DEBUG | 2026/06/01 17:01:09.296088 | [Dataset Load] -> "Loading datasets from class Infiltration"
DEBUG | 2026/06/01 17:01:09.302495 | [Dataset Load] -> "Loading datasets from class Mass"
DEBUG | 2026/06/01 17:01:09.308306 | [Dataset Load] -> "Loading datasets from class No Finding"
DEBUG | 2026/06/01 17:01:09.319636 | [Dataset Load] -> "Loading datasets from class Nodule"
DEBUG | 2026/06/01 17:01:09.323910 | [Dataset Load] -> "Loading datasets from class Pleural_Thickening"
DEBUG | 2026/06/01 17:01:09.326750 | [Dataset Load] -> "Loading datasets from class Pneumonia"
DEBUG | 2026/06/01 17:01:09.328217 | [Dataset Load] -> "Loading datasets from class Pneumothorax"
DEBUG | 2026/06/01 17:01:09.330786 | [Dataset Load] -> "Dynamically loaded 22921 datas"
DEBUG | 2026/06/01 17:11:25.767402 | [Dataset Load] -> "Loading datasets from data/train"
DEBUG | 2026/06/01 17:11:25.768098 | [Dataset Load] -> "Loading datasets from class Atelectasis"
DEBUG | 2026/06/01 17:11:25.780913 | [Dataset Load] -> "Loading datasets from class Cardiomegaly"
DEBUG | 2026/06/01 17:11:25.783425 | [Dataset Load] -> "Loading datasets from class Consolidation"
DEBUG | 2026/06/01 17:11:25.787407 | [Dataset Load] -> "Loading datasets from class Edema"
DEBUG | 2026/06/01 17:11:25.792800 | [Dataset Load] -> "Loading datasets from class Effusion"
DEBUG | 2026/06/01 17:11:25.798519 | [Dataset Load] -> "Loading datasets from class Emphysema"
DEBUG | 2026/06/01 17:11:25.800477 | [Dataset Load] -> "Loading datasets from class Fibrosis"
DEBUG | 2026/06/01 17:11:25.802834 | [Dataset Load] -> "Loading datasets from class Hernia"
DEBUG | 2026/06/01 17:11:25.803119 | [Dataset Load] -> "Loading datasets from class Infiltration"
DEBUG | 2026/06/01 17:11:25.809778 | [Dataset Load] -> "Loading datasets from class Mass"
DEBUG | 2026/06/01 17:11:25.815746 | [Dataset Load] -> "Loading datasets from class No Finding"
DEBUG | 2026/06/01 17:11:25.827120 | [Dataset Load] -> "Loading datasets from class Nodule"
DEBUG | 2026/06/01 17:11:25.831495 | [Dataset Load] -> "Loading datasets from class Pleural_Thickening"
DEBUG | 2026/06/01 17:11:25.834532 | [Dataset Load] -> "Loading datasets from class Pneumonia"
DEBUG | 2026/06/01 17:11:25.836034 | [Dataset Load] -> "Loading datasets from class Pneumothorax"
DEBUG | 2026/06/01 17:11:25.838734 | [Dataset Load] -> "Dynamically loaded 22921 datas"
DEBUG | 2026/06/01 17:21:41.224933 | [Dataset Load] -> "Loading datasets from data/train"
DEBUG | 2026/06/01 17:21:41.225460 | [Dataset Load] -> "Loading datasets from class Atelectasis"
DEBUG | 2026/06/01 17:21:41.238785 | [Dataset Load] -> "Loading datasets from class Cardiomegaly"
DEBUG | 2026/06/01 17:21:41.241168 | [Dataset Load] -> "Loading datasets from class Consolidation"
DEBUG | 2026/06/01 17:21:41.245030 | [Dataset Load] -> "Loading datasets from class Edema"
DEBUG | 2026/06/01 17:21:41.250270 | [Dataset Load] -> "Loading datasets from class Effusion"
DEBUG | 2026/06/01 17:21:41.255914 | [Dataset Load] -> "Loading datasets from class Emphysema"
DEBUG | 2026/06/01 17:21:41.257839 | [Dataset Load] -> "Loading datasets from class Fibrosis"
DEBUG | 2026/06/01 17:21:41.260181 | [Dataset Load] -> "Loading datasets from class Hernia"
DEBUG | 2026/06/01 17:21:41.260418 | [Dataset Load] -> "Loading datasets from class Infiltration"
DEBUG | 2026/06/01 17:21:41.266942 | [Dataset Load] -> "Loading datasets from class Mass"
DEBUG | 2026/06/01 17:21:41.272979 | [Dataset Load] -> "Loading datasets from class No Finding"
DEBUG | 2026/06/01 17:21:41.284818 | [Dataset Load] -> "Loading datasets from class Nodule"
DEBUG | 2026/06/01 17:21:41.289191 | [Dataset Load] -> "Loading datasets from class Pleural_Thickening"
DEBUG | 2026/06/01 17:21:41.292778 | [Dataset Load] -> "Loading datasets from class Pneumonia"
DEBUG | 2026/06/01 17:21:41.294274 | [Dataset Load] -> "Loading datasets from class Pneumothorax"
DEBUG | 2026/06/01 17:21:41.296847 | [Dataset Load] -> "Dynamically loaded 22921 datas"
DEBUG | 2026/06/01 17:31:57.659164 | [Dataset Load] -> "Loading datasets from data/train"
DEBUG | 2026/06/01 17:31:57.659722 | [Dataset Load] -> "Loading datasets from class Atelectasis"
DEBUG | 2026/06/01 17:31:57.672288 | [Dataset Load] -> "Loading datasets from class Cardiomegaly"
DEBUG | 2026/06/01 17:31:57.674783 | [Dataset Load] -> "Loading datasets from class Consolidation"
DEBUG | 2026/06/01 17:31:57.678627 | [Dataset Load] -> "Loading datasets from class Edema"
DEBUG | 2026/06/01 17:31:57.683852 | [Dataset Load] -> "Loading datasets from class Effusion"
DEBUG | 2026/06/01 17:31:57.689525 | [Dataset Load] -> "Loading datasets from class Emphysema"
DEBUG | 2026/06/01 17:31:57.691521 | [Dataset Load] -> "Loading datasets from class Fibrosis"
DEBUG | 2026/06/01 17:31:57.693884 | [Dataset Load] -> "Loading datasets from class Hernia"
DEBUG | 2026/06/01 17:31:57.694128 | [Dataset Load] -> "Loading datasets from class Infiltration"
DEBUG | 2026/06/01 17:31:57.700713 | [Dataset Load] -> "Loading datasets from class Mass"
DEBUG | 2026/06/01 17:31:57.706489 | [Dataset Load] -> "Loading datasets from class No Finding"
DEBUG | 2026/06/01 17:31:57.717700 | [Dataset Load] -> "Loading datasets from class Nodule"
DEBUG | 2026/06/01 17:31:57.722138 | [Dataset Load] -> "Loading datasets from class Pleural_Thickening"
DEBUG | 2026/06/01 17:31:57.725143 | [Dataset Load] -> "Loading datasets from class Pneumonia"
DEBUG | 2026/06/01 17:31:57.726697 | [Dataset Load] -> "Loading datasets from class Pneumothorax"
DEBUG | 2026/06/01 17:31:57.729227 | [Dataset Load] -> "Dynamically loaded 22921 datas"
DEBUG | 2026/06/01 17:42:12.125030 | [Dataset Load] -> "Loading datasets from data/train"
DEBUG | 2026/06/01 17:42:12.125644 | [Dataset Load] -> "Loading datasets from class Atelectasis"
DEBUG | 2026/06/01 17:42:12.138310 | [Dataset Load] -> "Loading datasets from class Cardiomegaly"
DEBUG | 2026/06/01 17:42:12.140844 | [Dataset Load] -> "Loading datasets from class Consolidation"
DEBUG | 2026/06/01 17:42:12.144774 | [Dataset Load] -> "Loading datasets from class Edema"
DEBUG | 2026/06/01 17:42:12.149961 | [Dataset Load] -> "Loading datasets from class Effusion"
DEBUG | 2026/06/01 17:42:12.155760 | [Dataset Load] -> "Loading datasets from class Emphysema"
DEBUG | 2026/06/01 17:42:12.157736 | [Dataset Load] -> "Loading datasets from class Fibrosis"
DEBUG | 2026/06/01 17:42:12.160062 | [Dataset Load] -> "Loading datasets from class Hernia"
DEBUG | 2026/06/01 17:42:12.160306 | [Dataset Load] -> "Loading datasets from class Infiltration"
DEBUG | 2026/06/01 17:42:12.166800 | [Dataset Load] -> "Loading datasets from class Mass"
DEBUG | 2026/06/01 17:42:12.172559 | [Dataset Load] -> "Loading datasets from class No Finding"
DEBUG | 2026/06/01 17:42:12.184020 | [Dataset Load] -> "Loading datasets from class Nodule"
DEBUG | 2026/06/01 17:42:12.188360 | [Dataset Load] -> "Loading datasets from class Pleural_Thickening"
DEBUG | 2026/06/01 17:42:12.191206 | [Dataset Load] -> "Loading datasets from class Pneumonia"
DEBUG | 2026/06/01 17:42:12.192708 | [Dataset Load] -> "Loading datasets from class Pneumothorax"
DEBUG | 2026/06/01 17:42:12.195165 | [Dataset Load] -> "Dynamically loaded 22921 datas"
DEBUG | 2026/06/01 17:52:27.327726 | [Dataset Load] -> "Loading datasets from data/train"
DEBUG | 2026/06/01 17:52:27.328389 | [Dataset Load] -> "Loading datasets from class Atelectasis"
DEBUG | 2026/06/01 17:52:27.340892 | [Dataset Load] -> "Loading datasets from class Cardiomegaly"
DEBUG | 2026/06/01 17:52:27.343380 | [Dataset Load] -> "Loading datasets from class Consolidation"
DEBUG | 2026/06/01 17:52:27.347323 | [Dataset Load] -> "Loading datasets from class Edema"
DEBUG | 2026/06/01 17:52:27.352529 | [Dataset Load] -> "Loading datasets from class Effusion"
DEBUG | 2026/06/01 17:52:27.358252 | [Dataset Load] -> "Loading datasets from class Emphysema"
DEBUG | 2026/06/01 17:52:27.360210 | [Dataset Load] -> "Loading datasets from class Fibrosis"
DEBUG | 2026/06/01 17:52:27.362526 | [Dataset Load] -> "Loading datasets from class Hernia"
DEBUG | 2026/06/01 17:52:27.362779 | [Dataset Load] -> "Loading datasets from class Infiltration"
DEBUG | 2026/06/01 17:52:27.369226 | [Dataset Load] -> "Loading datasets from class Mass"
DEBUG | 2026/06/01 17:52:27.375028 | [Dataset Load] -> "Loading datasets from class No Finding"
DEBUG | 2026/06/01 17:52:27.386618 | [Dataset Load] -> "Loading datasets from class Nodule"
DEBUG | 2026/06/01 17:52:27.391024 | [Dataset Load] -> "Loading datasets from class Pleural_Thickening"
DEBUG | 2026/06/01 17:52:27.393855 | [Dataset Load] -> "Loading datasets from class Pneumonia"
DEBUG | 2026/06/01 17:52:27.395361 | [Dataset Load] -> "Loading datasets from class Pneumothorax"
DEBUG | 2026/06/01 17:52:27.397956 | [Dataset Load] -> "Dynamically loaded 22921 datas"
DEBUG | 2026/06/01 18:02:42.315925 | [Dataset Load] -> "Loading datasets from data/train"
DEBUG | 2026/06/01 18:02:42.317392 | [Dataset Load] -> "Loading datasets from class Atelectasis"
DEBUG | 2026/06/01 18:02:42.330151 | [Dataset Load] -> "Loading datasets from class Cardiomegaly"
DEBUG | 2026/06/01 18:02:42.332757 | [Dataset Load] -> "Loading datasets from class Consolidation"
DEBUG | 2026/06/01 18:02:42.336673 | [Dataset Load] -> "Loading datasets from class Edema"
DEBUG | 2026/06/01 18:02:42.341759 | [Dataset Load] -> "Loading datasets from class Effusion"
DEBUG | 2026/06/01 18:02:42.347381 | [Dataset Load] -> "Loading datasets from class Emphysema"
DEBUG | 2026/06/01 18:02:42.349303 | [Dataset Load] -> "Loading datasets from class Fibrosis"
DEBUG | 2026/06/01 18:02:42.351620 | [Dataset Load] -> "Loading datasets from class Hernia"
DEBUG | 2026/06/01 18:02:42.351869 | [Dataset Load] -> "Loading datasets from class Infiltration"
DEBUG | 2026/06/01 18:02:42.358390 | [Dataset Load] -> "Loading datasets from class Mass"
DEBUG | 2026/06/01 18:02:42.364117 | [Dataset Load] -> "Loading datasets from class No Finding"
DEBUG | 2026/06/01 18:02:42.375467 | [Dataset Load] -> "Loading datasets from class Nodule"
DEBUG | 2026/06/01 18:02:42.379896 | [Dataset Load] -> "Loading datasets from class Pleural_Thickening"
DEBUG | 2026/06/01 18:02:42.382982 | [Dataset Load] -> "Loading datasets from class Pneumonia"
DEBUG | 2026/06/01 18:02:42.384520 | [Dataset Load] -> "Loading datasets from class Pneumothorax"
DEBUG | 2026/06/01 18:02:42.387004 | [Dataset Load] -> "Dynamically loaded 22921 datas"
DEBUG | 2026/06/01 18:12:58.008800 | [Dataset Load] -> "Loading datasets from data/train"
DEBUG | 2026/06/01 18:12:58.009899 | [Dataset Load] -> "Loading datasets from class Atelectasis"
DEBUG | 2026/06/01 18:12:58.022764 | [Dataset Load] -> "Loading datasets from class Cardiomegaly"
DEBUG | 2026/06/01 18:12:58.025275 | [Dataset Load] -> "Loading datasets from class Consolidation"
DEBUG | 2026/06/01 18:12:58.029115 | [Dataset Load] -> "Loading datasets from class Edema"
DEBUG | 2026/06/01 18:12:58.034255 | [Dataset Load] -> "Loading datasets from class Effusion"
DEBUG | 2026/06/01 18:12:58.039787 | [Dataset Load] -> "Loading datasets from class Emphysema"
DEBUG | 2026/06/01 18:12:58.041853 | [Dataset Load] -> "Loading datasets from class Fibrosis"
DEBUG | 2026/06/01 18:12:58.044191 | [Dataset Load] -> "Loading datasets from class Hernia"
DEBUG | 2026/06/01 18:12:58.044432 | [Dataset Load] -> "Loading datasets from class Infiltration"
DEBUG | 2026/06/01 18:12:58.050993 | [Dataset Load] -> "Loading datasets from class Mass"
DEBUG | 2026/06/01 18:12:58.056924 | [Dataset Load] -> "Loading datasets from class No Finding"
DEBUG | 2026/06/01 18:12:58.068499 | [Dataset Load] -> "Loading datasets from class Nodule"
DEBUG | 2026/06/01 18:12:58.072860 | [Dataset Load] -> "Loading datasets from class Pleural_Thickening"
DEBUG | 2026/06/01 18:12:58.075746 | [Dataset Load] -> "Loading datasets from class Pneumonia"
DEBUG | 2026/06/01 18:12:58.077245 | [Dataset Load] -> "Loading datasets from class Pneumothorax"
DEBUG | 2026/06/01 18:12:58.079843 | [Dataset Load] -> "Dynamically loaded 22921 datas"
DEBUG | 2026/06/01 18:23:14.479004 | [Dataset Load] -> "Loading datasets from data/train"
DEBUG | 2026/06/01 18:23:14.480072 | [Dataset Load] -> "Loading datasets from class Atelectasis"
DEBUG | 2026/06/01 18:23:14.494740 | [Dataset Load] -> "Loading datasets from class Cardiomegaly"
DEBUG | 2026/06/01 18:23:14.497267 | [Dataset Load] -> "Loading datasets from class Consolidation"
DEBUG | 2026/06/01 18:23:14.501232 | [Dataset Load] -> "Loading datasets from class Edema"
DEBUG | 2026/06/01 18:23:14.506742 | [Dataset Load] -> "Loading datasets from class Effusion"
DEBUG | 2026/06/01 18:23:14.512563 | [Dataset Load] -> "Loading datasets from class Emphysema"
DEBUG | 2026/06/01 18:23:14.514661 | [Dataset Load] -> "Loading datasets from class Fibrosis"
DEBUG | 2026/06/01 18:23:14.516978 | [Dataset Load] -> "Loading datasets from class Hernia"
DEBUG | 2026/06/01 18:23:14.517323 | [Dataset Load] -> "Loading datasets from class Infiltration"
DEBUG | 2026/06/01 18:23:14.523741 | [Dataset Load] -> "Loading datasets from class Mass"
DEBUG | 2026/06/01 18:23:14.529534 | [Dataset Load] -> "Loading datasets from class No Finding"
DEBUG | 2026/06/01 18:23:14.541163 | [Dataset Load] -> "Loading datasets from class Nodule"
DEBUG | 2026/06/01 18:23:14.545474 | [Dataset Load] -> "Loading datasets from class Pleural_Thickening"
DEBUG | 2026/06/01 18:23:14.548382 | [Dataset Load] -> "Loading datasets from class Pneumonia"
DEBUG | 2026/06/01 18:23:14.549821 | [Dataset Load] -> "Loading datasets from class Pneumothorax"
DEBUG | 2026/06/01 18:23:14.552382 | [Dataset Load] -> "Dynamically loaded 22921 datas"
DEBUG | 2026/06/01 18:33:31.739703 | [Dataset Load] -> "Loading datasets from data/train"
DEBUG | 2026/06/01 18:33:31.740296 | [Dataset Load] -> "Loading datasets from class Atelectasis"
DEBUG | 2026/06/01 18:33:31.753041 | [Dataset Load] -> "Loading datasets from class Cardiomegaly"
DEBUG | 2026/06/01 18:33:31.755595 | [Dataset Load] -> "Loading datasets from class Consolidation"
DEBUG | 2026/06/01 18:33:31.759496 | [Dataset Load] -> "Loading datasets from class Edema"
DEBUG | 2026/06/01 18:33:31.764848 | [Dataset Load] -> "Loading datasets from class Effusion"
DEBUG | 2026/06/01 18:33:31.770445 | [Dataset Load] -> "Loading datasets from class Emphysema"
DEBUG | 2026/06/01 18:33:31.772348 | [Dataset Load] -> "Loading datasets from class Fibrosis"
DEBUG | 2026/06/01 18:33:31.774634 | [Dataset Load] -> "Loading datasets from class Hernia"
DEBUG | 2026/06/01 18:33:31.774868 | [Dataset Load] -> "Loading datasets from class Infiltration"
DEBUG | 2026/06/01 18:33:31.781186 | [Dataset Load] -> "Loading datasets from class Mass"
DEBUG | 2026/06/01 18:33:31.787195 | [Dataset Load] -> "Loading datasets from class No Finding"
DEBUG | 2026/06/01 18:33:31.798507 | [Dataset Load] -> "Loading datasets from class Nodule"
DEBUG | 2026/06/01 18:33:31.802819 | [Dataset Load] -> "Loading datasets from class Pleural_Thickening"
DEBUG | 2026/06/01 18:33:31.805665 | [Dataset Load] -> "Loading datasets from class Pneumonia"
DEBUG | 2026/06/01 18:33:31.807110 | [Dataset Load] -> "Loading datasets from class Pneumothorax"
DEBUG | 2026/06/01 18:33:31.809651 | [Dataset Load] -> "Dynamically loaded 22921 datas"
DEBUG | 2026/06/01 18:43:48.134008 | [Dataset Load] -> "Loading datasets from data/train"
DEBUG | 2026/06/01 18:43:48.134530 | [Dataset Load] -> "Loading datasets from class Atelectasis"
DEBUG | 2026/06/01 18:43:48.147651 | [Dataset Load] -> "Loading datasets from class Cardiomegaly"
DEBUG | 2026/06/01 18:43:48.150111 | [Dataset Load] -> "Loading datasets from class Consolidation"
DEBUG | 2026/06/01 18:43:48.154030 | [Dataset Load] -> "Loading datasets from class Edema"
DEBUG | 2026/06/01 18:43:48.159280 | [Dataset Load] -> "Loading datasets from class Effusion"
DEBUG | 2026/06/01 18:43:48.261060 | [Dataset Load] -> "Loading datasets from class Emphysema"
DEBUG | 2026/06/01 18:43:48.263442 | [Dataset Load] -> "Loading datasets from class Fibrosis"
DEBUG | 2026/06/01 18:43:48.265897 | [Dataset Load] -> "Loading datasets from class Hernia"
DEBUG | 2026/06/01 18:43:48.266147 | [Dataset Load] -> "Loading datasets from class Infiltration"
DEBUG | 2026/06/01 18:43:48.272468 | [Dataset Load] -> "Loading datasets from class Mass"
DEBUG | 2026/06/01 18:43:48.278281 | [Dataset Load] -> "Loading datasets from class No Finding"
DEBUG | 2026/06/01 18:43:48.289710 | [Dataset Load] -> "Loading datasets from class Nodule"
DEBUG | 2026/06/01 18:43:48.294119 | [Dataset Load] -> "Loading datasets from class Pleural_Thickening"
DEBUG | 2026/06/01 18:43:48.297032 | [Dataset Load] -> "Loading datasets from class Pneumonia"
DEBUG | 2026/06/01 18:43:48.298422 | [Dataset Load] -> "Loading datasets from class Pneumothorax"
DEBUG | 2026/06/01 18:43:48.300973 | [Dataset Load] -> "Dynamically loaded 22921 datas"
DEBUG | 2026/06/01 18:54:06.869803 | [Dataset Load] -> "Loading datasets from data/train"
DEBUG | 2026/06/01 18:54:06.870438 | [Dataset Load] -> "Loading datasets from class Atelectasis"
DEBUG | 2026/06/01 18:54:06.884322 | [Dataset Load] -> "Loading datasets from class Cardiomegaly"
DEBUG | 2026/06/01 18:54:06.886884 | [Dataset Load] -> "Loading datasets from class Consolidation"
DEBUG | 2026/06/01 18:54:06.890923 | [Dataset Load] -> "Loading datasets from class Edema"
DEBUG | 2026/06/01 18:54:06.896086 | [Dataset Load] -> "Loading datasets from class Effusion"
DEBUG | 2026/06/01 18:54:06.901694 | [Dataset Load] -> "Loading datasets from class Emphysema"
DEBUG | 2026/06/01 18:54:06.903651 | [Dataset Load] -> "Loading datasets from class Fibrosis"
DEBUG | 2026/06/01 18:54:06.906749 | [Dataset Load] -> "Loading datasets from class Hernia"
DEBUG | 2026/06/01 18:54:06.907067 | [Dataset Load] -> "Loading datasets from class Infiltration"
DEBUG | 2026/06/01 18:54:06.913994 | [Dataset Load] -> "Loading datasets from class Mass"
DEBUG | 2026/06/01 18:54:06.919842 | [Dataset Load] -> "Loading datasets from class No Finding"
DEBUG | 2026/06/01 18:54:06.931205 | [Dataset Load] -> "Loading datasets from class Nodule"
DEBUG | 2026/06/01 18:54:06.935654 | [Dataset Load] -> "Loading datasets from class Pleural_Thickening"
DEBUG | 2026/06/01 18:54:06.938495 | [Dataset Load] -> "Loading datasets from class Pneumonia"
DEBUG | 2026/06/01 18:54:06.939943 | [Dataset Load] -> "Loading datasets from class Pneumothorax"
DEBUG | 2026/06/01 18:54:06.942491 | [Dataset Load] -> "Dynamically loaded 22921 datas"
DEBUG | 2026/06/01 19:04:30.834132 | [Dataset Load] -> "Loading datasets from data/train"
DEBUG | 2026/06/01 19:04:30.834875 | [Dataset Load] -> "Loading datasets from class Atelectasis"
DEBUG | 2026/06/01 19:04:30.847535 | [Dataset Load] -> "Loading datasets from class Cardiomegaly"
DEBUG | 2026/06/01 19:04:30.850083 | [Dataset Load] -> "Loading datasets from class Consolidation"
DEBUG | 2026/06/01 19:04:30.853861 | [Dataset Load] -> "Loading datasets from class Edema"
DEBUG | 2026/06/01 19:04:30.858289 | [Dataset Load] -> "Loading datasets from class Effusion"
DEBUG | 2026/06/01 19:04:30.864536 | [Dataset Load] -> "Loading datasets from class Emphysema"
DEBUG | 2026/06/01 19:04:30.866447 | [Dataset Load] -> "Loading datasets from class Fibrosis"
DEBUG | 2026/06/01 19:04:30.868768 | [Dataset Load] -> "Loading datasets from class Hernia"
DEBUG | 2026/06/01 19:04:30.868847 | [Dataset Load] -> "Loading datasets from class Infiltration"
DEBUG | 2026/06/01 19:04:30.875287 | [Dataset Load] -> "Loading datasets from class Mass"
DEBUG | 2026/06/01 19:04:30.881066 | [Dataset Load] -> "Loading datasets from class No Finding"
DEBUG | 2026/06/01 19:04:30.892744 | [Dataset Load] -> "Loading datasets from class Nodule"
DEBUG | 2026/06/01 19:04:30.897006 | [Dataset Load] -> "Loading datasets from class Pleural_Thickening"
DEBUG | 2026/06/01 19:04:30.898595 | [Dataset Load] -> "Loading datasets from class Pneumonia"
DEBUG | 2026/06/01 19:04:30.900893 | [Dataset Load] -> "Loading datasets from class Pneumothorax"
DEBUG | 2026/06/01 19:04:30.903418 | [Dataset Load] -> "Dynamically loaded 22921 datas"
DEBUG | 2026/06/01 19:14:45.084990 | [Dataset Load] -> "Loading datasets from data/train"
DEBUG | 2026/06/01 19:14:45.085536 | [Dataset Load] -> "Loading datasets from class Atelectasis"
DEBUG | 2026/06/01 19:14:45.097936 | [Dataset Load] -> "Loading datasets from class Cardiomegaly"
DEBUG | 2026/06/01 19:14:45.100433 | [Dataset Load] -> "Loading datasets from class Consolidation"
DEBUG | 2026/06/01 19:14:45.104315 | [Dataset Load] -> "Loading datasets from class Edema"
DEBUG | 2026/06/01 19:14:45.109692 | [Dataset Load] -> "Loading datasets from class Effusion"
DEBUG | 2026/06/01 19:14:45.115498 | [Dataset Load] -> "Loading datasets from class Emphysema"
DEBUG | 2026/06/01 19:14:45.117421 | [Dataset Load] -> "Loading datasets from class Fibrosis"
DEBUG | 2026/06/01 19:14:45.119716 | [Dataset Load] -> "Loading datasets from class Hernia"
DEBUG | 2026/06/01 19:14:45.119948 | [Dataset Load] -> "Loading datasets from class Infiltration"
DEBUG | 2026/06/01 19:14:45.126342 | [Dataset Load] -> "Loading datasets from class Mass"
DEBUG | 2026/06/01 19:14:45.132260 | [Dataset Load] -> "Loading datasets from class No Finding"
DEBUG | 2026/06/01 19:14:45.244901 | [Dataset Load] -> "Loading datasets from class Nodule"
DEBUG | 2026/06/01 19:14:45.250014 | [Dataset Load] -> "Loading datasets from class Pleural_Thickening"
DEBUG | 2026/06/01 19:14:45.253022 | [Dataset Load] -> "Loading datasets from class Pneumonia"
DEBUG | 2026/06/01 19:14:45.254479 | [Dataset Load] -> "Loading datasets from class Pneumothorax"
DEBUG | 2026/06/01 19:14:45.256965 | [Dataset Load] -> "Dynamically loaded 22921 datas"
DEBUG | 2026/06/01 19:25:00.388160 | [Dataset Load] -> "Loading datasets from data/train"
DEBUG | 2026/06/01 19:25:00.388684 | [Dataset Load] -> "Loading datasets from class Atelectasis"
DEBUG | 2026/06/01 19:25:00.401273 | [Dataset Load] -> "Loading datasets from class Cardiomegaly"
DEBUG | 2026/06/01 19:25:00.403788 | [Dataset Load] -> "Loading datasets from class Consolidation"
DEBUG | 2026/06/01 19:25:00.407611 | [Dataset Load] -> "Loading datasets from class Edema"
DEBUG | 2026/06/01 19:25:00.412978 | [Dataset Load] -> "Loading datasets from class Effusion"
DEBUG | 2026/06/01 19:25:00.418563 | [Dataset Load] -> "Loading datasets from class Emphysema"
DEBUG | 2026/06/01 19:25:00.420464 | [Dataset Load] -> "Loading datasets from class Fibrosis"
DEBUG | 2026/06/01 19:25:00.422769 | [Dataset Load] -> "Loading datasets from class Hernia"
DEBUG | 2026/06/01 19:25:00.423014 | [Dataset Load] -> "Loading datasets from class Infiltration"
DEBUG | 2026/06/01 19:25:00.429526 | [Dataset Load] -> "Loading datasets from class Mass"
DEBUG | 2026/06/01 19:25:00.435377 | [Dataset Load] -> "Loading datasets from class No Finding"
DEBUG | 2026/06/01 19:25:00.446654 | [Dataset Load] -> "Loading datasets from class Nodule"
DEBUG | 2026/06/01 19:25:00.451177 | [Dataset Load] -> "Loading datasets from class Pleural_Thickening"
DEBUG | 2026/06/01 19:25:00.454105 | [Dataset Load] -> "Loading datasets from class Pneumonia"
DEBUG | 2026/06/01 19:25:00.455551 | [Dataset Load] -> "Loading datasets from class Pneumothorax"
DEBUG | 2026/06/01 19:25:00.458060 | [Dataset Load] -> "Dynamically loaded 22921 datas"
DEBUG | 2026/06/01 19:35:13.915624 | [Dataset Load] -> "Loading datasets from data/train"
DEBUG | 2026/06/01 19:35:13.916176 | [Dataset Load] -> "Loading datasets from class Atelectasis"
DEBUG | 2026/06/01 19:35:13.928936 | [Dataset Load] -> "Loading datasets from class Cardiomegaly"
DEBUG | 2026/06/01 19:35:13.931502 | [Dataset Load] -> "Loading datasets from class Consolidation"
DEBUG | 2026/06/01 19:35:13.935405 | [Dataset Load] -> "Loading datasets from class Edema"
DEBUG | 2026/06/01 19:35:13.940852 | [Dataset Load] -> "Loading datasets from class Effusion"
DEBUG | 2026/06/01 19:35:13.946647 | [Dataset Load] -> "Loading datasets from class Emphysema"
DEBUG | 2026/06/01 19:35:13.948523 | [Dataset Load] -> "Loading datasets from class Fibrosis"
DEBUG | 2026/06/01 19:35:13.950816 | [Dataset Load] -> "Loading datasets from class Hernia"
DEBUG | 2026/06/01 19:35:13.951057 | [Dataset Load] -> "Loading datasets from class Infiltration"
DEBUG | 2026/06/01 19:35:13.957385 | [Dataset Load] -> "Loading datasets from class Mass"
DEBUG | 2026/06/01 19:35:13.963190 | [Dataset Load] -> "Loading datasets from class No Finding"
DEBUG | 2026/06/01 19:35:13.974673 | [Dataset Load] -> "Loading datasets from class Nodule"
DEBUG | 2026/06/01 19:35:13.978905 | [Dataset Load] -> "Loading datasets from class Pleural_Thickening"
DEBUG | 2026/06/01 19:35:13.981759 | [Dataset Load] -> "Loading datasets from class Pneumonia"
DEBUG | 2026/06/01 19:35:13.983293 | [Dataset Load] -> "Loading datasets from class Pneumothorax"
DEBUG | 2026/06/01 19:35:13.985745 | [Dataset Load] -> "Dynamically loaded 22921 datas"
DEBUG | 2026/06/01 19:45:27.568961 | [Dataset Load] -> "Loading datasets from data/train"
DEBUG | 2026/06/01 19:45:27.569528 | [Dataset Load] -> "Loading datasets from class Atelectasis"
DEBUG | 2026/06/01 19:45:27.583257 | [Dataset Load] -> "Loading datasets from class Cardiomegaly"
DEBUG | 2026/06/01 19:45:27.585853 | [Dataset Load] -> "Loading datasets from class Consolidation"
DEBUG | 2026/06/01 19:45:27.589830 | [Dataset Load] -> "Loading datasets from class Edema"
DEBUG | 2026/06/01 19:45:27.595287 | [Dataset Load] -> "Loading datasets from class Effusion"
DEBUG | 2026/06/01 19:45:27.601096 | [Dataset Load] -> "Loading datasets from class Emphysema"
DEBUG | 2026/06/01 19:45:27.603065 | [Dataset Load] -> "Loading datasets from class Fibrosis"
DEBUG | 2026/06/01 19:45:27.605376 | [Dataset Load] -> "Loading datasets from class Hernia"
DEBUG | 2026/06/01 19:45:27.605621 | [Dataset Load] -> "Loading datasets from class Infiltration"
DEBUG | 2026/06/01 19:45:27.612104 | [Dataset Load] -> "Loading datasets from class Mass"
DEBUG | 2026/06/01 19:45:27.617797 | [Dataset Load] -> "Loading datasets from class No Finding"
DEBUG | 2026/06/01 19:45:27.723207 | [Dataset Load] -> "Loading datasets from class Nodule"
DEBUG | 2026/06/01 19:45:27.728389 | [Dataset Load] -> "Loading datasets from class Pleural_Thickening"
DEBUG | 2026/06/01 19:45:27.731294 | [Dataset Load] -> "Loading datasets from class Pneumonia"
DEBUG | 2026/06/01 19:45:27.732906 | [Dataset Load] -> "Loading datasets from class Pneumothorax"
DEBUG | 2026/06/01 19:45:27.735461 | [Dataset Load] -> "Dynamically loaded 22921 datas"
DEBUG | 2026/06/01 19:55:42.222455 | [Dataset Load] -> "Loading datasets from data/train"
DEBUG | 2026/06/01 19:55:42.223045 | [Dataset Load] -> "Loading datasets from class Atelectasis"
DEBUG | 2026/06/01 19:55:42.236412 | [Dataset Load] -> "Loading datasets from class Cardiomegaly"
DEBUG | 2026/06/01 19:55:42.238965 | [Dataset Load] -> "Loading datasets from class Consolidation"
DEBUG | 2026/06/01 19:55:42.242857 | [Dataset Load] -> "Loading datasets from class Edema"
DEBUG | 2026/06/01 19:55:42.248887 | [Dataset Load] -> "Loading datasets from class Effusion"
DEBUG | 2026/06/01 19:55:42.254472 | [Dataset Load] -> "Loading datasets from class Emphysema"
DEBUG | 2026/06/01 19:55:42.256348 | [Dataset Load] -> "Loading datasets from class Fibrosis"
DEBUG | 2026/06/01 19:55:42.258629 | [Dataset Load] -> "Loading datasets from class Hernia"
DEBUG | 2026/06/01 19:55:42.258869 | [Dataset Load] -> "Loading datasets from class Infiltration"
DEBUG | 2026/06/01 19:55:42.265525 | [Dataset Load] -> "Loading datasets from class Mass"
DEBUG | 2026/06/01 19:55:42.271425 | [Dataset Load] -> "Loading datasets from class No Finding"
DEBUG | 2026/06/01 19:55:42.282761 | [Dataset Load] -> "Loading datasets from class Nodule"
DEBUG | 2026/06/01 19:55:42.287129 | [Dataset Load] -> "Loading datasets from class Pleural_Thickening"
DEBUG | 2026/06/01 19:55:42.290069 | [Dataset Load] -> "Loading datasets from class Pneumonia"
DEBUG | 2026/06/01 19:55:42.291554 | [Dataset Load] -> "Loading datasets from class Pneumothorax"
DEBUG | 2026/06/01 19:55:42.293988 | [Dataset Load] -> "Dynamically loaded 22921 datas"
DEBUG | 2026/06/01 20:05:55.572931 | [Dataset Load] -> "Loading datasets from data/train"
DEBUG | 2026/06/01 20:05:55.573519 | [Dataset Load] -> "Loading datasets from class Atelectasis"
DEBUG | 2026/06/01 20:05:55.586027 | [Dataset Load] -> "Loading datasets from class Cardiomegaly"
DEBUG | 2026/06/01 20:05:55.588584 | [Dataset Load] -> "Loading datasets from class Consolidation"
DEBUG | 2026/06/01 20:05:55.592525 | [Dataset Load] -> "Loading datasets from class Edema"
DEBUG | 2026/06/01 20:05:55.598024 | [Dataset Load] -> "Loading datasets from class Effusion"
DEBUG | 2026/06/01 20:05:55.603834 | [Dataset Load] -> "Loading datasets from class Emphysema"
DEBUG | 2026/06/01 20:05:55.605748 | [Dataset Load] -> "Loading datasets from class Fibrosis"
DEBUG | 2026/06/01 20:05:55.608053 | [Dataset Load] -> "Loading datasets from class Hernia"
DEBUG | 2026/06/01 20:05:55.608292 | [Dataset Load] -> "Loading datasets from class Infiltration"
DEBUG | 2026/06/01 20:05:55.614736 | [Dataset Load] -> "Loading datasets from class Mass"
DEBUG | 2026/06/01 20:05:55.620548 | [Dataset Load] -> "Loading datasets from class No Finding"
DEBUG | 2026/06/01 20:05:55.632050 | [Dataset Load] -> "Loading datasets from class Nodule"
DEBUG | 2026/06/01 20:05:55.636305 | [Dataset Load] -> "Loading datasets from class Pleural_Thickening"
DEBUG | 2026/06/01 20:05:55.639187 | [Dataset Load] -> "Loading datasets from class Pneumonia"
DEBUG | 2026/06/01 20:05:55.640678 | [Dataset Load] -> "Loading datasets from class Pneumothorax"
DEBUG | 2026/06/01 20:05:55.643244 | [Dataset Load] -> "Dynamically loaded 22921 datas"
DEBUG | 2026/06/01 20:16:09.890727 | [Dataset Load] -> "Loading datasets from data/train"
DEBUG | 2026/06/01 20:16:09.891256 | [Dataset Load] -> "Loading datasets from class Atelectasis"
DEBUG | 2026/06/01 20:16:09.903641 | [Dataset Load] -> "Loading datasets from class Cardiomegaly"
DEBUG | 2026/06/01 20:16:09.906137 | [Dataset Load] -> "Loading datasets from class Consolidation"
DEBUG | 2026/06/01 20:16:09.910046 | [Dataset Load] -> "Loading datasets from class Edema"
DEBUG | 2026/06/01 20:16:09.915421 | [Dataset Load] -> "Loading datasets from class Effusion"
DEBUG | 2026/06/01 20:16:09.921195 | [Dataset Load] -> "Loading datasets from class Emphysema"
DEBUG | 2026/06/01 20:16:09.923082 | [Dataset Load] -> "Loading datasets from class Fibrosis"
DEBUG | 2026/06/01 20:16:09.925391 | [Dataset Load] -> "Loading datasets from class Hernia"
DEBUG | 2026/06/01 20:16:09.925625 | [Dataset Load] -> "Loading datasets from class Infiltration"
DEBUG | 2026/06/01 20:16:09.931901 | [Dataset Load] -> "Loading datasets from class Mass"
DEBUG | 2026/06/01 20:16:09.937638 | [Dataset Load] -> "Loading datasets from class No Finding"
DEBUG | 2026/06/01 20:16:09.949086 | [Dataset Load] -> "Loading datasets from class Nodule"
DEBUG | 2026/06/01 20:16:09.953343 | [Dataset Load] -> "Loading datasets from class Pleural_Thickening"
DEBUG | 2026/06/01 20:16:09.956281 | [Dataset Load] -> "Loading datasets from class Pneumonia"
DEBUG | 2026/06/01 20:16:09.957714 | [Dataset Load] -> "Loading datasets from class Pneumothorax"
DEBUG | 2026/06/01 20:16:09.960165 | [Dataset Load] -> "Dynamically loaded 22921 datas"
DEBUG | 2026/06/01 20:26:24.488511 | [Dataset Load] -> "Loading datasets from data/train"
DEBUG | 2026/06/01 20:26:24.489046 | [Dataset Load] -> "Loading datasets from class Atelectasis"
DEBUG | 2026/06/01 20:26:24.501677 | [Dataset Load] -> "Loading datasets from class Cardiomegaly"
DEBUG | 2026/06/01 20:26:24.504217 | [Dataset Load] -> "Loading datasets from class Consolidation"
DEBUG | 2026/06/01 20:26:24.508264 | [Dataset Load] -> "Loading datasets from class Edema"
DEBUG | 2026/06/01 20:26:24.513700 | [Dataset Load] -> "Loading datasets from class Effusion"
DEBUG | 2026/06/01 20:26:24.519220 | [Dataset Load] -> "Loading datasets from class Emphysema"
DEBUG | 2026/06/01 20:26:24.521109 | [Dataset Load] -> "Loading datasets from class Fibrosis"
DEBUG | 2026/06/01 20:26:24.523435 | [Dataset Load] -> "Loading datasets from class Hernia"
DEBUG | 2026/06/01 20:26:24.523613 | [Dataset Load] -> "Loading datasets from class Infiltration"
DEBUG | 2026/06/01 20:26:24.530256 | [Dataset Load] -> "Loading datasets from class Mass"
DEBUG | 2026/06/01 20:26:24.536031 | [Dataset Load] -> "Loading datasets from class No Finding"
DEBUG | 2026/06/01 20:26:24.547569 | [Dataset Load] -> "Loading datasets from class Nodule"
DEBUG | 2026/06/01 20:26:24.551790 | [Dataset Load] -> "Loading datasets from class Pleural_Thickening"
DEBUG | 2026/06/01 20:26:24.554647 | [Dataset Load] -> "Loading datasets from class Pneumonia"
DEBUG | 2026/06/01 20:26:24.556179 | [Dataset Load] -> "Loading datasets from class Pneumothorax"
DEBUG | 2026/06/01 20:26:24.558877 | [Dataset Load] -> "Dynamically loaded 22921 datas"
DEBUG | 2026/06/01 20:36:38.526543 | [Dataset Load] -> "Loading datasets from data/train"
DEBUG | 2026/06/01 20:36:38.527037 | [Dataset Load] -> "Loading datasets from class Atelectasis"
DEBUG | 2026/06/01 20:36:38.539164 | [Dataset Load] -> "Loading datasets from class Cardiomegaly"
DEBUG | 2026/06/01 20:36:38.541603 | [Dataset Load] -> "Loading datasets from class Consolidation"
DEBUG | 2026/06/01 20:36:38.545450 | [Dataset Load] -> "Loading datasets from class Edema"
DEBUG | 2026/06/01 20:36:38.550696 | [Dataset Load] -> "Loading datasets from class Effusion"
DEBUG | 2026/06/01 20:36:38.556273 | [Dataset Load] -> "Loading datasets from class Emphysema"
DEBUG | 2026/06/01 20:36:38.558159 | [Dataset Load] -> "Loading datasets from class Fibrosis"
DEBUG | 2026/06/01 20:36:38.560619 | [Dataset Load] -> "Loading datasets from class Hernia"
DEBUG | 2026/06/01 20:36:38.560871 | [Dataset Load] -> "Loading datasets from class Infiltration"
DEBUG | 2026/06/01 20:36:38.567265 | [Dataset Load] -> "Loading datasets from class Mass"
DEBUG | 2026/06/01 20:36:38.573097 | [Dataset Load] -> "Loading datasets from class No Finding"
DEBUG | 2026/06/01 20:36:38.584135 | [Dataset Load] -> "Loading datasets from class Nodule"
DEBUG | 2026/06/01 20:36:38.588570 | [Dataset Load] -> "Loading datasets from class Pleural_Thickening"
DEBUG | 2026/06/01 20:36:38.591435 | [Dataset Load] -> "Loading datasets from class Pneumonia"
DEBUG | 2026/06/01 20:36:38.592873 | [Dataset Load] -> "Loading datasets from class Pneumothorax"
DEBUG | 2026/06/01 20:36:38.595363 | [Dataset Load] -> "Dynamically loaded 22921 datas"
